<?xml version="1.0" encoding="UTF-8" ?>
<testsuites name="vitest tests" tests="1707" failures="0" errors="0" time="10.944019207">
    <testsuite name="scripts/cleanup-operation-plan-post-title.spec.ts" timestamp="2026-08-07T06:11:56.034Z" hostname="terceldeMac-mini.local" tests="11" failures="0" errors="0" skipped="0" time="0.002458208">
        <testcase classname="scripts/cleanup-operation-plan-post-title.spec.ts" name="cleanPost &gt; cleans a non-reddit polluted title and leaves settings untouched" time="0.000942916">
        </testcase>
        <testcase classname="scripts/cleanup-operation-plan-post-title.spec.ts" name="cleanPost &gt; returns null when the title is already clean (idempotent)" time="0.000118666">
        </testcase>
        <testcase classname="scripts/cleanup-operation-plan-post-title.spec.ts" name="cleanPost &gt; cleans BOTH Post.title and the reddit submit header, preserving other fields" time="0.000215875">
        </testcase>
        <testcase classname="scripts/cleanup-operation-plan-post-title.spec.ts" name="cleanPost &gt; cleans a leaked reddit header even when Post.title is already clean" time="0.000077792">
        </testcase>
        <testcase classname="scripts/cleanup-operation-plan-post-title.spec.ts" name="cleanPost &gt; returns null when a reddit row is already fully clean" time="0.000036792">
        </testcase>
        <testcase classname="scripts/cleanup-operation-plan-post-title.spec.ts" name="cleanPost &gt; fixes the title but never rewrites unparseable settings" time="0.000067084">
        </testcase>
        <testcase classname="scripts/cleanup-operation-plan-post-title.spec.ts" name="cleanPost &gt; returns null for a clean title with unparseable settings" time="0.00003675">
        </testcase>
        <testcase classname="scripts/cleanup-operation-plan-post-title.spec.ts" name="cleanPost &gt; handles a null title (only the reddit header needs cleaning)" time="0.000071">
        </testcase>
        <testcase classname="scripts/cleanup-operation-plan-post-title.spec.ts" name="cleanPost &gt; returns null for a null title with clean settings" time="0.00010475">
        </testcase>
        <testcase classname="scripts/cleanup-operation-plan-post-title.spec.ts" name="cleanPost &gt; cleans multiple subreddit header entries and counts each changed one" time="0.000143916">
        </testcase>
        <testcase classname="scripts/cleanup-operation-plan-post-title.spec.ts" name="cleanPost &gt; treats null settings as empty and only touches the title" time="0.000041834">
        </testcase>
    </testsuite>
    <testsuite name="libraries/nestjs-libraries/src/projects/project-validation.service.spec.ts" timestamp="2026-08-07T06:11:56.035Z" hostname="terceldeMac-mini.local" tests="18" failures="0" errors="0" skipped="0" time="0.006449209">
        <testcase classname="libraries/nestjs-libraries/src/projects/project-validation.service.spec.ts" name="ProjectValidationService.assertProjectAccess &gt; resolves when the project is owned by the organization" time="0.001816208">
        </testcase>
        <testcase classname="libraries/nestjs-libraries/src/projects/project-validation.service.spec.ts" name="ProjectValidationService.assertProjectAccess &gt; throws ProjectNotFoundException for a non-UUID projectId without calling aisee-core" time="0.001034167">
        </testcase>
        <testcase classname="libraries/nestjs-libraries/src/projects/project-validation.service.spec.ts" name="ProjectValidationService.assertProjectAccess &gt; throws ProjectNotFoundException when aisee-core has no such product" time="0.000156958">
        </testcase>
        <testcase classname="libraries/nestjs-libraries/src/projects/project-validation.service.spec.ts" name="ProjectValidationService.assertProjectAccess &gt; throws ProjectNotFoundException (not 403) when the project belongs to a different owner" time="0.000186875">
        </testcase>
        <testcase classname="libraries/nestjs-libraries/src/projects/project-validation.service.spec.ts" name="ProjectValidationService.assertProjectAccess &gt; fails closed with ProjectValidationUnavailableException when aisee-core is unreachable" time="0.000123125">
        </testcase>
        <testcase classname="libraries/nestjs-libraries/src/projects/project-validation.service.spec.ts" name="ProjectValidationService.assertProjectAccess &gt; caches a positive verdict without re-calling aisee-core" time="0.00009825">
        </testcase>
        <testcase classname="libraries/nestjs-libraries/src/projects/project-validation.service.spec.ts" name="ProjectValidationService.assertProjectAccess &gt; caches a negative verdict without re-calling aisee-core" time="0.000138167">
        </testcase>
        <testcase classname="libraries/nestjs-libraries/src/projects/project-validation.service.spec.ts" name="ProjectValidationService.assertProjectAccess &gt; does not cache an unavailable verdict, so the next call retries" time="0.000149208">
        </testcase>
        <testcase classname="libraries/nestjs-libraries/src/projects/project-validation.service.spec.ts" name="ProjectValidationService.assertProjectAccess &gt; never trusts a client-supplied organization mapping — organizationId always drives resolveOwnerUserId" time="0.000542125">
        </testcase>
        <testcase classname="libraries/nestjs-libraries/src/projects/project-validation.service.spec.ts" name="ProjectValidationService.assertProjectAccess &gt; allows a read on a deactivated project — only actions are blocked" time="0.000096208">
        </testcase>
        <testcase classname="libraries/nestjs-libraries/src/projects/project-validation.service.spec.ts" name="ProjectValidationService.assertProjectActive &gt; resolves when the project is owned and active" time="0.000102666">
        </testcase>
        <testcase classname="libraries/nestjs-libraries/src/projects/project-validation.service.spec.ts" name="ProjectValidationService.assertProjectActive &gt; throws ProjectInactiveException (403) when the project is deactivated" time="0.000131">
        </testcase>
        <testcase classname="libraries/nestjs-libraries/src/projects/project-validation.service.spec.ts" name="ProjectValidationService.assertProjectActive &gt; still throws ProjectNotFoundException (404) for another org — inactivity never leaks existence" time="0.000096541">
        </testcase>
        <testcase classname="libraries/nestjs-libraries/src/projects/project-validation.service.spec.ts" name="ProjectValidationService.assertProjectActive &gt; reuses the ownership lookup — checking activation costs no extra call" time="0.000067209">
        </testcase>
        <testcase classname="libraries/nestjs-libraries/src/projects/project-validation.service.spec.ts" name="ProjectValidationService.isProjectActive &gt; returns true for an owned, active project" time="0.000173875">
        </testcase>
        <testcase classname="libraries/nestjs-libraries/src/projects/project-validation.service.spec.ts" name="ProjectValidationService.isProjectActive &gt; returns false for a deactivated project instead of throwing" time="0.000071958">
        </testcase>
        <testcase classname="libraries/nestjs-libraries/src/projects/project-validation.service.spec.ts" name="ProjectValidationService.isProjectActive &gt; re-checks a deactivated project sooner than the positive TTL, so reactivation lands promptly" time="0.000153583">
        </testcase>
        <testcase classname="libraries/nestjs-libraries/src/projects/project-validation.service.spec.ts" name="ProjectValidationService.isProjectActive &gt; returns false (fail closed) when aisee-core is unreachable" time="0.000094792">
        </testcase>
    </testsuite>
    <testsuite name="libraries/helpers/src/auth/auth.service.spec.ts" timestamp="2026-08-07T06:11:56.036Z" hostname="terceldeMac-mini.local" tests="6" failures="0" errors="0" skipped="0" time="0.277995375">
        <testcase classname="libraries/helpers/src/auth/auth.service.spec.ts" name="AuthService.verifyJWT &gt; HS256 only (no JWT_PUBLIC_KEY) &gt; verifies a valid HS256 token" time="0.002194166">
        </testcase>
        <testcase classname="libraries/helpers/src/auth/auth.service.spec.ts" name="AuthService.verifyJWT &gt; HS256 only (no JWT_PUBLIC_KEY) &gt; throws on tampered HS256 token" time="0.000536583">
        </testcase>
        <testcase classname="libraries/helpers/src/auth/auth.service.spec.ts" name="AuthService.verifyJWT &gt; RS256 primary + HS256 fallback (JWT_PUBLIC_KEY set) &gt; verifies a valid RS256 token" time="0.031919959">
        </testcase>
        <testcase classname="libraries/helpers/src/auth/auth.service.spec.ts" name="AuthService.verifyJWT &gt; RS256 primary + HS256 fallback (JWT_PUBLIC_KEY set) &gt; falls back to HS256 for tokens issued before RS256 migration" time="0.051198167">
        </testcase>
        <testcase classname="libraries/helpers/src/auth/auth.service.spec.ts" name="AuthService.verifyJWT &gt; RS256 primary + HS256 fallback (JWT_PUBLIC_KEY set) &gt; throws when RS256 token is signed with wrong private key" time="0.091796125">
        </testcase>
        <testcase classname="libraries/helpers/src/auth/auth.service.spec.ts" name="AuthService.verifyJWT &gt; RS256 primary + HS256 fallback (JWT_PUBLIC_KEY set) &gt; unescapes \n in JWT_PUBLIC_KEY correctly" time="0.0996015">
        </testcase>
    </testsuite>
    <testsuite name="apps/extension/src/utils/__tests__/probe-session-account.spec.ts" timestamp="2026-08-07T06:11:56.036Z" hostname="terceldeMac-mini.local" tests="37" failures="0" errors="0" skipped="0" time="0.012138834">
        <testcase classname="apps/extension/src/utils/__tests__/probe-session-account.spec.ts" name="probeSessionAccount — hackernews &gt; reads the username straight out of the `user` cookie" time="0.001275667">
        </testcase>
        <testcase classname="apps/extension/src/utils/__tests__/probe-session-account.spec.ts" name="probeSessionAccount — hackernews &gt; reports logged out when the cookie is absent" time="0.000145458">
        </testcase>
        <testcase classname="apps/extension/src/utils/__tests__/probe-session-account.spec.ts" name="probeSessionAccount — hackernews &gt; yields no id when the cookie is not in the expected format" time="0.000105042">
        </testcase>
        <testcase classname="apps/extension/src/utils/__tests__/probe-session-account.spec.ts" name="probeSessionAccount — x &gt; decodes the numeric id from the url-encoded twid cookie" time="0.000141">
        </testcase>
        <testcase classname="apps/extension/src/utils/__tests__/probe-session-account.spec.ts" name="probeSessionAccount — x &gt; is logged out without auth_token, even if twid lingers" time="0.000059625">
        </testcase>
        <testcase classname="apps/extension/src/utils/__tests__/probe-session-account.spec.ts" name="probeSessionAccount — medium &gt; takes the @handle out of the /me redirect" time="0.0001795">
        </testcase>
        <testcase classname="apps/extension/src/utils/__tests__/probe-session-account.spec.ts" name="probeSessionAccount — linkedin &gt; reads the opaque entityUrn id, never the numeric plainId" time="0.0002575">
        </testcase>
        <testcase classname="apps/extension/src/utils/__tests__/probe-session-account.spec.ts" name="probeSessionAccount — linkedin &gt; returns no id at all when entityUrn is missing" time="0.000119833">
        </testcase>
        <testcase classname="apps/extension/src/utils/__tests__/probe-session-account.spec.ts" name="probeSessionAccount — quora &gt; reports signed-in from cookies WITHOUT touching the network" time="0.000202">
        </testcase>
        <testcase classname="apps/extension/src/utils/__tests__/probe-session-account.spec.ts" name="probeSessionAccount — quora &gt; stays offline on the publish path too, where network defaults on" time="0.000082">
        </testcase>
        <testcase classname="apps/extension/src/utils/__tests__/probe-session-account.spec.ts" name="probeSessionAccount — quora &gt; is logged out when the browser has never visited quora" time="0.000052042">
        </testcase>
        <testcase classname="apps/extension/src/utils/__tests__/probe-session-account.spec.ts" name="probeSessionAccount — quora &gt; treats a lone device cookie as signed in" time="0.000052292">
        </testcase>
        <testcase classname="apps/extension/src/utils/__tests__/probe-session-account.spec.ts" name="probeSessionAccount — unknown platform &gt; reports unsupported" time="0.00004375">
        </testcase>
        <testcase classname="apps/extension/src/utils/__tests__/probe-session-account.spec.ts" name="identity cache &gt; keeps every platform it resolved concurrently" time="0.000140583">
        </testcase>
        <testcase classname="apps/extension/src/utils/__tests__/probe-session-account.spec.ts" name="identity cache &gt; re-probes soon after a failed lookup instead of caching the miss for the full TTL" time="0.000314">
        </testcase>
        <testcase classname="apps/extension/src/utils/__tests__/probe-session-account.spec.ts" name="identity cache &gt; drops a cached identity the moment the session cookie changes" time="0.000116">
        </testcase>
        <testcase classname="apps/extension/src/utils/__tests__/probe-session-account.spec.ts" name="getSocialSessions &gt; carries comparable ids for the extension-published platforms" time="0.000855">
            <system-out>
[aisee][sessions] dev.to cookie names []

            </system-out>
        </testcase>
        <testcase classname="apps/extension/src/utils/__tests__/probe-session-account.spec.ts" name="getSocialSessions &gt; never touches the private LinkedIn API for a snapshot" time="0.000121625">
        </testcase>
        <testcase classname="apps/extension/src/utils/__tests__/probe-session-account.spec.ts" name="getSocialSessions &gt; still resolves the LinkedIn id on the publish path" time="0.000081542">
        </testcase>
        <testcase classname="apps/extension/src/utils/__tests__/probe-session-account.spec.ts" name="getSocialSessions &gt; leaves loggedIn UNSET when a platform cannot be probed" time="0.004624792">
            <system-err>
[aisee][sessions] medium identity read failed Error: network down
    at [90m/Users/tercel/WorkSpace/aisee/postiz-app/[39mapps/extension/src/utils/__tests__/probe-session-account.spec.ts:414:13
    at readMediumHandle [90m(/Users/tercel/WorkSpace/aisee/postiz-app/[39mapps/extension/src/utils/social-sessions.ts:676:23[90m)[39m
    at cachedValue [90m(/Users/tercel/WorkSpace/aisee/postiz-app/[39mapps/extension/src/utils/social-sessions.ts:653:23[90m)[39m
[90m    at processTicksAndRejections (node:internal/process/task_queues:105:5)[39m
    at probeSessionAccount [90m(/Users/tercel/WorkSpace/aisee/postiz-app/[39mapps/extension/src/utils/social-sessions.ts:836:22[90m)[39m
    at platformSession [90m(/Users/tercel/WorkSpace/aisee/postiz-app/[39mapps/extension/src/utils/social-sessions.ts:1126:19[90m)[39m
    at async Promise.all (index 5)
    at Module.getSocialSessions [90m(/Users/tercel/WorkSpace/aisee/postiz-app/[39mapps/extension/src/utils/social-sessions.ts:1230:5[90m)[39m
    at [90m/Users/tercel/WorkSpace/aisee/postiz-app/[39mapps/extension/src/utils/__tests__/probe-session-account.spec.ts:418:22
    at [90mfile:///Users/tercel/WorkSpace/aisee/postiz-app/[39mnode_modules/[4m@vitest/runner[24m/dist/index.js:596:20

            </system-err>
        </testcase>
        <testcase classname="apps/extension/src/utils/__tests__/probe-session-account.spec.ts" name="getSocialSessions &gt; covers every platform the popup counts" time="0.000291417">
        </testcase>
        <testcase classname="apps/extension/src/utils/__tests__/probe-session-account.spec.ts" name="getSocialSessions &gt; reuses a cached dev.to account without opening a tab" time="0.000143917">
        </testcase>
        <testcase classname="apps/extension/src/utils/__tests__/probe-session-account.spec.ts" name="getSocialSessions &gt; drops a cached dev.to account once the session cookie changes" time="0.000088208">
        </testcase>
        <testcase classname="apps/extension/src/utils/__tests__/probe-session-account.spec.ts" name="getPlatformLoginSnapshot &gt; counts every platform the extension publishes with a browser session" time="0.000070459">
        </testcase>
        <testcase classname="apps/extension/src/utils/__tests__/probe-session-account.spec.ts" name="getPlatformLoginSnapshot &gt; reports every platform, signed in or out, in a fixed order" time="0.000200542">
        </testcase>
        <testcase classname="apps/extension/src/utils/__tests__/probe-session-account.spec.ts" name="getPlatformLoginSnapshot &gt; costs nothing but cookies while collapsed" time="0.000121209">
        </testcase>
        <testcase classname="apps/extension/src/utils/__tests__/probe-session-account.spec.ts" name="getPlatformLoginSnapshot &gt; names the accounts it safely can once expanded" time="0.000198542">
        </testcase>
        <testcase classname="apps/extension/src/utils/__tests__/probe-session-account.spec.ts" name="getPlatformLoginSnapshot &gt; recognises the dev.to session by shape, not by a guessed name" time="0.000107167">
        </testcase>
        <testcase classname="apps/extension/src/utils/__tests__/probe-session-account.spec.ts" name="getPlatformLoginSnapshot &gt; does not mistake dev.to analytics cookies for a session" time="0.000074667">
        </testcase>
        <testcase classname="apps/extension/src/utils/__tests__/probe-session-account.spec.ts" name="getPlatformLoginSnapshot &gt; never opens a dev.to tab for the collapsed counter" time="0.000062667">
        </testcase>
        <testcase classname="apps/extension/src/utils/__tests__/probe-session-account.spec.ts" name="getPlatformLoginSnapshot &gt; resolves the LinkedIn handle on expand, then reuses the cache" time="0.000523042">
        </testcase>
        <testcase classname="apps/extension/src/utils/__tests__/probe-session-account.spec.ts" name="getPlatformLoginSnapshot &gt; still keeps LinkedIn off the private API for the collapsed counter" time="0.000078166">
        </testcase>
        <testcase classname="apps/extension/src/utils/__tests__/probe-session-account.spec.ts" name="getPlatformLoginSnapshot &gt; NEVER reports the Quora m-uid as the account id" time="0.000089834">
        </testcase>
        <testcase classname="apps/extension/src/utils/__tests__/probe-session-account.spec.ts" name="getPlatformLoginSnapshot &gt; reports the cached Quora slug, keyed on the uid, without a request" time="0.000095375">
        </testcase>
        <testcase classname="apps/extension/src/utils/__tests__/probe-session-account.spec.ts" name="getPlatformLoginSnapshot &gt; ignores a cached Quora uid when no slug was resolved" time="0.000081042">
        </testcase>
        <testcase classname="apps/extension/src/utils/__tests__/probe-session-account.spec.ts" name="getPlatformLoginSnapshot &gt; drops a cached Quora slug once the uid changes" time="0.000071709">
        </testcase>
        <testcase classname="apps/extension/src/utils/__tests__/probe-session-account.spec.ts" name="getPlatformLoginSnapshot &gt; never opens a Quora tab for the collapsed counter" time="0.00007125">
        </testcase>
    </testsuite>
    <testsuite name="apps/extension/src/utils/__tests__/reddit-media.spec.ts" timestamp="2026-08-07T06:11:56.038Z" hostname="terceldeMac-mini.local" tests="6" failures="0" errors="0" skipped="0" time="0.002201583">
        <testcase classname="apps/extension/src/utils/__tests__/reddit-media.spec.ts" name="parseRedditMediaLease &gt; extracts upload url, fields and asset id from a lease response" time="0.000865583">
        </testcase>
        <testcase classname="apps/extension/src/utils/__tests__/reddit-media.spec.ts" name="parseRedditMediaLease &gt; keeps absolute action URLs and rejects malformed leases" time="0.000271125">
        </testcase>
        <testcase classname="apps/extension/src/utils/__tests__/reddit-media.spec.ts" name="mediaFilename &gt; uses the URL basename when it has an extension" time="0.00012625">
        </testcase>
        <testcase classname="apps/extension/src/utils/__tests__/reddit-media.spec.ts" name="mediaFilename &gt; derives an extension from the mimetype otherwise" time="0.000158541">
        </testcase>
        <testcase classname="apps/extension/src/utils/__tests__/reddit-media.spec.ts" name="buildSelftextWithImages &gt; appends inline image markdown after the text" time="0.000088916">
        </testcase>
        <testcase classname="apps/extension/src/utils/__tests__/reddit-media.spec.ts" name="buildSelftextWithImages &gt; supports image-only and text-only bodies" time="0.00006025">
        </testcase>
    </testsuite>
    <testsuite name="apps/extension/src/utils/__tests__/reddit-submit.spec.ts" timestamp="2026-08-07T06:11:56.039Z" hostname="terceldeMac-mini.local" tests="4" failures="0" errors="0" skipped="0" time="0.00195725">
        <testcase classname="apps/extension/src/utils/__tests__/reddit-submit.spec.ts" name="parseRedditSubmitResponse &gt; extracts url and fullname from an api_type=json submit response" time="0.000890958">
        </testcase>
        <testcase classname="apps/extension/src/utils/__tests__/reddit-submit.spec.ts" name="parseRedditSubmitResponse &gt; returns empty fields on missing or malformed responses" time="0.000113083">
        </testcase>
        <testcase classname="apps/extension/src/utils/__tests__/reddit-submit.spec.ts" name="isRedditCaptchaError &gt; detects a BAD_CAPTCHA error tuple from /api/submit" time="0.000136834">
        </testcase>
        <testcase classname="apps/extension/src/utils/__tests__/reddit-submit.spec.ts" name="isRedditCaptchaError &gt; is false for unrelated submit errors" time="0.000079917">
        </testcase>
    </testsuite>
    <testsuite name="apps/extension/src/utils/__tests__/reddit.poster.spec.ts" timestamp="2026-08-07T06:11:56.039Z" hostname="terceldeMac-mini.local" tests="10" failures="0" errors="0" skipped="0" time="0.003088833">
        <testcase classname="apps/extension/src/utils/__tests__/reddit.poster.spec.ts" name="resolveRedditThingId &gt; resolves a post URL to a t3_ fullname" time="0.000812916">
        </testcase>
        <testcase classname="apps/extension/src/utils/__tests__/reddit.poster.spec.ts" name="resolveRedditThingId &gt; resolves a comment URL to a t1_ fullname" time="0.000182166">
        </testcase>
        <testcase classname="apps/extension/src/utils/__tests__/reddit.poster.spec.ts" name="resolveRedditThingId &gt; handles old.reddit.com and missing trailing slash" time="0.000084584">
        </testcase>
        <testcase classname="apps/extension/src/utils/__tests__/reddit.poster.spec.ts" name="resolveRedditThingId &gt; returns null for a non-comment Reddit URL" time="0.000068041">
        </testcase>
        <testcase classname="apps/extension/src/utils/__tests__/reddit.poster.spec.ts" name="resolveRedditThingId &gt; returns null for an unparseable string" time="0.000053542">
        </testcase>
        <testcase classname="apps/extension/src/utils/__tests__/reddit.poster.spec.ts" name="parseRedditCommentThing &gt; reads structured JSON shape (permalink + name)" time="0.000364833">
        </testcase>
        <testcase classname="apps/extension/src/utils/__tests__/reddit.poster.spec.ts" name="parseRedditCommentThing &gt; reads HTML-render shape (data-permalink in content, id as fullname)" time="0.000090917">
        </testcase>
        <testcase classname="apps/extension/src/utils/__tests__/reddit.poster.spec.ts" name="parseRedditCommentThing &gt; returns empty object for a null thing" time="0.000043625">
        </testcase>
        <testcase classname="apps/extension/src/utils/__tests__/reddit.poster.spec.ts" name="parseRedditAuthorFromThing &gt; extracts author handle + fullname from the comment HTML" time="0.000115125">
        </testcase>
        <testcase classname="apps/extension/src/utils/__tests__/reddit.poster.spec.ts" name="parseRedditAuthorFromThing &gt; returns undefined when no author is present" time="0.000071834">
        </testcase>
    </testsuite>
    <testsuite name="apps/extension/src/utils/__tests__/social-sessions.spec.ts" timestamp="2026-08-07T06:11:56.039Z" hostname="terceldeMac-mini.local" tests="3" failures="0" errors="0" skipped="0" time="0.001586">
        <testcase classname="apps/extension/src/utils/__tests__/social-sessions.spec.ts" name="decodeRedditIdFromJwt &gt; finds the t2_* account id regardless of which payload key holds it" time="0.000881417">
        </testcase>
        <testcase classname="apps/extension/src/utils/__tests__/social-sessions.spec.ts" name="decodeRedditIdFromJwt &gt; returns undefined when no t2_* value exists in the payload" time="0.000085917">
        </testcase>
        <testcase classname="apps/extension/src/utils/__tests__/social-sessions.spec.ts" name="decodeRedditIdFromJwt &gt; returns undefined on malformed or empty tokens" time="0.000113">
        </testcase>
    </testsuite>
    <testsuite name="apps/orchestrator/src/activities/__tests__/engage-persist.spec.ts" timestamp="2026-08-07T06:11:56.039Z" hostname="terceldeMac-mini.local" tests="5" failures="0" errors="0" skipped="0" time="0.004302958">
        <testcase classname="apps/orchestrator/src/activities/__tests__/engage-persist.spec.ts" name="EngageScanActivity._persistOpportunities &gt; upserts global post by [platform, externalPostId] without per-org columns" time="0.002181209">
        </testcase>
        <testcase classname="apps/orchestrator/src/activities/__tests__/engage-persist.spec.ts" name="EngageScanActivity._persistOpportunities &gt; upserts per-org state with NEW on create and preserves user state on update" time="0.000679833">
        </testcase>
        <testcase classname="apps/orchestrator/src/activities/__tests__/engage-persist.spec.ts" name="EngageScanActivity._persistOpportunities &gt; preserves user state (no status/bookmarked reset) when the state row already exists" time="0.000311708">
        </testcase>
        <testcase classname="apps/orchestrator/src/activities/__tests__/engage-persist.spec.ts" name="EngageScanActivity._persistOpportunities &gt; keeps state.opportunityId aligned with its post across the chunk boundary" time="0.000466167">
        </testcase>
        <testcase classname="apps/orchestrator/src/activities/__tests__/engage-persist.spec.ts" name="EngageScanActivity._persistOpportunities &gt; is a no-op for an empty post list" time="0.000127041">
        </testcase>
    </testsuite>
    <testsuite name="apps/orchestrator/src/activities/__tests__/engage-scan-interval.spec.ts" timestamp="2026-08-07T06:11:56.040Z" hostname="terceldeMac-mini.local" tests="12" failures="0" errors="0" skipped="0" time="0.005996917">
        <testcase classname="apps/orchestrator/src/activities/__tests__/engage-scan-interval.spec.ts" name="EngageScanActivity per-keyword scan units (by scan interval) &gt; scans each keyword as its own unit at the MIN interval across owning orgs" time="0.001986209">
        </testcase>
        <testcase classname="apps/orchestrator/src/activities/__tests__/engage-scan-interval.spec.ts" name="EngageScanActivity per-keyword scan units (by scan interval) &gt; uses the default 24h interval for orgs missing from the interval map" time="0.0003185">
        </testcase>
        <testcase classname="apps/orchestrator/src/activities/__tests__/engage-scan-interval.spec.ts" name="EngageScanActivity cursor claim with bucketed keyword key (shared lease) &gt; upserts the cursor under the composite __global__:&lt;hours&gt; key and claims it when due" time="0.001962417">
        </testcase>
        <testcase classname="apps/orchestrator/src/activities/__tests__/engage-scan-interval.spec.ts" name="EngageScanActivity cursor claim with bucketed keyword key (shared lease) &gt; skips a bucket scanned within its cadence (not due — no claim)" time="0.000196334">
        </testcase>
        <testcase classname="apps/orchestrator/src/activities/__tests__/engage-scan-interval.spec.ts" name="xScanEnabled (X kill switch) &gt; defaults to enabled when nothing is set" time="0.000153875">
        </testcase>
        <testcase classname="apps/orchestrator/src/activities/__tests__/engage-scan-interval.spec.ts" name="xScanEnabled (X kill switch) &gt; is disabled by the explicit ENGAGE_X_SCAN_ENABLED=false toggle" time="0.000051041">
        </testcase>
        <testcase classname="apps/orchestrator/src/activities/__tests__/engage-scan-interval.spec.ts" name="xScanEnabled (X kill switch) &gt; is disabled when ENGAGE_SUPPORTED_PLATFORMS excludes x (shared with extension)" time="0.000053375">
        </testcase>
        <testcase classname="apps/orchestrator/src/activities/__tests__/engage-scan-interval.spec.ts" name="xScanEnabled (X kill switch) &gt; stays enabled when the allowlist includes x" time="0.000043375">
        </testcase>
        <testcase classname="apps/orchestrator/src/activities/__tests__/engage-scan-interval.spec.ts" name="xScanEnabled (X kill switch) &gt; honours a resolved allowlist argument over the env var" time="0.000052042">
        </testcase>
        <testcase classname="apps/orchestrator/src/activities/__tests__/engage-scan-interval.spec.ts" name="xScanEnabled (X kill switch) &gt; explicit ENGAGE_X_SCAN_ENABLED=false still wins over a resolved allowlist with x" time="0.000036584">
        </testcase>
        <testcase classname="apps/orchestrator/src/activities/__tests__/engage-scan-interval.spec.ts" name="EngageScanActivity per-account tracked units &gt; scans each tracked account as its own unit at the MIN interval (not OR-merged)" time="0.000397167">
        </testcase>
        <testcase classname="apps/orchestrator/src/activities/__tests__/engage-scan-interval.spec.ts" name="EngageScanActivity channel/tracked per-unit cadence &gt; scans each subreddit at the min interval of its monitoring orgs" time="0.00016">
        </testcase>
    </testsuite>
    <testsuite name="apps/orchestrator/src/activities/__tests__/engage-scan-orchestration.spec.ts" timestamp="2026-08-07T06:11:56.040Z" hostname="terceldeMac-mini.local" tests="21" failures="0" errors="0" skipped="0" time="0.012258">
        <testcase classname="apps/orchestrator/src/activities/__tests__/engage-scan-orchestration.spec.ts" name="EngageScanActivity._scanUnit (cursor lifecycle) &gt; claims IDLE→SCANNING, passes the stored cursor to the adapter, then completes" time="0.003431292">
        </testcase>
        <testcase classname="apps/orchestrator/src/activities/__tests__/engage-scan-orchestration.spec.ts" name="EngageScanActivity._scanUnit (cursor lifecycle) &gt; skips a cooling-down unit without calling the adapter" time="0.000399667">
        </testcase>
        <testcase classname="apps/orchestrator/src/activities/__tests__/engage-scan-orchestration.spec.ts" name="EngageScanActivity._scanUnit (cursor lifecycle) &gt; skips a unit already SCANNING (single-flight)" time="0.000167333">
        </testcase>
        <testcase classname="apps/orchestrator/src/activities/__tests__/engage-scan-orchestration.spec.ts" name="EngageScanActivity._scanUnit (cursor lifecycle) &gt; returns empty when it loses the claim race (updateMany count 0)" time="0.000178375">
        </testcase>
        <testcase classname="apps/orchestrator/src/activities/__tests__/engage-scan-orchestration.spec.ts" name="EngageScanActivity._scanUnit (cursor lifecycle) &gt; cools down (does NOT advance cursor) when the adapter reports a rate limit" time="0.000830417">
        </testcase>
        <testcase classname="apps/orchestrator/src/activities/__tests__/engage-scan-orchestration.spec.ts" name="EngageScanActivity._scanUnit (cursor lifecycle) &gt; advances the cursor to newest on backlog (1-page pacing must progress, not re-fetch the same page)" time="0.000348458">
        </testcase>
        <testcase classname="apps/orchestrator/src/activities/__tests__/engage-scan-orchestration.spec.ts" name="EngageScanActivity._scanUnit (cursor lifecycle) &gt; releases the SCANNING lock when the adapter throws" time="0.00030625">
        </testcase>
        <testcase classname="apps/orchestrator/src/activities/__tests__/engage-scan-orchestration.spec.ts" name="EngageScanActivity._scanUnit (cursor lifecycle) &gt; skips an X unit (releasing the lock) when the token pool is exhausted" time="0.000234833">
        </testcase>
        <testcase classname="apps/orchestrator/src/activities/__tests__/engage-scan-orchestration.spec.ts" name="EngageScanActivity._scanUnit (cursor lifecycle) &gt; skips a unit scanned within its cadence (not due)" time="0.000186584">
        </testcase>
        <testcase classname="apps/orchestrator/src/activities/__tests__/engage-scan-orchestration.spec.ts" name="EngageScanActivity._scanUnit (cursor lifecycle) &gt; force bypasses the cadence gate" time="0.000171208">
        </testcase>
        <testcase classname="apps/orchestrator/src/activities/__tests__/engage-scan-orchestration.spec.ts" name="EngageScanActivity._fanOutAndFinalize (per-org isolation) &gt; isolates a single org fan-out failure; still expires + finalizes every org" time="0.000655459">
        </testcase>
        <testcase classname="apps/orchestrator/src/activities/__tests__/engage-scan-orchestration.spec.ts" name="EngageScanActivity keyword initial scans &gt; lazily creates missing initial scan rows for enabled platforms" time="0.000366417">
        </testcase>
        <testcase classname="apps/orchestrator/src/activities/__tests__/engage-scan-orchestration.spec.ts" name="EngageScanActivity keyword initial scans &gt; loads initial scan config from Settings with env/default fallback" time="0.000351458">
        </testcase>
        <testcase classname="apps/orchestrator/src/activities/__tests__/engage-scan-orchestration.spec.ts" name="EngageScanActivity keyword initial scans &gt; fans an initial scan out to sibling project configs in the same organization" time="0.001196542">
        </testcase>
        <testcase classname="apps/orchestrator/src/activities/__tests__/engage-scan-orchestration.spec.ts" name="EngageScanActivity keyword initial scans &gt; keeps a rate-limited keyword initial scan retryable instead of marking it DONE" time="0.000490209">
        </testcase>
        <testcase classname="apps/orchestrator/src/activities/__tests__/engage-scan-orchestration.spec.ts" name="EngageScanActivity keyword initial scans &gt; keeps a budget-exhausted keyword initial scan retryable after fan-out" time="0.000329292">
        </testcase>
        <testcase classname="apps/orchestrator/src/activities/__tests__/engage-scan-orchestration.spec.ts" name="EngageScanActivity keyword initial scans &gt; runs X keyword initial scans with empty cursor and X-specific budget" time="0.000464208">
        </testcase>
        <testcase classname="apps/orchestrator/src/activities/__tests__/engage-scan-orchestration.spec.ts" name="EngageScanActivity keyword initial scans &gt; reclaims a stale RUNNING keyword initial scan lease" time="0.000355833">
        </testcase>
        <testcase classname="apps/orchestrator/src/activities/__tests__/engage-scan-orchestration.spec.ts" name="EngageScanActivity._fanOutToOrg (Reddit monitored subreddit +5 &amp; followers) &gt; keyword post in a monitored subreddit earns scoreTracked +5" time="0.000581375">
        </testcase>
        <testcase classname="apps/orchestrator/src/activities/__tests__/engage-scan-orchestration.spec.ts" name="EngageScanActivity._fanOutToOrg (Reddit monitored subreddit +5 &amp; followers) &gt; keyword post in a NON-monitored subreddit earns no bonus" time="0.000184459">
        </testcase>
        <testcase classname="apps/orchestrator/src/activities/__tests__/engage-scan-orchestration.spec.ts" name="EngageScanActivity._fanOutToOrg (Reddit monitored subreddit +5 &amp; followers) &gt; Reddit authority comes from channelFollowers (subreddit size), not a per-author fetch" time="0.000157208">
        </testcase>
    </testsuite>
    <testsuite name="apps/orchestrator/src/activities/__tests__/engage-scan.filterActiveProjects.spec.ts" timestamp="2026-08-07T06:11:56.041Z" hostname="terceldeMac-mini.local" tests="5" failures="0" errors="0" skipped="0" time="0.007915916">
        <testcase classname="apps/orchestrator/src/activities/__tests__/engage-scan.filterActiveProjects.spec.ts" name="EngageScanActivity._filterActiveProjects &gt; passes a null-projectId (legacy) context through without calling aisee-core" time="0.001491333">
        </testcase>
        <testcase classname="apps/orchestrator/src/activities/__tests__/engage-scan.filterActiveProjects.spec.ts" name="EngageScanActivity._filterActiveProjects &gt; drops a context whose project is deactivated" time="0.000830959">
        </testcase>
        <testcase classname="apps/orchestrator/src/activities/__tests__/engage-scan.filterActiveProjects.spec.ts" name="EngageScanActivity._filterActiveProjects &gt; keeps a context whose project is active" time="0.000100209">
        </testcase>
        <testcase classname="apps/orchestrator/src/activities/__tests__/engage-scan.filterActiveProjects.spec.ts" name="EngageScanActivity._filterActiveProjects &gt; handles a mix of legacy (null), active, and deactivated contexts in one call" time="0.000161541">
        </testcase>
        <testcase classname="apps/orchestrator/src/activities/__tests__/engage-scan.filterActiveProjects.spec.ts" name="EngageScanActivity._filterActiveProjects &gt; passes every context through unfiltered when ProjectValidationService is not wired" time="0.000052958">
        </testcase>
    </testsuite>
    <testsuite name="apps/orchestrator/src/activities/__tests__/ensure-fresh-token.spec.ts" timestamp="2026-08-07T06:11:56.042Z" hostname="terceldeMac-mini.local" tests="11" failures="0" errors="0" skipped="0" time="0.004141459">
        <testcase classname="apps/orchestrator/src/activities/__tests__/ensure-fresh-token.spec.ts" name="PostActivity.ensureFreshToken &gt; returns null when integration is missing in DB" time="0.001352291">
        </testcase>
        <testcase classname="apps/orchestrator/src/activities/__tests__/ensure-fresh-token.spec.ts" name="PostActivity.ensureFreshToken &gt; returns null when integration is deleted/disabled/refreshNeeded" time="0.000278291">
        </testcase>
        <testcase classname="apps/orchestrator/src/activities/__tests__/ensure-fresh-token.spec.ts" name="PostActivity.ensureFreshToken &gt; returns null when integration has no tokenExpiration (OAuth 1.0a permanent)" time="0.000168">
        </testcase>
        <testcase classname="apps/orchestrator/src/activities/__tests__/ensure-fresh-token.spec.ts" name="PostActivity.ensureFreshToken &gt; returns null when inBetweenSteps is true (another refresh in flight — defer)" time="0.000131833">
        </testcase>
        <testcase classname="apps/orchestrator/src/activities/__tests__/ensure-fresh-token.spec.ts" name="PostActivity.ensureFreshToken &gt; returns null when provider declares the token permanent" time="0.00014325">
        </testcase>
        <testcase classname="apps/orchestrator/src/activities/__tests__/ensure-fresh-token.spec.ts" name="PostActivity.ensureFreshToken &gt; SKIPS refresh for refreshCron=true providers (Layer 1 owns this — prevents the race)" time="0.000351042">
        </testcase>
        <testcase classname="apps/orchestrator/src/activities/__tests__/ensure-fresh-token.spec.ts" name="PostActivity.ensureFreshToken &gt; returns fresh DB row unchanged when token is comfortably fresh (msToExpiry &gt; buffer)" time="0.000229041">
        </testcase>
        <testcase classname="apps/orchestrator/src/activities/__tests__/ensure-fresh-token.spec.ts" name="PostActivity.ensureFreshToken &gt; refreshes when token expires within the buffer window; re-reads DB; logs success" time="0.000215917">
        </testcase>
        <testcase classname="apps/orchestrator/src/activities/__tests__/ensure-fresh-token.spec.ts" name="PostActivity.ensureFreshToken &gt; does NOT setBetweenSteps on transient errors (lets reactive 401 path handle)" time="0.000245958">
        </testcase>
        <testcase classname="apps/orchestrator/src/activities/__tests__/ensure-fresh-token.spec.ts" name="PostActivity.ensureFreshToken &gt; does NOT setBetweenSteps on UNKNOWN errors either — pre-flight is best-effort, must not disable healthy accounts" time="0.0002165">
        </testcase>
        <testcase classname="apps/orchestrator/src/activities/__tests__/ensure-fresh-token.spec.ts" name="PostActivity.ensureFreshToken &gt; returns false (without crashing) when refresh returns falsy/no accessToken" time="0.000160417">
        </testcase>
    </testsuite>
    <testsuite name="libraries/nestjs-libraries/src/chat/__tests__/billing.middleware.spec.ts" timestamp="2026-08-07T06:11:56.042Z" hostname="terceldeMac-mini.local" tests="9" failures="0" errors="0" skipped="0" time="0.00774175">
        <testcase classname="libraries/nestjs-libraries/src/chat/__tests__/billing.middleware.spec.ts" name="withBillingTracking &gt; doGenerate — collects usage within ALS context" time="0.002446125">
        </testcase>
        <testcase classname="libraries/nestjs-libraries/src/chat/__tests__/billing.middleware.spec.ts" name="withBillingTracking &gt; doStream — collects usage from finish chunk despite TransformStream ALS loss" time="0.002783791">
        </testcase>
        <testcase classname="libraries/nestjs-libraries/src/chat/__tests__/billing.middleware.spec.ts" name="withBillingTracking &gt; doStream — chunks are passed through unmodified" time="0.000726541">
        </testcase>
        <testcase classname="libraries/nestjs-libraries/src/chat/__tests__/billing.middleware.spec.ts" name="withBillingTracking &gt; doStream without usage in finish chunk — no usage collected" time="0.000261416">
        </testcase>
        <testcase classname="libraries/nestjs-libraries/src/chat/__tests__/billing.middleware.spec.ts" name="withBillingTracking &gt; doStream with null stream — returns result as-is" time="0.000108292">
        </testcase>
        <testcase classname="libraries/nestjs-libraries/src/chat/__tests__/billing.middleware.spec.ts" name="withBillingTracking &gt; multiple doGenerate calls — accumulates usages" time="0.000147875">
        </testcase>
        <testcase classname="libraries/nestjs-libraries/src/chat/__tests__/billing.middleware.spec.ts" name="withBillingTracking &gt; mixed doGenerate + doStream — all usages collected" time="0.000329458">
        </testcase>
        <testcase classname="libraries/nestjs-libraries/src/chat/__tests__/billing.middleware.spec.ts" name="withBillingTracking &gt; openai provider detection — non-openrouter" time="0.000097291">
        </testcase>
        <testcase classname="libraries/nestjs-libraries/src/chat/__tests__/billing.middleware.spec.ts" name="withBillingTracking &gt; other properties are proxied through" time="0.000114417">
        </testcase>
    </testsuite>
    <testsuite name="libraries/nestjs-libraries/src/dtos/integrations/posting-times.utils.spec.ts" timestamp="2026-08-07T06:11:56.043Z" hostname="terceldeMac-mini.local" tests="40" failures="0" errors="0" skipped="0" time="0.005619542">
        <testcase classname="libraries/nestjs-libraries/src/dtos/integrations/posting-times.utils.spec.ts" name="normalizePostingTimes &gt; should convert legacy format to V2" time="0.001398792">
        </testcase>
        <testcase classname="libraries/nestjs-libraries/src/dtos/integrations/posting-times.utils.spec.ts" name="normalizePostingTimes &gt; should pass through V2 format unchanged" time="0.000137875">
        </testcase>
        <testcase classname="libraries/nestjs-libraries/src/dtos/integrations/posting-times.utils.spec.ts" name="normalizePostingTimes &gt; should return empty schedules for null input" time="0.000056041">
        </testcase>
        <testcase classname="libraries/nestjs-libraries/src/dtos/integrations/posting-times.utils.spec.ts" name="normalizePostingTimes &gt; should return empty schedules for undefined input" time="0.000044083">
        </testcase>
        <testcase classname="libraries/nestjs-libraries/src/dtos/integrations/posting-times.utils.spec.ts" name="normalizePostingTimes &gt; should return empty schedules for empty string" time="0.00004025">
        </testcase>
        <testcase classname="libraries/nestjs-libraries/src/dtos/integrations/posting-times.utils.spec.ts" name="normalizePostingTimes &gt; should return empty schedules for malformed JSON" time="0.000052458">
        </testcase>
        <testcase classname="libraries/nestjs-libraries/src/dtos/integrations/posting-times.utils.spec.ts" name="normalizePostingTimes &gt; should return empty schedules for non-object/non-array JSON" time="0.00004125">
        </testcase>
        <testcase classname="libraries/nestjs-libraries/src/dtos/integrations/posting-times.utils.spec.ts" name="normalizePostingTimes &gt; should return empty schedules for empty legacy array" time="0.000044625">
        </testcase>
        <testcase classname="libraries/nestjs-libraries/src/dtos/integrations/posting-times.utils.spec.ts" name="normalizePostingTimes &gt; should reject legacy array with non-numeric time" time="0.000041917">
        </testcase>
        <testcase classname="libraries/nestjs-libraries/src/dtos/integrations/posting-times.utils.spec.ts" name="resolveTimeSlotsForDate &gt; Monday 2026-03-02: matches daily + weekday + dayOfWeek(1) + specificDate" time="0.001152666">
        </testcase>
        <testcase classname="libraries/nestjs-libraries/src/dtos/integrations/posting-times.utils.spec.ts" name="resolveTimeSlotsForDate &gt; Tuesday 2026-03-03: matches daily + weekday only" time="0.000114625">
        </testcase>
        <testcase classname="libraries/nestjs-libraries/src/dtos/integrations/posting-times.utils.spec.ts" name="resolveTimeSlotsForDate &gt; Saturday 2026-03-07: matches daily only" time="0.000056792">
        </testcase>
        <testcase classname="libraries/nestjs-libraries/src/dtos/integrations/posting-times.utils.spec.ts" name="resolveTimeSlotsForDate &gt; Sunday 2026-03-08: matches daily + dayOfWeek(0)" time="0.000114333">
        </testcase>
        <testcase classname="libraries/nestjs-libraries/src/dtos/integrations/posting-times.utils.spec.ts" name="resolveTimeSlotsForDate &gt; deduplicates same time from multiple rules" time="0.000118541">
        </testcase>
        <testcase classname="libraries/nestjs-libraries/src/dtos/integrations/posting-times.utils.spec.ts" name="resolveTimeSlotsForDate &gt; returns empty for no matching rules" time="0.000047834">
        </testcase>
        <testcase classname="libraries/nestjs-libraries/src/dtos/integrations/posting-times.utils.spec.ts" name="resolveTimeSlotsForDate &gt; returns sorted results" time="0.000055292">
        </testcase>
        <testcase classname="libraries/nestjs-libraries/src/dtos/integrations/posting-times.utils.spec.ts" name="serializePostingTimes &gt; should produce valid JSON" time="0.000058041">
        </testcase>
        <testcase classname="libraries/nestjs-libraries/src/dtos/integrations/posting-times.utils.spec.ts" name="validateScheduleRules &gt; should accept valid daily rule" time="0.000086292">
        </testcase>
        <testcase classname="libraries/nestjs-libraries/src/dtos/integrations/posting-times.utils.spec.ts" name="validateScheduleRules &gt; should accept valid weekday rule" time="0.000033292">
        </testcase>
        <testcase classname="libraries/nestjs-libraries/src/dtos/integrations/posting-times.utils.spec.ts" name="validateScheduleRules &gt; should accept valid dayOfWeek rule" time="0.000032333">
        </testcase>
        <testcase classname="libraries/nestjs-libraries/src/dtos/integrations/posting-times.utils.spec.ts" name="validateScheduleRules &gt; should accept valid specificDate rule" time="0.000373">
        </testcase>
        <testcase classname="libraries/nestjs-libraries/src/dtos/integrations/posting-times.utils.spec.ts" name="validateScheduleRules &gt; should accept all rule types together" time="0.000101792">
        </testcase>
        <testcase classname="libraries/nestjs-libraries/src/dtos/integrations/posting-times.utils.spec.ts" name="validateScheduleRules &gt; should reject time = 1440 (out of range)" time="0.000069125">
        </testcase>
        <testcase classname="libraries/nestjs-libraries/src/dtos/integrations/posting-times.utils.spec.ts" name="validateScheduleRules &gt; should reject negative time" time="0.000045167">
        </testcase>
        <testcase classname="libraries/nestjs-libraries/src/dtos/integrations/posting-times.utils.spec.ts" name="validateScheduleRules &gt; should reject NaN time" time="0.000047375">
        </testcase>
        <testcase classname="libraries/nestjs-libraries/src/dtos/integrations/posting-times.utils.spec.ts" name="validateScheduleRules &gt; should reject Infinity time" time="0.000036208">
        </testcase>
        <testcase classname="libraries/nestjs-libraries/src/dtos/integrations/posting-times.utils.spec.ts" name="validateScheduleRules &gt; should reject fractional time" time="0.00003575">
        </testcase>
        <testcase classname="libraries/nestjs-libraries/src/dtos/integrations/posting-times.utils.spec.ts" name="validateScheduleRules &gt; should reject invalid type" time="0.000033125">
        </testcase>
        <testcase classname="libraries/nestjs-libraries/src/dtos/integrations/posting-times.utils.spec.ts" name="validateScheduleRules &gt; should reject dayOfWeek with day = 7" time="0.000036458">
        </testcase>
        <testcase classname="libraries/nestjs-libraries/src/dtos/integrations/posting-times.utils.spec.ts" name="validateScheduleRules &gt; should reject dayOfWeek with day = -1" time="0.000031542">
        </testcase>
        <testcase classname="libraries/nestjs-libraries/src/dtos/integrations/posting-times.utils.spec.ts" name="validateScheduleRules &gt; should reject dayOfWeek with fractional day" time="0.0000355">
        </testcase>
        <testcase classname="libraries/nestjs-libraries/src/dtos/integrations/posting-times.utils.spec.ts" name="validateScheduleRules &gt; should reject dayOfWeek with NaN day" time="0.000032875">
        </testcase>
        <testcase classname="libraries/nestjs-libraries/src/dtos/integrations/posting-times.utils.spec.ts" name="validateScheduleRules &gt; should reject specificDate with invalid format" time="0.000032083">
        </testcase>
        <testcase classname="libraries/nestjs-libraries/src/dtos/integrations/posting-times.utils.spec.ts" name="validateScheduleRules &gt; should reject specificDate with impossible calendar date" time="0.00005425">
        </testcase>
        <testcase classname="libraries/nestjs-libraries/src/dtos/integrations/posting-times.utils.spec.ts" name="validateScheduleRules &gt; should reject specificDate with Feb 30" time="0.000045917">
        </testcase>
        <testcase classname="libraries/nestjs-libraries/src/dtos/integrations/posting-times.utils.spec.ts" name="validateScheduleRules &gt; should accept leap day on leap year" time="0.000043375">
        </testcase>
        <testcase classname="libraries/nestjs-libraries/src/dtos/integrations/posting-times.utils.spec.ts" name="validateScheduleRules &gt; should reject leap day on non-leap year" time="0.000042167">
        </testcase>
        <testcase classname="libraries/nestjs-libraries/src/dtos/integrations/posting-times.utils.spec.ts" name="validateScheduleRules &gt; should accept empty array" time="0.000030833">
        </testcase>
        <testcase classname="libraries/nestjs-libraries/src/dtos/integrations/posting-times.utils.spec.ts" name="validateScheduleRules &gt; should accept boundary values: time=0, time=1439" time="0.000033917">
        </testcase>
        <testcase classname="libraries/nestjs-libraries/src/dtos/integrations/posting-times.utils.spec.ts" name="validateScheduleRules &gt; should accept boundary day values: 0 and 6" time="0.000031">
        </testcase>
    </testsuite>
    <testsuite name="libraries/nestjs-libraries/src/integrations/__tests__/extension-publish-routing.spec.ts" timestamp="2026-08-07T06:11:56.044Z" hostname="terceldeMac-mini.local" tests="5" failures="0" errors="0" skipped="0" time="0.263688958">
        <testcase classname="libraries/nestjs-libraries/src/integrations/__tests__/extension-publish-routing.spec.ts" name="isExtensionPublishProvider &gt; is true for intrinsic extension-published providers (no usable server API)" time="0.00077825">
        </testcase>
        <testcase classname="libraries/nestjs-libraries/src/integrations/__tests__/extension-publish-routing.spec.ts" name="isExtensionPublishProvider &gt; is false for API-capable providers by default" time="0.000091458">
        </testcase>
        <testcase classname="libraries/nestjs-libraries/src/integrations/__tests__/extension-publish-routing.spec.ts" name="isExtensionPublishProvider &gt; is case-insensitive and safe on empty/unknown input" time="0.000060208">
        </testcase>
        <testcase classname="libraries/nestjs-libraries/src/integrations/__tests__/extension-publish-routing.spec.ts" name="extensionPublishProviderIds &gt; lists the intrinsic extension-published providers" time="0.000597541">
        </testcase>
        <testcase classname="libraries/nestjs-libraries/src/integrations/__tests__/extension-publish-routing.spec.ts" name="EXTENSION_PUBLISH_PLATFORMS env override (sync guard) &gt; routes a publishable dual-capable platform but ignores an unpublishable one" time="0.261034917">
        </testcase>
    </testsuite>
    <testsuite name="libraries/nestjs-libraries/src/integrations/__tests__/refresh.integration.service.spec.ts" timestamp="2026-08-07T06:11:56.045Z" hostname="terceldeMac-mini.local" tests="20" failures="0" errors="0" skipped="0" time="0.00555475">
        <testcase classname="libraries/nestjs-libraries/src/integrations/__tests__/refresh.integration.service.spec.ts" name="isTransientRefreshError &gt; classifies 5xx HTTP status as transient" time="0.00072975">
        </testcase>
        <testcase classname="libraries/nestjs-libraries/src/integrations/__tests__/refresh.integration.service.spec.ts" name="isTransientRefreshError &gt; classifies 429 / 408 / 425 as transient" time="0.000085208">
        </testcase>
        <testcase classname="libraries/nestjs-libraries/src/integrations/__tests__/refresh.integration.service.spec.ts" name="isTransientRefreshError &gt; classifies other 4xx as permanent" time="0.000075125">
        </testcase>
        <testcase classname="libraries/nestjs-libraries/src/integrations/__tests__/refresh.integration.service.spec.ts" name="isTransientRefreshError &gt; classifies node network error codes as transient" time="0.000082333">
        </testcase>
        <testcase classname="libraries/nestjs-libraries/src/integrations/__tests__/refresh.integration.service.spec.ts" name="isTransientRefreshError &gt; classifies OAuth permanent error codes as permanent (overrides HTTP 5xx)" time="0.000076458">
        </testcase>
        <testcase classname="libraries/nestjs-libraries/src/integrations/__tests__/refresh.integration.service.spec.ts" name="isTransientRefreshError &gt; classifies OAuth rate-limit error codes as transient" time="0.000112166">
        </testcase>
        <testcase classname="libraries/nestjs-libraries/src/integrations/__tests__/refresh.integration.service.spec.ts" name="isTransientRefreshError &gt; classifies AbortError / TimeoutError by name as transient" time="0.000047167">
        </testcase>
        <testcase classname="libraries/nestjs-libraries/src/integrations/__tests__/refresh.integration.service.spec.ts" name="isTransientRefreshError &gt; defaults to permanent for unknown error shapes (conservative)" time="0.000091833">
        </testcase>
        <testcase classname="libraries/nestjs-libraries/src/integrations/__tests__/refresh.integration.service.spec.ts" name="isTransientRefreshError &gt; does not confuse HTTP status (number) with error code (string)" time="0.0000455">
        </testcase>
        <testcase classname="libraries/nestjs-libraries/src/integrations/__tests__/refresh.integration.service.spec.ts" name="RefreshIntegrationService.refresh &gt; throws TransientRefreshError on a transient platform error (5xx) — DOES NOT mark refreshNeeded" time="0.001156792">
        </testcase>
        <testcase classname="libraries/nestjs-libraries/src/integrations/__tests__/refresh.integration.service.spec.ts" name="RefreshIntegrationService.refresh &gt; throws TransientRefreshError on network error (ECONNRESET) — DOES NOT mark refreshNeeded" time="0.000193042">
        </testcase>
        <testcase classname="libraries/nestjs-libraries/src/integrations/__tests__/refresh.integration.service.spec.ts" name="RefreshIntegrationService.refresh &gt; throws TransientRefreshError on 429 rate limit — DOES NOT mark refreshNeeded" time="0.000136917">
        </testcase>
        <testcase classname="libraries/nestjs-libraries/src/integrations/__tests__/refresh.integration.service.spec.ts" name="RefreshIntegrationService.refresh &gt; marks refreshNeeded + disconnects when the REFRESH endpoint itself returns 401 (refresh_token expired)" time="0.00017375">
        </testcase>
        <testcase classname="libraries/nestjs-libraries/src/integrations/__tests__/refresh.integration.service.spec.ts" name="RefreshIntegrationService.refresh &gt; marks refreshNeeded + disconnects on invalid_grant (permanent revoke)" time="0.000150167">
        </testcase>
        <testcase classname="libraries/nestjs-libraries/src/integrations/__tests__/refresh.integration.service.spec.ts" name="RefreshIntegrationService.refresh &gt; does NOT flag refreshNeeded on invalid_grant when a concurrent refresh already rotated the token (benign race)" time="0.000461291">
            <system-err>
[refreshProcess] concurrent-refresh race for integration=int-1 provider=x: another refresh already rotated the token (tokenExpiration advanced) — skipping refreshNeeded/disconnect.

            </system-err>
        </testcase>
        <testcase classname="libraries/nestjs-libraries/src/integrations/__tests__/refresh.integration.service.spec.ts" name="RefreshIntegrationService.refresh &gt; STILL flags refreshNeeded on invalid_grant when the re-read shows no concurrent winner (real revoke)" time="0.000156">
        </testcase>
        <testcase classname="libraries/nestjs-libraries/src/integrations/__tests__/refresh.integration.service.spec.ts" name="RefreshIntegrationService.refresh &gt; marks refreshNeeded + disconnects when provider returns falsy (no token)" time="0.000131375">
        </testcase>
        <testcase classname="libraries/nestjs-libraries/src/integrations/__tests__/refresh.integration.service.spec.ts" name="RefreshIntegrationService.refresh &gt; marks refreshNeeded on generic non-classifiable thrown error (conservative)" time="0.000136666">
        </testcase>
        <testcase classname="libraries/nestjs-libraries/src/integrations/__tests__/refresh.integration.service.spec.ts" name="RefreshIntegrationService.refresh &gt; returns false without side effects when token is permanent (OAuth 1.0a)" time="0.000197625">
        </testcase>
        <testcase classname="libraries/nestjs-libraries/src/integrations/__tests__/refresh.integration.service.spec.ts" name="RefreshIntegrationService.refresh &gt; persists the new token on successful refresh" time="0.000607583">
        </testcase>
    </testsuite>
    <testsuite name="libraries/nestjs-libraries/src/integrations/__tests__/resolve-publish-method.spec.ts" timestamp="2026-08-07T06:11:56.046Z" hostname="terceldeMac-mini.local" tests="14" failures="0" errors="0" skipped="0" time="0.002576166">
        <testcase classname="libraries/nestjs-libraries/src/integrations/__tests__/resolve-publish-method.spec.ts" name="isExtensionOnlyProvider &gt; is true only for platforms with no usable backend write API" time="0.000687625">
        </testcase>
        <testcase classname="libraries/nestjs-libraries/src/integrations/__tests__/resolve-publish-method.spec.ts" name="isExtensionOnlyProvider &gt; is false for dual-capable and API-only platforms" time="0.000088666">
        </testcase>
        <testcase classname="libraries/nestjs-libraries/src/integrations/__tests__/resolve-publish-method.spec.ts" name="resolvePublishMethod — auto (no user choice) &gt; extension-only platform -&gt; extension even without a bound account" time="0.000071666">
        </testcase>
        <testcase classname="libraries/nestjs-libraries/src/integrations/__tests__/resolve-publish-method.spec.ts" name="resolvePublishMethod — auto (no user choice) &gt; dual-capable platform with a bound account -&gt; defaults to extension" time="0.000035709">
        </testcase>
        <testcase classname="libraries/nestjs-libraries/src/integrations/__tests__/resolve-publish-method.spec.ts" name="resolvePublishMethod — auto (no user choice) &gt; dual-capable platform without a bound account -&gt; extension" time="0.000030875">
        </testcase>
        <testcase classname="libraries/nestjs-libraries/src/integrations/__tests__/resolve-publish-method.spec.ts" name="resolvePublishMethod — auto (no user choice) &gt; API-only platform with a bound account -&gt; api" time="0.000030625">
        </testcase>
        <testcase classname="libraries/nestjs-libraries/src/integrations/__tests__/resolve-publish-method.spec.ts" name="resolvePublishMethod — auto (no user choice) &gt; API-only platform without a bound account -&gt; ACCOUNT_BINDING_REQUIRED" time="0.000139791">
        </testcase>
        <testcase classname="libraries/nestjs-libraries/src/integrations/__tests__/resolve-publish-method.spec.ts" name="resolvePublishMethod — explicit choice = api &gt; honours api when a dual-capable platform has a bound account" time="0.000036625">
        </testcase>
        <testcase classname="libraries/nestjs-libraries/src/integrations/__tests__/resolve-publish-method.spec.ts" name="resolvePublishMethod — explicit choice = api &gt; rejects api on a dual-capable platform with no bound account" time="0.000092417">
        </testcase>
        <testcase classname="libraries/nestjs-libraries/src/integrations/__tests__/resolve-publish-method.spec.ts" name="resolvePublishMethod — explicit choice = api &gt; rejects api on an extension-only platform even when an account is bound" time="0.00004125">
        </testcase>
        <testcase classname="libraries/nestjs-libraries/src/integrations/__tests__/resolve-publish-method.spec.ts" name="getSocialProviderList — static send-path flags &gt; carries extensionPublishable + hasWriteApi per provider" time="0.000515083">
        </testcase>
        <testcase classname="libraries/nestjs-libraries/src/integrations/__tests__/resolve-publish-method.spec.ts" name="getSocialProviderList — static send-path flags &gt; keeps identifier + name (backward compatible)" time="0.000092209">
        </testcase>
        <testcase classname="libraries/nestjs-libraries/src/integrations/__tests__/resolve-publish-method.spec.ts" name="resolvePublishMethod — explicit choice = extension &gt; honours extension on an extension-publishable platform" time="0.000037542">
        </testcase>
        <testcase classname="libraries/nestjs-libraries/src/integrations/__tests__/resolve-publish-method.spec.ts" name="resolvePublishMethod — explicit choice = extension &gt; rejects extension on an API-only platform" time="0.00005">
        </testcase>
    </testsuite>
    <testsuite name="libraries/nestjs-libraries/src/engage/__tests__/dispatch-reply-metrics-sync.spec.ts" timestamp="2026-08-07T06:11:56.047Z" hostname="terceldeMac-mini.local" tests="3" failures="0" errors="0" skipped="0" time="0.002103958">
        <testcase classname="libraries/nestjs-libraries/src/engage/__tests__/dispatch-reply-metrics-sync.spec.ts" name="dispatchReplyMetricsSync — guard/skip contract &gt; returns &apos;skipped&apos; and touches no deps when releaseURL is null" time="0.001242834">
        </testcase>
        <testcase classname="libraries/nestjs-libraries/src/engage/__tests__/dispatch-reply-metrics-sync.spec.ts" name="dispatchReplyMetricsSync — guard/skip contract &gt; returns &apos;skipped&apos; when the post relation is null" time="0.000174666">
        </testcase>
        <testcase classname="libraries/nestjs-libraries/src/engage/__tests__/dispatch-reply-metrics-sync.spec.ts" name="dispatchReplyMetricsSync — guard/skip contract &gt; returns &apos;skipped&apos; for an unrecognised platform (not reddit/x)" time="0.000127167">
        </testcase>
    </testsuite>
    <testsuite name="libraries/nestjs-libraries/src/engage/__tests__/engage-author.spec.ts" timestamp="2026-08-07T06:11:56.047Z" hostname="terceldeMac-mini.local" tests="1" failures="0" errors="0" skipped="0" time="0.004825458">
        <testcase classname="libraries/nestjs-libraries/src/engage/__tests__/engage-author.spec.ts" name="fetchRedditAuthorProfile &gt; falls back to public JSON when Reddit OAuth rejects the author lookup" time="0.003654917">
        </testcase>
    </testsuite>
    <testsuite name="libraries/nestjs-libraries/src/engage/__tests__/engage-batch-reply.spec.ts" timestamp="2026-08-07T06:11:56.047Z" hostname="terceldeMac-mini.local" tests="6" failures="0" errors="0" skipped="0" time="0.010414292">
        <testcase classname="libraries/nestjs-libraries/src/engage/__tests__/engage-batch-reply.spec.ts" name="EngageService batch reply — per-post tracking &gt; batchSendReply records one tracking row per item (3 items → 3 rows)" time="0.002565333">
        </testcase>
        <testcase classname="libraries/nestjs-libraries/src/engage/__tests__/engage-batch-reply.spec.ts" name="EngageService batch reply — per-post tracking &gt; batchScheduleReply records one tracking row per scheduled item" time="0.000346375">
        </testcase>
        <testcase classname="libraries/nestjs-libraries/src/engage/__tests__/engage-batch-reply.spec.ts" name="EngageService batch reply — per-post tracking &gt; isolates a single record failure — the rest are still tracked and returned" time="0.005271041">
        </testcase>
        <testcase classname="libraries/nestjs-libraries/src/engage/__tests__/engage-batch-reply.spec.ts" name="EngageService reply settings — per-platform &gt; sendReply builds X-shaped settings for an X opportunity" time="0.000547542">
        </testcase>
        <testcase classname="libraries/nestjs-libraries/src/engage/__tests__/engage-batch-reply.spec.ts" name="EngageService reply settings — per-platform &gt; sendReply builds Reddit-shaped settings for a Reddit opportunity (not the X shape)" time="0.000130292">
        </testcase>
        <testcase classname="libraries/nestjs-libraries/src/engage/__tests__/engage-batch-reply.spec.ts" name="EngageService reply settings — per-platform &gt; sendReply rejects an unsupported platform before creating a doomed Post" time="0.000913375">
        </testcase>
    </testsuite>
    <testsuite name="libraries/nestjs-libraries/src/engage/__tests__/engage-config-operation-plan.spec.ts" timestamp="2026-08-07T06:11:56.047Z" hostname="terceldeMac-mini.local" tests="8" failures="0" errors="0" skipped="0" time="0.004409333">
        <testcase classname="libraries/nestjs-libraries/src/engage/__tests__/engage-config-operation-plan.spec.ts" name="EngageService.getConfig — operationPlan block &gt; returns the allowlist verbatim (only platform gate the create endpoint applies)" time="0.001658292">
        </testcase>
        <testcase classname="libraries/nestjs-libraries/src/engage/__tests__/engage-config-operation-plan.spec.ts" name="EngageService.getConfig — operationPlan block &gt; does NOT intersect the allowlist with connected platforms (unconnected platforms are still plannable)" time="0.000308">
        </testcase>
        <testcase classname="libraries/nestjs-libraries/src/engage/__tests__/engage-config-operation-plan.spec.ts" name="EngageService.getConfig — operationPlan block &gt; returns an empty list when no allowlist is configured (picker cannot render &quot;unrestricted&quot;)" time="0.00012925">
        </testcase>
        <testcase classname="libraries/nestjs-libraries/src/engage/__tests__/engage-config-operation-plan.spec.ts" name="EngageService.getConfig — operationPlan block &gt; drops blank/non-string allowlist entries" time="0.000114708">
        </testcase>
        <testcase classname="libraries/nestjs-libraries/src/engage/__tests__/engage-config-operation-plan.spec.ts" name="EngageService.getConfig — operationPlan block &gt; never exposes platform_cadence (generator-only editorial strategy)" time="0.00068575">
        </testcase>
        <testcase classname="libraries/nestjs-libraries/src/engage/__tests__/engage-config-operation-plan.spec.ts" name="EngageService.getConfig — operationPlan block &gt; falls back to the backend default duration when the setting is unset" time="0.000156">
        </testcase>
        <testcase classname="libraries/nestjs-libraries/src/engage/__tests__/engage-config-operation-plan.spec.ts" name="EngageService.getConfig — operationPlan block &gt; degrades to defaults instead of failing the whole page when a Settings read throws" time="0.000544458">
        </testcase>
        <testcase classname="libraries/nestjs-libraries/src/engage/__tests__/engage-config-operation-plan.spec.ts" name="EngageService.getConfig — operationPlan block &gt; no-ops safely when SettingsService is not wired (unit-test construction)" time="0.000142042">
        </testcase>
    </testsuite>
    <testsuite name="libraries/nestjs-libraries/src/engage/__tests__/engage-config-project-counts.spec.ts" timestamp="2026-08-07T06:11:56.048Z" hostname="terceldeMac-mini.local" tests="5" failures="0" errors="0" skipped="0" time="0.003221542">
        <testcase classname="libraries/nestjs-libraries/src/engage/__tests__/engage-config-project-counts.spec.ts" name="EngageService.getConfig — entitlement.counts project block &gt; reports org and project scope side by side for a project-scoped request" time="0.0017705">
        </testcase>
        <testcase classname="libraries/nestjs-libraries/src/engage/__tests__/engage-config-project-counts.spec.ts" name="EngageService.getConfig — entitlement.counts project block &gt; surfaces the per-project caps in entitlement.limits" time="0.000398958">
        </testcase>
        <testcase classname="libraries/nestjs-libraries/src/engage/__tests__/engage-config-project-counts.spec.ts" name="EngageService.getConfig — entitlement.counts project block &gt; nulls the project block when no projectId is given (org-wide aggregate)" time="0.00017375">
        </testcase>
        <testcase classname="libraries/nestjs-libraries/src/engage/__tests__/engage-config-project-counts.spec.ts" name="EngageService.getConfig — entitlement.counts project block &gt; reports the per-platform priority-accounts rollup with project scope" time="0.000129125">
        </testcase>
        <testcase classname="libraries/nestjs-libraries/src/engage/__tests__/engage-config-project-counts.spec.ts" name="EngageService.getConfig — entitlement.counts project block &gt; nulls the per-platform project blocks without a projectId" time="0.000106458">
        </testcase>
    </testsuite>
    <testsuite name="libraries/nestjs-libraries/src/engage/__tests__/engage-confirm-reply-url.spec.ts" timestamp="2026-08-07T06:11:56.048Z" hostname="terceldeMac-mini.local" tests="5" failures="0" errors="0" skipped="0" time="0.005059458">
        <testcase classname="libraries/nestjs-libraries/src/engage/__tests__/engage-confirm-reply-url.spec.ts" name="EngageService.confirmManualReply — URL verification gating &gt; records the reply WITHOUT a URL — no verification, claim kept" time="0.001682208">
        </testcase>
        <testcase classname="libraries/nestjs-libraries/src/engage/__tests__/engage-confirm-reply-url.spec.ts" name="EngageService.confirmManualReply — URL verification gating &gt; with a URL: creates the post WITHOUT engageAuthor, then enriches in the background" time="0.001278875">
        </testcase>
        <testcase classname="libraries/nestjs-libraries/src/engage/__tests__/engage-confirm-reply-url.spec.ts" name="EngageService.confirmManualReply — URL verification gating &gt; does NOT enrich when the author cannot be resolved (stays handle-less, no throw)" time="0.000367167">
        </testcase>
        <testcase classname="libraries/nestjs-libraries/src/engage/__tests__/engage-confirm-reply-url.spec.ts" name="EngageService.confirmManualReply — URL verification gating &gt; rejects a malformed X URL and releases the claim (no record created)" time="0.000823917">
        </testcase>
        <testcase classname="libraries/nestjs-libraries/src/engage/__tests__/engage-confirm-reply-url.spec.ts" name="EngageService.confirmManualReply — URL verification gating &gt; rejects a malformed Reddit URL and releases the claim" time="0.0002385">
        </testcase>
    </testsuite>
    <testsuite name="libraries/nestjs-libraries/src/engage/__tests__/engage-draft.service.real-ai.spec.ts" timestamp="2026-08-07T06:11:56.048Z" hostname="terceldeMac-mini.local" tests="2" failures="0" errors="0" skipped="2" time="0">
        <testcase classname="libraries/nestjs-libraries/src/engage/__tests__/engage-draft.service.real-ai.spec.ts" name="EngageDraftService real AI &gt; generates a real X draft and keeps output within the weighted limit" time="0">
            <skipped/>
        </testcase>
        <testcase classname="libraries/nestjs-libraries/src/engage/__tests__/engage-draft.service.real-ai.spec.ts" name="EngageDraftService real AI &gt; generates a real Reddit draft and keeps output within 1000 characters" time="0">
            <skipped/>
        </testcase>
    </testsuite>
    <testsuite name="libraries/nestjs-libraries/src/engage/__tests__/engage-draft.service.spec.ts" timestamp="2026-08-07T06:11:56.048Z" hostname="terceldeMac-mini.local" tests="24" failures="0" errors="0" skipped="0" time="0.02917275">
        <testcase classname="libraries/nestjs-libraries/src/engage/__tests__/engage-draft.service.spec.ts" name="EngageDraftService &gt; should be defined" time="0.004630917">
        </testcase>
        <testcase classname="libraries/nestjs-libraries/src/engage/__tests__/engage-draft.service.spec.ts" name="EngageDraftService &gt; Prompt Building &gt; should include platform-specific character limits in system prompt" time="0.000620958">
        </testcase>
        <testcase classname="libraries/nestjs-libraries/src/engage/__tests__/engage-draft.service.spec.ts" name="EngageDraftService &gt; Prompt Building &gt; should restate the platform character limit as an IMPORTANT final instruction" time="0.000449042">
        </testcase>
        <testcase classname="libraries/nestjs-libraries/src/engage/__tests__/engage-draft.service.spec.ts" name="EngageDraftService &gt; Prompt Building &gt; should include strategy instructions in system prompt" time="0.000426583">
        </testcase>
        <testcase classname="libraries/nestjs-libraries/src/engage/__tests__/engage-draft.service.spec.ts" name="EngageDraftService &gt; Prompt Building &gt; should prioritize relevance, grounding, and the original post language" time="0.000459792">
        </testcase>
        <testcase classname="libraries/nestjs-libraries/src/engage/__tests__/engage-draft.service.spec.ts" name="EngageDraftService &gt; Prompt Building &gt; should include brand strength instructions in system prompt" time="0.000633333">
        </testcase>
        <testcase classname="libraries/nestjs-libraries/src/engage/__tests__/engage-draft.service.spec.ts" name="EngageDraftService &gt; Prompt Building &gt; should build a correct user prompt with author and content" time="0.000555291">
        </testcase>
        <testcase classname="libraries/nestjs-libraries/src/engage/__tests__/engage-draft.service.spec.ts" name="EngageDraftService &gt; Prompt Building &gt; should wrap external post content inside &lt;original_post&gt; delimiter" time="0.000525125">
        </testcase>
        <testcase classname="libraries/nestjs-libraries/src/engage/__tests__/engage-draft.service.spec.ts" name="EngageDraftService &gt; Prompt Building &gt; should escape markup in external post content so it cannot break the delimiter" time="0.000792666">
        </testcase>
        <testcase classname="libraries/nestjs-libraries/src/engage/__tests__/engage-draft.service.spec.ts" name="EngageDraftService &gt; Prompt Building &gt; should strip control characters and preserve the full postContent" time="0.000456875">
        </testcase>
        <testcase classname="libraries/nestjs-libraries/src/engage/__tests__/engage-draft.service.spec.ts" name="EngageDraftService &gt; Prompt Building &gt; should instruct the model to treat post content as data, not instructions" time="0.000784083">
        </testcase>
        <testcase classname="libraries/nestjs-libraries/src/engage/__tests__/engage-draft.service.spec.ts" name="EngageDraftService &gt; Draft Generation &gt; retries region-blocked OpenRouter models with the fallback model" time="0.000769167">
        </testcase>
        <testcase classname="libraries/nestjs-libraries/src/engage/__tests__/engage-draft.service.spec.ts" name="EngageDraftService &gt; Draft Generation &gt; does not retry unrelated OpenRouter authorization failures" time="0.000657459">
        </testcase>
        <testcase classname="libraries/nestjs-libraries/src/engage/__tests__/engage-draft.service.spec.ts" name="EngageDraftService &gt; Draft Generation &gt; should generate text from the configured provider" time="0.000905375">
        </testcase>
        <testcase classname="libraries/nestjs-libraries/src/engage/__tests__/engage-draft.service.spec.ts" name="EngageDraftService &gt; Draft Generation &gt; should return the first X draft when it is within the weighted limit" time="0.005459833">
        </testcase>
        <testcase classname="libraries/nestjs-libraries/src/engage/__tests__/engage-draft.service.spec.ts" name="EngageDraftService &gt; Draft Generation &gt; accepts an X draft that overshoots a short requested target but stays within the 280 ceiling (no retry, no throw)" time="0.000687417">
        </testcase>
        <testcase classname="libraries/nestjs-libraries/src/engage/__tests__/engage-draft.service.spec.ts" name="EngageDraftService &gt; Draft Generation &gt; still instructs the model to aim for the short requested target" time="0.000363125">
        </testcase>
        <testcase classname="libraries/nestjs-libraries/src/engage/__tests__/engage-draft.service.spec.ts" name="EngageDraftService &gt; Draft Generation &gt; should retry X draft generation once when the first draft exceeds the weighted limit" time="0.005169625">
        </testcase>
        <testcase classname="libraries/nestjs-libraries/src/engage/__tests__/engage-draft.service.spec.ts" name="EngageDraftService &gt; Draft Generation &gt; should treat twitter platform aliases as X for weighted limit enforcement" time="0.000638916">
        </testcase>
        <testcase classname="libraries/nestjs-libraries/src/engage/__tests__/engage-draft.service.spec.ts" name="EngageDraftService &gt; Draft Generation &gt; should treat uppercase X platform values as X for weighted limit enforcement" time="0.00050875">
        </testcase>
        <testcase classname="libraries/nestjs-libraries/src/engage/__tests__/engage-draft.service.spec.ts" name="EngageDraftService &gt; Draft Generation &gt; should throw for X when the retry draft still exceeds the weighted limit" time="0.001001458">
        </testcase>
        <testcase classname="libraries/nestjs-libraries/src/engage/__tests__/engage-draft.service.spec.ts" name="EngageDraftService &gt; Draft Generation &gt; should return Reddit drafts when they are within the 2000 character hard limit" time="0.000708666">
        </testcase>
        <testcase classname="libraries/nestjs-libraries/src/engage/__tests__/engage-draft.service.spec.ts" name="EngageDraftService &gt; Draft Generation &gt; should accept Reddit drafts that overshoot the 1000 target but stay within 2000" time="0.000412083">
        </testcase>
        <testcase classname="libraries/nestjs-libraries/src/engage/__tests__/engage-draft.service.spec.ts" name="EngageDraftService &gt; Draft Generation &gt; should throw for Reddit drafts over the 2000 character hard limit without regenerating" time="0.000481042">
        </testcase>
    </testsuite>
    <testsuite name="libraries/nestjs-libraries/src/engage/__tests__/engage-entitlement.service.spec.ts" timestamp="2026-08-07T06:11:56.050Z" hostname="terceldeMac-mini.local" tests="54" failures="0" errors="0" skipped="0" time="0.023189541">
        <testcase classname="libraries/nestjs-libraries/src/engage/__tests__/engage-entitlement.service.spec.ts" name="EngageEntitlementService.normalizePlanName &gt; maps display names to plan codes" time="0.0007145">
        </testcase>
        <testcase classname="libraries/nestjs-libraries/src/engage/__tests__/engage-entitlement.service.spec.ts" name="EngageEntitlementService.getReplyCost &gt; prices Short/Medium/Long as round(base × multiplier) = 2/3/5" time="0.000710833">
        </testcase>
        <testcase classname="libraries/nestjs-libraries/src/engage/__tests__/engage-entitlement.service.spec.ts" name="EngageEntitlementService.getReplyCost &gt; honours admin overrides from the settings store" time="0.00018825">
        </testcase>
        <testcase classname="libraries/nestjs-libraries/src/engage/__tests__/engage-entitlement.service.spec.ts" name="EngageEntitlementService.getEntitlement &gt; returns unlimited when billing is disabled (getUserLimits null)" time="0.000213625">
        </testcase>
        <testcase classname="libraries/nestjs-libraries/src/engage/__tests__/engage-entitlement.service.spec.ts" name="EngageEntitlementService.getEntitlement &gt; resolves Pro limits from the plan name" time="0.00021925">
        </testcase>
        <testcase classname="libraries/nestjs-libraries/src/engage/__tests__/engage-entitlement.service.spec.ts" name="EngageEntitlementService.getEntitlement &gt; falls back to starter limits for an unrecognised plan name" time="0.000695166">
        </testcase>
        <testcase classname="libraries/nestjs-libraries/src/engage/__tests__/engage-entitlement.service.spec.ts" name="EngageEntitlementService.getEntitlement &gt; prefers the exact aisee-derived plan code over the display name when both are present" time="0.000230875">
        </testcase>
        <testcase classname="libraries/nestjs-libraries/src/engage/__tests__/engage-entitlement.service.spec.ts" name="EngageEntitlementService.getEntitlement &gt; ignores an unrecognised `plan` value and falls back to the display name" time="0.000144666">
        </testcase>
        <testcase classname="libraries/nestjs-libraries/src/engage/__tests__/engage-entitlement.service.spec.ts" name="EngageEntitlementService.getPublicPlanCatalog &gt; returns all three tiers with default limits and reply credits, no org resolution" time="0.000647833">
        </testcase>
        <testcase classname="libraries/nestjs-libraries/src/engage/__tests__/engage-entitlement.service.spec.ts" name="EngageEntitlementService.getPublicPlanCatalog &gt; applies admin overrides from Settings per plan" time="0.000170625">
        </testcase>
        <testcase classname="libraries/nestjs-libraries/src/engage/__tests__/engage-entitlement.service.spec.ts" name="EngageEntitlementService.getPublicPlanCatalog &gt; folds a legacy stored override (subreddits caps) into the shared priority-accounts cap" time="0.00042725">
        </testcase>
        <testcase classname="libraries/nestjs-libraries/src/engage/__tests__/engage-entitlement.service.spec.ts" name="EngageEntitlementService.getMetricsWindowDays &gt; returns the per-plan ceiling when no user override is set: starter 7 / developer 14 / pro 30" time="0.00041675">
        </testcase>
        <testcase classname="libraries/nestjs-libraries/src/engage/__tests__/engage-entitlement.service.spec.ts" name="EngageEntitlementService.getMetricsWindowDays &gt; falls back to the generous default (30) when billing is disabled" time="0.000130834">
        </testcase>
        <testcase classname="libraries/nestjs-libraries/src/engage/__tests__/engage-entitlement.service.spec.ts" name="EngageEntitlementService.getMetricsWindowDays &gt; honours an admin plan-ceiling override from the settings store" time="0.000158125">
        </testcase>
        <testcase classname="libraries/nestjs-libraries/src/engage/__tests__/engage-entitlement.service.spec.ts" name="EngageEntitlementService.getMetricsWindowDays &gt; applies a user override below the plan ceiling verbatim" time="0.000137458">
        </testcase>
        <testcase classname="libraries/nestjs-libraries/src/engage/__tests__/engage-entitlement.service.spec.ts" name="EngageEntitlementService.getMetricsWindowDays &gt; clamps a user override above the plan ceiling at read time" time="0.000145666">
        </testcase>
        <testcase classname="libraries/nestjs-libraries/src/engage/__tests__/engage-entitlement.service.spec.ts" name="EngageEntitlementService.getMetricsWindowDays &gt; ignores a non-positive / non-integer stored override" time="0.00012975">
        </testcase>
        <testcase classname="libraries/nestjs-libraries/src/engage/__tests__/engage-entitlement.service.spec.ts" name="EngageEntitlementService.getMetricsFetchIntervalHours &gt; returns the per-plan cadence: starter 24 / developer 12 / pro 6" time="0.000335583">
        </testcase>
        <testcase classname="libraries/nestjs-libraries/src/engage/__tests__/engage-entitlement.service.spec.ts" name="EngageEntitlementService.getMetricsFetchIntervalHours &gt; falls back to the generous default (6h) when billing is disabled" time="0.000136875">
        </testcase>
        <testcase classname="libraries/nestjs-libraries/src/engage/__tests__/engage-entitlement.service.spec.ts" name="EngageEntitlementService.getMetricsFetchIntervalHours &gt; honours an admin override from the settings store" time="0.000139875">
        </testcase>
        <testcase classname="libraries/nestjs-libraries/src/engage/__tests__/engage-entitlement.service.spec.ts" name="EngageEntitlementService.setMetricsWindowOverride &gt; persists the raw value into Organization.data (merging, not clobbering)" time="0.000631875">
        </testcase>
        <testcase classname="libraries/nestjs-libraries/src/engage/__tests__/engage-entitlement.service.spec.ts" name="EngageEntitlementService.setMetricsWindowOverride &gt; rejects a zero / negative / fractional window" time="0.000815">
        </testcase>
        <testcase classname="libraries/nestjs-libraries/src/engage/__tests__/engage-entitlement.service.spec.ts" name="EngageEntitlementService.getScanIntervalHours &gt; returns 6h for Pro and 24h for Starter/Developer" time="0.000419834">
        </testcase>
        <testcase classname="libraries/nestjs-libraries/src/engage/__tests__/engage-entitlement.service.spec.ts" name="EngageEntitlementService.getScanIntervalHours &gt; defaults to 24h when billing is disabled" time="0.000169709">
        </testcase>
        <testcase classname="libraries/nestjs-libraries/src/engage/__tests__/engage-entitlement.service.spec.ts" name="EngageEntitlementService.assertCanActivate &gt; throws when adding would exceed the keyword cap" time="0.000263458">
        </testcase>
        <testcase classname="libraries/nestjs-libraries/src/engage/__tests__/engage-entitlement.service.spec.ts" name="EngageEntitlementService.assertCanActivate &gt; allows activation under the cap" time="0.00021275">
        </testcase>
        <testcase classname="libraries/nestjs-libraries/src/engage/__tests__/engage-entitlement.service.spec.ts" name="EngageEntitlementService.assertCanActivate &gt; charges tracked accounts AND monitored channels against ONE per-platform pool" time="0.000205958">
        </testcase>
        <testcase classname="libraries/nestjs-libraries/src/engage/__tests__/engage-entitlement.service.spec.ts" name="EngageEntitlementService.assertCanActivate &gt; leaves other platforms unaffected when one platform is full" time="0.000266375">
        </testcase>
        <testcase classname="libraries/nestjs-libraries/src/engage/__tests__/engage-entitlement.service.spec.ts" name="EngageEntitlementService.assertCanActivate &gt; allows either type while the platform pool has room" time="0.002350583">
        </testcase>
        <testcase classname="libraries/nestjs-libraries/src/engage/__tests__/engage-entitlement.service.spec.ts" name="EngageEntitlementService.assertCanActivate &gt; falls back to counting ALL platforms when no platform is given (fail-closed)" time="0.000172292">
        </testcase>
        <testcase classname="libraries/nestjs-libraries/src/engage/__tests__/engage-entitlement.service.spec.ts" name="EngageEntitlementService.assertCanActivate &gt; is a no-op when the cap is unlimited (null)" time="0.000150708">
        </testcase>
        <testcase classname="libraries/nestjs-libraries/src/engage/__tests__/engage-entitlement.service.spec.ts" name="EngageEntitlementService.assertCanActivate &gt; rejects a bulk add that overruns the cap" time="0.00012875">
        </testcase>
        <testcase classname="libraries/nestjs-libraries/src/engage/__tests__/engage-entitlement.service.spec.ts" name="EngageEntitlementService.assertCanActivate — per-project cap &gt; blocks when the project is full even though the org has room" time="0.000184333">
        </testcase>
        <testcase classname="libraries/nestjs-libraries/src/engage/__tests__/engage-entitlement.service.spec.ts" name="EngageEntitlementService.assertCanActivate — per-project cap &gt; reports scope=&quot;project&quot; with the project cap and count" time="0.000303667">
        </testcase>
        <testcase classname="libraries/nestjs-libraries/src/engage/__tests__/engage-entitlement.service.spec.ts" name="EngageEntitlementService.assertCanActivate — per-project cap &gt; reports scope=&quot;organization&quot; when the org cap binds first" time="0.000186375">
        </testcase>
        <testcase classname="libraries/nestjs-libraries/src/engage/__tests__/engage-entitlement.service.spec.ts" name="EngageEntitlementService.assertCanActivate — per-project cap &gt; allows an add that fits under BOTH caps" time="0.000148667">
        </testcase>
        <testcase classname="libraries/nestjs-libraries/src/engage/__tests__/engage-entitlement.service.spec.ts" name="EngageEntitlementService.assertCanActivate — per-project cap &gt; skips the project check when no configId is passed" time="0.000155375">
        </testcase>
        <testcase classname="libraries/nestjs-libraries/src/engage/__tests__/engage-entitlement.service.spec.ts" name="EngageEntitlementService.assertCanActivate — per-project cap &gt; is a no-op when the per-project cap is null (unlimited)" time="0.00014225">
        </testcase>
        <testcase classname="libraries/nestjs-libraries/src/engage/__tests__/engage-entitlement.service.spec.ts" name="EngageEntitlementService.assertCanActivate — per-project cap &gt; rejects a bulk add that overruns only the project cap" time="0.000141416">
        </testcase>
        <testcase classname="libraries/nestjs-libraries/src/engage/__tests__/engage-entitlement.service.spec.ts" name="EngageEntitlementService.assertCanActivate — per-project cap &gt; applies the shared per-project pool to subreddits and tracked accounts too" time="0.000197542">
        </testcase>
        <testcase classname="libraries/nestjs-libraries/src/engage/__tests__/engage-entitlement.service.spec.ts" name="EngageEntitlementService.assertCanActivate — per-project cap &gt; defaults the per-project caps in when a stored override omits them" time="0.000162916">
        </testcase>
        <testcase classname="libraries/nestjs-libraries/src/engage/__tests__/engage-entitlement.service.spec.ts" name="EngageEntitlementService.assertCanEnable &gt; enforces the project cap of the config the row belongs to" time="0.000236083">
        </testcase>
        <testcase classname="libraries/nestjs-libraries/src/engage/__tests__/engage-entitlement.service.spec.ts" name="EngageEntitlementService.assertCanEnable &gt; is a no-op for an already-enabled row (never double-charges)" time="0.000121167">
        </testcase>
        <testcase classname="libraries/nestjs-libraries/src/engage/__tests__/engage-entitlement.service.spec.ts" name="EngageEntitlementService.assertCanEnable &gt; is a no-op for an unknown id" time="0.00011475">
        </testcase>
        <testcase classname="libraries/nestjs-libraries/src/engage/__tests__/engage-entitlement.service.spec.ts" name="EngageEntitlementService.reserveReplyGeneration &gt; hard-blocks Starter at the monthly cap even with credits — and writes no reservation" time="0.000471417">
        </testcase>
        <testcase classname="libraries/nestjs-libraries/src/engage/__tests__/engage-entitlement.service.spec.ts" name="EngageEntitlementService.reserveReplyGeneration &gt; blocks when the balance is below the reply cost (before any reservation)" time="0.000188916">
        </testcase>
        <testcase classname="libraries/nestjs-libraries/src/engage/__tests__/engage-entitlement.service.spec.ts" name="EngageEntitlementService.reserveReplyGeneration &gt; reserves a counted row up front and returns cost + taskId when cap and balance clear" time="0.001017417">
        </testcase>
        <testcase classname="libraries/nestjs-libraries/src/engage/__tests__/engage-entitlement.service.spec.ts" name="EngageEntitlementService.reserveReplyGeneration &gt; reserves without a cap check when billing is disabled (unlimited)" time="0.000642542">
        </testcase>
        <testcase classname="libraries/nestjs-libraries/src/engage/__tests__/engage-entitlement.service.spec.ts" name="EngageEntitlementService.getEntitlementSummary &gt; returns plan, limits, live usage and reply pricing for the frontend" time="0.001064708">
        </testcase>
        <testcase classname="libraries/nestjs-libraries/src/engage/__tests__/engage-entitlement.service.spec.ts" name="EngageEntitlementService.getEntitlementSummary &gt; reports a null plan (unlimited) when billing is disabled" time="0.000528583">
        </testcase>
        <testcase classname="libraries/nestjs-libraries/src/engage/__tests__/engage-entitlement.service.spec.ts" name="EngageEntitlementService.getEntitlementSummary &gt; reports a null plan with degraded=true for an unrecognised name — never lies that the org is on Starter" time="0.00033975">
        </testcase>
        <testcase classname="libraries/nestjs-libraries/src/engage/__tests__/engage-entitlement.service.spec.ts" name="EngageEntitlementService.settleReplyGeneration &gt; charges the reservation in place via deductReserved (no new ledger row)" time="0.003434583">
        </testcase>
        <testcase classname="libraries/nestjs-libraries/src/engage/__tests__/engage-entitlement.service.spec.ts" name="EngageEntitlementService.settleReplyGeneration &gt; does not charge for a zero-cost reply but still settles the reservation" time="0.000412959">
        </testcase>
        <testcase classname="libraries/nestjs-libraries/src/engage/__tests__/engage-entitlement.service.spec.ts" name="EngageEntitlementService.releaseReplyGeneration &gt; marks the reservation released so it no longer counts toward the cap" time="0.000179917">
        </testcase>
    </testsuite>
    <testsuite name="libraries/nestjs-libraries/src/engage/__tests__/engage-ingest-reply-metrics.spec.ts" timestamp="2026-08-07T06:11:56.052Z" hostname="terceldeMac-mini.local" tests="9" failures="0" errors="0" skipped="0" time="0.005458833">
        <testcase classname="libraries/nestjs-libraries/src/engage/__tests__/engage-ingest-reply-metrics.spec.ts" name="buildReplyMetricsFromRaw — raw counters → persisted Post metrics &gt; X: weighted Traffic index + impressions=views, labels match normalize" time="0.001252792">
        </testcase>
        <testcase classname="libraries/nestjs-libraries/src/engage/__tests__/engage-ingest-reply-metrics.spec.ts" name="buildReplyMetricsFromRaw — raw counters → persisted Post metrics &gt; Reddit: impressions=(score+comments)*20, traffic=score*1+comments*3" time="0.0001185">
        </testcase>
        <testcase classname="libraries/nestjs-libraries/src/engage/__tests__/engage-ingest-reply-metrics.spec.ts" name="buildReplyMetricsFromRaw — raw counters → persisted Post metrics &gt; coerces missing/non-finite counters to 0 (Prisma Float rejects NaN)" time="0.000066166">
        </testcase>
        <testcase classname="libraries/nestjs-libraries/src/engage/__tests__/engage-ingest-reply-metrics.spec.ts" name="ingestReplyMetrics — persist extension-scraped reply metrics &gt; writes computed metrics and returns normalized X metrics" time="0.001938084">
        </testcase>
        <testcase classname="libraries/nestjs-libraries/src/engage/__tests__/engage-ingest-reply-metrics.spec.ts" name="ingestReplyMetrics — persist extension-scraped reply metrics &gt; returns lastMetricsFetchAt=null when the stamp fails to persist" time="0.000214084">
        </testcase>
        <testcase classname="libraries/nestjs-libraries/src/engage/__tests__/engage-ingest-reply-metrics.spec.ts" name="ingestReplyMetrics — persist extension-scraped reply metrics &gt; throws when the reply is not found" time="0.000697166">
        </testcase>
        <testcase classname="libraries/nestjs-libraries/src/engage/__tests__/engage-ingest-reply-metrics.spec.ts" name="ingestReplyMetrics — persist extension-scraped reply metrics &gt; rejects a reply that is not a published, linked post" time="0.000206542">
        </testcase>
        <testcase classname="libraries/nestjs-libraries/src/engage/__tests__/engage-ingest-reply-metrics.spec.ts" name="ingestReplyMetrics — persist extension-scraped reply metrics &gt; rejects a platform mismatch between the payload and the reply" time="0.000185791">
        </testcase>
        <testcase classname="libraries/nestjs-libraries/src/engage/__tests__/engage-ingest-reply-metrics.spec.ts" name="ingestReplyMetrics — persist extension-scraped reply metrics &gt; rejects a non X/Reddit reply" time="0.000117125">
        </testcase>
    </testsuite>
    <testsuite name="libraries/nestjs-libraries/src/engage/__tests__/engage-intent-classifier.spec.ts" timestamp="2026-08-07T06:11:56.052Z" hostname="terceldeMac-mini.local" tests="11" failures="0" errors="0" skipped="0" time="0.011128958">
        <testcase classname="libraries/nestjs-libraries/src/engage/__tests__/engage-intent-classifier.spec.ts" name="EngageIntentClassifierService &gt; should be defined" time="0.004409916">
        </testcase>
        <testcase classname="libraries/nestjs-libraries/src/engage/__tests__/engage-intent-classifier.spec.ts" name="EngageIntentClassifierService &gt; Intent Recognition Requirements &gt; should recognize Help-seeking (求助型) intent" time="0.00110625">
        </testcase>
        <testcase classname="libraries/nestjs-libraries/src/engage/__tests__/engage-intent-classifier.spec.ts" name="EngageIntentClassifierService &gt; Intent Recognition Requirements &gt; should recognize Discussion (讨论型) intent" time="0.000521292">
        </testcase>
        <testcase classname="libraries/nestjs-libraries/src/engage/__tests__/engage-intent-classifier.spec.ts" name="EngageIntentClassifierService &gt; Intent Recognition Requirements &gt; should recognize Opinion (观点型) intent" time="0.00045975">
        </testcase>
        <testcase classname="libraries/nestjs-libraries/src/engage/__tests__/engage-intent-classifier.spec.ts" name="EngageIntentClassifierService &gt; Intent Recognition Requirements &gt; should recognize Comparison (比较型) intent" time="0.000478166">
        </testcase>
        <testcase classname="libraries/nestjs-libraries/src/engage/__tests__/engage-intent-classifier.spec.ts" name="EngageIntentClassifierService &gt; Intent Recognition Requirements &gt; should recognize Data Share (数据分享) intent" time="0.000430625">
        </testcase>
        <testcase classname="libraries/nestjs-libraries/src/engage/__tests__/engage-intent-classifier.spec.ts" name="EngageIntentClassifierService &gt; Intent Recognition Requirements &gt; should recognize Rant (吐槽型) intent" time="0.000421209">
        </testcase>
        <testcase classname="libraries/nestjs-libraries/src/engage/__tests__/engage-intent-classifier.spec.ts" name="EngageIntentClassifierService &gt; Intent Recognition Requirements &gt; should support multiple intent tags when confidence &gt; 0.4" time="0.000601083">
        </testcase>
        <testcase classname="libraries/nestjs-libraries/src/engage/__tests__/engage-intent-classifier.spec.ts" name="EngageIntentClassifierService &gt; Fallback Logic &gt; should fallback to Claude Haiku when local model confidence is low" time="0.000565542">
        </testcase>
        <testcase classname="libraries/nestjs-libraries/src/engage/__tests__/engage-intent-classifier.spec.ts" name="EngageIntentClassifierService &gt; Fallback Logic &gt; should use local model when confidence is high enough" time="0.000465041">
        </testcase>
        <testcase classname="libraries/nestjs-libraries/src/engage/__tests__/engage-intent-classifier.spec.ts" name="EngageIntentClassifierService &gt; classifyBatch — per-item failure isolation (fix #10) &gt; should not reject the entire batch when one item fails" time="0.000956291">
        </testcase>
    </testsuite>
    <testsuite name="libraries/nestjs-libraries/src/engage/__tests__/engage-intent-score-clamp.spec.ts" timestamp="2026-08-07T06:11:56.053Z" hostname="terceldeMac-mini.local" tests="4" failures="0" errors="0" skipped="0" time="0.006951875">
        <testcase classname="libraries/nestjs-libraries/src/engage/__tests__/engage-intent-score-clamp.spec.ts" name="EngageIntentClassifierService — intentScore clamping &gt; clamps an above-range score down to 1" time="0.004755833">
        </testcase>
        <testcase classname="libraries/nestjs-libraries/src/engage/__tests__/engage-intent-score-clamp.spec.ts" name="EngageIntentClassifierService — intentScore clamping &gt; clamps a negative score up to 0" time="0.000605833">
        </testcase>
        <testcase classname="libraries/nestjs-libraries/src/engage/__tests__/engage-intent-score-clamp.spec.ts" name="EngageIntentClassifierService — intentScore clamping &gt; treats a non-finite/non-number score as 0" time="0.000531833">
        </testcase>
        <testcase classname="libraries/nestjs-libraries/src/engage/__tests__/engage-intent-score-clamp.spec.ts" name="EngageIntentClassifierService — intentScore clamping &gt; passes an in-range score through unchanged" time="0.000466333">
        </testcase>
    </testsuite>
    <testsuite name="libraries/nestjs-libraries/src/engage/__tests__/engage-metrics-stats.spec.ts" timestamp="2026-08-07T06:11:56.053Z" hostname="terceldeMac-mini.local" tests="10" failures="0" errors="0" skipped="0" time="0.002210083">
        <testcase classname="libraries/nestjs-libraries/src/engage/__tests__/engage-metrics-stats.spec.ts" name="classifyReplyMetric &gt; has_metrics whenever impressions are populated, regardless of platform" time="0.000654875">
        </testcase>
        <testcase classname="libraries/nestjs-libraries/src/engage/__tests__/engage-metrics-stats.spec.ts" name="classifyReplyMetric &gt; no_release_url takes priority — nothing to fetch without a link" time="0.000074292">
        </testcase>
        <testcase classname="libraries/nestjs-libraries/src/engage/__tests__/engage-metrics-stats.spec.ts" name="classifyReplyMetric &gt; X without an integration → no_integration" time="0.000041666">
        </testcase>
        <testcase classname="libraries/nestjs-libraries/src/engage/__tests__/engage-metrics-stats.spec.ts" name="classifyReplyMetric &gt; X with integration but no parsed tweet id → no_release_id" time="0.000039291">
        </testcase>
        <testcase classname="libraries/nestjs-libraries/src/engage/__tests__/engage-metrics-stats.spec.ts" name="classifyReplyMetric &gt; all prerequisites present but still null → syncable" time="0.0000335">
        </testcase>
        <testcase classname="libraries/nestjs-libraries/src/engage/__tests__/engage-metrics-stats.spec.ts" name="classifyReplyMetric &gt; Reddit needs only a releaseURL (no integration/releaseId checks)" time="0.000032583">
        </testcase>
        <testcase classname="libraries/nestjs-libraries/src/engage/__tests__/engage-metrics-stats.spec.ts" name="normalizeReplyMetrics &gt; flattens X analytics into a full key set" time="0.00050725">
        </testcase>
        <testcase classname="libraries/nestjs-libraries/src/engage/__tests__/engage-metrics-stats.spec.ts" name="normalizeReplyMetrics &gt; flattens Reddit analytics → upvotes/comments/estReach" time="0.00012425">
        </testcase>
        <testcase classname="libraries/nestjs-libraries/src/engage/__tests__/engage-metrics-stats.spec.ts" name="normalizeReplyMetrics &gt; treats malformed Reddit numeric totals as zero" time="0.000053542">
        </testcase>
        <testcase classname="libraries/nestjs-libraries/src/engage/__tests__/engage-metrics-stats.spec.ts" name="normalizeReplyMetrics &gt; every field is present (0-default) and never throws on null/garbage analytics" time="0.00006475">
        </testcase>
    </testsuite>
    <testsuite name="libraries/nestjs-libraries/src/engage/__tests__/engage-metrics-sync.spec.ts" timestamp="2026-08-07T06:11:56.054Z" hostname="terceldeMac-mini.local" tests="2" failures="0" errors="0" skipped="0" time="0.003031333">
        <testcase classname="libraries/nestjs-libraries/src/engage/__tests__/engage-metrics-sync.spec.ts" name="syncRedditMetrics &gt; stores numeric zeros when Reddit comment info has no num_comments field" time="0.002100625">
        </testcase>
        <testcase classname="libraries/nestjs-libraries/src/engage/__tests__/engage-metrics-sync.spec.ts" name="syncRedditMetrics &gt; uses direct child replies as Reddit comment count" time="0.0003945">
        </testcase>
    </testsuite>
    <testsuite name="libraries/nestjs-libraries/src/engage/__tests__/engage-publish-extension-reply.spec.ts" timestamp="2026-08-07T06:11:56.054Z" hostname="terceldeMac-mini.local" tests="9" failures="0" errors="0" skipped="0" time="0.006895459">
        <testcase classname="libraries/nestjs-libraries/src/engage/__tests__/engage-publish-extension-reply.spec.ts" name="publishExtensionReply — commit on confirmed extension success &gt; backfills+publishes, claims, snapshots keywords, and charges on success" time="0.003346916">
        </testcase>
        <testcase classname="libraries/nestjs-libraries/src/engage/__tests__/engage-publish-extension-reply.spec.ts" name="publishExtensionReply — commit on confirmed extension success &gt; is idempotent: an already-published reply does NOT re-write or re-charge" time="0.000275625">
        </testcase>
        <testcase classname="libraries/nestjs-libraries/src/engage/__tests__/engage-publish-extension-reply.spec.ts" name="publishExtensionReply — commit on confirmed extension success &gt; still publishes + charges when the opportunity can no longer be claimed" time="0.000599625">
        </testcase>
        <testcase classname="libraries/nestjs-libraries/src/engage/__tests__/engage-publish-extension-reply.spec.ts" name="publishExtensionReply — commit on confirmed extension success &gt; a snapshot failure never fails the publish" time="0.000168042">
        </testcase>
        <testcase classname="libraries/nestjs-libraries/src/engage/__tests__/engage-publish-extension-reply.spec.ts" name="publishExtensionReply — commit on confirmed extension success &gt; does not charge when there is no userId on the request" time="0.00013625">
        </testcase>
        <testcase classname="libraries/nestjs-libraries/src/engage/__tests__/engage-publish-extension-reply.spec.ts" name="publishExtensionReply — commit on confirmed extension success &gt; publishes URL-less when the extension confirmed the send but captured no permalink" time="0.000369625">
        </testcase>
        <testcase classname="libraries/nestjs-libraries/src/engage/__tests__/engage-publish-extension-reply.spec.ts" name="publishExtensionReply — commit on confirmed extension success &gt; URL-less publish skips the author enrichment (it needs the reply URL)" time="0.000091125">
        </testcase>
        <testcase classname="libraries/nestjs-libraries/src/engage/__tests__/engage-publish-extension-reply.spec.ts" name="publishExtensionReply — commit on confirmed extension success &gt; throws when the reply is not found" time="0.00077075">
        </testcase>
        <testcase classname="libraries/nestjs-libraries/src/engage/__tests__/engage-publish-extension-reply.spec.ts" name="publishExtensionReply — commit on confirmed extension success &gt; rejects a platform that is not X or Reddit" time="0.000193417">
        </testcase>
    </testsuite>
    <testsuite name="libraries/nestjs-libraries/src/engage/__tests__/engage-refresh-on-visit.spec.ts" timestamp="2026-08-07T06:11:56.054Z" hostname="terceldeMac-mini.local" tests="7" failures="0" errors="0" skipped="0" time="0.005381792">
        <testcase classname="libraries/nestjs-libraries/src/engage/__tests__/engage-refresh-on-visit.spec.ts" name="EngageService page-visit refresh &gt; refreshOnVisit (scan only) &gt; cold start: never scanned → accepted, coldStart true" time="0.001189208">
        </testcase>
        <testcase classname="libraries/nestjs-libraries/src/engage/__tests__/engage-refresh-on-visit.spec.ts" name="EngageService page-visit refresh &gt; refreshOnVisit (scan only) &gt; frequent visitor: scan not due → throttled, future nextRefreshAt" time="0.000173125">
        </testcase>
        <testcase classname="libraries/nestjs-libraries/src/engage/__tests__/engage-refresh-on-visit.spec.ts" name="EngageService page-visit refresh &gt; refreshOnVisit (scan only) &gt; does not touch metrics (no markMetricsFetched)" time="0.0002185">
        </testcase>
        <testcase classname="libraries/nestjs-libraries/src/engage/__tests__/engage-refresh-on-visit.spec.ts" name="EngageService page-visit refresh &gt; refreshMetricsForPosts (event-driven) &gt; empty post ids → no-op, no fetch" time="0.000450833">
        </testcase>
        <testcase classname="libraries/nestjs-libraries/src/engage/__tests__/engage-refresh-on-visit.spec.ts" name="EngageService page-visit refresh &gt; refreshMetricsForPosts (event-driven) &gt; due post → accepted, stamps the gate for the due id" time="0.002179708">
        </testcase>
        <testcase classname="libraries/nestjs-libraries/src/engage/__tests__/engage-refresh-on-visit.spec.ts" name="EngageService page-visit refresh &gt; refreshMetricsForPosts (event-driven) &gt; recently fetched → throttled, gate not stamped" time="0.000261917">
        </testcase>
        <testcase classname="libraries/nestjs-libraries/src/engage/__tests__/engage-refresh-on-visit.spec.ts" name="EngageService page-visit refresh &gt; refreshMetricsForPosts (event-driven) &gt; out of monitoring window → throttled even if never fetched" time="0.000208959">
        </testcase>
    </testsuite>
    <testsuite name="libraries/nestjs-libraries/src/engage/__tests__/engage-reply-pacing.spec.ts" timestamp="2026-08-07T06:11:56.055Z" hostname="terceldeMac-mini.local" tests="20" failures="0" errors="0" skipped="0" time="0.009274084">
        <testcase classname="libraries/nestjs-libraries/src/engage/__tests__/engage-reply-pacing.spec.ts" name="EngageService reply pacing gate (§6/§6.1) &gt; allows the send and calls createPost when nothing is over any limit" time="0.002239167">
        </testcase>
        <testcase classname="libraries/nestjs-libraries/src/engage/__tests__/engage-reply-pacing.spec.ts" name="EngageService reply pacing gate (§6/§6.1) &gt; blocks the send BEFORE createPost when the project daily hard cap would be exceeded, and releases the claim" time="0.001933292">
        </testcase>
        <testcase classname="libraries/nestjs-libraries/src/engage/__tests__/engage-reply-pacing.spec.ts" name="EngageService reply pacing gate (§6/§6.1) &gt; allows the send when under the project daily hard cap" time="0.000252958">
        </testcase>
        <testcase classname="libraries/nestjs-libraries/src/engage/__tests__/engage-reply-pacing.spec.ts" name="EngageService reply pacing gate (§6/§6.1) &gt; does not gate on a project hard cap when there is no active plan" time="0.000351042">
        </testcase>
        <testcase classname="libraries/nestjs-libraries/src/engage/__tests__/engage-reply-pacing.spec.ts" name="EngageService reply pacing gate (§6/§6.1) &gt; does not gate on a project hard cap when the request carries no projectId (legacy)" time="0.000161667">
        </testcase>
        <testcase classname="libraries/nestjs-libraries/src/engage/__tests__/engage-reply-pacing.spec.ts" name="EngageService reply pacing gate (§6/§6.1) &gt; ignores a disabled policy for the matching platform" time="0.000141125">
        </testcase>
        <testcase classname="libraries/nestjs-libraries/src/engage/__tests__/engage-reply-pacing.spec.ts" name="EngageService reply pacing gate (§6/§6.1) &gt; blocks the send when the per-account daily cap is reached, using the configured Settings value" time="0.000816625">
        </testcase>
        <testcase classname="libraries/nestjs-libraries/src/engage/__tests__/engage-reply-pacing.spec.ts" name="EngageService reply pacing gate (§6/§6.1) &gt; enforces targetRepliesPerDay as the daily hard cap (the field the plan actually generates)" time="0.000285125">
        </testcase>
        <testcase classname="libraries/nestjs-libraries/src/engage/__tests__/engage-reply-pacing.spec.ts" name="EngageService reply pacing gate (§6/§6.1) &gt; allows the send when under targetRepliesPerDay" time="0.000153291">
        </testcase>
        <testcase classname="libraries/nestjs-libraries/src/engage/__tests__/engage-reply-pacing.spec.ts" name="EngageService reply pacing gate (§6/§6.1) &gt; enforces the tighter of targetRepliesPerDay and an optional dailyHardCap" time="0.000195666">
        </testcase>
        <testcase classname="libraries/nestjs-libraries/src/engage/__tests__/engage-reply-pacing.spec.ts" name="EngageService reply pacing gate (§6/§6.1) &gt; uses the dailyTargets override for the send day instead of targetRepliesPerDay" time="0.000219167">
        </testcase>
        <testcase classname="libraries/nestjs-libraries/src/engage/__tests__/engage-reply-pacing.spec.ts" name="EngageService reply pacing gate (§6/§6.1) &gt; falls back to targetRepliesPerDay when no dailyTargets entry matches the send day" time="0.000138208">
        </testcase>
        <testcase classname="libraries/nestjs-libraries/src/engage/__tests__/engage-reply-pacing.spec.ts" name="EngageService reply pacing gate (§6/§6.1) &gt; enforces a dailyTargets override of 0 as &quot;send nothing this day&quot;" time="0.000180708">
        </testcase>
        <testcase classname="libraries/nestjs-libraries/src/engage/__tests__/engage-reply-pacing.spec.ts" name="EngageService reply pacing gate (§6/§6.1) &gt; blocks when a matched keyword would exceed its per-keyword target" time="0.000290833">
        </testcase>
        <testcase classname="libraries/nestjs-libraries/src/engage/__tests__/engage-reply-pacing.spec.ts" name="EngageService reply pacing gate (§6/§6.1) &gt; ignores per-keyword targets for keywords the opportunity did not match" time="0.000214834">
        </testcase>
        <testcase classname="libraries/nestjs-libraries/src/engage/__tests__/engage-reply-pacing.spec.ts" name="EngageService reply pacing gate (§6/§6.1) &gt; includes every item in the current batch when checking account capacity" time="0.000296167">
        </testcase>
        <testcase classname="libraries/nestjs-libraries/src/engage/__tests__/engage-reply-pacing.spec.ts" name="EngageService reply pacing gate (§6/§6.1) &gt; falls back to the default cap when no Settings value is configured" time="0.000149625">
        </testcase>
        <testcase classname="libraries/nestjs-libraries/src/engage/__tests__/engage-reply-pacing.spec.ts" name="EngageService reply pacing gate (§6/§6.1) &gt; checks every distinct integration in a batch, not just the first" time="0.000196417">
        </testcase>
        <testcase classname="libraries/nestjs-libraries/src/engage/__tests__/engage-reply-pacing.spec.ts" name="EngageService reply pacing gate (§6/§6.1) &gt; does NOT gate confirmManualReply on pacing — a manual reply already happened outside Postiz" time="0.000214875">
        </testcase>
        <testcase classname="libraries/nestjs-libraries/src/engage/__tests__/engage-reply-pacing.spec.ts" name="EngageService reply pacing gate (§6/§6.1) &gt; skips the gate entirely (never throws) when OperationPlanRepository/SettingsService are not wired" time="0.000141084">
        </testcase>
    </testsuite>
    <testsuite name="libraries/nestjs-libraries/src/engage/__tests__/engage-reply-url-async-author.spec.ts" timestamp="2026-08-07T06:11:56.055Z" hostname="terceldeMac-mini.local" tests="5" failures="0" errors="0" skipped="0" time="0.005251709">
        <testcase classname="libraries/nestjs-libraries/src/engage/__tests__/engage-reply-url-async-author.spec.ts" name="submitManualReplyUrl — URL saved first, author enriched in background &gt; saves the URL with NO engageAuthor argument (never blocks on the lookup)" time="0.002692167">
        </testcase>
        <testcase classname="libraries/nestjs-libraries/src/engage/__tests__/engage-reply-url-async-author.spec.ts" name="submitManualReplyUrl — URL saved first, author enriched in background &gt; resolves the author out of band and persists it via updateReplyAuthor" time="0.000424208">
        </testcase>
        <testcase classname="libraries/nestjs-libraries/src/engage/__tests__/engage-reply-url-async-author.spec.ts" name="submitManualReplyUrl — URL saved first, author enriched in background &gt; does NOT call updateReplyAuthor when the author cannot be resolved" time="0.000576667">
        </testcase>
        <testcase classname="libraries/nestjs-libraries/src/engage/__tests__/engage-reply-url-async-author.spec.ts" name="submitManualReplyUrl — URL saved first, author enriched in background &gt; rejects backfilling a DRAFT reply with a 400 and never writes the URL" time="0.000658">
        </testcase>
        <testcase classname="libraries/nestjs-libraries/src/engage/__tests__/engage-reply-url-async-author.spec.ts" name="submitManualReplyUrl — URL saved first, author enriched in background &gt; returns 404 when the sent reply does not exist" time="0.000166292">
        </testcase>
    </testsuite>
    <testsuite name="libraries/nestjs-libraries/src/engage/__tests__/engage-repository.getOrgContextsForUnit.spec.ts" timestamp="2026-08-07T06:11:56.056Z" hostname="terceldeMac-mini.local" tests="2" failures="0" errors="0" skipped="0" time="0.002265583">
        <testcase classname="libraries/nestjs-libraries/src/engage/__tests__/engage-repository.getOrgContextsForUnit.spec.ts" name="EngageRepository.getOrgContextsForUnit (keyword) &gt; keeps orgs whose keyword normalises to the unit key, drops the rest" time="0.00134375">
        </testcase>
        <testcase classname="libraries/nestjs-libraries/src/engage/__tests__/engage-repository.getOrgContextsForUnit.spec.ts" name="EngageRepository.getOrgContextsForUnit (keyword) &gt; channel/tracked branches query by scope directly (no keyword post-filter)" time="0.0004065">
        </testcase>
    </testsuite>
    <testsuite name="libraries/nestjs-libraries/src/engage/__tests__/engage-repository.null-project-exclusion.spec.ts" timestamp="2026-08-07T06:11:56.056Z" hostname="terceldeMac-mini.local" tests="4" failures="0" errors="0" skipped="0" time="0.002559875">
        <testcase classname="libraries/nestjs-libraries/src/engage/__tests__/engage-repository.null-project-exclusion.spec.ts" name="EngageRepository — null-project config exclusion &gt; getEnabledConfigsForOrg filters out the legacy null-project row" time="0.00142175">
        </testcase>
        <testcase classname="libraries/nestjs-libraries/src/engage/__tests__/engage-repository.null-project-exclusion.spec.ts" name="EngageRepository — null-project config exclusion &gt; getAllEnabledOrgContexts filters out null-project rows" time="0.000132959">
        </testcase>
        <testcase classname="libraries/nestjs-libraries/src/engage/__tests__/engage-repository.null-project-exclusion.spec.ts" name="EngageRepository — null-project config exclusion &gt; getOrgContextsForUnit excludes null-project subscribers in every scanType branch" time="0.00024725">
        </testcase>
        <testcase classname="libraries/nestjs-libraries/src/engage/__tests__/engage-repository.null-project-exclusion.spec.ts" name="EngageRepository — null-project config exclusion &gt; getOrgAggregateConfig unions only project-scoped configs (legacy row reused for scalars only)" time="0.000185125">
        </testcase>
    </testsuite>
    <testsuite name="libraries/nestjs-libraries/src/engage/__tests__/engage-repository.spec.ts" timestamp="2026-08-07T06:11:56.056Z" hostname="terceldeMac-mini.local" tests="150" failures="0" errors="0" skipped="0" time="0.181958834">
        <testcase classname="libraries/nestjs-libraries/src/engage/__tests__/engage-repository.spec.ts" name="EngageRepository — two-table reads &gt; getOpportunityCountsSummary &gt; isolates the total filter from later platform counts" time="0.001718542">
        </testcase>
        <testcase classname="libraries/nestjs-libraries/src/engage/__tests__/engage-repository.spec.ts" name="EngageRepository — two-table reads &gt; getOpportunityCountsSummary &gt; computes total/byStatus/byPlatform under the same platform-less where" time="0.00106275">
        </testcase>
        <testcase classname="libraries/nestjs-libraries/src/engage/__tests__/engage-repository.spec.ts" name="EngageRepository — two-table reads &gt; countOpportunities &gt; applies exactly the /opportunities filter contract, status and platform included" time="0.000354333">
        </testcase>
        <testcase classname="libraries/nestjs-libraries/src/engage/__tests__/engage-repository.spec.ts" name="EngageRepository — two-table reads &gt; countOpportunities &gt; breaks down byStatus under every filter except status itself" time="0.000278875">
        </testcase>
        <testcase classname="libraries/nestjs-libraries/src/engage/__tests__/engage-repository.spec.ts" name="EngageRepository — two-table reads &gt; listOpportunities &gt; merges state + opportunity into the flat shape with id = opportunity id" time="0.000564167">
        </testcase>
        <testcase classname="libraries/nestjs-libraries/src/engage/__tests__/engage-repository.spec.ts" name="EngageRepository — two-table reads &gt; listOpportunities &gt; filters by an exact matched keyword on the state table" time="0.00243225">
        </testcase>
        <testcase classname="libraries/nestjs-libraries/src/engage/__tests__/engage-repository.spec.ts" name="EngageRepository — two-table reads &gt; listOpportunities &gt; filters by multiple matched keywords (OR) via hasSome" time="0.00024275">
        </testcase>
        <testcase classname="libraries/nestjs-libraries/src/engage/__tests__/engage-repository.spec.ts" name="EngageRepository — two-table reads &gt; listOpportunities &gt; unions single `keyword` and multi `keywords` into one OR set" time="0.000205833">
        </testcase>
        <testcase classname="libraries/nestjs-libraries/src/engage/__tests__/engage-repository.spec.ts" name="EngageRepository — two-table reads &gt; listOpportunities &gt; omits the keyword filter entirely when none is given" time="0.000197375">
        </testcase>
        <testcase classname="libraries/nestjs-libraries/src/engage/__tests__/engage-repository.spec.ts" name="EngageRepository — two-table reads &gt; listOpportunities &gt; applies a postPublishedAt lower bound when date=today" time="0.000690792">
        </testcase>
        <testcase classname="libraries/nestjs-libraries/src/engage/__tests__/engage-repository.spec.ts" name="EngageRepository — two-table reads &gt; listOpportunities &gt; applies an exact postPublishedAt upper bound when endDate is given, with no rounding" time="0.000287041">
        </testcase>
        <testcase classname="libraries/nestjs-libraries/src/engage/__tests__/engage-repository.spec.ts" name="EngageRepository — two-table reads &gt; listOpportunities &gt; applies an exact postPublishedAt lower bound when startDate is given" time="0.000352958">
        </testcase>
        <testcase classname="libraries/nestjs-libraries/src/engage/__tests__/engage-repository.spec.ts" name="EngageRepository — two-table reads &gt; listOpportunities &gt; lets startDate take priority over date when both are given" time="0.000279875">
        </testcase>
        <testcase classname="libraries/nestjs-libraries/src/engage/__tests__/engage-repository.spec.ts" name="EngageRepository — two-table reads &gt; listOpportunities &gt; combines startDate (lower bound) and endDate (upper bound) into one rolling window" time="0.000228416">
        </testcase>
        <testcase classname="libraries/nestjs-libraries/src/engage/__tests__/engage-repository.spec.ts" name="EngageRepository — two-table reads &gt; listOpportunities &gt; omits postPublishedAt entirely when none of date/startDate/endDate is given" time="0.0001985">
        </testcase>
        <testcase classname="libraries/nestjs-libraries/src/engage/__tests__/engage-repository.spec.ts" name="EngageRepository — two-table reads &gt; listOpportunities &gt; attaches replyLink + sentReplyId from the latest sent reply" time="0.000244542">
        </testcase>
        <testcase classname="libraries/nestjs-libraries/src/engage/__tests__/engage-repository.spec.ts" name="EngageRepository — two-table reads &gt; listOpportunities &gt; reports replyLink null when the latest reply has no URL (pending backfill)" time="0.000232125">
        </testcase>
        <testcase classname="libraries/nestjs-libraries/src/engage/__tests__/engage-repository.spec.ts" name="EngageRepository — two-table reads &gt; listOpportunities &gt; routes an opportunity-owned sort field through the nested relation" time="0.000230208">
        </testcase>
        <testcase classname="libraries/nestjs-libraries/src/engage/__tests__/engage-repository.spec.ts" name="EngageRepository — two-table reads &gt; listOpportunities &gt; routes a state-owned sort field as a top-level column" time="0.00020425">
        </testcase>
        <testcase classname="libraries/nestjs-libraries/src/engage/__tests__/engage-repository.spec.ts" name="EngageRepository — two-table reads &gt; listOpportunities &gt; breaks postPublishedAt-sorted ties by highest score" time="0.000370042">
        </testcase>
        <testcase classname="libraries/nestjs-libraries/src/engage/__tests__/engage-repository.spec.ts" name="EngageRepository — two-table reads &gt; listOpportunities &gt; scopes the query to the org and project via the state table" time="0.000233333">
        </testcase>
        <testcase classname="libraries/nestjs-libraries/src/engage/__tests__/engage-repository.spec.ts" name="EngageRepository — two-table reads &gt; listOpportunities &gt; channels=[&lt;specific&gt;] filters those channel ids on the opportunity" time="0.000162458">
        </testcase>
        <testcase classname="libraries/nestjs-libraries/src/engage/__tests__/engage-repository.spec.ts" name="EngageRepository — two-table reads &gt; listOpportunities &gt; channels=[multiple] filters all listed channel ids" time="0.000180708">
        </testcase>
        <testcase classname="libraries/nestjs-libraries/src/engage/__tests__/engage-repository.spec.ts" name="EngageRepository — two-table reads &gt; listOpportunities &gt; authors=[&lt;specific&gt;] filters authorUsername case-insensitively via OR" time="0.000194667">
        </testcase>
        <testcase classname="libraries/nestjs-libraries/src/engage/__tests__/engage-repository.spec.ts" name="EngageRepository — two-table reads &gt; listOpportunities &gt; authors=[multiple] filters all listed authors via OR" time="0.000175292">
        </testcase>
        <testcase classname="libraries/nestjs-libraries/src/engage/__tests__/engage-repository.spec.ts" name="EngageRepository — two-table reads &gt; getOpportunityById &gt; returns the same flat item shape as listOpportunities, including latest non-draft reply fields" time="0.00033875">
        </testcase>
        <testcase classname="libraries/nestjs-libraries/src/engage/__tests__/engage-repository.spec.ts" name="EngageRepository — two-table reads &gt; getOpportunityById &gt; attaches a reddit channel avatar using the same field name as listOpportunities" time="0.000220209">
        </testcase>
        <testcase classname="libraries/nestjs-libraries/src/engage/__tests__/engage-repository.spec.ts" name="EngageRepository — two-table reads &gt; listSentReplies &gt; selects lastMetricsFetchAt on every returned post" time="0.000308667">
        </testcase>
        <testcase classname="libraries/nestjs-libraries/src/engage/__tests__/engage-repository.spec.ts" name="EngageRepository — two-table reads &gt; listSentReplies &gt; attaches per-org matchedKeywords to each opportunity via the state join" time="0.000390958">
        </testcase>
        <testcase classname="libraries/nestjs-libraries/src/engage/__tests__/engage-repository.spec.ts" name="EngageRepository — two-table reads &gt; listSentReplies &gt; attaches per-org generationHistory (newest-first) from the state join" time="0.000252083">
        </testcase>
        <testcase classname="libraries/nestjs-libraries/src/engage/__tests__/engage-repository.spec.ts" name="EngageRepository — two-table reads &gt; listSentReplies &gt; attaches per-org opportunity status from the state join (null when no state row)" time="0.000200792">
        </testcase>
        <testcase classname="libraries/nestjs-libraries/src/engage/__tests__/engage-repository.spec.ts" name="EngageRepository — two-table reads &gt; listSentReplies &gt; exposes a unified replyAuthor: from integration when present, else settings.engageAuthor" time="0.000246208">
        </testcase>
        <testcase classname="libraries/nestjs-libraries/src/engage/__tests__/engage-repository.spec.ts" name="EngageRepository — two-table reads &gt; listSentRepliesForAdmin &gt; returns the admin envelope (results/total/page/pageSize/totalPages)" time="0.000352916">
        </testcase>
        <testcase classname="libraries/nestjs-libraries/src/engage/__tests__/engage-repository.spec.ts" name="EngageRepository — two-table reads &gt; listSentRepliesForAdmin &gt; scopes to organizationId (array → { in }) and maps platform/state to where" time="0.000221833">
        </testcase>
        <testcase classname="libraries/nestjs-libraries/src/engage/__tests__/engage-repository.spec.ts" name="EngageRepository — two-table reads &gt; listSentRepliesForAdmin &gt; omits org/platform/state filters when not provided (all-orgs)" time="0.000215">
        </testcase>
        <testcase classname="libraries/nestjs-libraries/src/engage/__tests__/engage-repository.spec.ts" name="EngageRepository — two-table reads &gt; listSentRepliesForAdmin &gt; enriches each row with org, userId, platform, replyAuthor and metrics" time="0.000316167">
        </testcase>
        <testcase classname="libraries/nestjs-libraries/src/engage/__tests__/engage-repository.spec.ts" name="EngageRepository — two-table reads &gt; listSentRepliesForAdmin &gt; falls back to userId null when the org has no admin users" time="0.000193458">
        </testcase>
        <testcase classname="libraries/nestjs-libraries/src/engage/__tests__/engage-repository.spec.ts" name="EngageRepository — two-table reads &gt; getSentReplyItemById &gt; returns the same decorated item shape as listSentReplies" time="0.000410708">
        </testcase>
        <testcase classname="libraries/nestjs-libraries/src/engage/__tests__/engage-repository.spec.ts" name="EngageRepository — two-table reads &gt; getSentReplyItemById &gt; falls back to empty opportunity decorations when the org state row is missing" time="0.000301459">
        </testcase>
        <testcase classname="libraries/nestjs-libraries/src/engage/__tests__/engage-repository.spec.ts" name="EngageRepository — two-table reads &gt; getScoreStats &gt; sources objective averages from the opportunity aggregate, org scores from state" time="0.000572584">
        </testcase>
        <testcase classname="libraries/nestjs-libraries/src/engage/__tests__/engage-repository.spec.ts" name="EngageRepository — two-table reads &gt; getScoreStats &gt; returns a zeroed shape when the org has no state rows" time="0.000201084">
        </testcase>
        <testcase classname="libraries/nestjs-libraries/src/engage/__tests__/engage-repository.spec.ts" name="EngageRepository — two-table reads &gt; getDashboardSummary (panel ①) &gt; computes response rate, X-only impressions/traffic, all-time platform split, and best reply" time="0.000635041">
        </testcase>
        <testcase classname="libraries/nestjs-libraries/src/engage/__tests__/engage-repository.spec.ts" name="EngageRepository — two-table reads &gt; getDashboardSummary (panel ①) &gt; scopes headline stats and best reply when a platform filter is provided" time="0.000377917">
        </testcase>
        <testcase classname="libraries/nestjs-libraries/src/engage/__tests__/engage-repository.spec.ts" name="EngageRepository — two-table reads &gt; getDashboardSummary (panel ①) &gt; returns bestReply=null and responseRate=0 when there is no engagement data" time="0.000221167">
        </testcase>
        <testcase classname="libraries/nestjs-libraries/src/engage/__tests__/engage-repository.spec.ts" name="EngageRepository — two-table reads &gt; getDashboardSummary (panel ①) &gt; date=month applies a publishDate window to counts and aggregates" time="0.000294208">
        </testcase>
        <testcase classname="libraries/nestjs-libraries/src/engage/__tests__/engage-repository.spec.ts" name="EngageRepository — two-table reads &gt; getDashboardSummary (panel ①) &gt; no date / &quot;all&quot; applies no publishDate window" time="0.000739875">
        </testcase>
        <testcase classname="libraries/nestjs-libraries/src/engage/__tests__/engage-repository.spec.ts" name="EngageRepository — two-table reads &gt; getDashboardRepliesTrend (panel ②) &gt; seeds a continuous window and buckets replies by publish day and platform" time="0.001578041">
        </testcase>
        <testcase classname="libraries/nestjs-libraries/src/engage/__tests__/engage-repository.spec.ts" name="EngageRepository — two-table reads &gt; getDashboardTraffics (panel ③) &gt; returns total traffic index and a per-reply breakdown sorted by traffic" time="0.0004735">
        </testcase>
        <testcase classname="libraries/nestjs-libraries/src/engage/__tests__/engage-repository.spec.ts" name="EngageRepository — two-table reads &gt; getDashboardTraffics (panel ③) &gt; scopes the aggregate and list to a platform when provided" time="0.000230916">
        </testcase>
        <testcase classname="libraries/nestjs-libraries/src/engage/__tests__/engage-repository.spec.ts" name="EngageRepository — two-table reads &gt; getDashboardImpressions (panel ④) &gt; buckets impressions by publish day + platform, sums duplicates, drops null dates, sorts" time="0.000917583">
        </testcase>
        <testcase classname="libraries/nestjs-libraries/src/engage/__tests__/engage-repository.spec.ts" name="EngageRepository — two-table reads &gt; getDashboardImpressions (panel ④) &gt; collapses same ISO week into one weekly bucket" time="0.000312667">
        </testcase>
        <testcase classname="libraries/nestjs-libraries/src/engage/__tests__/engage-repository.spec.ts" name="EngageRepository — two-table reads &gt; getDashboardTopSources (panel ⑤) &gt; ranks replies by likes (X) / upvotes (Reddit), each item by its own key, desc" time="0.000524875">
        </testcase>
        <testcase classname="libraries/nestjs-libraries/src/engage/__tests__/engage-repository.spec.ts" name="EngageRepository — two-table reads &gt; getDashboardTopSources (panel ⑤) &gt; respects the limit after ranking" time="0.000208458">
        </testcase>
        <testcase classname="libraries/nestjs-libraries/src/engage/__tests__/engage-repository.spec.ts" name="EngageRepository — two-table reads &gt; getDashboardTopSources (panel ⑤) &gt; scopes to a platform and fetches a lean select (no original-post author fields)" time="0.000206292">
        </testcase>
        <testcase classname="libraries/nestjs-libraries/src/engage/__tests__/engage-repository.spec.ts" name="EngageRepository — two-table reads &gt; dashboard projectId scoping &gt; summary: threads projectId into the sent-reply post filter and the post aggregates" time="0.000216959">
        </testcase>
        <testcase classname="libraries/nestjs-libraries/src/engage/__tests__/engage-repository.spec.ts" name="EngageRepository — two-table reads &gt; dashboard projectId scoping &gt; replies-trend: filters the sent-reply query by Post.projectId" time="0.000403292">
        </testcase>
        <testcase classname="libraries/nestjs-libraries/src/engage/__tests__/engage-repository.spec.ts" name="EngageRepository — two-table reads &gt; dashboard projectId scoping &gt; traffics: filters both the aggregate and the per-reply list" time="0.000188875">
        </testcase>
        <testcase classname="libraries/nestjs-libraries/src/engage/__tests__/engage-repository.spec.ts" name="EngageRepository — two-table reads &gt; dashboard projectId scoping &gt; impressions: filters the direct Post query by projectId" time="0.00037775">
        </testcase>
        <testcase classname="libraries/nestjs-libraries/src/engage/__tests__/engage-repository.spec.ts" name="EngageRepository — two-table reads &gt; dashboard projectId scoping &gt; top-sources: filters the sent-reply query by Post.projectId" time="0.000212833">
        </testcase>
        <testcase classname="libraries/nestjs-libraries/src/engage/__tests__/engage-repository.spec.ts" name="EngageRepository — two-table reads &gt; dashboard projectId scoping &gt; omitting projectId adds no projectId key (legacy org-wide behavior)" time="0.000190583">
        </testcase>
        <testcase classname="libraries/nestjs-libraries/src/engage/__tests__/engage-repository.spec.ts" name="EngageRepository — two-table reads &gt; getSentStats (date/platform/status filter alignment) &gt; no date → all-time: repliesCount = total, no publishDate window" time="0.000339875">
        </testcase>
        <testcase classname="libraries/nestjs-libraries/src/engage/__tests__/engage-repository.spec.ts" name="EngageRepository — two-table reads &gt; getSentStats (date/platform/status filter alignment) &gt; date=month + platform scopes publishDate, opportunity, and the impressions aggregate" time="0.000260666">
        </testcase>
        <testcase classname="libraries/nestjs-libraries/src/engage/__tests__/engage-repository.spec.ts" name="EngageRepository — two-table reads &gt; getSentStats (date/platform/status filter alignment) &gt; status=published narrows the post state filter" time="0.00020425">
        </testcase>
        <testcase classname="libraries/nestjs-libraries/src/engage/__tests__/engage-repository.spec.ts" name="EngageRepository — two-table reads &gt; getSentStats (date/platform/status filter alignment) &gt; date=&apos;day&apos; is accepted and windowed (shared vocab with /dashboard/summary)" time="0.000219583">
        </testcase>
        <testcase classname="libraries/nestjs-libraries/src/engage/__tests__/engage-repository.spec.ts" name="EngageRepository — two-table reads &gt; getSentStats (date/platform/status filter alignment) &gt; status=awaiting-draft: DRAFT posts whose opportunity is not EXPIRED for this org" time="0.000283792">
        </testcase>
        <testcase classname="libraries/nestjs-libraries/src/engage/__tests__/engage-repository.spec.ts" name="EngageRepository — two-table reads &gt; getSentStats (date/platform/status filter alignment) &gt; status=awaiting-expired: DRAFT posts whose opportunity IS EXPIRED for this org" time="0.002913583">
        </testcase>
        <testcase classname="libraries/nestjs-libraries/src/engage/__tests__/engage-repository.spec.ts" name="EngageRepository — two-table reads &gt; getSentStats (date/platform/status filter alignment) &gt; status=awaiting-expired + platform: merges the platform filter into the same opportunity where" time="0.000340875">
        </testcase>
        <testcase classname="libraries/nestjs-libraries/src/engage/__tests__/engage-repository.spec.ts" name="EngageRepository — two-table reads &gt; getSentStats (date/platform/status filter alignment) &gt; status=awaiting-link: manual link-pending (PUBLISHED, no releaseURL) OR a failed publish (ERROR)" time="0.000255125">
        </testcase>
        <testcase classname="libraries/nestjs-libraries/src/engage/__tests__/engage-repository.spec.ts" name="EngageRepository — two-table reads &gt; getSentStats (date/platform/status filter alignment) &gt; projectId scopes the sent-reply query (regression: stats used to drop it)" time="0.000184875">
        </testcase>
        <testcase classname="libraries/nestjs-libraries/src/engage/__tests__/engage-repository.spec.ts" name="EngageRepository — two-table reads &gt; getSentStats (date/platform/status filter alignment) &gt; omitting projectId keeps the legacy null-project scope" time="0.000160875">
        </testcase>
        <testcase classname="libraries/nestjs-libraries/src/engage/__tests__/engage-repository.spec.ts" name="EngageRepository — two-table reads &gt; countSentReplies / getSentCountsSummary &gt; returns total + byPlatform + rollups + awaitingBreakdown in one round trip" time="0.000383125">
        </testcase>
        <testcase classname="libraries/nestjs-libraries/src/engage/__tests__/engage-repository.spec.ts" name="EngageRepository — two-table reads &gt; countSentReplies / getSentCountsSummary &gt; each breakdown drops only its own axis: total keeps status+platform, byPlatform keeps status, rollups keep platform" time="0.000254875">
        </testcase>
        <testcase classname="libraries/nestjs-libraries/src/engage/__tests__/engage-repository.spec.ts" name="EngageRepository — two-table reads &gt; countSentReplies / getSentCountsSummary &gt; projectId scopes every count (regression)" time="0.000225584">
        </testcase>
        <testcase classname="libraries/nestjs-libraries/src/engage/__tests__/engage-repository.spec.ts" name="EngageRepository — two-table reads &gt; countSentReplies / getSentCountsSummary &gt; getSentCountsSummary delegates with only date/projectId (no status/platform)" time="0.000252875">
        </testcase>
        <testcase classname="libraries/nestjs-libraries/src/engage/__tests__/engage-repository.spec.ts" name="EngageRepository — two-table reads &gt; createManualXPost &gt; validates the integration belongs to the org and is an X account" time="0.000977667">
        </testcase>
        <testcase classname="libraries/nestjs-libraries/src/engage/__tests__/engage-repository.spec.ts" name="EngageRepository — two-table reads &gt; createManualXPost &gt; parses releaseId from the tweet URL and writes an X-typed engage post" time="0.000398041">
        </testcase>
        <testcase classname="libraries/nestjs-libraries/src/engage/__tests__/engage-repository.spec.ts" name="EngageRepository — two-table reads &gt; createManualXPost &gt; resolves the author-handle integration when none is supplied" time="0.000298959">
        </testcase>
        <testcase classname="libraries/nestjs-libraries/src/engage/__tests__/engage-repository.spec.ts" name="EngageRepository — two-table reads &gt; createManualXPost &gt; omits integrationId when the org has no usable X account" time="0.000141083">
        </testcase>
        <testcase classname="libraries/nestjs-libraries/src/engage/__tests__/engage-repository.spec.ts" name="EngageRepository — two-table reads &gt; createManualXPost &gt; omits integrationId when no connected account authored the reply (external author)" time="0.000086833">
        </testcase>
        <testcase classname="libraries/nestjs-libraries/src/engage/__tests__/engage-repository.spec.ts" name="EngageRepository — two-table reads &gt; createManualXPost &gt; persists engageAuthor into settings when supplied" time="0.000107042">
        </testcase>
        <testcase classname="libraries/nestjs-libraries/src/engage/__tests__/engage-repository.spec.ts" name="EngageRepository — two-table reads &gt; createManualXPost &gt; does NOT write engageAuthor when an integration authored the reply (integrationId is source of truth)" time="0.000095459">
        </testcase>
        <testcase classname="libraries/nestjs-libraries/src/engage/__tests__/engage-repository.spec.ts" name="EngageRepository — two-table reads &gt; createManualXPost &gt; omits releaseId when the URL has no /status/&lt;id&gt; segment" time="0.000156875">
        </testcase>
        <testcase classname="libraries/nestjs-libraries/src/engage/__tests__/engage-repository.spec.ts" name="EngageRepository — two-table reads &gt; createManualXPost &gt; writes projectId onto the X engage post when supplied" time="0.000082958">
        </testcase>
        <testcase classname="libraries/nestjs-libraries/src/engage/__tests__/engage-repository.spec.ts" name="EngageRepository — two-table reads &gt; createManualRedditPost &gt; writes a reddit-typed engage post and persists engageAuthor when supplied" time="0.000140417">
        </testcase>
        <testcase classname="libraries/nestjs-libraries/src/engage/__tests__/engage-repository.spec.ts" name="EngageRepository — two-table reads &gt; createManualRedditPost &gt; omits engageAuthor from settings when not supplied" time="0.000079083">
        </testcase>
        <testcase classname="libraries/nestjs-libraries/src/engage/__tests__/engage-repository.spec.ts" name="EngageRepository — two-table reads &gt; createManualRedditPost &gt; writes projectId when supplied, and omits it otherwise" time="0.000082833">
        </testcase>
        <testcase classname="libraries/nestjs-libraries/src/engage/__tests__/engage-repository.spec.ts" name="EngageRepository — two-table reads &gt; countProjectKeywordSentRepliesToday &gt; narrows the count to replies whose matchedKeywords contains the keyword, same window/state as the aggregate count" time="0.0001635">
        </testcase>
        <testcase classname="libraries/nestjs-libraries/src/engage/__tests__/engage-repository.spec.ts" name="EngageRepository — two-table reads &gt; resolveOrCreateKeywordIds &gt; resolves existing ids (normalized) and creates missing keywords, keyed by original text" time="0.000541291">
        </testcase>
        <testcase classname="libraries/nestjs-libraries/src/engage/__tests__/engage-repository.spec.ts" name="EngageRepository — two-table reads &gt; resolveOrCreateKeywordIds &gt; skips blank inputs and does not touch config/keywords when nothing usable is passed" time="0.000101209">
        </testcase>
        <testcase classname="libraries/nestjs-libraries/src/engage/__tests__/engage-repository.spec.ts" name="EngageRepository — two-table reads &gt; resolveOrCreateKeywordIds &gt; re-reads the row on a create race instead of dropping the keyword" time="0.0001425">
        </testcase>
        <testcase classname="libraries/nestjs-libraries/src/engage/__tests__/engage-repository.spec.ts" name="EngageRepository — two-table reads &gt; resolveOrCreateKeywordIds &gt; activates a disabled config so the plan keywords actually run (config enabled:false → true)" time="0.000132541">
        </testcase>
        <testcase classname="libraries/nestjs-libraries/src/engage/__tests__/engage-repository.spec.ts" name="EngageRepository — two-table reads &gt; resolveOrCreateKeywordIds &gt; leaves an already-enabled config untouched (no needless write on re-drive)" time="0.000073583">
        </testcase>
        <testcase classname="libraries/nestjs-libraries/src/engage/__tests__/engage-repository.spec.ts" name="EngageRepository — two-table reads &gt; updateReplyAuthor (background author/avatar enrichment) &gt; reddit: always merges engageAuthor into settings, preserving __type" time="0.000179083">
        </testcase>
        <testcase classname="libraries/nestjs-libraries/src/engage/__tests__/engage-repository.spec.ts" name="EngageRepository — two-table reads &gt; updateReplyAuthor (background author/avatar enrichment) &gt; x WITHOUT an integration: records engageAuthor (the fallback identity)" time="0.0000785">
        </testcase>
        <testcase classname="libraries/nestjs-libraries/src/engage/__tests__/engage-repository.spec.ts" name="EngageRepository — two-table reads &gt; updateReplyAuthor (background author/avatar enrichment) &gt; x WITH a connected integration: no-op (integration is source of truth)" time="0.000067875">
        </testcase>
        <testcase classname="libraries/nestjs-libraries/src/engage/__tests__/engage-repository.spec.ts" name="EngageRepository — two-table reads &gt; updateReplyAuthor (background author/avatar enrichment) &gt; missing reply: no-op (a background enrich must never throw)" time="0.000062458">
        </testcase>
        <testcase classname="libraries/nestjs-libraries/src/engage/__tests__/engage-repository.spec.ts" name="EngageRepository — two-table reads &gt; getEngageMetricsStats &gt; counts metrics presence, per-blocker missing breakdown, and totals per platform" time="0.000218458">
        </testcase>
        <testcase classname="libraries/nestjs-libraries/src/engage/__tests__/engage-repository.spec.ts" name="EngageRepository — two-table reads &gt; getEngageMetricsStats &gt; scopes to the org and the given platform, filtering to PUBLISHED engage posts" time="0.00008125">
        </testcase>
        <testcase classname="libraries/nestjs-libraries/src/engage/__tests__/engage-repository.spec.ts" name="EngageRepository — two-table reads &gt; backfillXReplyIntegrations &gt; resolves by author handle and writes integrationId when executing" time="0.000212791">
        </testcase>
        <testcase classname="libraries/nestjs-libraries/src/engage/__tests__/engage-repository.spec.ts" name="EngageRepository — two-table reads &gt; backfillXReplyIntegrations &gt; does not write in dry-run, but still reports what would be filled" time="0.000105875">
        </testcase>
        <testcase classname="libraries/nestjs-libraries/src/engage/__tests__/engage-repository.spec.ts" name="EngageRepository — two-table reads &gt; backfillXReplyIntegrations &gt; counts replies as unresolved when the org has no usable X account" time="0.000120916">
        </testcase>
        <testcase classname="libraries/nestjs-libraries/src/engage/__tests__/engage-repository.spec.ts" name="EngageRepository — two-table reads &gt; backfillXReplyIntegrations &gt; leaves external-authored replies unresolved (no handle match → no fallback)" time="0.000182292">
        </testcase>
        <testcase classname="libraries/nestjs-libraries/src/engage/__tests__/engage-repository.spec.ts" name="EngageRepository — two-table reads &gt; addKeyword &gt; creates the keyword on the config and org" time="0.1186675">
        </testcase>
        <testcase classname="libraries/nestjs-libraries/src/engage/__tests__/engage-repository.spec.ts" name="EngageRepository — two-table reads &gt; addKeyword &gt; does not create an initial scan for a disabled keyword" time="0.000156458">
        </testcase>
        <testcase classname="libraries/nestjs-libraries/src/engage/__tests__/engage-repository.spec.ts" name="EngageRepository — two-table reads &gt; addKeyword &gt; maps a P2002 unique violation to a 409 ConflictException" time="0.00025575">
        </testcase>
        <testcase classname="libraries/nestjs-libraries/src/engage/__tests__/engage-repository.spec.ts" name="EngageRepository — two-table reads &gt; addKeyword &gt; rethrows unexpected errors untouched" time="0.000112292">
        </testcase>
        <testcase classname="libraries/nestjs-libraries/src/engage/__tests__/engage-repository.spec.ts" name="EngageRepository — two-table reads &gt; updateKeyword initial scan reset &gt; resets platform initial scans when a disabled keyword is re-enabled" time="0.009710959">
        </testcase>
        <testcase classname="libraries/nestjs-libraries/src/engage/__tests__/engage-repository.spec.ts" name="EngageRepository — two-table reads &gt; updateKeyword initial scan reset &gt; does not reset initial scans for type-only updates" time="0.000147709">
        </testcase>
        <testcase classname="libraries/nestjs-libraries/src/engage/__tests__/engage-repository.spec.ts" name="EngageRepository — two-table reads &gt; addMonitoredChannel &gt; maps a P2002 unique violation to a 409 with the channel name" time="0.000199042">
        </testcase>
        <testcase classname="libraries/nestjs-libraries/src/engage/__tests__/engage-repository.spec.ts" name="EngageRepository — two-table reads &gt; addTrackedAccount &gt; maps a P2002 unique violation to a 409 with the username" time="0.000205208">
        </testcase>
        <testcase classname="libraries/nestjs-libraries/src/engage/__tests__/engage-repository.spec.ts" name="EngageRepository projectId scoping (config-family) &gt; listMonitoredChannels defaults to the legacy null-project scope when projectId is omitted" time="0.000208875">
        </testcase>
        <testcase classname="libraries/nestjs-libraries/src/engage/__tests__/engage-repository.spec.ts" name="EngageRepository projectId scoping (config-family) &gt; listMonitoredChannels scopes to a given project via the config relation" time="0.000519542">
        </testcase>
        <testcase classname="libraries/nestjs-libraries/src/engage/__tests__/engage-repository.spec.ts" name="EngageRepository projectId scoping (config-family) &gt; listTrackedAccounts defaults to the legacy null-project scope when projectId is omitted" time="0.000174125">
        </testcase>
        <testcase classname="libraries/nestjs-libraries/src/engage/__tests__/engage-repository.spec.ts" name="EngageRepository projectId scoping (config-family) &gt; listTrackedAccounts scopes to a given project via the config relation" time="0.000195666">
        </testcase>
        <testcase classname="libraries/nestjs-libraries/src/engage/__tests__/engage-repository.spec.ts" name="EngageRepository.createSentReply projectId/matchedKeywords &gt; writes projectId=null and matchedKeywords=[] when omitted (legacy call shape)" time="0.000258542">
        </testcase>
        <testcase classname="libraries/nestjs-libraries/src/engage/__tests__/engage-repository.spec.ts" name="EngageRepository.createSentReply projectId/matchedKeywords &gt; writes the given projectId and matchedKeywords through untouched" time="0.000180083">
        </testcase>
        <testcase classname="libraries/nestjs-libraries/src/engage/__tests__/engage-repository.spec.ts" name="EngageRepository.addTrackedAccount validation &gt; rejects a username that could shape the from: search query" time="0.000561792">
        </testcase>
        <testcase classname="libraries/nestjs-libraries/src/engage/__tests__/engage-repository.spec.ts" name="EngageRepository.addTrackedAccount validation &gt; rejects an over-long X handle (&gt;15 chars)" time="0.000267833">
        </testcase>
        <testcase classname="libraries/nestjs-libraries/src/engage/__tests__/engage-repository.spec.ts" name="EngageRepository.getOrgScanStatus &gt; derives keyword next = lastScanStartedAt + cadence; last = lastScannedAt" time="0.000506042">
        </testcase>
        <testcase classname="libraries/nestjs-libraries/src/engage/__tests__/engage-repository.spec.ts" name="EngageRepository.getOrgScanStatus &gt; cooldownUntil pushes next scan beyond the cadence" time="0.000221209">
        </testcase>
        <testcase classname="libraries/nestjs-libraries/src/engage/__tests__/engage-repository.spec.ts" name="EngageRepository.getOrgScanStatus &gt; aggregates the org&apos;s channel cursors: latest last, earliest next" time="0.000519334">
        </testcase>
        <testcase classname="libraries/nestjs-libraries/src/engage/__tests__/engage-repository.spec.ts" name="EngageRepository.getOrgScanStatus &gt; lowercases tracked usernames for the cursor lookup" time="0.000296583">
        </testcase>
        <testcase classname="libraries/nestjs-libraries/src/engage/__tests__/engage-repository.spec.ts" name="EngageRepository.getOrgScanStatus &gt; getOpportunityForReply — status gate (no time-based expiry) &gt; returns the merged opportunity for an actionable NEW row" time="0.000209542">
        </testcase>
        <testcase classname="libraries/nestjs-libraries/src/engage/__tests__/engage-repository.spec.ts" name="EngageRepository.getOrgScanStatus &gt; getOpportunityForReply — status gate (no time-based expiry) &gt; allows an AUTO_QUEUED row" time="0.000159375">
        </testcase>
        <testcase classname="libraries/nestjs-libraries/src/engage/__tests__/engage-repository.spec.ts" name="EngageRepository.getOrgScanStatus &gt; getOpportunityForReply — status gate (no time-based expiry) &gt; blocks a EXPIRED row with a typed reason instead of a generic 404" time="0.000285875">
        </testcase>
        <testcase classname="libraries/nestjs-libraries/src/engage/__tests__/engage-repository.spec.ts" name="EngageRepository.getOrgScanStatus &gt; getOpportunityForReply — status gate (no time-based expiry) &gt; blocks a REPLIED row with a typed reason instead of a generic 404" time="0.000201458">
        </testcase>
        <testcase classname="libraries/nestjs-libraries/src/engage/__tests__/engage-repository.spec.ts" name="EngageRepository.getOrgScanStatus &gt; getOpportunityForReply — status gate (no time-based expiry) &gt; blocks a SCHEDULED row with a typed reason instead of a generic 404" time="0.00018">
        </testcase>
        <testcase classname="libraries/nestjs-libraries/src/engage/__tests__/engage-repository.spec.ts" name="EngageRepository.getOrgScanStatus &gt; getOpportunityForReply — status gate (no time-based expiry) &gt; blocks a DISMISSED row with a typed reason instead of a generic 404" time="0.000183166">
        </testcase>
        <testcase classname="libraries/nestjs-libraries/src/engage/__tests__/engage-repository.spec.ts" name="EngageRepository.getOrgScanStatus &gt; getOpportunityForReply — status gate (no time-based expiry) &gt; 404s only a genuinely missing row" time="0.000199208">
        </testcase>
        <testcase classname="libraries/nestjs-libraries/src/engage/__tests__/engage-repository.spec.ts" name="EngageRepository.getOrgScanStatus &gt; combined status filters (awaiting / settled) &gt; status=awaiting OR-combines DRAFT + the two unpublished buckets" time="0.000232959">
        </testcase>
        <testcase classname="libraries/nestjs-libraries/src/engage/__tests__/engage-repository.spec.ts" name="EngageRepository.getOrgScanStatus &gt; combined status filters (awaiting / settled) &gt; no status filter (&quot;All&quot;) LIST includes DRAFT (no state exclusion) so awaiting can never exceed it" time="0.000167792">
        </testcase>
        <testcase classname="libraries/nestjs-libraries/src/engage/__tests__/engage-repository.spec.ts" name="EngageRepository.getOrgScanStatus &gt; combined status filters (awaiting / settled) &gt; no status filter (&quot;All&quot;) STATS still excludes DRAFT (sent-reply performance only)" time="0.0038785">
        </testcase>
        <testcase classname="libraries/nestjs-libraries/src/engage/__tests__/engage-repository.spec.ts" name="EngageRepository.getOrgScanStatus &gt; combined status filters (awaiting / settled) &gt; status=settled OR-combines published(live) + scheduled" time="0.000243083">
        </testcase>
        <testcase classname="libraries/nestjs-libraries/src/engage/__tests__/engage-repository.spec.ts" name="EngageRepository.getOrgScanStatus &gt; combined status filters (awaiting / settled) &gt; getSentStats applies the same combined OR to the stats scope" time="0.00020425">
        </testcase>
        <testcase classname="libraries/nestjs-libraries/src/engage/__tests__/engage-repository.spec.ts" name="EngageRepository.getOrgScanStatus &gt; appendGenerationHistory &gt; issues an atomic jsonb concat scoped to the org + opportunity" time="0.000407125">
        </testcase>
        <testcase classname="libraries/nestjs-libraries/src/engage/__tests__/engage-repository.spec.ts" name="EngageRepository.getOrgScanStatus &gt; recordManualGeneration (manual draft versions, deduped) &gt; appends a manual entry when the content differs from the latest" time="0.000203291">
        </testcase>
        <testcase classname="libraries/nestjs-libraries/src/engage/__tests__/engage-repository.spec.ts" name="EngageRepository.getOrgScanStatus &gt; recordManualGeneration (manual draft versions, deduped) &gt; skips (no append) when the content matches the most-recent entry" time="0.00016125">
        </testcase>
        <testcase classname="libraries/nestjs-libraries/src/engage/__tests__/engage-repository.spec.ts" name="EngageRepository.getOrgScanStatus &gt; recordManualGeneration (manual draft versions, deduped) &gt; returns false without writing when no state row exists" time="0.000149708">
        </testcase>
        <testcase classname="libraries/nestjs-libraries/src/engage/__tests__/engage-repository.spec.ts" name="EngageRepository.getOrgScanStatus &gt; upsertDraft (save-draft) &gt; creates a Post(state=DRAFT, source=engage) + EngageSentReply when none exists" time="0.000383667">
        </testcase>
        <testcase classname="libraries/nestjs-libraries/src/engage/__tests__/engage-repository.spec.ts" name="EngageRepository.getOrgScanStatus &gt; upsertDraft (save-draft) &gt; updates the existing draft in place (no second Post created)" time="0.000238458">
        </testcase>
        <testcase classname="libraries/nestjs-libraries/src/engage/__tests__/engage-repository.spec.ts" name="EngageRepository.getOrgScanStatus &gt; draft cleanup on a committed reply &gt; createSentReply deletes any leftover DRAFT for the opportunity" time="0.000201208">
        </testcase>
        <testcase classname="libraries/nestjs-libraries/src/engage/__tests__/engage-repository.spec.ts" name="EngageRepository.getOrgScanStatus &gt; draft cleanup on a committed reply &gt; claimOpportunityForReply does NOT delete drafts (a rolled-back publish keeps the draft)" time="0.000201041">
        </testcase>
        <testcase classname="libraries/nestjs-libraries/src/engage/__tests__/engage-repository.spec.ts" name="EngageRepository.getOrgScanStatus &gt; draft cleanup on a committed reply &gt; claimOpportunityForReply throws 403 with a typed reason for a non-actionable status (already replied)" time="0.000207125">
        </testcase>
        <testcase classname="libraries/nestjs-libraries/src/engage/__tests__/engage-repository.spec.ts" name="EngageRepository.getOrgScanStatus &gt; draft cleanup on a committed reply &gt; claimOpportunityForReply throws 409 when a concurrent request won the claim (CAS count=0)" time="0.00017075">
        </testcase>
        <testcase classname="libraries/nestjs-libraries/src/engage/__tests__/engage-repository.spec.ts" name="EngageRepository.getOrgScanStatus &gt; draft cleanup on a committed reply &gt; claimOpportunityForReply throws 404 only when the per-org state row is genuinely missing" time="0.000156917">
        </testcase>
        <testcase classname="libraries/nestjs-libraries/src/engage/__tests__/engage-repository.spec.ts" name="EngageRepository.getOrgScanStatus &gt; getKeywordActivationStats &gt; queries only ACTIVATED rows: enabled keyword on an enabled config" time="0.000717167">
        </testcase>
        <testcase classname="libraries/nestjs-libraries/src/engage/__tests__/engage-repository.spec.ts" name="EngageRepository.getOrgScanStatus &gt; getKeywordActivationStats &gt; groups by normalized keyword, counts DISTINCT orgs, keeps raw variants, sorts desc" time="0.000255042">
        </testcase>
        <testcase classname="libraries/nestjs-libraries/src/engage/__tests__/engage-repository.spec.ts" name="EngageRepository.getOrgScanStatus &gt; getKeywordActivationStats &gt; drops blank-normalizing keywords and returns [] when nothing is activated" time="0.000160333">
        </testcase>
        <testcase classname="libraries/nestjs-libraries/src/engage/__tests__/engage-repository.spec.ts" name="EngageRepository.getOrgScanStatus &gt; getOrgAggregateConfig &gt; unions keywords/channels/accounts across every enabled project-scoped config, deduped by global unit identity, base scalars preserved" time="0.000433208">
        </testcase>
        <testcase classname="libraries/nestjs-libraries/src/engage/__tests__/engage-repository.spec.ts" name="EngageRepository.getOrgScanStatus &gt; getOrgAggregateConfig &gt; prefers the enabled row when the same unit is disabled in one config and enabled in another" time="0.000112333">
        </testcase>
    </testsuite>
    <testsuite name="libraries/nestjs-libraries/src/engage/__tests__/engage-scan-config.service.spec.ts" timestamp="2026-08-07T06:11:56.063Z" hostname="terceldeMac-mini.local" tests="18" failures="0" errors="0" skipped="0" time="0.005523959">
        <testcase classname="libraries/nestjs-libraries/src/engage/__tests__/engage-scan-config.service.spec.ts" name="EngageScanConfigService.onModuleInit &gt; seeds the default pacing when the key is missing" time="0.002626625">
        </testcase>
        <testcase classname="libraries/nestjs-libraries/src/engage/__tests__/engage-scan-config.service.spec.ts" name="EngageScanConfigService.onModuleInit &gt; does not overwrite existing values" time="0.000198">
        </testcase>
        <testcase classname="libraries/nestjs-libraries/src/engage/__tests__/engage-scan-config.service.spec.ts" name="EngageScanConfigService.onModuleInit &gt; seeds the default freshness window when its key is missing" time="0.000216959">
        </testcase>
        <testcase classname="libraries/nestjs-libraries/src/engage/__tests__/engage-scan-config.service.spec.ts" name="EngageScanConfigService.getFreshnessWindowMs &gt; defaults to 24h per platform (ms)" time="0.000195625">
        </testcase>
        <testcase classname="libraries/nestjs-libraries/src/engage/__tests__/engage-scan-config.service.spec.ts" name="EngageScanConfigService.getFreshnessWindowMs &gt; honours a stored per-platform override; sibling stays default" time="0.00007625">
        </testcase>
        <testcase classname="libraries/nestjs-libraries/src/engage/__tests__/engage-scan-config.service.spec.ts" name="EngageScanConfigService.getFreshnessWindowMs &gt; falls back to the env var when nothing is stored" time="0.000064708">
        </testcase>
        <testcase classname="libraries/nestjs-libraries/src/engage/__tests__/engage-scan-config.service.spec.ts" name="toScanPlatforms &gt; parses a settings string[] down to the scannable set (drops non-scannable)" time="0.000120208">
        </testcase>
        <testcase classname="libraries/nestjs-libraries/src/engage/__tests__/engage-scan-config.service.spec.ts" name="toScanPlatforms &gt; parses an env comma-string and dedupes/lowercases" time="0.000046083">
        </testcase>
        <testcase classname="libraries/nestjs-libraries/src/engage/__tests__/engage-scan-config.service.spec.ts" name="toScanPlatforms &gt; returns [] for absent / non-list input" time="0.000065042">
        </testcase>
        <testcase classname="libraries/nestjs-libraries/src/engage/__tests__/engage-scan-config.service.spec.ts" name="EngageScanConfigService.getSupportedScanPlatforms &gt; prefers operation_plan.allowed_platforms (intersected with scannable)" time="0.00008325">
        </testcase>
        <testcase classname="libraries/nestjs-libraries/src/engage/__tests__/engage-scan-config.service.spec.ts" name="EngageScanConfigService.getSupportedScanPlatforms &gt; falls back to ENGAGE_SUPPORTED_PLATFORMS when the allowlist is empty/absent" time="0.000072084">
        </testcase>
        <testcase classname="libraries/nestjs-libraries/src/engage/__tests__/engage-scan-config.service.spec.ts" name="EngageScanConfigService.getSupportedScanPlatforms &gt; defaults to x,reddit when neither settings nor env is set" time="0.000061416">
        </testcase>
        <testcase classname="libraries/nestjs-libraries/src/engage/__tests__/engage-scan-config.service.spec.ts" name="EngageScanConfigService.getPagePacing &gt; returns the seeded defaults: extension X initial = 1 page / 8s / 60s jitter" time="0.0001145">
        </testcase>
        <testcase classname="libraries/nestjs-libraries/src/engage/__tests__/engage-scan-config.service.spec.ts" name="EngageScanConfigService.getPagePacing &gt; returns workflow X initial = 5 pages / 300ms" time="0.0000605">
        </testcase>
        <testcase classname="libraries/nestjs-libraries/src/engage/__tests__/engage-scan-config.service.spec.ts" name="EngageScanConfigService.getPagePacing &gt; deep-merges a partial admin override without dropping other leaves" time="0.000177584">
        </testcase>
        <testcase classname="libraries/nestjs-libraries/src/engage/__tests__/engage-scan-config.service.spec.ts" name="mergePacing (leaf guards) &gt; falls back when a delay override is non-numeric, but allows an explicit 0" time="0.000071542">
        </testcase>
        <testcase classname="libraries/nestjs-libraries/src/engage/__tests__/engage-scan-config.service.spec.ts" name="mergePacing (leaf guards) &gt; rejects a zero / negative maxPages (a cap of 0 would disable scanning)" time="0.000053625">
        </testcase>
        <testcase classname="libraries/nestjs-libraries/src/engage/__tests__/engage-scan-config.service.spec.ts" name="mergePacing (leaf guards) &gt; keeps extension safety knobs and allows overriding them" time="0.000070667">
        </testcase>
    </testsuite>
    <testsuite name="libraries/nestjs-libraries/src/engage/__tests__/engage-scan-hint.spec.ts" timestamp="2026-08-07T06:11:56.064Z" hostname="terceldeMac-mini.local" tests="14" failures="0" errors="0" skipped="0" time="0.664863208">
        <testcase classname="libraries/nestjs-libraries/src/engage/__tests__/engage-scan-hint.spec.ts" name="engage scan hint &gt; reports no work until something is marked" time="0.035080667">
        </testcase>
        <testcase classname="libraries/nestjs-libraries/src/engage/__tests__/engage-scan-hint.spec.ts" name="engage scan hint &gt; is scoped per organization" time="0.008841167">
        </testcase>
        <testcase classname="libraries/nestjs-libraries/src/engage/__tests__/engage-scan-hint.spec.ts" name="engage scan hint &gt; clears back to no-work" time="0.013914667">
        </testcase>
        <testcase classname="libraries/nestjs-libraries/src/engage/__tests__/engage-scan-hint.spec.ts" name="engage scan hint &gt; treats a blank org id as no work rather than probing redis" time="0.000566334">
        </testcase>
        <testcase classname="libraries/nestjs-libraries/src/engage/__tests__/engage-scan-hint.spec.ts" name="engage scan hint &gt; swallows a redis failure when marking" time="0.000774917">
            <system-err>
[engage-scan-hint] mark failed for org=spec-hint-21721-9: redis down

            </system-err>
        </testcase>
        <testcase classname="libraries/nestjs-libraries/src/engage/__tests__/engage-scan-hint.spec.ts" name="engage scan hint &gt; reports no work when redis cannot be read" time="0.000171125">
            <system-err>
[engage-scan-hint] read failed for org=spec-hint-21721-11: redis down

            </system-err>
        </testcase>
        <testcase classname="libraries/nestjs-libraries/src/engage/__tests__/engage-scan-hint.spec.ts" name="engage scan hint &gt; gives up rather than hanging when redis never answers" time="0.251433208">
            <system-err>
[engage-scan-hint] read failed for org=spec-hint-21721-13: redis timeout after 250ms

            </system-err>
        </testcase>
        <testcase classname="libraries/nestjs-libraries/src/engage/__tests__/engage-scan-hint.spec.ts" name="engage scan hint &gt; gives up rather than hanging when a mark never answers" time="0.250949375">
            <system-err>
[engage-scan-hint] mark failed for org=spec-hint-21721-15: redis timeout after 250ms

            </system-err>
        </testcase>
        <testcase classname="libraries/nestjs-libraries/src/engage/__tests__/engage-scan-hint.spec.ts" name="engage scan hint &gt; swallows a redis failure when clearing" time="0.000203667">
            <system-err>
[engage-scan-hint] clear failed for org=spec-hint-21721-17: redis down

            </system-err>
        </testcase>
        <testcase classname="libraries/nestjs-libraries/src/engage/__tests__/engage-scan-hint.spec.ts" name="engage scan hint — token-guarded retraction &gt; retracts the hint it observed" time="0.023768625">
        </testcase>
        <testcase classname="libraries/nestjs-libraries/src/engage/__tests__/engage-scan-hint.spec.ts" name="engage scan hint — token-guarded retraction &gt; keeps a hint raised after the observation" time="0.029567542">
        </testcase>
        <testcase classname="libraries/nestjs-libraries/src/engage/__tests__/engage-scan-hint.spec.ts" name="engage scan hint — token-guarded retraction &gt; keeps a hint raised when none was observed at all" time="0.010202333">
        </testcase>
        <testcase classname="libraries/nestjs-libraries/src/engage/__tests__/engage-scan-hint.spec.ts" name="engage scan hint — token-guarded retraction &gt; issues distinct tokens for successive marks" time="0.02066675">
        </testcase>
        <testcase classname="libraries/nestjs-libraries/src/engage/__tests__/engage-scan-hint.spec.ts" name="engage scan hint — token-guarded retraction &gt; retracts unconditionally when no token is supplied" time="0.017936167">
        </testcase>
    </testsuite>
    <testsuite name="libraries/nestjs-libraries/src/engage/__tests__/engage-scan-ingest.service.spec.ts" timestamp="2026-08-07T06:11:56.065Z" hostname="terceldeMac-mini.local" tests="21" failures="0" errors="0" skipped="0" time="0.008549917">
        <testcase classname="libraries/nestjs-libraries/src/engage/__tests__/engage-scan-ingest.service.spec.ts" name="engage scan post canonicalization &gt; strips X status tracking params and normalizes twitter.com to x.com" time="0.000742208">
        </testcase>
        <testcase classname="libraries/nestjs-libraries/src/engage/__tests__/engage-scan-ingest.service.spec.ts" name="engage scan post canonicalization &gt; uses the X status id from the URL as the stable externalPostId" time="0.000157792">
        </testcase>
        <testcase classname="libraries/nestjs-libraries/src/engage/__tests__/engage-scan-ingest.service.spec.ts" name="EngageScanIngestService.persistOpportunities &gt; no-ops on empty posts" time="0.000725833">
        </testcase>
        <testcase classname="libraries/nestjs-libraries/src/engage/__tests__/engage-scan-ingest.service.spec.ts" name="EngageScanIngestService.persistOpportunities &gt; upserts the global post by [platform, externalPostId] without per-org columns" time="0.000902083">
        </testcase>
        <testcase classname="libraries/nestjs-libraries/src/engage/__tests__/engage-scan-ingest.service.spec.ts" name="EngageScanIngestService.persistOpportunities &gt; dedups duplicate (platform,externalPostId) within one batch → single global upsert (W3)" time="0.000213291">
        </testcase>
        <testcase classname="libraries/nestjs-libraries/src/engage/__tests__/engage-scan-ingest.service.spec.ts" name="EngageScanIngestService.persistOpportunities &gt; dedups duplicate X share URLs within one batch after canonicalization" time="0.0001965">
        </testcase>
        <testcase classname="libraries/nestjs-libraries/src/engage/__tests__/engage-scan-ingest.service.spec.ts" name="EngageScanIngestService.persistOpportunities &gt; updates an existing global post found by normalized platform+externalPostUrl" time="0.001307042">
        </testcase>
        <testcase classname="libraries/nestjs-libraries/src/engage/__tests__/engage-scan-ingest.service.spec.ts" name="EngageScanIngestService.persistOpportunities &gt; upserts per-org state NEW on create, aligned to its post id" time="0.000281458">
        </testcase>
        <testcase classname="libraries/nestjs-libraries/src/engage/__tests__/engage-scan-ingest.service.spec.ts" name="EngageScanIngestService.persistOpportunities &gt; upserts per-project state via the compound key when projectId is set (not findFirst+create)" time="0.000197917">
        </testcase>
        <testcase classname="libraries/nestjs-libraries/src/engage/__tests__/engage-scan-ingest.service.spec.ts" name="EngageScanIngestService.scoreForOrg &gt; drops posts that match no keyword" time="0.000296375">
        </testcase>
        <testcase classname="libraries/nestjs-libraries/src/engage/__tests__/engage-scan-ingest.service.spec.ts" name="EngageScanIngestService.scoreForOrg &gt; returns [] when the org has no keywords" time="0.000093916">
        </testcase>
        <testcase classname="libraries/nestjs-libraries/src/engage/__tests__/engage-scan-ingest.service.spec.ts" name="EngageScanIngestService.scoreForOrg &gt; marks a post in a monitored subreddit as tracked" time="0.000207916">
        </testcase>
        <testcase classname="libraries/nestjs-libraries/src/engage/__tests__/engage-scan-ingest.service.spec.ts" name="EngageScanIngestService.ingestForOrg &gt; returns 0 and persists nothing when nothing scores" time="0.0001925">
        </testcase>
        <testcase classname="libraries/nestjs-libraries/src/engage/__tests__/engage-scan-ingest.service.spec.ts" name="EngageScanIngestService.ingestForOrg &gt; scores → persists → counts for a matching post" time="0.000340167">
        </testcase>
        <testcase classname="libraries/nestjs-libraries/src/engage/__tests__/engage-scan-ingest.service.spec.ts" name="EngageScanIngestService.attributeExisting &gt; no-ops on empty input" time="0.000219458">
        </testcase>
        <testcase classname="libraries/nestjs-libraries/src/engage/__tests__/engage-scan-ingest.service.spec.ts" name="EngageScanIngestService.attributeExisting &gt; re-scores existing opportunities and writes ONLY per-org state (no global upsert)" time="0.000311167">
        </testcase>
        <testcase classname="libraries/nestjs-libraries/src/engage/__tests__/engage-scan-ingest.service.spec.ts" name="EngageScanIngestService.attributeExisting &gt; returns the count of states actually written, not scored candidates (W4)" time="0.00015325">
        </testcase>
        <testcase classname="libraries/nestjs-libraries/src/engage/__tests__/engage-scan-ingest.service.spec.ts" name="EngageScanIngestService.attributeExisting &gt; skips opportunities that do not match the org keywords" time="0.000131833">
        </testcase>
        <testcase classname="libraries/nestjs-libraries/src/engage/__tests__/engage-scan-ingest.service.spec.ts" name="EngageScanIngestService.classifyIntents &gt; falls back to discussion when the classifier returns nothing" time="0.000112542">
        </testcase>
        <testcase classname="libraries/nestjs-libraries/src/engage/__tests__/engage-scan-ingest.service.spec.ts" name="EngageScanIngestService.updateKeywordHitCounts &gt; increments hits for matched, enabled keywords (skipping recently counted)" time="0.000182834">
        </testcase>
        <testcase classname="libraries/nestjs-libraries/src/engage/__tests__/engage-scan-ingest.service.spec.ts" name="EngageScanIngestService.updateKeywordHitCounts &gt; no-ops when nothing matches" time="0.000209375">
        </testcase>
    </testsuite>
    <testsuite name="libraries/nestjs-libraries/src/engage/__tests__/engage-scan-lease.service.spec.ts" timestamp="2026-08-07T06:11:56.066Z" hostname="terceldeMac-mini.local" tests="27" failures="0" errors="0" skipped="0" time="0.006132834">
        <testcase classname="libraries/nestjs-libraries/src/engage/__tests__/engage-scan-lease.service.spec.ts" name="normalizeKeyword &gt; lowercases, trims and collapses whitespace" time="0.000679084">
        </testcase>
        <testcase classname="libraries/nestjs-libraries/src/engage/__tests__/engage-scan-lease.service.spec.ts" name="normalizeUsername &gt; case-insensitive platforms: trims, strips @ / u/ prefix, lowercases" time="0.000150125">
        </testcase>
        <testcase classname="libraries/nestjs-libraries/src/engage/__tests__/engage-scan-lease.service.spec.ts" name="normalizeUsername &gt; the X from: query value is invariant to case/@ (same scan-unit key)" time="0.00011675">
        </testcase>
        <testcase classname="libraries/nestjs-libraries/src/engage/__tests__/engage-scan-lease.service.spec.ts" name="normalizeUsername &gt; case-SENSITIVE / unknown platforms are preserved verbatim (no lowercasing)" time="0.000043042">
        </testcase>
        <testcase classname="libraries/nestjs-libraries/src/engage/__tests__/engage-scan-lease.service.spec.ts" name="isValidUsername (from: query-injection guard) &gt; accepts plain handles per platform" time="0.000097083">
        </testcase>
        <testcase classname="libraries/nestjs-libraries/src/engage/__tests__/engage-scan-lease.service.spec.ts" name="isValidUsername (from: query-injection guard) &gt; rejects query-shaping / out-of-charset usernames" time="0.000078375">
        </testcase>
        <testcase classname="libraries/nestjs-libraries/src/engage/__tests__/engage-scan-lease.service.spec.ts" name="EngageScanLeaseService.claim &gt; claims an IDLE unit, writes a fresh leaseToken, and returns it" time="0.001169125">
        </testcase>
        <testcase classname="libraries/nestjs-libraries/src/engage/__tests__/engage-scan-lease.service.spec.ts" name="EngageScanLeaseService.claim &gt; rotates the token each claim (two claims → different tokens)" time="0.000228458">
        </testcase>
        <testcase classname="libraries/nestjs-libraries/src/engage/__tests__/engage-scan-lease.service.spec.ts" name="EngageScanLeaseService.claim &gt; skips a unit freshly leased by someone else (SCANNING, not stale)" time="0.0002165">
        </testcase>
        <testcase classname="libraries/nestjs-libraries/src/engage/__tests__/engage-scan-lease.service.spec.ts" name="EngageScanLeaseService.claim &gt; reclaims a STALE SCANNING unit (lease expired — browser vanished)" time="0.000120375">
        </testcase>
        <testcase classname="libraries/nestjs-libraries/src/engage/__tests__/engage-scan-lease.service.spec.ts" name="EngageScanLeaseService.claim &gt; honours the cadence gate: skips a recently-scanned IDLE unit" time="0.000075291">
        </testcase>
        <testcase classname="libraries/nestjs-libraries/src/engage/__tests__/engage-scan-lease.service.spec.ts" name="EngageScanLeaseService.claim &gt; force bypasses the cadence gate" time="0.000091083">
        </testcase>
        <testcase classname="libraries/nestjs-libraries/src/engage/__tests__/engage-scan-lease.service.spec.ts" name="EngageScanLeaseService.claim &gt; skips a unit still in cooldown" time="0.000073792">
        </testcase>
        <testcase classname="libraries/nestjs-libraries/src/engage/__tests__/engage-scan-lease.service.spec.ts" name="EngageScanLeaseService.claim &gt; returns null when the atomic CAS loses the race (0 rows updated)" time="0.000074">
        </testcase>
        <testcase classname="libraries/nestjs-libraries/src/engage/__tests__/engage-scan-lease.service.spec.ts" name="EngageScanLeaseService id-based lifecycle (workflow path) &gt; complete advances the cursor, clears the token, and releases" time="0.000140625">
        </testcase>
        <testcase classname="libraries/nestjs-libraries/src/engage/__tests__/engage-scan-lease.service.spec.ts" name="EngageScanLeaseService id-based lifecycle (workflow path) &gt; cooldown releases the lease with a back-off" time="0.000149875">
        </testcase>
        <testcase classname="libraries/nestjs-libraries/src/engage/__tests__/engage-scan-lease.service.spec.ts" name="EngageScanLeaseService id-based lifecycle (workflow path) &gt; release with resetStartedAt makes the unit due again immediately" time="0.000149166">
        </testcase>
        <testcase classname="libraries/nestjs-libraries/src/engage/__tests__/engage-scan-lease.service.spec.ts" name="EngageScanLeaseService.completeByToken (session binding) &gt; completes when the token matches the current SCANNING lease" time="0.000139708">
        </testcase>
        <testcase classname="libraries/nestjs-libraries/src/engage/__tests__/engage-scan-lease.service.spec.ts" name="EngageScanLeaseService.completeByToken (session binding) &gt; returns false for a stale/forged/rotated token (0 rows matched)" time="0.00008125">
        </testcase>
        <testcase classname="libraries/nestjs-libraries/src/engage/__tests__/engage-scan-lease.service.spec.ts" name="EngageScanLeaseService.completeByToken (session binding) &gt; releaseByToken returns false when the token no longer owns the lease" time="0.000084458">
        </testcase>
        <testcase classname="libraries/nestjs-libraries/src/engage/__tests__/engage-scan-lease.service.spec.ts" name="EngageScanLeaseService.releaseByUnit (admin debug) &gt; releases a SCANNING cursor by global unit without advancing the cursor" time="0.000591583">
        </testcase>
        <testcase classname="libraries/nestjs-libraries/src/engage/__tests__/engage-scan-lease.service.spec.ts" name="EngageScanLeaseService.releaseByUnit (admin debug) &gt; can clear cooldown when explicitly requested" time="0.000106791">
        </testcase>
        <testcase classname="libraries/nestjs-libraries/src/engage/__tests__/engage-scan-lease.service.spec.ts" name="EngageScanLeaseService.releaseByUnit (admin debug) &gt; reports not scanning without mutating an IDLE cursor" time="0.000315833">
        </testcase>
        <testcase classname="libraries/nestjs-libraries/src/engage/__tests__/engage-scan-lease.service.spec.ts" name="EngageScanLeaseService.releaseByUnit (admin debug) &gt; reports cursor not found" time="0.000114584">
        </testcase>
        <testcase classname="libraries/nestjs-libraries/src/engage/__tests__/engage-scan-lease.service.spec.ts" name="EngageScanLeaseService.claim cadenceFn (dormant-account backoff) &gt; is NOT due under the multiplied cadence even though the base interval elapsed" time="0.000103625">
        </testcase>
        <testcase classname="libraries/nestjs-libraries/src/engage/__tests__/engage-scan-lease.service.spec.ts" name="EngageScanLeaseService.claim cadenceFn (dormant-account backoff) &gt; claims once the multiplied cadence has elapsed" time="0.000091625">
        </testcase>
        <testcase classname="libraries/nestjs-libraries/src/engage/__tests__/engage-scan-lease.service.spec.ts" name="EngageScanLeaseService.claim cadenceFn (dormant-account backoff) &gt; a freshly-active account (recent lastSeenAt) uses the base cadence" time="0.000077375">
        </testcase>
    </testsuite>
    <testsuite name="libraries/nestjs-libraries/src/engage/__tests__/engage-scan-tasks.service.spec.ts" timestamp="2026-08-07T06:11:56.068Z" hostname="terceldeMac-mini.local" tests="36" failures="0" errors="0" skipped="0" time="0.383270208">
        <testcase classname="libraries/nestjs-libraries/src/engage/__tests__/engage-scan-tasks.service.spec.ts" name="EngageScanTasksService.sync — claim (bootstrap) &gt; returns [] when the org has no enabled config" time="0.11761125">
        </testcase>
        <testcase classname="libraries/nestjs-libraries/src/engage/__tests__/engage-scan-tasks.service.spec.ts" name="EngageScanTasksService.sync — claim (bootstrap) &gt; claims up to `want` units and exposes the leaseToken as taskId (not the cursor id)" time="0.010435375">
        </testcase>
        <testcase classname="libraries/nestjs-libraries/src/engage/__tests__/engage-scan-tasks.service.spec.ts" name="EngageScanTasksService.sync — claim (bootstrap) &gt; fans keyword units out to the resolved allowlist (operation_plan.allowed_platforms → linkedin included, x dropped)" time="0.090111625">
        </testcase>
        <testcase classname="libraries/nestjs-libraries/src/engage/__tests__/engage-scan-tasks.service.spec.ts" name="EngageScanTasksService.sync — claim (bootstrap) &gt; reactivates a dormant unit to the &quot;initial&quot; (deeper) phase when its cursor is older than the freshness window" time="0.011210209">
        </testcase>
        <testcase classname="libraries/nestjs-libraries/src/engage/__tests__/engage-scan-tasks.service.spec.ts" name="EngageScanTasksService.sync — claim (bootstrap) &gt; keeps a unit on the &quot;incremental&quot; (single-page) phase when its cursor is within the freshness window" time="0.003175083">
        </testcase>
        <testcase classname="libraries/nestjs-libraries/src/engage/__tests__/engage-scan-tasks.service.spec.ts" name="EngageScanTasksService.sync — claim (bootstrap) &gt; treats a cursor with a timestamp but no id (or vice versa) as unverifiable and reactivates to &quot;initial&quot; rather than trusting it" time="0.006226417">
        </testcase>
        <testcase classname="libraries/nestjs-libraries/src/engage/__tests__/engage-scan-tasks.service.spec.ts" name="EngageScanTasksService.sync — claim (bootstrap) &gt; stops at `want` even if more units are due" time="0.005661584">
        </testcase>
        <testcase classname="libraries/nestjs-libraries/src/engage/__tests__/engage-scan-tasks.service.spec.ts" name="EngageScanTasksService.sync — claim (bootstrap) &gt; claims only selected units and treats manual selection as a forced claim" time="0.000537708">
        </testcase>
        <testcase classname="libraries/nestjs-libraries/src/engage/__tests__/engage-scan-tasks.service.spec.ts" name="EngageScanTasksService.sync — claim (bootstrap) &gt; fans a keyword out to article/forum platforms and enumerates their tracked accounts" time="0.008343041">
        </testcase>
        <testcase classname="libraries/nestjs-libraries/src/engage/__tests__/engage-scan-tasks.service.spec.ts" name="EngageScanTasksService.sync — claim (bootstrap) &gt; does not claim selected units outside the org config" time="0.000350917">
        </testcase>
        <testcase classname="libraries/nestjs-libraries/src/engage/__tests__/engage-scan-tasks.service.spec.ts" name="EngageScanTasksService.sync — claim (bootstrap) &gt; enumerates units across ALL enabled project-scoped configs and dedups a keyword shared across projects" time="0.008594834">
        </testcase>
        <testcase classname="libraries/nestjs-libraries/src/engage/__tests__/engage-scan-tasks.service.spec.ts" name="EngageScanTasksService.sync — claim (bootstrap) &gt; builds tracked/reddit-channel queries from keywords pooled across all configs" time="0.000317833">
        </testcase>
        <testcase classname="libraries/nestjs-libraries/src/engage/__tests__/engage-scan-tasks.service.spec.ts" name="EngageScanTasksService — fast-lane hint &gt; reports pending work once it has been marked" time="0.015899583">
        </testcase>
        <testcase classname="libraries/nestjs-libraries/src/engage/__tests__/engage-scan-tasks.service.spec.ts" name="EngageScanTasksService — fast-lane hint &gt; drops the hint when a claim comes back empty" time="0.020198042">
        </testcase>
        <testcase classname="libraries/nestjs-libraries/src/engage/__tests__/engage-scan-tasks.service.spec.ts" name="EngageScanTasksService — fast-lane hint &gt; keeps the hint while tasks are still being handed out" time="0.014030375">
        </testcase>
        <testcase classname="libraries/nestjs-libraries/src/engage/__tests__/engage-scan-tasks.service.spec.ts" name="EngageScanTasksService — fast-lane hint &gt; keeps a hint raised while the claim was running" time="0.019912292">
        </testcase>
        <testcase classname="libraries/nestjs-libraries/src/engage/__tests__/engage-scan-tasks.service.spec.ts" name="EngageScanTasksService — fast-lane hint &gt; does not retract an org-wide hint on the unit-scoped debug path" time="0.012954917">
        </testcase>
        <testcase classname="libraries/nestjs-libraries/src/engage/__tests__/engage-scan-tasks.service.spec.ts" name="EngageScanTasksService.ingestCollectedPosts &gt; scores + persists collected posts against EVERY enabled project-scoped config" time="0.000921584">
        </testcase>
        <testcase classname="libraries/nestjs-libraries/src/engage/__tests__/engage-scan-tasks.service.spec.ts" name="EngageScanTasksService.ingestCollectedPosts &gt; returns no-config reason when the org has no enabled config at all" time="0.000208417">
        </testcase>
        <testcase classname="libraries/nestjs-libraries/src/engage/__tests__/engage-scan-tasks.service.spec.ts" name="EngageScanTasksService.sync — ingest completed &gt; drops an ingest with an invalid/expired lease token" time="0.0157905">
        </testcase>
        <testcase classname="libraries/nestjs-libraries/src/engage/__tests__/engage-scan-tasks.service.spec.ts" name="EngageScanTasksService.sync — ingest completed &gt; fans out to subscribers, derives cursor from posts, then completes by token" time="0.0040835">
        </testcase>
        <testcase classname="libraries/nestjs-libraries/src/engage/__tests__/engage-scan-tasks.service.spec.ts" name="EngageScanTasksService.sync — ingest completed &gt; isolates a per-org ingest failure and STILL completes the lease (W2)" time="0.004502416">
        </testcase>
        <testcase classname="libraries/nestjs-libraries/src/engage/__tests__/engage-scan-tasks.service.spec.ts" name="EngageScanTasksService.sync — ingest completed &gt; releases (without advancing) when subscriber resolution throws (W2)" time="0.004986042">
        </testcase>
        <testcase classname="libraries/nestjs-libraries/src/engage/__tests__/engage-scan-tasks.service.spec.ts" name="EngageScanTasksService.sync — ingest completed &gt; ignores a future-dated post when deriving the cursor (W1 — no cross-org poisoning)" time="0.005454625">
        </testcase>
        <testcase classname="libraries/nestjs-libraries/src/engage/__tests__/engage-scan-tasks.service.spec.ts" name="buildTrackedKeywordQuery &gt; returns undefined for empty keyword list" time="0.000088416">
        </testcase>
        <testcase classname="libraries/nestjs-libraries/src/engage/__tests__/engage-scan-tasks.service.spec.ts" name="buildTrackedKeywordQuery &gt; builds correct from:account (kw) query for a single keyword" time="0.000050083">
        </testcase>
        <testcase classname="libraries/nestjs-libraries/src/engage/__tests__/engage-scan-tasks.service.spec.ts" name="buildTrackedKeywordQuery &gt; joins multiple keywords with OR" time="0.000037459">
        </testcase>
        <testcase classname="libraries/nestjs-libraries/src/engage/__tests__/engage-scan-tasks.service.spec.ts" name="buildTrackedKeywordQuery &gt; quotes multi-word keywords" time="0.000033834">
        </testcase>
        <testcase classname="libraries/nestjs-libraries/src/engage/__tests__/engage-scan-tasks.service.spec.ts" name="buildTrackedKeywordQuery &gt; truncates keywords that would exceed the 460-char budget" time="0.00014525">
        </testcase>
        <testcase classname="libraries/nestjs-libraries/src/engage/__tests__/engage-scan-tasks.service.spec.ts" name="buildTrackedKeywordQuery &gt; returns undefined when username alone exceeds budget" time="0.000039083">
        </testcase>
        <testcase classname="libraries/nestjs-libraries/src/engage/__tests__/engage-scan-tasks.service.spec.ts" name="buildRedditChannelKeywordQuery &gt; returns undefined for empty keyword list" time="0.00003625">
        </testcase>
        <testcase classname="libraries/nestjs-libraries/src/engage/__tests__/engage-scan-tasks.service.spec.ts" name="buildRedditChannelKeywordQuery &gt; returns a single keyword as-is" time="0.000031458">
        </testcase>
        <testcase classname="libraries/nestjs-libraries/src/engage/__tests__/engage-scan-tasks.service.spec.ts" name="buildRedditChannelKeywordQuery &gt; joins multiple keywords with OR" time="0.000030041">
        </testcase>
        <testcase classname="libraries/nestjs-libraries/src/engage/__tests__/engage-scan-tasks.service.spec.ts" name="buildRedditChannelKeywordQuery &gt; quotes multi-word keywords" time="0.000029041">
        </testcase>
        <testcase classname="libraries/nestjs-libraries/src/engage/__tests__/engage-scan-tasks.service.spec.ts" name="buildRedditChannelKeywordQuery &gt; truncates keywords that would exceed the 480-char budget" time="0.00005875">
        </testcase>
        <testcase classname="libraries/nestjs-libraries/src/engage/__tests__/engage-scan-tasks.service.spec.ts" name="buildRedditChannelKeywordQuery &gt; produces a query usable as a Reddit search q param (no from: prefix)" time="0.000042167">
        </testcase>
    </testsuite>
    <testsuite name="libraries/nestjs-libraries/src/engage/__tests__/engage-scan-ticker-config.spec.ts" timestamp="2026-08-07T06:11:56.069Z" hostname="terceldeMac-mini.local" tests="3" failures="0" errors="0" skipped="0" time="0.0040745">
        <testcase classname="libraries/nestjs-libraries/src/engage/__tests__/engage-scan-ticker-config.spec.ts" name="EngageService scan executor (event-driven, no periodic interval) &gt; starts engage-scan-ticker with NO interval arg (no periodic tick)" time="0.002695875">
        </testcase>
        <testcase classname="libraries/nestjs-libraries/src/engage/__tests__/engage-scan-ticker-config.spec.ts" name="EngageService scan executor (event-driven, no periodic interval) &gt; triggerImmediateScan force-signals triggerScanNow (starts with no interval on miss)" time="0.000708542">
        </testcase>
        <testcase classname="libraries/nestjs-libraries/src/engage/__tests__/engage-scan-ticker-config.spec.ts" name="EngageService scan executor (event-driven, no periodic interval) &gt; triggerDueScan non-force-signals triggerDueScan" time="0.000150792">
        </testcase>
    </testsuite>
    <testsuite name="libraries/nestjs-libraries/src/engage/__tests__/engage-scorer.spec.ts" timestamp="2026-08-07T06:11:56.070Z" hostname="terceldeMac-mini.local" tests="25" failures="0" errors="0" skipped="0" time="0.003428625">
        <testcase classname="libraries/nestjs-libraries/src/engage/__tests__/engage-scorer.spec.ts" name="engage-scorer &gt; postMatchesKeyword — CJK keywords (fix #9) &gt; matches a Chinese-only keyword inside Chinese content" time="0.000846959">
        </testcase>
        <testcase classname="libraries/nestjs-libraries/src/engage/__tests__/engage-scorer.spec.ts" name="engage-scorer &gt; postMatchesKeyword — CJK keywords (fix #9) &gt; does NOT match ASCII keyword against unrelated substring (e.g. &quot;AI&quot; in &quot;rail&quot;)" time="0.000112959">
        </testcase>
        <testcase classname="libraries/nestjs-libraries/src/engage/__tests__/engage-scorer.spec.ts" name="engage-scorer &gt; postMatchesKeyword — CJK keywords (fix #9) &gt; matches ASCII keyword with proper word boundary" time="0.000070083">
        </testcase>
        <testcase classname="libraries/nestjs-libraries/src/engage/__tests__/engage-scorer.spec.ts" name="engage-scorer &gt; postMatchesKeyword — CJK keywords (fix #9) &gt; matches mixed CJK keyword like &quot;SEO媒体&quot; against the same string" time="0.000068">
        </testcase>
        <testcase classname="libraries/nestjs-libraries/src/engage/__tests__/engage-scorer.spec.ts" name="engage-scorer &gt; postMatchesKeyword — CJK keywords (fix #9) &gt; CJK keyword does NOT match when content uses different chars" time="0.00004875">
        </testcase>
        <testcase classname="libraries/nestjs-libraries/src/engage/__tests__/engage-scorer.spec.ts" name="engage-scorer &gt; computeKeywordScore — BRAND/COMPETITOR bonus (fix #8 invariant) &gt; grants +5 bonus only when type is exactly &quot;BRAND&quot;" time="0.0001145">
        </testcase>
        <testcase classname="libraries/nestjs-libraries/src/engage/__tests__/engage-scorer.spec.ts" name="engage-scorer &gt; computeKeywordScore — BRAND/COMPETITOR bonus (fix #8 invariant) &gt; grants +3 bonus only when type is exactly &quot;COMPETITOR&quot;" time="0.000068875">
        </testcase>
        <testcase classname="libraries/nestjs-libraries/src/engage/__tests__/engage-scorer.spec.ts" name="engage-scorer &gt; computeKeywordScore — BRAND/COMPETITOR bonus (fix #8 invariant) &gt; returns null when no enabled keyword hits" time="0.000043292">
        </testcase>
        <testcase classname="libraries/nestjs-libraries/src/engage/__tests__/engage-scorer.spec.ts" name="engage-scorer &gt; matchedKeywords — the enabled keywords actually hit &gt; reports only the enabled keywords present in the content" time="0.000334083">
        </testcase>
        <testcase classname="libraries/nestjs-libraries/src/engage/__tests__/engage-scorer.spec.ts" name="engage-scorer &gt; scoreHeat — per-platform branch routing &gt; X: sums the specified view and engagement tiers, including strict thresholds" time="0.000323875">
        </testcase>
        <testcase classname="libraries/nestjs-libraries/src/engage/__tests__/engage-scorer.spec.ts" name="engage-scorer &gt; scoreHeat — per-platform branch routing &gt; X: weights replies, retweets, and quotes and excludes shares from x_heat" time="0.0000815">
        </testcase>
        <testcase classname="libraries/nestjs-libraries/src/engage/__tests__/engage-scorer.spec.ts" name="engage-scorer &gt; scoreHeat — per-platform branch routing &gt; text branch (bluesky): likes*1+replies*3+... → 400 lands in the &gt;300 bucket (23)" time="0.000049834">
        </testcase>
        <testcase classname="libraries/nestjs-libraries/src/engage/__tests__/engage-scorer.spec.ts" name="engage-scorer &gt; scoreHeat — per-platform branch routing &gt; video branch (youtube): views are weighted (200k*0.005=1000 → &gt;800 bucket, 33)" time="0.000049875">
        </testcase>
        <testcase classname="libraries/nestjs-libraries/src/engage/__tests__/engage-scorer.spec.ts" name="engage-scorer &gt; scoreHeat — per-platform branch routing &gt; network branch (instagram): saves are weighted (300*4=1200 → &gt;1000 bucket, 45)" time="0.000044708">
        </testcase>
        <testcase classname="libraries/nestjs-libraries/src/engage/__tests__/engage-scorer.spec.ts" name="engage-scorer &gt; scoreHeat — per-platform branch routing &gt; community branch (reddit): score*upvoteRatio+comments*2 → 500 in the &gt;400 bucket (33)" time="0.000047542">
        </testcase>
        <testcase classname="libraries/nestjs-libraries/src/engage/__tests__/engage-scorer.spec.ts" name="engage-scorer &gt; scoreHeat — per-platform branch routing &gt; unknown platform falls through to the community branch" time="0.00003525">
        </testcase>
        <testcase classname="libraries/nestjs-libraries/src/engage/__tests__/engage-scorer.spec.ts" name="engage-scorer &gt; scoreHeat — per-platform branch routing &gt; community branch clamps a heavily-downvoted score to 0 (no negative heat)" time="0.000031458">
        </testcase>
        <testcase classname="libraries/nestjs-libraries/src/engage/__tests__/engage-scorer.spec.ts" name="engage-scorer &gt; scoreAuthority — caps at 15 (spec) &gt; X: &gt;50k followers → 15 (max)" time="0.000057125">
        </testcase>
        <testcase classname="libraries/nestjs-libraries/src/engage/__tests__/engage-scorer.spec.ts" name="engage-scorer &gt; scoreAuthority — caps at 15 (spec) &gt; X: small/zero followers → base 2" time="0.000042542">
        </testcase>
        <testcase classname="libraries/nestjs-libraries/src/engage/__tests__/engage-scorer.spec.ts" name="engage-scorer &gt; scoreAuthority — caps at 15 (spec) &gt; community (reddit): authority from channelFollowers (subreddit size), &gt;1M → 15" time="0.000046417">
        </testcase>
        <testcase classname="libraries/nestjs-libraries/src/engage/__tests__/engage-scorer.spec.ts" name="engage-scorer &gt; scoreAuthority — caps at 15 (spec) &gt; community (reddit): author followers are IGNORED — only channelFollowers drives it" time="0.000036708">
        </testcase>
        <testcase classname="libraries/nestjs-libraries/src/engage/__tests__/engage-scorer.spec.ts" name="engage-scorer &gt; scoreRecency — binary 24h (spec) &gt; within 24h → 5" time="0.000043166">
        </testcase>
        <testcase classname="libraries/nestjs-libraries/src/engage/__tests__/engage-scorer.spec.ts" name="engage-scorer &gt; scoreRecency — binary 24h (spec) &gt; older than 24h → 0" time="0.000043167">
        </testcase>
        <testcase classname="libraries/nestjs-libraries/src/engage/__tests__/engage-scorer.spec.ts" name="engage-scorer &gt; 重点账户 bonus — scoreTracked &gt; no tracked flag → scoreTracked 0" time="0.000032834">
        </testcase>
        <testcase classname="libraries/nestjs-libraries/src/engage/__tests__/engage-scorer.spec.ts" name="engage-scorer &gt; 重点账户 bonus — scoreTracked &gt; isFromTrackedAccount adds +5" time="0.000065542">
        </testcase>
    </testsuite>
    <testsuite name="libraries/nestjs-libraries/src/engage/__tests__/engage-setup-quota.spec.ts" timestamp="2026-08-07T06:11:56.071Z" hostname="terceldeMac-mini.local" tests="9" failures="0" errors="0" skipped="0" time="0.003588542">
        <testcase classname="libraries/nestjs-libraries/src/engage/__tests__/engage-setup-quota.spec.ts" name="EngageService.setupEngage — quota gate &gt; charges keywords, and channels+tracked as one per-platform pool, with the config id" time="0.001421041">
        </testcase>
        <testcase classname="libraries/nestjs-libraries/src/engage/__tests__/engage-setup-quota.spec.ts" name="EngageService.setupEngage — quota gate &gt; sums channels and tracked accounts on the SAME platform into one charge" time="0.000161208">
        </testcase>
        <testcase classname="libraries/nestjs-libraries/src/engage/__tests__/engage-setup-quota.spec.ts" name="EngageService.setupEngage — quota gate &gt; does not write when a cap rejects the payload" time="0.000580792">
        </testcase>
        <testcase classname="libraries/nestjs-libraries/src/engage/__tests__/engage-setup-quota.spec.ts" name="EngageService.setupEngage — quota gate &gt; charges nothing for units that already exist (skipDuplicates re-run)" time="0.000109208">
        </testcase>
        <testcase classname="libraries/nestjs-libraries/src/engage/__tests__/engage-setup-quota.spec.ts" name="EngageService.setupEngage — quota gate &gt; charges only the genuinely new units in a partially-overlapping payload" time="0.000074209">
        </testcase>
        <testcase classname="libraries/nestjs-libraries/src/engage/__tests__/engage-setup-quota.spec.ts" name="EngageService.setupEngage — quota gate &gt; counts a unit repeated within one payload once, like the write does" time="0.000089709">
        </testcase>
        <testcase classname="libraries/nestjs-libraries/src/engage/__tests__/engage-setup-quota.spec.ts" name="EngageService.setupEngage — quota gate &gt; does not charge a keyword explicitly sent as disabled" time="0.000066208">
        </testcase>
        <testcase classname="libraries/nestjs-libraries/src/engage/__tests__/engage-setup-quota.spec.ts" name="EngageService.setupEngage — quota gate &gt; skips the check entirely for unit types the payload omits" time="0.000081417">
        </testcase>
        <testcase classname="libraries/nestjs-libraries/src/engage/__tests__/engage-setup-quota.spec.ts" name="EngageService.setupEngage — quota gate &gt; treats the same channelId on different platforms as distinct units" time="0.000163459">
        </testcase>
    </testsuite>
    <testsuite name="libraries/nestjs-libraries/src/engage/__tests__/reddit-loid-redis.spec.ts" timestamp="2026-08-07T06:11:56.071Z" hostname="terceldeMac-mini.local" tests="6" failures="0" errors="0" skipped="0" time="0.143139167">
        <testcase classname="libraries/nestjs-libraries/src/engage/__tests__/reddit-loid-redis.spec.ts" name="reddit-loid — L1/L2 cache + 403 eviction &gt; cold start: mints once, returns the loid, and writes it to the shared (L2) cache" time="0.037181875">
        </testcase>
        <testcase classname="libraries/nestjs-libraries/src/engage/__tests__/reddit-loid-redis.spec.ts" name="reddit-loid — L1/L2 cache + 403 eviction &gt; L1 hit: a second call within TTL does NOT mint again" time="0.022172875">
        </testcase>
        <testcase classname="libraries/nestjs-libraries/src/engage/__tests__/reddit-loid-redis.spec.ts" name="reddit-loid — L1/L2 cache + 403 eviction &gt; L2 hit: a fresh process (empty L1) adopts the host loid from Redis without minting" time="0.0082845">
        </testcase>
        <testcase classname="libraries/nestjs-libraries/src/engage/__tests__/reddit-loid-redis.spec.ts" name="reddit-loid — L1/L2 cache + 403 eviction &gt; clearRedditLoidCache evicts the shared Redis key (DEL), not just L1" time="0.0154165">
        </testcase>
        <testcase classname="libraries/nestjs-libraries/src/engage/__tests__/reddit-loid-redis.spec.ts" name="reddit-loid — L1/L2 cache + 403 eviction &gt; 403 invariant: a flagged loid in Redis is DROPPED and re-mint fetches a NEW one (no read-back)" time="0.043694833">
        </testcase>
        <testcase classname="libraries/nestjs-libraries/src/engage/__tests__/reddit-loid-redis.spec.ts" name="reddit-loid — L1/L2 cache + 403 eviction &gt; Redis down: a failing L2 read degrades to L1-only minting (never throws)" time="0.015708875">
        </testcase>
    </testsuite>
    <testsuite name="libraries/nestjs-libraries/src/engage/__tests__/reddit-loid-tiered.spec.ts" timestamp="2026-08-07T06:11:56.072Z" hostname="terceldeMac-mini.local" tests="8" failures="0" errors="0" skipped="0" time="0.043928708">
        <testcase classname="libraries/nestjs-libraries/src/engage/__tests__/reddit-loid-tiered.spec.ts" name="redditPublicGet — tiered proxy strategy &gt; returns immediately when the proxy succeeds (no fallback)" time="0.00201425">
        </testcase>
        <testcase classname="libraries/nestjs-libraries/src/engage/__tests__/reddit-loid-tiered.spec.ts" name="redditPublicGet — tiered proxy strategy &gt; tier 2: rotates IP through the proxy on 403, succeeds on a later attempt" time="0.027047375">
        </testcase>
        <testcase classname="libraries/nestjs-libraries/src/engage/__tests__/reddit-loid-tiered.spec.ts" name="redditPublicGet — tiered proxy strategy &gt; tier 3: all proxy attempts blocked → falls back to direct" time="0.013064958">
        </testcase>
        <testcase classname="libraries/nestjs-libraries/src/engage/__tests__/reddit-loid-tiered.spec.ts" name="redditPublicGet — tiered proxy strategy &gt; tier 1: proxy unreachable (connection error) → direct immediately, no proxy retries" time="0.000320083">
        </testcase>
        <testcase classname="libraries/nestjs-libraries/src/engage/__tests__/reddit-loid-tiered.spec.ts" name="redditPublicGet — tiered proxy strategy &gt; tier 1: proxy 407 (CONNECT tunnel rejected) → direct immediately, no proxy retries" time="0.000214083">
        </testcase>
        <testcase classname="libraries/nestjs-libraries/src/engage/__tests__/reddit-loid-tiered.spec.ts" name="redditPublicGet — tiered proxy strategy &gt; uses the proxy first by default when a proxy is configured" time="0.000130208">
        </testcase>
        <testcase classname="libraries/nestjs-libraries/src/engage/__tests__/reddit-loid-tiered.spec.ts" name="redditPublicGet — tiered proxy strategy &gt; passes through a non-block error status (e.g. 404) without rotating or falling back" time="0.000118333">
        </testcase>
        <testcase classname="libraries/nestjs-libraries/src/engage/__tests__/reddit-loid-tiered.spec.ts" name="redditPublicGet — tiered proxy strategy &gt; no proxy configured → single direct request" time="0.000102333">
        </testcase>
    </testsuite>
    <testsuite name="libraries/nestjs-libraries/src/engage/__tests__/reddit-scan-adapter.spec.ts" timestamp="2026-08-07T06:11:56.072Z" hostname="terceldeMac-mini.local" tests="13" failures="0" errors="0" skipped="0" time="0.003387792">
        <testcase classname="libraries/nestjs-libraries/src/engage/__tests__/reddit-scan-adapter.spec.ts" name="RedditScanAdapter &gt; channel scope hits /r/{sub}/search with restrict_sr &amp; sort=new" time="0.001120125">
        </testcase>
        <testcase classname="libraries/nestjs-libraries/src/engage/__tests__/reddit-scan-adapter.spec.ts" name="RedditScanAdapter &gt; keyword scope hits global /search" time="0.000146834">
        </testcase>
        <testcase classname="libraries/nestjs-libraries/src/engage/__tests__/reddit-scan-adapter.spec.ts" name="RedditScanAdapter &gt; maps subreddit_subscribers to channelFollowers, not authorFollowers" time="0.000129">
        </testcase>
        <testcase classname="libraries/nestjs-libraries/src/engage/__tests__/reddit-scan-adapter.spec.ts" name="RedditScanAdapter &gt; stops at the cursor timestamp (sort=new descending)" time="0.000361208">
        </testcase>
        <testcase classname="libraries/nestjs-libraries/src/engage/__tests__/reddit-scan-adapter.spec.ts" name="RedditScanAdapter &gt; paginates via after until exhausted" time="0.000161084">
        </testcase>
        <testcase classname="libraries/nestjs-libraries/src/engage/__tests__/reddit-scan-adapter.spec.ts" name="RedditScanAdapter &gt; falls back to the public path when OAuth returns a non-429 error" time="0.000157709">
        </testcase>
        <testcase classname="libraries/nestjs-libraries/src/engage/__tests__/reddit-scan-adapter.spec.ts" name="RedditScanAdapter &gt; flags limited on OAuth 429 without falling back" time="0.000087583">
        </testcase>
        <testcase classname="libraries/nestjs-libraries/src/engage/__tests__/reddit-scan-adapter.spec.ts" name="RedditScanAdapter &gt; uses the public path directly when no token is given" time="0.000084541">
        </testcase>
        <testcase classname="libraries/nestjs-libraries/src/engage/__tests__/reddit-scan-adapter.spec.ts" name="parseRedditRateLimit &gt; converts reset-seconds to an absolute resetAt and 429 retryAfter" time="0.00016">
        </testcase>
        <testcase classname="libraries/nestjs-libraries/src/engage/__tests__/reddit-scan-adapter.spec.ts" name="RedditScanAdapter freshness window (stop line = max(cursor, now-window)) &gt; empty cursor: stops at now-window, drops posts older than the window" time="0.000087417">
        </testcase>
        <testcase classname="libraries/nestjs-libraries/src/engage/__tests__/reddit-scan-adapter.spec.ts" name="RedditScanAdapter freshness window (stop line = max(cursor, now-window)) &gt; cursor MORE recent than the window wins (incremental unchanged)" time="0.00008">
        </testcase>
        <testcase classname="libraries/nestjs-libraries/src/engage/__tests__/reddit-scan-adapter.spec.ts" name="RedditScanAdapter freshness window (stop line = max(cursor, now-window)) &gt; cursor OLDER than the window: capped at now-window, not the stale cursor" time="0.000072584">
        </testcase>
        <testcase classname="libraries/nestjs-libraries/src/engage/__tests__/reddit-scan-adapter.spec.ts" name="RedditScanAdapter freshness window (stop line = max(cursor, now-window)) &gt; no freshnessWindowMs ⇒ legacy behaviour (no cutoff)" time="0.000062375">
        </testcase>
    </testsuite>
    <testsuite name="libraries/nestjs-libraries/src/engage/__tests__/reddit-search.integration.spec.ts" timestamp="2026-08-07T06:11:56.073Z" hostname="terceldeMac-mini.local" tests="10" failures="0" errors="0" skipped="10" time="0">
        <testcase classname="libraries/nestjs-libraries/src/engage/__tests__/reddit-search.integration.spec.ts" name="Step 1 — Reddit token probe &gt; documents client_credentials behaviour by app type" time="0">
            <skipped/>
        </testcase>
        <testcase classname="libraries/nestjs-libraries/src/engage/__tests__/reddit-search.integration.spec.ts" name="Step 2 — primary search for &quot;football&quot; &gt; hits /subreddits/search and prints raw response" time="0">
            <skipped/>
        </testcase>
        <testcase classname="libraries/nestjs-libraries/src/engage/__tests__/reddit-search.integration.spec.ts" name="Step 3 — fallback /r/football/about &gt; hits /about and prints subreddit metadata" time="0">
            <skipped/>
        </testcase>
        <testcase classname="libraries/nestjs-libraries/src/engage/__tests__/reddit-search.integration.spec.ts" name="Step 3b — public JSON API, bot UA vs browser UA &gt; bot UA → search.json for &quot;football&quot;" time="0">
            <skipped/>
        </testcase>
        <testcase classname="libraries/nestjs-libraries/src/engage/__tests__/reddit-search.integration.spec.ts" name="Step 3b — public JSON API, bot UA vs browser UA &gt; browser UA → search.json for &quot;football&quot;" time="0">
            <skipped/>
        </testcase>
        <testcase classname="libraries/nestjs-libraries/src/engage/__tests__/reddit-search.integration.spec.ts" name="Step 3b — public JSON API, bot UA vs browser UA &gt; browser UA → about.json for r/football" time="0">
            <skipped/>
        </testcase>
        <testcase classname="libraries/nestjs-libraries/src/engage/__tests__/reddit-search.integration.spec.ts" name="Step 5 — global post search for keyword &quot;football&quot; &gt; searches posts across all subreddits and prints data" time="0">
            <skipped/>
        </testcase>
        <testcase classname="libraries/nestjs-libraries/src/engage/__tests__/reddit-search.integration.spec.ts" name="Step 5 — global post search for keyword &quot;football&quot; &gt; bot UA → same endpoint returns same results?" time="0">
            <skipped/>
        </testcase>
        <testcase classname="libraries/nestjs-libraries/src/engage/__tests__/reddit-search.integration.spec.ts" name="Step 4 — EngageService._searchRedditSubreddits end-to-end &gt; returns results for &quot;r/football&quot;" time="0">
            <skipped/>
        </testcase>
        <testcase classname="libraries/nestjs-libraries/src/engage/__tests__/reddit-search.integration.spec.ts" name="Step 4 — EngageService._searchRedditSubreddits end-to-end &gt; normalises &quot;ColorPuzzleGame&quot; (no r/ prefix) identically" time="0">
            <skipped/>
        </testcase>
    </testsuite>
    <testsuite name="libraries/nestjs-libraries/src/engage/__tests__/reddit-url.spec.ts" timestamp="2026-08-07T06:11:56.073Z" hostname="terceldeMac-mini.local" tests="11" failures="0" errors="0" skipped="0" time="0.001595">
        <testcase classname="libraries/nestjs-libraries/src/engage/__tests__/reddit-url.spec.ts" name="parseRedditCommentId &gt; extracts the comment id from https://www.reddit.com/r/SEO/comments/1skxs73/comment/og2vc34/?utm_source=share&amp;utm_medium=web3x" time="0.000673833">
        </testcase>
        <testcase classname="libraries/nestjs-libraries/src/engage/__tests__/reddit-url.spec.ts" name="parseRedditCommentId &gt; extracts the comment id from https://www.reddit.com/r/SEO/comments/1skxs73/comment/opgs5z0/?utm_source=share" time="0.000086375">
        </testcase>
        <testcase classname="libraries/nestjs-libraries/src/engage/__tests__/reddit-url.spec.ts" name="parseRedditCommentId &gt; extracts the comment id from https://www.reddit.com/r/nba/comments/tdfnx6/some_title_slug/abc123/" time="0.000038">
        </testcase>
        <testcase classname="libraries/nestjs-libraries/src/engage/__tests__/reddit-url.spec.ts" name="parseRedditCommentId &gt; extracts the comment id from   reddit.com/r/x/comments/p1/comment/cmt99/ " time="0.000041875">
        </testcase>
        <testcase classname="libraries/nestjs-libraries/src/engage/__tests__/reddit-url.spec.ts" name="parseRedditCommentId &gt; returns null when there is no comment id: https://www.reddit.com/r/nba/comments/d" time="0.00004925">
        </testcase>
        <testcase classname="libraries/nestjs-libraries/src/engage/__tests__/reddit-url.spec.ts" name="parseRedditCommentId &gt; returns null when there is no comment id: https://www.reddit.com/r/SEO/comments/1n7glmq/understanding_geo_in_seo/" time="0.000028417">
        </testcase>
        <testcase classname="libraries/nestjs-libraries/src/engage/__tests__/reddit-url.spec.ts" name="parseRedditCommentId &gt; returns null when there is no comment id: https://www.reddit.com/r/SEO" time="0.000026834">
        </testcase>
        <testcase classname="libraries/nestjs-libraries/src/engage/__tests__/reddit-url.spec.ts" name="parseRedditCommentId &gt; returns null when there is no comment id: not a url" time="0.000040583">
        </testcase>
        <testcase classname="libraries/nestjs-libraries/src/engage/__tests__/reddit-url.spec.ts" name="parseRedditCommentId &gt; returns null when there is no comment id: " time="0.0000245">
        </testcase>
        <testcase classname="libraries/nestjs-libraries/src/engage/__tests__/reddit-url.spec.ts" name="parseRedditCommentId &gt; returns null when there is no comment id: null" time="0.000028541">
        </testcase>
        <testcase classname="libraries/nestjs-libraries/src/engage/__tests__/reddit-url.spec.ts" name="parseRedditCommentId &gt; returns null when there is no comment id: undefined" time="0.000022584">
        </testcase>
    </testsuite>
    <testsuite name="libraries/nestjs-libraries/src/engage/__tests__/resolve-x-reply-integration.spec.ts" timestamp="2026-08-07T06:11:56.074Z" hostname="terceldeMac-mini.local" tests="8" failures="0" errors="0" skipped="0" time="0.001901125">
        <testcase classname="libraries/nestjs-libraries/src/engage/__tests__/resolve-x-reply-integration.spec.ts" name="parseXHandle &gt; extracts the lowercased handle from x.com and twitter.com URLs" time="0.00069075">
        </testcase>
        <testcase classname="libraries/nestjs-libraries/src/engage/__tests__/resolve-x-reply-integration.spec.ts" name="parseXHandle &gt; strips a leading @" time="0.0000575">
        </testcase>
        <testcase classname="libraries/nestjs-libraries/src/engage/__tests__/resolve-x-reply-integration.spec.ts" name="parseXHandle &gt; returns null for non-status URLs or null input" time="0.000070041">
        </testcase>
        <testcase classname="libraries/nestjs-libraries/src/engage/__tests__/resolve-x-reply-integration.spec.ts" name="pickXReplyIntegration &gt; returns null when there are no candidates" time="0.000053959">
        </testcase>
        <testcase classname="libraries/nestjs-libraries/src/engage/__tests__/resolve-x-reply-integration.spec.ts" name="pickXReplyIntegration &gt; prefers an exact handle match (the tweet author) above all" time="0.000314">
        </testcase>
        <testcase classname="libraries/nestjs-libraries/src/engage/__tests__/resolve-x-reply-integration.spec.ts" name="pickXReplyIntegration &gt; matches handle case-insensitively and ignores @" time="0.000056959">
        </testcase>
        <testcase classname="libraries/nestjs-libraries/src/engage/__tests__/resolve-x-reply-integration.spec.ts" name="pickXReplyIntegration &gt; returns null when no candidate handle matches the author (no fallback)" time="0.0000545">
        </testcase>
        <testcase classname="libraries/nestjs-libraries/src/engage/__tests__/resolve-x-reply-integration.spec.ts" name="pickXReplyIntegration &gt; returns null when the reply URL has no parseable handle" time="0.000045417">
        </testcase>
    </testsuite>
    <testsuite name="libraries/nestjs-libraries/src/engage/__tests__/token-pool.spec.ts" timestamp="2026-08-07T06:11:56.074Z" hostname="terceldeMac-mini.local" tests="5" failures="0" errors="0" skipped="0" time="0.001760708">
        <testcase classname="libraries/nestjs-libraries/src/engage/__tests__/token-pool.spec.ts" name="TokenPool &gt; round-robins least-recently-used tokens" time="0.000770583">
        </testcase>
        <testcase classname="libraries/nestjs-libraries/src/engage/__tests__/token-pool.spec.ts" name="TokenPool &gt; parks a token until retryAfter after a hard limit" time="0.000130625">
        </testcase>
        <testcase classname="libraries/nestjs-libraries/src/engage/__tests__/token-pool.spec.ts" name="TokenPool &gt; parks a token whose window is exhausted until reset" time="0.000075916">
        </testcase>
        <testcase classname="libraries/nestjs-libraries/src/engage/__tests__/token-pool.spec.ts" name="TokenPool &gt; acquire returns null and nextAvailableAt reports recovery time when all parked" time="0.000080167">
        </testcase>
        <testcase classname="libraries/nestjs-libraries/src/engage/__tests__/token-pool.spec.ts" name="TokenPool &gt; uses a default 60s cool-down when no retry hint is given" time="0.000054625">
        </testcase>
    </testsuite>
    <testsuite name="libraries/nestjs-libraries/src/engage/__tests__/x-scan-adapter.integration.spec.ts" timestamp="2026-08-07T06:11:56.074Z" hostname="terceldeMac-mini.local" tests="3" failures="0" errors="0" skipped="0" time="2.780100292">
        <testcase classname="libraries/nestjs-libraries/src/engage/__tests__/x-scan-adapter.integration.spec.ts" name="XScanAdapter (REAL X API — from:account keyword) &gt; from:aiperceivable (apcore) → only aiperceivable&apos;s posts, HTTP 200, not rate-limited" time="0.296208417">
            <system-out>
[aiperceivable|apcore] X tracked scan: 0 replyable post(s) over 1 query(ies), 1 call(s)

[aiperceivable|apcore] query sent: from:aiperceivable apcore -is:retweet
[aiperceivable|apcore] returned 0 post(s); nextCursor.lastSeenExternalId=null
[aiperceivable|apcore] 0/0 post(s) literally contain a keyword.

            </system-out>
            <system-err>
[aiperceivable|apcore] 0 results — valid: search/recent only covers ~7 days. Integration path (A+B+C) still verified.

            </system-err>
        </testcase>
        <testcase classname="libraries/nestjs-libraries/src/engage/__tests__/x-scan-adapter.integration.spec.ts" name="XScanAdapter (REAL X API — from:account keyword) &gt; from:elonmusk (xspace OR xai) → only elonmusk&apos;s posts, HTTP 200, not rate-limited" time="0.281228833">
            <system-out>
[elonmusk|xspace OR xai] X tracked scan: 0 replyable post(s) over 1 query(ies), 1 call(s)

[elonmusk|xspace OR xai] query sent: from:elonmusk (xspace OR xai) -is:retweet
[elonmusk|xspace OR xai] returned 0 post(s); nextCursor.lastSeenExternalId=null
[elonmusk|xspace OR xai] 0/0 post(s) literally contain a keyword.

            </system-out>
            <system-err>
[elonmusk|xspace OR xai] 0 results — valid: search/recent only covers ~7 days. Integration path (A+B+C) still verified.

            </system-err>
        </testcase>
        <testcase classname="libraries/nestjs-libraries/src/engage/__tests__/x-scan-adapter.integration.spec.ts" name="search/recent start_time window (from:elonmusk) &gt; 3h ⊆ 24h ⊆ 7d (no start_time), all HTTP 200" time="1.533956833">
            <system-out>
[start_time=2026-08-07T03:11:44Z] window=3h: 3 post(s)
  • 2085594813840216212 2026-08-07T05:12:06.000Z | Grok Build V1.0 is now released. Try it out! https://t.co/v7TKF3kXL7 https://t.co/Y6w45f860c
  • 2085594089995551039 2026-08-07T05:09:14.000Z | @Andr3jH 😂
  • 2085584541138256277 2026-08-07T04:31:17.000Z | @ArthurMacwaters True
[start_time=2026-08-06T06:11:44Z] window=24h: 51 post(s)
  • 2085594813840216212 2026-08-07T05:12:06.000Z | Grok Build V1.0 is now released. Try it out! https://t.co/v7TKF3kXL7 https://t.co/Y6w45f860c
  • 2085594089995551039 2026-08-07T05:09:14.000Z | @Andr3jH 😂
  • 2085584541138256277 2026-08-07T04:31:17.000Z | @ArthurMacwaters True
  • 2085559115279933926 2026-08-07T02:50:15.000Z | @grok @HusbandOfAyn @aaronburnett 😂
  • 2085533179679494294 2026-08-07T01:07:12.000Z | @PeterDiamandis Wow
  • 2085530890759749760 2026-08-07T00:58:06.000Z | Terafab will be 50 times the size of the Pentagon when complete https://t.co/Yb7Dqbay5s
  • 2085510570753556940 2026-08-06T23:37:21.000Z | It will be awesome 😎 https://t.co/Wo41m2Cfpm
  • 2085510467544314111 2026-08-06T23:36:57.000Z | Easy to tell who the bad guys are by looking at who has to build a wall to keep people from escaping
  • 2085509921395605732 2026-08-06T23:34:46.000Z | Starlink https://t.co/8hl3ik6sFe
  • 2085509867544928426 2026-08-06T23:34:33.000Z | @thedarkhorsepod Parents are the right judge for the welfare of their children, not some douchebag p
  • 2085508598768034057 2026-08-06T23:29:31.000Z | @cb_doge Yes
  • 2085508463740760308 2026-08-06T23:28:59.000Z | @beffjezos FEL FTW
  • 2085485437129220351 2026-08-06T21:57:29.000Z | @TheRabbitHole 😂
  • 2085485361938018402 2026-08-06T21:57:11.000Z | @Jason Almost 2 decades ago
  • 2085485300730540076 2026-08-06T21:56:56.000Z | @ICannot_Enough 🎯
  • 2085485172787429783 2026-08-06T21:56:26.000Z | @GavinSBaker 3000 jobs is just for phase 1 of 10 btw
  • 2085485006281961725 2026-08-06T21:55:46.000Z | @mayemusk Yup
  • 2085472768389226786 2026-08-06T21:07:08.000Z | @BasilTheGreat The Red Cross has far more positive branding than it deserves. As organizations go, t
  • 2085472407871947140 2026-08-06T21:05:42.000Z | @shaunmmaguire Major new construction projects are de facto illegal in California
  • 2085472225340137703 2026-08-06T21:04:59.000Z | Whether or not an airline has Starlink will be a deciding factor for consumer choice, especially on 
  • 2085471973576991016 2026-08-06T21:03:59.000Z | @BasilTheGreat 💯
  • 2085456576815493286 2026-08-06T20:02:48.000Z | @yunta_tsai Yeah
  • 2085456456560574583 2026-08-06T20:02:19.000Z | @carpetron_d @Tesla It was inevitable … https://t.co/HXX4YxyX5W
  • 2085392321546248564 2026-08-06T15:47:28.000Z | @ArthurMacwaters I hope so
  • 2085391752999911730 2026-08-06T15:45:13.000Z | @scotsrule08 It’s a hit piece. Gibney is incapable of anything else. Also, 4 hours!! Is trying to bo
  • 2085390770672922657 2026-08-06T15:41:19.000Z | Yes https://t.co/gdeEYs4CMw
  • 2085390631690555400 2026-08-06T15:40:45.000Z | @teslaownersSV My very approximate guess is that Terafab AI compute output would be ~25% for Tesla O
  • 2085390042558611698 2026-08-06T15:38:25.000Z | @TeslaBoomerMama Hit piece for sure. Gibney is incapable of anything else and he would lose most of 
  • 2085389525715398758 2026-08-06T15:36:22.000Z | @cb_doge The jobs number will be much higher over time. That’s just the first year or so.
  • 2085388408050921474 2026-08-06T15:31:55.000Z | @peterrhague That was kinda great 😂
  • 2085388137627369942 2026-08-06T15:30:51.000Z | @badger69420 @Andercot 😂
  • 2085386695382310922 2026-08-06T15:25:07.000Z | @wholemars It’s great
  • 2085386542344810741 2026-08-06T15:24:30.000Z | @Andercot You’re right, but one step at a time. Next step is extending consciousness permanently bey
  • 2085384893278609914 2026-08-06T15:17:57.000Z | @Andercot “Everything is computer”
  • 2085384269552025685 2026-08-06T15:15:29.000Z | @PeterDiamandis Cool!
  • 2085382732880752751 2026-08-06T15:09:22.000Z | @TheRabbitHole Cobalt is mined using gigantic, multi-million dollar machines. They wouldn’t let kids
  • 2085381911367614866 2026-08-06T15:06:06.000Z | Sci-fi city is what we’re aiming for https://t.co/bpenUUB700
  • 2085381639060783112 2026-08-06T15:05:01.000Z | @OwenSparks ❤️
  • 2085381502536216589 2026-08-06T15:04:29.000Z | @zerohedge I demand that she be shut down for treason against France!
  • 2085381283618738388 2026-08-06T15:03:37.000Z | @MarcusHouse I do love games and gamers
  • 2085381095248318721 2026-08-06T15:02:52.000Z | Terafab https://t.co/ot8vASZnBc
  • 2085380956236472553 2026-08-06T15:02:19.000Z | Yes https://t.co/XvfXECv7kh
  • 2085378620084686963 2026-08-06T14:53:02.000Z | @tetsuoai Cool
  • 2085377974396752305 2026-08-06T14:50:28.000Z | Terafab Texas will be the largest and most valuable building on Earth by far. And it will be stunnin
  • 2085366021859237968 2026-08-06T14:02:58.000Z | @alx It’s true
  • 2085356656485896423 2026-08-06T13:25:45.000Z | @EricTrump Bloomberg is garbage
  • 2085356391707922564 2026-08-06T13:24:42.000Z | @TribunePop23 If they do this, they will be international criminals
  • 2085356164733100375 2026-08-06T13:23:48.000Z | @libsoftiktok @pennlaw !!
  • 2085355790613815483 2026-08-06T13:22:19.000Z | This is what is happening https://t.co/uKauVfzmbB
  • 2085352858371695024 2026-08-06T13:10:40.000Z | @cfdownes_ True. Heath is a traitor.
  • 2085351166729134155 2026-08-06T13:03:56.000Z | True https://t.co/MGYPvKpWDB https://t.co/QnOjgvcmlA
[start_time=2026-08-04T06:11:44Z] window=72h: 100 post(s)
  • 2085594813840216212 2026-08-07T05:12:06.000Z | Grok Build V1.0 is now released. Try it out! https://t.co/v7TKF3kXL7 https://t.co/Y6w45f860c
  • 2085594089995551039 2026-08-07T05:09:14.000Z | @Andr3jH 😂
  • 2085584541138256277 2026-08-07T04:31:17.000Z | @ArthurMacwaters True
  • 2085559115279933926 2026-08-07T02:50:15.000Z | @grok @HusbandOfAyn @aaronburnett 😂
  • 2085533179679494294 2026-08-07T01:07:12.000Z | @PeterDiamandis Wow
  • 2085530890759749760 2026-08-07T00:58:06.000Z | Terafab will be 50 times the size of the Pentagon when complete https://t.co/Yb7Dqbay5s
  • 2085510570753556940 2026-08-06T23:37:21.000Z | It will be awesome 😎 https://t.co/Wo41m2Cfpm
  • 2085510467544314111 2026-08-06T23:36:57.000Z | Easy to tell who the bad guys are by looking at who has to build a wall to keep people from escaping
  • 2085509921395605732 2026-08-06T23:34:46.000Z | Starlink https://t.co/8hl3ik6sFe
  • 2085509867544928426 2026-08-06T23:34:33.000Z | @thedarkhorsepod Parents are the right judge for the welfare of their children, not some douchebag p
  • 2085508598768034057 2026-08-06T23:29:31.000Z | @cb_doge Yes
  • 2085508463740760308 2026-08-06T23:28:59.000Z | @beffjezos FEL FTW
  • 2085485437129220351 2026-08-06T21:57:29.000Z | @TheRabbitHole 😂
  • 2085485361938018402 2026-08-06T21:57:11.000Z | @Jason Almost 2 decades ago
  • 2085485300730540076 2026-08-06T21:56:56.000Z | @ICannot_Enough 🎯
  • 2085485172787429783 2026-08-06T21:56:26.000Z | @GavinSBaker 3000 jobs is just for phase 1 of 10 btw
  • 2085485006281961725 2026-08-06T21:55:46.000Z | @mayemusk Yup
  • 2085472768389226786 2026-08-06T21:07:08.000Z | @BasilTheGreat The Red Cross has far more positive branding than it deserves. As organizations go, t
  • 2085472407871947140 2026-08-06T21:05:42.000Z | @shaunmmaguire Major new construction projects are de facto illegal in California
  • 2085472225340137703 2026-08-06T21:04:59.000Z | Whether or not an airline has Starlink will be a deciding factor for consumer choice, especially on 
  • 2085471973576991016 2026-08-06T21:03:59.000Z | @BasilTheGreat 💯
  • 2085456576815493286 2026-08-06T20:02:48.000Z | @yunta_tsai Yeah
  • 2085456456560574583 2026-08-06T20:02:19.000Z | @carpetron_d @Tesla It was inevitable … https://t.co/HXX4YxyX5W
  • 2085392321546248564 2026-08-06T15:47:28.000Z | @ArthurMacwaters I hope so
  • 2085391752999911730 2026-08-06T15:45:13.000Z | @scotsrule08 It’s a hit piece. Gibney is incapable of anything else. Also, 4 hours!! Is trying to bo
  • 2085390770672922657 2026-08-06T15:41:19.000Z | Yes https://t.co/gdeEYs4CMw
  • 2085390631690555400 2026-08-06T15:40:45.000Z | @teslaownersSV My very approximate guess is that Terafab AI compute output would be ~25% for Tesla O
  • 2085390042558611698 2026-08-06T15:38:25.000Z | @TeslaBoomerMama Hit piece for sure. Gibney is incapable of anything else and he would lose most of 
  • 2085389525715398758 2026-08-06T15:36:22.000Z | @cb_doge The jobs number will be much higher over time. That’s just the first year or so.
  • 2085388408050921474 2026-08-06T15:31:55.000Z | @peterrhague That was kinda great 😂
  • 2085388137627369942 2026-08-06T15:30:51.000Z | @badger69420 @Andercot 😂
  • 2085386695382310922 2026-08-06T15:25:07.000Z | @wholemars It’s great
  • 2085386542344810741 2026-08-06T15:24:30.000Z | @Andercot You’re right, but one step at a time. Next step is extending consciousness permanently bey
  • 2085384893278609914 2026-08-06T15:17:57.000Z | @Andercot “Everything is computer”
  • 2085384269552025685 2026-08-06T15:15:29.000Z | @PeterDiamandis Cool!
  • 2085382732880752751 2026-08-06T15:09:22.000Z | @TheRabbitHole Cobalt is mined using gigantic, multi-million dollar machines. They wouldn’t let kids
  • 2085381911367614866 2026-08-06T15:06:06.000Z | Sci-fi city is what we’re aiming for https://t.co/bpenUUB700
  • 2085381639060783112 2026-08-06T15:05:01.000Z | @OwenSparks ❤️
  • 2085381502536216589 2026-08-06T15:04:29.000Z | @zerohedge I demand that she be shut down for treason against France!
  • 2085381283618738388 2026-08-06T15:03:37.000Z | @MarcusHouse I do love games and gamers
  • 2085381095248318721 2026-08-06T15:02:52.000Z | Terafab https://t.co/ot8vASZnBc
  • 2085380956236472553 2026-08-06T15:02:19.000Z | Yes https://t.co/XvfXECv7kh
  • 2085378620084686963 2026-08-06T14:53:02.000Z | @tetsuoai Cool
  • 2085377974396752305 2026-08-06T14:50:28.000Z | Terafab Texas will be the largest and most valuable building on Earth by far. And it will be stunnin
  • 2085366021859237968 2026-08-06T14:02:58.000Z | @alx It’s true
  • 2085356656485896423 2026-08-06T13:25:45.000Z | @EricTrump Bloomberg is garbage
  • 2085356391707922564 2026-08-06T13:24:42.000Z | @TribunePop23 If they do this, they will be international criminals
  • 2085356164733100375 2026-08-06T13:23:48.000Z | @libsoftiktok @pennlaw !!
  • 2085355790613815483 2026-08-06T13:22:19.000Z | This is what is happening https://t.co/uKauVfzmbB
  • 2085352858371695024 2026-08-06T13:10:40.000Z | @cfdownes_ True. Heath is a traitor.
  • 2085351166729134155 2026-08-06T13:03:56.000Z | True https://t.co/MGYPvKpWDB https://t.co/QnOjgvcmlA
  • 2085200234477744315 2026-08-06T03:04:11.000Z | @nikitabier 🥰
  • 2085199278583263501 2026-08-06T03:00:23.000Z | This actually happened https://t.co/F7d40wRKzC
  • 2085198712943587434 2026-08-06T02:58:08.000Z | @icreatelife Yes
  • 2085195713915625713 2026-08-06T02:46:13.000Z | @xdNiBoR 😂
  • 2085194743496233203 2026-08-06T02:42:22.000Z | This is fake btw 😂
  • 2085191304905138594 2026-08-06T02:28:42.000Z | Megapack 3 starting production. Congrats Tesla Megapack team! https://t.co/viWzjQa6ph
  • 2085190872564699581 2026-08-06T02:26:59.000Z | Grok in Blender https://t.co/c30gvfejJI
  • 2085190044915314967 2026-08-06T02:23:42.000Z | @keepgoingAnnie Fixing
  • 2085189041482539244 2026-08-06T02:19:43.000Z | @dogeofficialceo Only a matter of time tbh
  • 2085188875547513008 2026-08-06T02:19:03.000Z | Great idea https://t.co/oJSBxuS2vi
  • 2085188661327569365 2026-08-06T02:18:12.000Z | @aaronburnett 99% of compute long-term will be for inference
  • 2085188435057488153 2026-08-06T02:17:18.000Z | Grok Imagine https://t.co/HdNbrWqvis
  • 2085183860489552115 2026-08-06T01:59:07.000Z | https://t.co/eMjhOtsNVM
  • 2085182585349775697 2026-08-06T01:54:03.000Z | @Inevitablewest Wow
  • 2085160258180411443 2026-08-06T00:25:20.000Z | @iam_smx 😂
  • 2085159493932085312 2026-08-06T00:22:18.000Z | @BasedMikeLee Great!
  • 2085132949096403244 2026-08-05T22:36:49.000Z | @nikitabier @amuse Thanks for helping make this platform much better! You will be missed.
  • 2085132754224861595 2026-08-05T22:36:03.000Z | @davill Hope you get back to flight soon
  • 2085085733346517127 2026-08-05T19:29:12.000Z | @DavidMKeyes ❤️
  • 2085074791648948401 2026-08-05T18:45:43.000Z | True https://t.co/00WB5CcA4i
  • 2085074733532590531 2026-08-05T18:45:29.000Z | Critical feedback for the Grok Build harness, Grok foundation model and Imagine is super appreciated
  • 2085073746503905309 2026-08-05T18:41:34.000Z | @shivon 😂 I kinda like Chamath’s style tbh We should update fashion for 2026! The standard suit &amp;am
  • 2085073090514674116 2026-08-05T18:38:58.000Z | @AdamGhetti @Prof_DavidBader 💯
  • 2085072292007326151 2026-08-05T18:35:47.000Z | @demishassabis Congrats!
  • 2085045708844134423 2026-08-05T16:50:09.000Z | It will and then to the Moon too https://t.co/LJTxHEaYAG
  • 2085045152113152420 2026-08-05T16:47:57.000Z | @BasilTheGreat !!
  • 2085044909351047205 2026-08-05T16:46:59.000Z | Exactly https://t.co/daO4LXjxzM
  • 2085038894731694237 2026-08-05T16:23:05.000Z | @TheAliceSmith There is no such thing as “magic ground” that makes some places prosperous and some n
  • 2085011195841687836 2026-08-05T14:33:01.000Z | @lemire 🎯
  • 2085010430871925188 2026-08-05T14:29:58.000Z | @brivael Yeah
  • 2085010194283876494 2026-08-05T14:29:02.000Z | @profstonge True
  • 2084989366590742585 2026-08-05T13:06:16.000Z | Grok Build https://t.co/H3SoRccsN3
  • 2084988599976837173 2026-08-05T13:03:14.000Z | @realMaalouf !!
  • 2084857373555101726 2026-08-05T04:21:47.000Z | Best way to use Grok is via our Build harness. Download at https://t.co/lOJK57xbED https://t.co/9wzB
  • 2084854619675754599 2026-08-05T04:10:50.000Z | Bring any idea to life with Imagine https://t.co/721Piiorp0
  • 2084853838381711435 2026-08-05T04:07:44.000Z | Beautiful art from Imagine https://t.co/HIsctyBCll
  • 2084853510756282452 2026-08-05T04:06:26.000Z | My favorite piece of merch other than the (not a) flamethrower https://t.co/N92SUHXHu0
  • 2084818167050973312 2026-08-05T01:45:59.000Z | @JackPosobiec @grok 😂
  • 2084802911033544879 2026-08-05T00:45:22.000Z | @JackPosobiec From Grok: https://t.co/MQASNsts4b
  • 2084761066228125950 2026-08-04T21:59:05.000Z | @GadSaad @Gladwell 😂
  • 2084760727965888830 2026-08-04T21:57:45.000Z | @Gfilche @SpaceX Yes
  • 2084760042868224264 2026-08-04T21:55:01.000Z | @EithanDHaimMD Yup
  • 2084759299616600092 2026-08-04T21:52:04.000Z | @dvorahfr I love futuristic art deco
  • 2084745697367040080 2026-08-04T20:58:01.000Z | @cb_doge ❤️
  • 2084745539187273851 2026-08-04T20:57:23.000Z | SpaceX earnings call on now https://t.co/BE3EnKyW4v
  • 2084744157470351541 2026-08-04T20:51:54.000Z | SpaceX has committed to using Nvidia GPUs exclusively because they are the best
  • 2084737372785131952 2026-08-04T20:24:56.000Z | @cremieuxrecueil Genetics have a massive effect on propensity to violence
  • 2084733538591486349 2026-08-04T20:09:42.000Z | The same Starmind V1 satellite design (minus solar &amp;amp; radiator) will be deployed on the ground in
  • 2084732927699517500 2026-08-04T20:07:17.000Z | @RupertLowe10 Interesting
[start_time=(none)] window=7d: 100 post(s)
  • 2085594813840216212 2026-08-07T05:12:06.000Z | Grok Build V1.0 is now released. Try it out! https://t.co/v7TKF3kXL7 https://t.co/Y6w45f860c
  • 2085594089995551039 2026-08-07T05:09:14.000Z | @Andr3jH 😂
  • 2085584541138256277 2026-08-07T04:31:17.000Z | @ArthurMacwaters True
  • 2085559115279933926 2026-08-07T02:50:15.000Z | @grok @HusbandOfAyn @aaronburnett 😂
  • 2085533179679494294 2026-08-07T01:07:12.000Z | @PeterDiamandis Wow
  • 2085530890759749760 2026-08-07T00:58:06.000Z | Terafab will be 50 times the size of the Pentagon when complete https://t.co/Yb7Dqbay5s
  • 2085510570753556940 2026-08-06T23:37:21.000Z | It will be awesome 😎 https://t.co/Wo41m2Cfpm
  • 2085510467544314111 2026-08-06T23:36:57.000Z | Easy to tell who the bad guys are by looking at who has to build a wall to keep people from escaping
  • 2085509921395605732 2026-08-06T23:34:46.000Z | Starlink https://t.co/8hl3ik6sFe
  • 2085509867544928426 2026-08-06T23:34:33.000Z | @thedarkhorsepod Parents are the right judge for the welfare of their children, not some douchebag p
  • 2085508598768034057 2026-08-06T23:29:31.000Z | @cb_doge Yes
  • 2085508463740760308 2026-08-06T23:28:59.000Z | @beffjezos FEL FTW
  • 2085485437129220351 2026-08-06T21:57:29.000Z | @TheRabbitHole 😂
  • 2085485361938018402 2026-08-06T21:57:11.000Z | @Jason Almost 2 decades ago
  • 2085485300730540076 2026-08-06T21:56:56.000Z | @ICannot_Enough 🎯
  • 2085485172787429783 2026-08-06T21:56:26.000Z | @GavinSBaker 3000 jobs is just for phase 1 of 10 btw
  • 2085485006281961725 2026-08-06T21:55:46.000Z | @mayemusk Yup
  • 2085472768389226786 2026-08-06T21:07:08.000Z | @BasilTheGreat The Red Cross has far more positive branding than it deserves. As organizations go, t
  • 2085472407871947140 2026-08-06T21:05:42.000Z | @shaunmmaguire Major new construction projects are de facto illegal in California
  • 2085472225340137703 2026-08-06T21:04:59.000Z | Whether or not an airline has Starlink will be a deciding factor for consumer choice, especially on 
  • 2085471973576991016 2026-08-06T21:03:59.000Z | @BasilTheGreat 💯
  • 2085456576815493286 2026-08-06T20:02:48.000Z | @yunta_tsai Yeah
  • 2085456456560574583 2026-08-06T20:02:19.000Z | @carpetron_d @Tesla It was inevitable … https://t.co/HXX4YxyX5W
  • 2085392321546248564 2026-08-06T15:47:28.000Z | @ArthurMacwaters I hope so
  • 2085391752999911730 2026-08-06T15:45:13.000Z | @scotsrule08 It’s a hit piece. Gibney is incapable of anything else. Also, 4 hours!! Is trying to bo
  • 2085390770672922657 2026-08-06T15:41:19.000Z | Yes https://t.co/gdeEYs4CMw
  • 2085390631690555400 2026-08-06T15:40:45.000Z | @teslaownersSV My very approximate guess is that Terafab AI compute output would be ~25% for Tesla O
  • 2085390042558611698 2026-08-06T15:38:25.000Z | @TeslaBoomerMama Hit piece for sure. Gibney is incapable of anything else and he would lose most of 
  • 2085389525715398758 2026-08-06T15:36:22.000Z | @cb_doge The jobs number will be much higher over time. That’s just the first year or so.
  • 2085388408050921474 2026-08-06T15:31:55.000Z | @peterrhague That was kinda great 😂
  • 2085388137627369942 2026-08-06T15:30:51.000Z | @badger69420 @Andercot 😂
  • 2085386695382310922 2026-08-06T15:25:07.000Z | @wholemars It’s great
  • 2085386542344810741 2026-08-06T15:24:30.000Z | @Andercot You’re right, but one step at a time. Next step is extending consciousness permanently bey
  • 2085384893278609914 2026-08-06T15:17:57.000Z | @Andercot “Everything is computer”
  • 2085384269552025685 2026-08-06T15:15:29.000Z | @PeterDiamandis Cool!
  • 2085382732880752751 2026-08-06T15:09:22.000Z | @TheRabbitHole Cobalt is mined using gigantic, multi-million dollar machines. They wouldn’t let kids
  • 2085381911367614866 2026-08-06T15:06:06.000Z | Sci-fi city is what we’re aiming for https://t.co/bpenUUB700
  • 2085381639060783112 2026-08-06T15:05:01.000Z | @OwenSparks ❤️
  • 2085381502536216589 2026-08-06T15:04:29.000Z | @zerohedge I demand that she be shut down for treason against France!
  • 2085381283618738388 2026-08-06T15:03:37.000Z | @MarcusHouse I do love games and gamers
  • 2085381095248318721 2026-08-06T15:02:52.000Z | Terafab https://t.co/ot8vASZnBc
  • 2085380956236472553 2026-08-06T15:02:19.000Z | Yes https://t.co/XvfXECv7kh
  • 2085378620084686963 2026-08-06T14:53:02.000Z | @tetsuoai Cool
  • 2085377974396752305 2026-08-06T14:50:28.000Z | Terafab Texas will be the largest and most valuable building on Earth by far. And it will be stunnin
  • 2085366021859237968 2026-08-06T14:02:58.000Z | @alx It’s true
  • 2085356656485896423 2026-08-06T13:25:45.000Z | @EricTrump Bloomberg is garbage
  • 2085356391707922564 2026-08-06T13:24:42.000Z | @TribunePop23 If they do this, they will be international criminals
  • 2085356164733100375 2026-08-06T13:23:48.000Z | @libsoftiktok @pennlaw !!
  • 2085355790613815483 2026-08-06T13:22:19.000Z | This is what is happening https://t.co/uKauVfzmbB
  • 2085352858371695024 2026-08-06T13:10:40.000Z | @cfdownes_ True. Heath is a traitor.
  • 2085351166729134155 2026-08-06T13:03:56.000Z | True https://t.co/MGYPvKpWDB https://t.co/QnOjgvcmlA
  • 2085200234477744315 2026-08-06T03:04:11.000Z | @nikitabier 🥰
  • 2085199278583263501 2026-08-06T03:00:23.000Z | This actually happened https://t.co/F7d40wRKzC
  • 2085198712943587434 2026-08-06T02:58:08.000Z | @icreatelife Yes
  • 2085195713915625713 2026-08-06T02:46:13.000Z | @xdNiBoR 😂
  • 2085194743496233203 2026-08-06T02:42:22.000Z | This is fake btw 😂
  • 2085191304905138594 2026-08-06T02:28:42.000Z | Megapack 3 starting production. Congrats Tesla Megapack team! https://t.co/viWzjQa6ph
  • 2085190872564699581 2026-08-06T02:26:59.000Z | Grok in Blender https://t.co/c30gvfejJI
  • 2085190044915314967 2026-08-06T02:23:42.000Z | @keepgoingAnnie Fixing
  • 2085189041482539244 2026-08-06T02:19:43.000Z | @dogeofficialceo Only a matter of time tbh
  • 2085188875547513008 2026-08-06T02:19:03.000Z | Great idea https://t.co/oJSBxuS2vi
  • 2085188661327569365 2026-08-06T02:18:12.000Z | @aaronburnett 99% of compute long-term will be for inference
  • 2085188435057488153 2026-08-06T02:17:18.000Z | Grok Imagine https://t.co/HdNbrWqvis
  • 2085183860489552115 2026-08-06T01:59:07.000Z | https://t.co/eMjhOtsNVM
  • 2085182585349775697 2026-08-06T01:54:03.000Z | @Inevitablewest Wow
  • 2085160258180411443 2026-08-06T00:25:20.000Z | @iam_smx 😂
  • 2085159493932085312 2026-08-06T00:22:18.000Z | @BasedMikeLee Great!
  • 2085132949096403244 2026-08-05T22:36:49.000Z | @nikitabier @amuse Thanks for helping make this platform much better! You will be missed.
  • 2085132754224861595 2026-08-05T22:36:03.000Z | @davill Hope you get back to flight soon
  • 2085085733346517127 2026-08-05T19:29:12.000Z | @DavidMKeyes ❤️
  • 2085074791648948401 2026-08-05T18:45:43.000Z | True https://t.co/00WB5CcA4i
  • 2085074733532590531 2026-08-05T18:45:29.000Z | Critical feedback for the Grok Build harness, Grok foundation model and Imagine is super appreciated
  • 2085073746503905309 2026-08-05T18:41:34.000Z | @shivon 😂 I kinda like Chamath’s style tbh We should update fashion for 2026! The standard suit &amp;am
  • 2085073090514674116 2026-08-05T18:38:58.000Z | @AdamGhetti @Prof_DavidBader 💯
  • 2085072292007326151 2026-08-05T18:35:47.000Z | @demishassabis Congrats!
  • 2085045708844134423 2026-08-05T16:50:09.000Z | It will and then to the Moon too https://t.co/LJTxHEaYAG
  • 2085045152113152420 2026-08-05T16:47:57.000Z | @BasilTheGreat !!
  • 2085044909351047205 2026-08-05T16:46:59.000Z | Exactly https://t.co/daO4LXjxzM
  • 2085038894731694237 2026-08-05T16:23:05.000Z | @TheAliceSmith There is no such thing as “magic ground” that makes some places prosperous and some n
  • 2085011195841687836 2026-08-05T14:33:01.000Z | @lemire 🎯
  • 2085010430871925188 2026-08-05T14:29:58.000Z | @brivael Yeah
  • 2085010194283876494 2026-08-05T14:29:02.000Z | @profstonge True
  • 2084989366590742585 2026-08-05T13:06:16.000Z | Grok Build https://t.co/H3SoRccsN3
  • 2084988599976837173 2026-08-05T13:03:14.000Z | @realMaalouf !!
  • 2084857373555101726 2026-08-05T04:21:47.000Z | Best way to use Grok is via our Build harness. Download at https://t.co/lOJK57xbED https://t.co/9wzB
  • 2084854619675754599 2026-08-05T04:10:50.000Z | Bring any idea to life with Imagine https://t.co/721Piiorp0
  • 2084853838381711435 2026-08-05T04:07:44.000Z | Beautiful art from Imagine https://t.co/HIsctyBCll
  • 2084853510756282452 2026-08-05T04:06:26.000Z | My favorite piece of merch other than the (not a) flamethrower https://t.co/N92SUHXHu0
  • 2084818167050973312 2026-08-05T01:45:59.000Z | @JackPosobiec @grok 😂
  • 2084802911033544879 2026-08-05T00:45:22.000Z | @JackPosobiec From Grok: https://t.co/MQASNsts4b
  • 2084761066228125950 2026-08-04T21:59:05.000Z | @GadSaad @Gladwell 😂
  • 2084760727965888830 2026-08-04T21:57:45.000Z | @Gfilche @SpaceX Yes
  • 2084760042868224264 2026-08-04T21:55:01.000Z | @EithanDHaimMD Yup
  • 2084759299616600092 2026-08-04T21:52:04.000Z | @dvorahfr I love futuristic art deco
  • 2084745697367040080 2026-08-04T20:58:01.000Z | @cb_doge ❤️
  • 2084745539187273851 2026-08-04T20:57:23.000Z | SpaceX earnings call on now https://t.co/BE3EnKyW4v
  • 2084744157470351541 2026-08-04T20:51:54.000Z | SpaceX has committed to using Nvidia GPUs exclusively because they are the best
  • 2084737372785131952 2026-08-04T20:24:56.000Z | @cremieuxrecueil Genetics have a massive effect on propensity to violence
  • 2084733538591486349 2026-08-04T20:09:42.000Z | The same Starmind V1 satellite design (minus solar &amp;amp; radiator) will be deployed on the ground in
  • 2084732927699517500 2026-08-04T20:07:17.000Z | @RupertLowe10 Interesting

            </system-out>
        </testcase>
    </testsuite>
    <testsuite name="libraries/nestjs-libraries/src/engage/__tests__/x-scan-adapter.spec.ts" timestamp="2026-08-07T06:11:56.075Z" hostname="terceldeMac-mini.local" tests="26" failures="0" errors="0" skipped="0" time="0.006239375">
        <testcase classname="libraries/nestjs-libraries/src/engage/__tests__/x-scan-adapter.spec.ts" name="XScanAdapter &gt; returns empty without a token or without keywords" time="0.001018167">
        </testcase>
        <testcase classname="libraries/nestjs-libraries/src/engage/__tests__/x-scan-adapter.spec.ts" name="XScanAdapter &gt; drops reply-restricted tweets, keeps everyone" time="0.000628417">
        </testcase>
        <testcase classname="libraries/nestjs-libraries/src/engage/__tests__/x-scan-adapter.spec.ts" name="XScanAdapter &gt; passes since_id from the cursor and advances to the newest id" time="0.000224">
        </testcase>
        <testcase classname="libraries/nestjs-libraries/src/engage/__tests__/x-scan-adapter.spec.ts" name="XScanAdapter &gt; OR-batches multiple keywords into one query" time="0.000114666">
        </testcase>
        <testcase classname="libraries/nestjs-libraries/src/engage/__tests__/x-scan-adapter.spec.ts" name="XScanAdapter &gt; prefixes from:username for tracked scope" time="0.000103208">
        </testcase>
        <testcase classname="libraries/nestjs-libraries/src/engage/__tests__/x-scan-adapter.spec.ts" name="XScanAdapter &gt; follows next_token pagination then stops" time="0.000204667">
        </testcase>
        <testcase classname="libraries/nestjs-libraries/src/engage/__tests__/x-scan-adapter.spec.ts" name="XScanAdapter &gt; stops and flags limited on 429" time="0.000185459">
        </testcase>
        <testcase classname="libraries/nestjs-libraries/src/engage/__tests__/x-scan-adapter.spec.ts" name="XScanAdapter &gt; respects the call budget across pagination" time="0.0001185">
        </testcase>
        <testcase classname="libraries/nestjs-libraries/src/engage/__tests__/x-scan-adapter.spec.ts" name="XScanAdapter &gt; requests the referenced_tweets expansion (resolve originals inline)" time="0.000195167">
        </testcase>
        <testcase classname="libraries/nestjs-libraries/src/engage/__tests__/x-scan-adapter.spec.ts" name="XScanAdapter &gt; resolves a retweet to its original post; cursor still tracks the RT id" time="0.000546084">
        </testcase>
        <testcase classname="libraries/nestjs-libraries/src/engage/__tests__/x-scan-adapter.spec.ts" name="XScanAdapter &gt; drops a retweet whose original is unavailable (deleted/protected)" time="0.000120042">
        </testcase>
        <testcase classname="libraries/nestjs-libraries/src/engage/__tests__/x-scan-adapter.spec.ts" name="XScanAdapter &gt; keeps a quote tweet as-is (does NOT resolve to the quoted original)" time="0.000161209">
        </testcase>
        <testcase classname="libraries/nestjs-libraries/src/engage/__tests__/x-scan-adapter.spec.ts" name="XScanAdapter &gt; merges multiple tracked usernames into one (from:a OR from:b) query" time="0.000130583">
        </testcase>
        <testcase classname="libraries/nestjs-libraries/src/engage/__tests__/x-scan-adapter.spec.ts" name="XScanAdapter &gt; attributes merged tracked results to each author" time="0.000104667">
        </testcase>
        <testcase classname="libraries/nestjs-libraries/src/engage/__tests__/x-scan-adapter.spec.ts" name="XScanAdapter &gt; still supports a single tracked username via scope.key (back-compat)" time="0.000112708">
        </testcase>
        <testcase classname="libraries/nestjs-libraries/src/engage/__tests__/x-scan-adapter.spec.ts" name="XScanAdapter &gt; tracked scope appends -is:retweet to the query" time="0.000089167">
        </testcase>
        <testcase classname="libraries/nestjs-libraries/src/engage/__tests__/x-scan-adapter.spec.ts" name="XScanAdapter freshness window (start_time = max(cursor, now-window)) &gt; cursor WITHIN window: keeps since_id, sends no start_time" time="0.000111">
        </testcase>
        <testcase classname="libraries/nestjs-libraries/src/engage/__tests__/x-scan-adapter.spec.ts" name="XScanAdapter freshness window (start_time = max(cursor, now-window)) &gt; cursor BEYOND window: drops since_id, sends start_time, keeps persisted cursor" time="0.000259167">
        </testcase>
        <testcase classname="libraries/nestjs-libraries/src/engage/__tests__/x-scan-adapter.spec.ts" name="XScanAdapter freshness window (start_time = max(cursor, now-window)) &gt; client cutoff drops posts older than the window; cursor still advances over all seen" time="0.000186208">
        </testcase>
        <testcase classname="libraries/nestjs-libraries/src/engage/__tests__/x-scan-adapter.spec.ts" name="XScanAdapter freshness window (start_time = max(cursor, now-window)) &gt; no freshnessWindowMs ⇒ legacy behaviour (no start_time, no cutoff)" time="0.000108">
        </testcase>
        <testcase classname="libraries/nestjs-libraries/src/engage/__tests__/x-scan-adapter.spec.ts" name="clampXMaxResults &gt; clamps into X&apos;s [10, 100] range, rounds, and defaults on junk" time="0.000126125">
        </testcase>
        <testcase classname="libraries/nestjs-libraries/src/engage/__tests__/x-scan-adapter.spec.ts" name="XScanAdapter max_results (per-call page size) &gt; defaults to 10 when no maxResults is passed" time="0.000145292">
        </testcase>
        <testcase classname="libraries/nestjs-libraries/src/engage/__tests__/x-scan-adapter.spec.ts" name="XScanAdapter max_results (per-call page size) &gt; honours an explicit maxResults (settings-resolved value)" time="0.000112375">
        </testcase>
        <testcase classname="libraries/nestjs-libraries/src/engage/__tests__/x-scan-adapter.spec.ts" name="XScanAdapter max_results (per-call page size) &gt; clamps an out-of-range maxResults to the X API ceiling/floor" time="0.000148167">
        </testcase>
        <testcase classname="libraries/nestjs-libraries/src/engage/__tests__/x-scan-adapter.spec.ts" name="XScanAdapter max_results (per-call page size) &gt; uses note_tweet.text as postContent for long-form tweets (&gt;280 chars)" time="0.000151166">
        </testcase>
        <testcase classname="libraries/nestjs-libraries/src/engage/__tests__/x-scan-adapter.spec.ts" name="XScanAdapter max_results (per-call page size) &gt; falls back to tweet.text when note_tweet is absent" time="0.00019425">
        </testcase>
    </testsuite>
    <testsuite name="libraries/nestjs-libraries/src/engage/__tests__/x-tweet.spec.ts" timestamp="2026-08-07T06:11:56.076Z" hostname="terceldeMac-mini.local" tests="13" failures="0" errors="0" skipped="0" time="0.002026458">
        <testcase classname="libraries/nestjs-libraries/src/engage/__tests__/x-tweet.spec.ts" name="parseXTweetId &gt; extracts the id from https://x.com/u/status/2061267353544146949?s=20" time="0.000737042">
        </testcase>
        <testcase classname="libraries/nestjs-libraries/src/engage/__tests__/x-tweet.spec.ts" name="parseXTweetId &gt; extracts the id from https://x.com/u/status/2061267353544146949" time="0.000117042">
        </testcase>
        <testcase classname="libraries/nestjs-libraries/src/engage/__tests__/x-tweet.spec.ts" name="parseXTweetId &gt; extracts the id from https://twitter.com/u/status/123?s=20&amp;t=abc" time="0.0000455">
        </testcase>
        <testcase classname="libraries/nestjs-libraries/src/engage/__tests__/x-tweet.spec.ts" name="parseXTweetId &gt; extracts the id from https://mobile.twitter.com/u/status/456/" time="0.000032833">
        </testcase>
        <testcase classname="libraries/nestjs-libraries/src/engage/__tests__/x-tweet.spec.ts" name="parseXTweetId &gt; extracts the id from https://x.com/i/web/status/789" time="0.000040584">
        </testcase>
        <testcase classname="libraries/nestjs-libraries/src/engage/__tests__/x-tweet.spec.ts" name="parseXTweetId &gt; extracts the id from   x.com/u/status/321 " time="0.000048917">
        </testcase>
        <testcase classname="libraries/nestjs-libraries/src/engage/__tests__/x-tweet.spec.ts" name="parseXTweetId &gt; extracts the id from https://x.com/u/statuses/999" time="0.00002925">
        </testcase>
        <testcase classname="libraries/nestjs-libraries/src/engage/__tests__/x-tweet.spec.ts" name="parseXTweetId &gt; returns null when there is no /status/&lt;id&gt;: https://x.com/zhngyq310334" time="0.0000615">
        </testcase>
        <testcase classname="libraries/nestjs-libraries/src/engage/__tests__/x-tweet.spec.ts" name="parseXTweetId &gt; returns null when there is no /status/&lt;id&gt;: https://x.com" time="0.000033084">
        </testcase>
        <testcase classname="libraries/nestjs-libraries/src/engage/__tests__/x-tweet.spec.ts" name="parseXTweetId &gt; returns null when there is no /status/&lt;id&gt;: not a url" time="0.000043167">
        </testcase>
        <testcase classname="libraries/nestjs-libraries/src/engage/__tests__/x-tweet.spec.ts" name="parseXTweetId &gt; returns null when there is no /status/&lt;id&gt;: " time="0.000026625">
        </testcase>
        <testcase classname="libraries/nestjs-libraries/src/engage/__tests__/x-tweet.spec.ts" name="parseXTweetId &gt; returns null when there is no /status/&lt;id&gt;: null" time="0.000025459">
        </testcase>
        <testcase classname="libraries/nestjs-libraries/src/engage/__tests__/x-tweet.spec.ts" name="parseXTweetId &gt; returns null when there is no /status/&lt;id&gt;: undefined" time="0.000026708">
        </testcase>
    </testsuite>
    <testsuite name="libraries/nestjs-libraries/src/redis/__tests__/redis.service.real.spec.ts" timestamp="2026-08-07T06:11:56.076Z" hostname="terceldeMac-mini.local" tests="6" failures="0" errors="0" skipped="0" time="1.769566958">
        <testcase classname="libraries/nestjs-libraries/src/redis/__tests__/redis.service.real.spec.ts" name="redis.service — real Redis integration &gt; SET NX EX matches MockRedis behaviour &gt; first SET NX returns OK and stores the value" time="0.121894459">
        </testcase>
        <testcase classname="libraries/nestjs-libraries/src/redis/__tests__/redis.service.real.spec.ts" name="redis.service — real Redis integration &gt; SET NX EX matches MockRedis behaviour &gt; second SET NX on existing key returns null and preserves original" time="0.034337166">
        </testcase>
        <testcase classname="libraries/nestjs-libraries/src/redis/__tests__/redis.service.real.spec.ts" name="redis.service — real Redis integration &gt; SET NX EX matches MockRedis behaviour &gt; SET NX succeeds again after the key TTL elapses" time="1.530361834">
        </testcase>
        <testcase classname="libraries/nestjs-libraries/src/redis/__tests__/redis.service.real.spec.ts" name="redis.service — real Redis integration &gt; SET NX EX matches MockRedis behaviour &gt; GET on a missing key returns null (not undefined)" time="0.018989708">
        </testcase>
        <testcase classname="libraries/nestjs-libraries/src/redis/__tests__/redis.service.real.spec.ts" name="redis.service — real Redis integration &gt; notifyOncePerCooldown against real Redis &gt; invokes notify exactly once across multiple calls within cooldown" time="0.023556333">
        </testcase>
        <testcase classname="libraries/nestjs-libraries/src/redis/__tests__/redis.service.real.spec.ts" name="redis.service — real Redis integration &gt; notifyOncePerCooldown against real Redis &gt; different subjectIds dedupe independently" time="0.020328083">
        </testcase>
    </testsuite>
    <testsuite name="libraries/nestjs-libraries/src/redis/__tests__/redis.service.spec.ts" timestamp="2026-08-07T06:11:56.077Z" hostname="terceldeMac-mini.local" tests="10" failures="0" errors="0" skipped="0" time="1.360844083">
        <testcase classname="libraries/nestjs-libraries/src/redis/__tests__/redis.service.spec.ts" name="MockRedis &gt; SET stores a value retrievable via GET" time="0.064870167">
        </testcase>
        <testcase classname="libraries/nestjs-libraries/src/redis/__tests__/redis.service.spec.ts" name="MockRedis &gt; SET key value EX 60 stores a value with TTL" time="0.02767475">
        </testcase>
        <testcase classname="libraries/nestjs-libraries/src/redis/__tests__/redis.service.spec.ts" name="MockRedis &gt; SET NX returns OK on first call and null on subsequent calls" time="0.032431708">
        </testcase>
        <testcase classname="libraries/nestjs-libraries/src/redis/__tests__/redis.service.spec.ts" name="MockRedis &gt; SET NX succeeds again after the previous TTL expires" time="1.131004583">
        </testcase>
        <testcase classname="libraries/nestjs-libraries/src/redis/__tests__/redis.service.spec.ts" name="MockRedis &gt; DEL removes the key" time="0.027416167">
        </testcase>
        <testcase classname="libraries/nestjs-libraries/src/redis/__tests__/redis.service.spec.ts" name="notifyOncePerCooldown &gt; invokes notify on first call within the cooldown window" time="0.015260417">
        </testcase>
        <testcase classname="libraries/nestjs-libraries/src/redis/__tests__/redis.service.spec.ts" name="notifyOncePerCooldown &gt; suppresses notify on subsequent calls within the cooldown window" time="0.018297625">
        </testcase>
        <testcase classname="libraries/nestjs-libraries/src/redis/__tests__/redis.service.spec.ts" name="notifyOncePerCooldown &gt; different subjectIds are deduped independently" time="0.017950209">
        </testcase>
        <testcase classname="libraries/nestjs-libraries/src/redis/__tests__/redis.service.spec.ts" name="notifyOncePerCooldown &gt; clamps cooldown below 60 seconds to 60 seconds" time="0.014253625">
        </testcase>
        <testcase classname="libraries/nestjs-libraries/src/redis/__tests__/redis.service.spec.ts" name="notifyOncePerCooldown &gt; falls through and notifies if Redis SET throws" time="0.010670375">
            <system-err>
[notifyOncePerCooldown] Redis SET failed for postiz:notify-cooldown:x:suspended:integration-abc: redis down; sending notification anyway

            </system-err>
        </testcase>
    </testsuite>
    <testsuite name="libraries/nestjs-libraries/src/throttler/__tests__/throttler.provider.spec.ts" timestamp="2026-08-07T06:11:56.077Z" hostname="terceldeMac-mini.local" tests="3" failures="0" errors="0" skipped="0" time="0.00205825">
        <testcase classname="libraries/nestjs-libraries/src/throttler/__tests__/throttler.provider.spec.ts" name="ThrottlerBehindProxyGuard — F-04 fix #1 &gt; honors @Throttle metadata on a non-public route (was: silently bypassed)" time="0.0011895">
        </testcase>
        <testcase classname="libraries/nestjs-libraries/src/throttler/__tests__/throttler.provider.spec.ts" name="ThrottlerBehindProxyGuard — F-04 fix #1 &gt; still allows routes WITHOUT @Throttle metadata (no rate limiting)" time="0.000256209">
        </testcase>
        <testcase classname="libraries/nestjs-libraries/src/throttler/__tests__/throttler.provider.spec.ts" name="ThrottlerBehindProxyGuard — F-04 fix #1 &gt; continues to throttle the public-v1 paths regardless of @Throttle metadata" time="0.000074834">
        </testcase>
    </testsuite>
    <testsuite name="libraries/nestjs-libraries/src/temporal/__tests__/task-queue.spec.ts" timestamp="2026-08-07T06:11:56.077Z" hostname="terceldeMac-mini.local" tests="24" failures="0" errors="0" skipped="0" time="0.002963833">
        <testcase classname="libraries/nestjs-libraries/src/temporal/__tests__/task-queue.spec.ts" name="getTemporalWorkerMode &gt; returns &quot;merged&quot; when env unset" time="0.000646">
        </testcase>
        <testcase classname="libraries/nestjs-libraries/src/temporal/__tests__/task-queue.spec.ts" name="getTemporalWorkerMode &gt; returns &quot;merged&quot; for unrecognized values" time="0.000082458">
        </testcase>
        <testcase classname="libraries/nestjs-libraries/src/temporal/__tests__/task-queue.spec.ts" name="getTemporalWorkerMode &gt; returns &quot;per-provider&quot; only for the exact literal" time="0.000050834">
        </testcase>
        <testcase classname="libraries/nestjs-libraries/src/temporal/__tests__/task-queue.spec.ts" name="getSocialTaskQueue &gt; returns the merged queue in merged mode regardless of identifier" time="0.000089917">
        </testcase>
        <testcase classname="libraries/nestjs-libraries/src/temporal/__tests__/task-queue.spec.ts" name="getSocialTaskQueue &gt; returns the identifier root in per-provider mode" time="0.000062959">
        </testcase>
        <testcase classname="libraries/nestjs-libraries/src/temporal/__tests__/task-queue.spec.ts" name="getSocialTaskQueue &gt; strips sub-variant suffix and lowercases in per-provider mode" time="0.000056541">
        </testcase>
        <testcase classname="libraries/nestjs-libraries/src/temporal/__tests__/task-queue.spec.ts" name="getEnabledProviderAllowlist &gt; returns null when env unset" time="0.000063625">
        </testcase>
        <testcase classname="libraries/nestjs-libraries/src/temporal/__tests__/task-queue.spec.ts" name="getEnabledProviderAllowlist &gt; returns null for an empty string" time="0.000039916">
        </testcase>
        <testcase classname="libraries/nestjs-libraries/src/temporal/__tests__/task-queue.spec.ts" name="getEnabledProviderAllowlist &gt; returns null for whitespace-only input" time="0.000045334">
        </testcase>
        <testcase classname="libraries/nestjs-libraries/src/temporal/__tests__/task-queue.spec.ts" name="getEnabledProviderAllowlist &gt; parses a simple CSV and lowercases entries" time="0.000277625">
        </testcase>
        <testcase classname="libraries/nestjs-libraries/src/temporal/__tests__/task-queue.spec.ts" name="getEnabledProviderAllowlist &gt; trims whitespace and drops empty tokens" time="0.000062167">
        </testcase>
        <testcase classname="libraries/nestjs-libraries/src/temporal/__tests__/task-queue.spec.ts" name="isProviderEnabled &gt; returns true when allowlist is null (no restriction)" time="0.000065292">
        </testcase>
        <testcase classname="libraries/nestjs-libraries/src/temporal/__tests__/task-queue.spec.ts" name="isProviderEnabled &gt; matches by exact identifier" time="0.000063959">
        </testcase>
        <testcase classname="libraries/nestjs-libraries/src/temporal/__tests__/task-queue.spec.ts" name="isProviderEnabled &gt; matches sub-variant by its root" time="0.000048291">
        </testcase>
        <testcase classname="libraries/nestjs-libraries/src/temporal/__tests__/task-queue.spec.ts" name="isProviderEnabled &gt; does NOT match root when only a sub-variant is listed" time="0.000106042">
        </testcase>
        <testcase classname="libraries/nestjs-libraries/src/temporal/__tests__/task-queue.spec.ts" name="isProviderEnabled &gt; is case-insensitive" time="0.000051542">
        </testcase>
        <testcase classname="libraries/nestjs-libraries/src/temporal/__tests__/task-queue.spec.ts" name="computeRootWorkerSpecs &gt; returns an empty map for an empty provider list" time="0.000077458">
        </testcase>
        <testcase classname="libraries/nestjs-libraries/src/temporal/__tests__/task-queue.spec.ts" name="computeRootWorkerSpecs &gt; creates one spec per root identifier" time="0.000134292">
        </testcase>
        <testcase classname="libraries/nestjs-libraries/src/temporal/__tests__/task-queue.spec.ts" name="computeRootWorkerSpecs &gt; regression for C1: derives a root spec from a sub-variant only" time="0.0000545">
        </testcase>
        <testcase classname="libraries/nestjs-libraries/src/temporal/__tests__/task-queue.spec.ts" name="computeRootWorkerSpecs &gt; merges root + sub-variant into one spec" time="0.00005325">
        </testcase>
        <testcase classname="libraries/nestjs-libraries/src/temporal/__tests__/task-queue.spec.ts" name="computeRootWorkerSpecs &gt; picks the smallest maxConcurrentJob across variants sharing a root" time="0.000041208">
        </testcase>
        <testcase classname="libraries/nestjs-libraries/src/temporal/__tests__/task-queue.spec.ts" name="computeRootWorkerSpecs &gt; leaves maxConcurrentJob undefined when no variant declares one" time="0.000046083">
        </testcase>
        <testcase classname="libraries/nestjs-libraries/src/temporal/__tests__/task-queue.spec.ts" name="computeRootWorkerSpecs &gt; prefers a variant with a defined cap over one without" time="0.000040792">
        </testcase>
        <testcase classname="libraries/nestjs-libraries/src/temporal/__tests__/task-queue.spec.ts" name="computeRootWorkerSpecs &gt; lowercases the root key" time="0.000045375">
        </testcase>
    </testsuite>
    <testsuite name="libraries/nestjs-libraries/src/services/__tests__/validation.exception.factory.spec.ts" timestamp="2026-08-07T06:11:56.078Z" hostname="terceldeMac-mini.local" tests="3" failures="0" errors="0" skipped="0" time="0.008250417">
        <testcase classname="libraries/nestjs-libraries/src/services/__tests__/validation.exception.factory.spec.ts" name="validationExceptionFactory posts[] labeling &gt; labels a failing posts element with post id and platform" time="0.006533125">
        </testcase>
        <testcase classname="libraries/nestjs-libraries/src/services/__tests__/validation.exception.factory.spec.ts" name="validationExceptionFactory posts[] labeling &gt; falls back to the bare index when the element has no identifying fields" time="0.000481375">
        </testcase>
        <testcase classname="libraries/nestjs-libraries/src/services/__tests__/validation.exception.factory.spec.ts" name="validationExceptionFactory posts[] labeling &gt; keeps default formatting for non-posts errors" time="0.000256625">
        </testcase>
    </testsuite>
    <testsuite name="libraries/helpers/src/proxy/__tests__/setup-dispatcher.spec.ts" timestamp="2026-08-07T06:11:56.079Z" hostname="terceldeMac-mini.local" tests="3" failures="0" errors="0" skipped="0" time="0.002138375">
        <testcase classname="libraries/helpers/src/proxy/__tests__/setup-dispatcher.spec.ts" name="OriginRoutingDispatcher &gt; routes *.reddit.com to the reddit dispatcher" time="0.001194916">
        </testcase>
        <testcase classname="libraries/helpers/src/proxy/__tests__/setup-dispatcher.spec.ts" name="OriginRoutingDispatcher &gt; routes every other origin to the fallback dispatcher" time="0.000217416">
        </testcase>
        <testcase classname="libraries/helpers/src/proxy/__tests__/setup-dispatcher.spec.ts" name="OriginRoutingDispatcher &gt; returns the underlying dispatch result" time="0.000117958">
        </testcase>
    </testsuite>
    <testsuite name="libraries/helpers/src/utils/__tests__/date.utils.spec.ts" timestamp="2026-08-07T06:11:56.079Z" hostname="terceldeMac-mini.local" tests="10" failures="0" errors="0" skipped="0" time="0.013710625">
        <testcase classname="libraries/helpers/src/utils/__tests__/date.utils.spec.ts" name="parseDate / parseDateToUTC &gt; Case 1: +08:00 offset + tz header" time="0.010760583">
        </testcase>
        <testcase classname="libraries/helpers/src/utils/__tests__/date.utils.spec.ts" name="parseDate / parseDateToUTC &gt; Case 2: +08:00 offset, no tz" time="0.000111667">
        </testcase>
        <testcase classname="libraries/helpers/src/utils/__tests__/date.utils.spec.ts" name="parseDate / parseDateToUTC &gt; Case 2: Z offset, no tz" time="0.000051667">
        </testcase>
        <testcase classname="libraries/helpers/src/utils/__tests__/date.utils.spec.ts" name="parseDate / parseDateToUTC &gt; Case 3: no offset + tz header" time="0.000398334">
        </testcase>
        <testcase classname="libraries/helpers/src/utils/__tests__/date.utils.spec.ts" name="parseDate / parseDateToUTC &gt; Case 3: no offset + tz, late-day time does not jump day" time="0.000365625">
        </testcase>
        <testcase classname="libraries/helpers/src/utils/__tests__/date.utils.spec.ts" name="parseDate / parseDateToUTC &gt; Case 4: no offset, no tz → treated as UTC" time="0.000047458">
        </testcase>
        <testcase classname="libraries/helpers/src/utils/__tests__/date.utils.spec.ts" name="parseDate / parseDateToUTC &gt; startOf(day) with offset + tz snaps to local day start" time="0.000146292">
        </testcase>
        <testcase classname="libraries/helpers/src/utils/__tests__/date.utils.spec.ts" name="parseDate / parseDateToUTC &gt; endOf(day) with offset + tz snaps to local day end" time="0.000128">
        </testcase>
        <testcase classname="libraries/helpers/src/utils/__tests__/date.utils.spec.ts" name="parseDate / parseDateToUTC &gt; negative offset: -05:00 (New York EST)" time="0.000047458">
        </testcase>
        <testcase classname="libraries/helpers/src/utils/__tests__/date.utils.spec.ts" name="parseDate / parseDateToUTC &gt; Cases 1-3 all resolve to the same UTC instant" time="0.000141042">
        </testcase>
    </testsuite>
    <testsuite name="apps/backend/src/api/routes/__tests__/engage.controller.generateDraft.spec.ts" timestamp="2026-08-07T06:11:56.079Z" hostname="terceldeMac-mini.local" tests="5" failures="0" errors="0" skipped="0" time="0.005671625">
        <testcase classname="apps/backend/src/api/routes/__tests__/engage.controller.generateDraft.spec.ts" name="EngageController.generateDraft — billing contract &gt; settles exactly once on a successful generation, never releases" time="0.002966875">
        </testcase>
        <testcase classname="apps/backend/src/api/routes/__tests__/engage.controller.generateDraft.spec.ts" name="EngageController.generateDraft — billing contract &gt; does NOT record history when the client aborts mid-stream (nothing delivered)" time="0.000374666">
        </testcase>
        <testcase classname="apps/backend/src/api/routes/__tests__/engage.controller.generateDraft.spec.ts" name="EngageController.generateDraft — billing contract &gt; blocks at the cap WITHOUT generating or charging, emitting the typed error frame" time="0.000335084">
        </testcase>
        <testcase classname="apps/backend/src/api/routes/__tests__/engage.controller.generateDraft.spec.ts" name="EngageController.generateDraft — billing contract &gt; blocks an EXPIRED opportunity before reserving/generating, emitting the reason frame" time="0.000297584">
        </testcase>
        <testcase classname="apps/backend/src/api/routes/__tests__/engage.controller.generateDraft.spec.ts" name="EngageController.generateDraft — billing contract &gt; releases the reservation (uncounts it) and does not settle when the client aborts mid-stream" time="0.000227542">
        </testcase>
    </testsuite>
    <testsuite name="apps/backend/src/api/routes/__tests__/integrations.controller.fetchUserByUsername.spec.ts" timestamp="2026-08-07T06:11:56.080Z" hostname="terceldeMac-mini.local" tests="12" failures="0" errors="0" skipped="0" time="0.011792292">
        <testcase classname="apps/backend/src/api/routes/__tests__/integrations.controller.fetchUserByUsername.spec.ts" name="IntegrationsController.fetchUserByUsername — branch A (body.id present) &gt; looks up integration by org.id + body.id" time="0.002301375">
        </testcase>
        <testcase classname="apps/backend/src/api/routes/__tests__/integrations.controller.fetchUserByUsername.spec.ts" name="IntegrationsController.fetchUserByUsername — branch A (body.id present) &gt; throws 400 when integration not found" time="0.000707917">
        </testcase>
        <testcase classname="apps/backend/src/api/routes/__tests__/integrations.controller.fetchUserByUsername.spec.ts" name="IntegrationsController.fetchUserByUsername — branch A (body.id present) &gt; returns provider result on success" time="0.000365125">
        </testcase>
        <testcase classname="apps/backend/src/api/routes/__tests__/integrations.controller.fetchUserByUsername.spec.ts" name="IntegrationsController.fetchUserByUsername — branch B (provider round-robin) &gt; throws 400 for an unknown provider (not in allowlist)" time="0.00060275">
        </testcase>
        <testcase classname="apps/backend/src/api/routes/__tests__/integrations.controller.fetchUserByUsername.spec.ts" name="IntegrationsController.fetchUserByUsername — branch B (provider round-robin) &gt; throws 503 when no active integration is available" time="0.000327709">
        </testcase>
        <testcase classname="apps/backend/src/api/routes/__tests__/integrations.controller.fetchUserByUsername.spec.ts" name="IntegrationsController.fetchUserByUsername — branch B (provider round-robin) &gt; calls pickActiveIntegrationByProvider with the provider name" time="0.000394709">
        </testcase>
        <testcase classname="apps/backend/src/api/routes/__tests__/integrations.controller.fetchUserByUsername.spec.ts" name="IntegrationsController.fetchUserByUsername — branch B (provider round-robin) &gt; returns provider result on success" time="0.000303875">
        </testcase>
        <testcase classname="apps/backend/src/api/routes/__tests__/integrations.controller.fetchUserByUsername.spec.ts" name="IntegrationsController.fetchUserByUsername — branch B (provider round-robin) &gt; retries with refreshed token on RefreshToken — uses same integration (not a new one)" time="0.000611875">
        </testcase>
        <testcase classname="apps/backend/src/api/routes/__tests__/integrations.controller.fetchUserByUsername.spec.ts" name="IntegrationsController.fetchUserByUsername — branch B (provider round-robin) &gt; throws 401 when token refresh fails" time="0.000383">
        </testcase>
        <testcase classname="apps/backend/src/api/routes/__tests__/integrations.controller.fetchUserByUsername.spec.ts" name="IntegrationsController.fetchUserByUsername — branch B (provider round-robin) &gt; does not recurse infinitely — retries at most once on RefreshToken" time="0.002824542">
            <system-err>
fetchUserByUsername error: {
  integrationId: [32m&apos;int-1&apos;[39m,
  internalId: [32m&apos;internal-1&apos;[39m,
  provider: [32m&apos;x&apos;[39m,
  err: ApplicationFailure: 
      at [90m/Users/tercel/WorkSpace/aisee/postiz-app/[39mapps/backend/src/api/routes/__tests__/integrations.controller.fetchUserByUsername.spec.ts:187:52
      at [90mfile:///Users/tercel/WorkSpace/aisee/postiz-app/[39mnode_modules/[4m@vitest/runner[24m/dist/index.js:103:11
      at [90mfile:///Users/tercel/WorkSpace/aisee/postiz-app/[39mnode_modules/[4m@vitest/runner[24m/dist/index.js:596:26
      at [90mfile:///Users/tercel/WorkSpace/aisee/postiz-app/[39mnode_modules/[4m@vitest/runner[24m/dist/index.js:879:20
      at new Promise (&lt;anonymous&gt;)
      at runWithTimeout [90m(file:///Users/tercel/WorkSpace/aisee/postiz-app/[39mnode_modules/[4m@vitest/runner[24m/dist/index.js:852:10[90m)[39m
      at runTest [90m(file:///Users/tercel/WorkSpace/aisee/postiz-app/[39mnode_modules/[4m@vitest/runner[24m/dist/index.js:1360:12[90m)[39m
  [90m    at processTicksAndRejections (node:internal/process/task_queues:105:5)[39m
      at runSuite [90m(file:///Users/tercel/WorkSpace/aisee/postiz-app/[39mnode_modules/[4m@vitest/runner[24m/dist/index.js:1507:8[90m)[39m
      at runSuite [90m(file:///Users/tercel/WorkSpace/aisee/postiz-app/[39mnode_modules/[4m@vitest/runner[24m/dist/index.js:1507:8[90m)[39m
      at runFiles [90m(file:///Users/tercel/WorkSpace/aisee/postiz-app/[39mnode_modules/[4m@vitest/runner[24m/dist/index.js:1561:3[90m)[39m
      at startTests [90m(file:///Users/tercel/WorkSpace/aisee/postiz-app/[39mnode_modules/[4m@vitest/runner[24m/dist/index.js:1571:2[90m)[39m
      at [90mfile:///Users/tercel/WorkSpace/aisee/postiz-app/[39mnode_modules/[4mvitest[24m/dist/chunks/runBaseTests.BV8m0B-u.js:122:5
      at withEnv [90m(file:///Users/tercel/WorkSpace/aisee/postiz-app/[39mnode_modules/[4mvitest[24m/dist/chunks/runBaseTests.BV8m0B-u.js:88:3[90m)[39m
      at run [90m(file:///Users/tercel/WorkSpace/aisee/postiz-app/[39mnode_modules/[4mvitest[24m/dist/chunks/runBaseTests.BV8m0B-u.js:113:2[90m)[39m
      at runBaseTests [90m(file:///Users/tercel/WorkSpace/aisee/postiz-app/[39mnode_modules/[4mvitest[24m/dist/chunks/base.DslwPSCy.js:35:2[90m)[39m
      at ForksBaseWorker.executeTests [90m(file:///Users/tercel/WorkSpace/aisee/postiz-app/[39mnode_modules/[4mvitest[24m/dist/workers/forks.js:27:4[90m)[39m
      at execute [90m(file:///Users/tercel/WorkSpace/aisee/postiz-app/[39mnode_modules/[4mvitest[24m/dist/worker.js:113:3[90m)[39m
      at onMessage [90m(file:///Users/tercel/WorkSpace/aisee/postiz-app/[39mnode_modules/[4mtinypool[24m/dist/entry/process.js:39:18[90m)[39m {
    cause: [90mundefined[39m,
    failure: [90mundefined[39m,
    type: [32m&apos;refresh_token&apos;[39m,
    nonRetryable: [33mtrue[39m,
    details: [ [36m[Object][39m ],
    nextRetryDelay: [90mundefined[39m,
    category: [90mundefined[39m
  }
}

            </system-err>
        </testcase>
        <testcase classname="apps/backend/src/api/routes/__tests__/integrations.controller.fetchUserByUsername.spec.ts" name="IntegrationsController.fetchUserByUsername — branch B (provider round-robin) &gt; throws 501 when provider does not support username lookup" time="0.000560166">
        </testcase>
        <testcase classname="apps/backend/src/api/routes/__tests__/integrations.controller.fetchUserByUsername.spec.ts" name="IntegrationsController.fetchUserByUsername — branch B (provider round-robin) &gt; throws 404 when user not found" time="0.001565041">
        </testcase>
    </testsuite>
    <testsuite name="apps/backend/src/api/routes/__tests__/operation-plan.controller.spec.ts" timestamp="2026-08-07T06:11:56.080Z" hostname="terceldeMac-mini.local" tests="3" failures="0" errors="0" skipped="0" time="0.003634417">
        <testcase classname="apps/backend/src/api/routes/__tests__/operation-plan.controller.spec.ts" name="OperationPlanController.getOverview &gt; passes the authenticated org id and the route param through to the service" time="0.002022125">
        </testcase>
        <testcase classname="apps/backend/src/api/routes/__tests__/operation-plan.controller.spec.ts" name="OperationPlanController.create &gt; uses the route project and authenticated organization; no dryRun query = real run" time="0.000332166">
        </testcase>
        <testcase classname="apps/backend/src/api/routes/__tests__/operation-plan.controller.spec.ts" name="OperationPlanController.create &gt; passes dryRun=true when the query flag is &quot;true&quot; or &quot;1&quot;" time="0.000177">
        </testcase>
    </testsuite>
    <testsuite name="apps/backend/src/api/routes/__tests__/posts.controller.createPost.spec.ts" timestamp="2026-08-07T06:11:56.080Z" hostname="terceldeMac-mini.local" tests="3" failures="0" errors="0" skipped="0" time="0.003001292">
        <testcase classname="apps/backend/src/api/routes/__tests__/posts.controller.createPost.spec.ts" name="PostsController.createPost &gt; passes userId to PostsService.createPost" time="0.002054208">
        </testcase>
        <testcase classname="apps/backend/src/api/routes/__tests__/posts.controller.createPost.spec.ts" name="PostsController.createPost &gt; returns the result from createPost" time="0.000296667">
        </testcase>
        <testcase classname="apps/backend/src/api/routes/__tests__/posts.controller.createPost.spec.ts" name="PostsController.createPost &gt; returns empty array when createPost returns empty" time="0.000089959">
        </testcase>
    </testsuite>
    <testsuite name="apps/backend/src/api/routes/__tests__/posts.controller.getPost.spec.ts" timestamp="2026-08-07T06:11:56.081Z" hostname="terceldeMac-mini.local" tests="2" failures="0" errors="0" skipped="0" time="0.004305125">
        <testcase classname="apps/backend/src/api/routes/__tests__/posts.controller.getPost.spec.ts" name="PostsController.getPost &gt; passes the projectId query param through to PostsService.getPost" time="0.002846875">
        </testcase>
        <testcase classname="apps/backend/src/api/routes/__tests__/posts.controller.getPost.spec.ts" name="PostsController.getPost &gt; passes undefined projectId for a legacy, non-project request" time="0.000215084">
        </testcase>
    </testsuite>
    <testsuite name="apps/backend/src/services/auth/__tests__/public.auth.middleware.spec.ts" timestamp="2026-08-07T06:11:56.081Z" hostname="terceldeMac-mini.local" tests="6" failures="0" errors="0" skipped="0" time="0.003909708">
        <testcase classname="apps/backend/src/services/auth/__tests__/public.auth.middleware.spec.ts" name="PublicAuthMiddleware &gt; sets req.user from org owner userId" time="0.002038208">
        </testcase>
        <testcase classname="apps/backend/src/services/auth/__tests__/public.auth.middleware.spec.ts" name="PublicAuthMiddleware &gt; sets req.org with SUPERADMIN role override" time="0.000196291">
        </testcase>
        <testcase classname="apps/backend/src/services/auth/__tests__/public.auth.middleware.spec.ts" name="PublicAuthMiddleware &gt; does not set req.user when org has no users" time="0.000111792">
        </testcase>
        <testcase classname="apps/backend/src/services/auth/__tests__/public.auth.middleware.spec.ts" name="PublicAuthMiddleware &gt; returns 401 when no authorization header" time="0.00063525">
        </testcase>
        <testcase classname="apps/backend/src/services/auth/__tests__/public.auth.middleware.spec.ts" name="PublicAuthMiddleware &gt; returns 401 when API key is invalid" time="0.000181459">
        </testcase>
        <testcase classname="apps/backend/src/services/auth/__tests__/public.auth.middleware.spec.ts" name="PublicAuthMiddleware &gt; returns 401 when Stripe is configured but org has no subscription" time="0.000141292">
        </testcase>
    </testsuite>
    <testsuite name="apps/extension/src/pages/background/__tests__/devto-poster.spec.ts" timestamp="2026-08-07T06:11:56.081Z" hostname="terceldeMac-mini.local" tests="6" failures="0" errors="0" skipped="0" time="0.005945958">
        <testcase classname="apps/extension/src/pages/background/__tests__/devto-poster.spec.ts" name="isPublishedDevtoUrl &gt; accepts a published article at /&lt;username&gt;/&lt;slug&gt;" time="0.001722125">
        </testcase>
        <testcase classname="apps/extension/src/pages/background/__tests__/devto-poster.spec.ts" name="isPublishedDevtoUrl &gt; ignores query strings and fragments" time="0.00027475">
        </testcase>
        <testcase classname="apps/extension/src/pages/background/__tests__/devto-poster.spec.ts" name="isPublishedDevtoUrl &gt; rejects the editor itself — the tab starts there" time="0.000135458">
        </testcase>
        <testcase classname="apps/extension/src/pages/background/__tests__/devto-poster.spec.ts" name="isPublishedDevtoUrl &gt; rejects Forem system paths that share the two-segment shape" time="0.00016325">
        </testcase>
        <testcase classname="apps/extension/src/pages/background/__tests__/devto-poster.spec.ts" name="isPublishedDevtoUrl &gt; rejects a profile page (one segment) and deeper paths" time="0.000171708">
        </testcase>
        <testcase classname="apps/extension/src/pages/background/__tests__/devto-poster.spec.ts" name="isPublishedDevtoUrl &gt; rejects other hosts, including look-alikes" time="0.00019625">
        </testcase>
    </testsuite>
    <testsuite name="apps/extension/src/pages/background/__tests__/hackernews-poster.spec.ts" timestamp="2026-08-07T06:11:56.081Z" hostname="terceldeMac-mini.local" tests="9" failures="0" errors="0" skipped="0" time="0.00468325">
        <testcase classname="apps/extension/src/pages/background/__tests__/hackernews-poster.spec.ts" name="parseHackernewsId &gt; extracts the numeric id from an item URL" time="0.000692833">
        </testcase>
        <testcase classname="apps/extension/src/pages/background/__tests__/hackernews-poster.spec.ts" name="parseHackernewsId &gt; rejects non-HN hosts and malformed ids" time="0.000179708">
        </testcase>
        <testcase classname="apps/extension/src/pages/background/__tests__/hackernews-poster.spec.ts" name="submitHackernewsStory &gt; reads the username on the landing page (after submit) and resolves the permalink there" time="0.001349833">
        </testcase>
        <testcase classname="apps/extension/src/pages/background/__tests__/hackernews-poster.spec.ts" name="submitHackernewsStory &gt; falls back to /submitted?id=&lt;user&gt; when the landing-page match fails" time="0.000710125">
        </testcase>
        <testcase classname="apps/extension/src/pages/background/__tests__/hackernews-poster.spec.ts" name="submitHackernewsStory &gt; fails (never URL-less success) when neither username nor landing match is available" time="0.000235125">
        </testcase>
        <testcase classname="apps/extension/src/pages/background/__tests__/hackernews-poster.spec.ts" name="submitHackernewsStory &gt; fails when the story is absent from the inspected /submitted list" time="0.000191625">
        </testcase>
        <testcase classname="apps/extension/src/pages/background/__tests__/hackernews-poster.spec.ts" name="submitHackernewsStory &gt; fails with a clear reason on HN&apos;s anti-abuse &quot;Sorry.&quot; page (fnop=sorry)" time="0.000384208">
        </testcase>
        <testcase classname="apps/extension/src/pages/background/__tests__/hackernews-poster.spec.ts" name="submitHackernewsStory &gt; fails on HN error interstitials (expired fnid / rate limit) even off /submit" time="0.000176875">
        </testcase>
        <testcase classname="apps/extension/src/pages/background/__tests__/hackernews-poster.spec.ts" name="submitHackernewsStory &gt; reports a rejected submission when the tab is still on /submit" time="0.000154833">
        </testcase>
    </testsuite>
    <testsuite name="apps/extension/src/pages/background/__tests__/post-reply.spec.ts" timestamp="2026-08-07T06:11:56.082Z" hostname="terceldeMac-mini.local" tests="7" failures="0" errors="0" skipped="0" time="0.00795575">
        <testcase classname="apps/extension/src/pages/background/__tests__/post-reply.spec.ts" name="handlePostReply — pre-send duplicate guard &gt; refuses to post when the sent reply already has a replyUrl" time="0.00254975">
            <system-err>
[aisee] postReply blocked: This reply was already published (https://reddit.com/x) — skipped to avoid a duplicate. Refresh the Engage page to see it.

            </system-err>
        </testcase>
        <testcase classname="apps/extension/src/pages/background/__tests__/post-reply.spec.ts" name="handlePostReply — pre-send duplicate guard &gt; refuses to post when the record is PUBLISHED even without a URL" time="0.000324708">
            <system-err>
[aisee] postReply blocked: This reply was already published — skipped to avoid a duplicate. Refresh the Engage page to see it.

            </system-err>
        </testcase>
        <testcase classname="apps/extension/src/pages/background/__tests__/post-reply.spec.ts" name="handlePostReply — pre-send duplicate guard &gt; fails OPEN when the status probe errors — a probe failure is not a duplicate" time="0.003383">
            <system-out>
[aisee] backfill status [33m200[39m

            </system-out>
            <system-err>
[aisee] duplicate check failed — sending unverified Error: network down
    at Object.status [90m(/Users/tercel/WorkSpace/aisee/postiz-app/[39mapps/extension/src/pages/background/__tests__/post-reply.spec.ts:94:15[90m)[39m
    at [90m/Users/tercel/WorkSpace/aisee/postiz-app/[39mapps/extension/src/pages/background/__tests__/post-reply.spec.ts:37:23
    at mockCall [90m(file:///Users/tercel/WorkSpace/aisee/postiz-app/[39mnode_modules/[4m@vitest/spy[24m/dist/index.js:66:15[90m)[39m
    at spy [90m(file:///Users/tercel/WorkSpace/aisee/postiz-app/[39mnode_modules/[4mtinyspy[24m/dist/index.js:45:80[90m)[39m
    at checkAlreadyPublished [90m(/Users/tercel/WorkSpace/aisee/postiz-app/[39mapps/extension/src/pages/background/post-reply.ts:70:23[90m)[39m
[90m    at processTicksAndRejections (node:internal/process/task_queues:105:5)[39m
    at Module.handlePostReply [90m(/Users/tercel/WorkSpace/aisee/postiz-app/[39mapps/extension/src/pages/background/post-reply.ts:142:19[90m)[39m
    at [90m/Users/tercel/WorkSpace/aisee/postiz-app/[39mapps/extension/src/pages/background/__tests__/post-reply.spec.ts:103:17
    at [90mfile:///Users/tercel/WorkSpace/aisee/postiz-app/[39mnode_modules/[4m@vitest/runner[24m/dist/index.js:596:20

            </system-err>
        </testcase>
        <testcase classname="apps/extension/src/pages/background/__tests__/post-reply.spec.ts" name="handlePostReply — pre-send duplicate guard &gt; skips the probe entirely for debug sends with no sentReplyId" time="0.000398541">
        </testcase>
        <testcase classname="apps/extension/src/pages/background/__tests__/post-reply.spec.ts" name="handlePostReply — backfill on confirmed send &gt; backfills URL-less when the platform confirmed but no permalink was captured" time="0.000431958">
            <system-out>
[aisee] backfill status [33m200[39m

            </system-out>
        </testcase>
        <testcase classname="apps/extension/src/pages/background/__tests__/post-reply.spec.ts" name="handlePostReply — backfill on confirmed send &gt; backfills WITH the permalink when one was captured" time="0.000173625">
            <system-out>
[aisee] backfill status [33m200[39m

            </system-out>
        </testcase>
        <testcase classname="apps/extension/src/pages/background/__tests__/post-reply.spec.ts" name="handlePostReply — backfill on confirmed send &gt; does NOT backfill a pending X result — nothing is provably live yet" time="0.000140125">
        </testcase>
    </testsuite>
    <testsuite name="apps/extension/src/pages/background/__tests__/quora-poster-account.spec.ts" timestamp="2026-08-07T06:11:56.082Z" hostname="terceldeMac-mini.local" tests="5" failures="0" errors="0" skipped="0" time="0.005122792">
        <testcase classname="apps/extension/src/pages/background/__tests__/quora-poster-account.spec.ts" name="postQuoraPost — wrong-account guard &gt; aborts before the composer when the tab is signed in as someone else" time="0.003133292">
        </testcase>
        <testcase classname="apps/extension/src/pages/background/__tests__/quora-poster-account.spec.ts" name="postQuoraPost — wrong-account guard &gt; publishes when the slugs differ only by case or a stored /profile/ prefix" time="0.000272084">
        </testcase>
        <testcase classname="apps/extension/src/pages/background/__tests__/quora-poster-account.spec.ts" name="postQuoraPost — wrong-account guard &gt; publishes unverified when the identity cannot be read" time="0.000278792">
        </testcase>
        <testcase classname="apps/extension/src/pages/background/__tests__/quora-poster-account.spec.ts" name="postQuoraPost — wrong-account guard &gt; never reads the identity when the post is not bound to an account" time="0.0001465">
        </testcase>
        <testcase classname="apps/extension/src/pages/background/__tests__/quora-poster-account.spec.ts" name="postQuoraPost — wrong-account guard &gt; reports the login wall before any account comparison" time="0.000257875">
        </testcase>
    </testsuite>
    <testsuite name="apps/extension/src/pages/background/__tests__/quora-poster-images.spec.ts" timestamp="2026-08-07T06:11:56.083Z" hostname="terceldeMac-mini.local" tests="7" failures="0" errors="0" skipped="0" time="0.004375625">
        <testcase classname="apps/extension/src/pages/background/__tests__/quora-poster-images.spec.ts" name="postQuoraPost — images &gt; downloads images BEFORE opening a tab and forwards them to the composer" time="0.002549542">
        </testcase>
        <testcase classname="apps/extension/src/pages/background/__tests__/quora-poster-images.spec.ts" name="postQuoraPost — images &gt; fails fast without opening a tab when an image download fails" time="0.000301167">
        </testcase>
        <testcase classname="apps/extension/src/pages/background/__tests__/quora-poster-images.spec.ts" name="postQuoraPost — images &gt; allows an image-only post with no text" time="0.000224334">
        </testcase>
        <testcase classname="apps/extension/src/pages/background/__tests__/quora-poster-images.spec.ts" name="postQuoraPost — images &gt; rejects an empty post with neither text nor images without opening a tab" time="0.000121209">
        </testcase>
        <testcase classname="apps/extension/src/pages/background/__tests__/quora-poster-images.spec.ts" name="postQuoraPost — images &gt; surfaces the tab and reports an error when the image control cannot be found" time="0.000222542">
        </testcase>
        <testcase classname="apps/extension/src/pages/background/__tests__/quora-poster-images.spec.ts" name="postQuoraPost — permalink capture &gt; reads the permalink from the interceptor capture, not the tab URL" time="0.000206708">
        </testcase>
        <testcase classname="apps/extension/src/pages/background/__tests__/quora-poster-images.spec.ts" name="postQuoraPost — permalink capture &gt; falls back to polling the tab URL when the capture misses" time="0.000194916">
        </testcase>
    </testsuite>
    <testsuite name="apps/extension/src/pages/background/__tests__/reddit-submit-tab.spec.ts" timestamp="2026-08-07T06:11:56.083Z" hostname="terceldeMac-mini.local" tests="6" failures="0" errors="0" skipped="0" time="0.002003834">
        <testcase classname="apps/extension/src/pages/background/__tests__/reddit-submit-tab.spec.ts" name="buildRedditSubmitUrl &gt; builds a prefilled old-reddit self-post submit URL" time="0.000778208">
        </testcase>
        <testcase classname="apps/extension/src/pages/background/__tests__/reddit-submit-tab.spec.ts" name="buildRedditSubmitUrl &gt; strips an r/ prefix and trailing slash from the subreddit" time="0.000115167">
        </testcase>
        <testcase classname="apps/extension/src/pages/background/__tests__/reddit-submit-tab.spec.ts" name="redditPermalinkFromSubmittedUrl &gt; returns the canonical www permalink + t3_ id for a comments URL" time="0.00044175">
        </testcase>
        <testcase classname="apps/extension/src/pages/background/__tests__/reddit-submit-tab.spec.ts" name="redditPermalinkFromSubmittedUrl &gt; returns null while still on the submit form" time="0.000068542">
        </testcase>
        <testcase classname="apps/extension/src/pages/background/__tests__/reddit-submit-tab.spec.ts" name="redditPermalinkFromSubmittedUrl &gt; returns null for a non-reddit host" time="0.00003825">
        </testcase>
        <testcase classname="apps/extension/src/pages/background/__tests__/reddit-submit-tab.spec.ts" name="redditPermalinkFromSubmittedUrl &gt; returns null for an unparseable string" time="0.000041125">
        </testcase>
    </testsuite>
    <testsuite name="apps/extension/src/pages/content/__tests__/content-script-isolation.spec.ts" timestamp="2026-08-07T06:11:56.083Z" hostname="terceldeMac-mini.local" tests="2" failures="0" errors="0" skipped="0" time="0.003305834">
        <testcase classname="apps/extension/src/pages/content/__tests__/content-script-isolation.spec.ts" name="extension content script isolation &gt; keeps app bridges CSS-free while provider pages receive the UI stylesheet" time="0.002231708">
        </testcase>
        <testcase classname="apps/extension/src/pages/content/__tests__/content-script-isolation.spec.ts" name="extension content script isolation &gt; leaves the app bridge at the default document_idle" time="0.000077375">
        </testcase>
    </testsuite>
    <testsuite name="apps/extension/src/pages/content/__tests__/engage-scan-bridge.spec.ts" timestamp="2026-08-07T06:11:56.083Z" hostname="terceldeMac-mini.local" tests="2" failures="0" errors="0" skipped="0" time="0.003674208">
        <testcase classname="apps/extension/src/pages/content/__tests__/engage-scan-bridge.spec.ts" name="Engage scan extension protocol &gt; defines one request/response pair shared by the web app and extension" time="0.000681708">
        </testcase>
        <testcase classname="apps/extension/src/pages/content/__tests__/engage-scan-bridge.spec.ts" name="Engage scan extension protocol &gt; forwards a same-origin page request to the formal background scan action" time="0.002471125">
        </testcase>
    </testsuite>
    <testsuite name="apps/extension/src/pages/content/__tests__/ping-bridge.spec.ts" timestamp="2026-08-07T06:11:56.083Z" hostname="terceldeMac-mini.local" tests="2" failures="0" errors="0" skipped="0" time="0.011392292">
        <testcase classname="apps/extension/src/pages/content/__tests__/ping-bridge.spec.ts" name="Ping/pong presence protocol &gt; answers a ping synchronously without touching the service worker" time="0.010420084">
        </testcase>
        <testcase classname="apps/extension/src/pages/content/__tests__/ping-bridge.spec.ts" name="Ping/pong presence protocol &gt; still answers with stale:true when the extension context is invalidated" time="0.000431791">
        </testcase>
    </testsuite>
    <testsuite name="apps/extension/src/pages/content/__tests__/post-metrics-bridge.spec.ts" timestamp="2026-08-07T06:11:56.083Z" hostname="terceldeMac-mini.local" tests="1" failures="0" errors="0" skipped="0" time="0.003496208">
        <testcase classname="apps/extension/src/pages/content/__tests__/post-metrics-bridge.spec.ts" name="Post metrics extension protocol &gt; forwards a same-origin post request to the background fetch action" time="0.003034833">
        </testcase>
    </testsuite>
    <testsuite name="apps/extension/src/pages/content/__tests__/post-publish-bridge.spec.ts" timestamp="2026-08-07T06:11:56.084Z" hostname="terceldeMac-mini.local" tests="5" failures="0" errors="0" skipped="0" time="0.013833791">
        <testcase classname="apps/extension/src/pages/content/__tests__/post-publish-bridge.spec.ts" name="Post-publish extension protocol &gt; demotes post-publish to a pure sync trigger (runs publish-due, ignores items)" time="0.00958875">
            <system-out>
[aisee-publish:bridge] installed on http://localhost:3000
[aisee-publish:bridge] page → SW {
  action: [32m&apos;aisee:post-publish&apos;[39m,
  requestId: [32m&apos;req-1&apos;[39m,
  items: [33m1[39m,
  taskIds: [90mundefined[39m
}
[aisee-publish:bridge] SW → page {
  action: [32m&apos;aisee:post-publish-result&apos;[39m,
  requestId: [32m&apos;req-1&apos;[39m,
  runtimeError: [90mundefined[39m,
  response: {
    ok: [33mtrue[39m,
    summary: { due: [33m2[39m, enqueued: [33m2[39m, rejected: [33m0[39m, stoppedReason: [32m&apos;ok&apos;[39m }
  }
}

            </system-out>
        </testcase>
        <testcase classname="apps/extension/src/pages/content/__tests__/post-publish-bridge.spec.ts" name="Post-publish extension protocol &gt; routes cancel and status requests to their own actions" time="0.001180667">
            <system-out>
[aisee-publish:bridge] installed on http://localhost:3000
[aisee-publish:bridge] page → SW {
  action: [32m&apos;aisee:post-publish-cancel&apos;[39m,
  requestId: [32m&apos;req-2&apos;[39m,
  items: [90mundefined[39m,
  taskIds: [ [32m&apos;a&apos;[39m, [32m&apos;b&apos;[39m ]
}
[aisee-publish:bridge] SW → page {
  action: [32m&apos;aisee:post-publish-cancel-result&apos;[39m,
  requestId: [32m&apos;req-2&apos;[39m,
  runtimeError: [90mundefined[39m,
  response: { ok: [33mtrue[39m, canceled: [], notCancelable: [], states: [] }
}
[aisee-publish:bridge] page → SW {
  action: [32m&apos;aisee:post-publish-cancel&apos;[39m,
  requestId: [32m&apos;req-2&apos;[39m,
  items: [90mundefined[39m,
  taskIds: [ [32m&apos;a&apos;[39m, [32m&apos;b&apos;[39m ]
}
[aisee-publish:bridge] SW → page {
  action: [32m&apos;aisee:post-publish-cancel-result&apos;[39m,
  requestId: [32m&apos;req-2&apos;[39m,
  runtimeError: [90mundefined[39m,
  response: { ok: [33mtrue[39m, canceled: [], notCancelable: [], states: [] }
}
[aisee-publish:bridge] page → SW {
  action: [32m&apos;aisee:post-publish-status&apos;[39m,
  requestId: [32m&apos;req-3&apos;[39m,
  items: [90mundefined[39m,
  taskIds: [90mundefined[39m
}
[aisee-publish:bridge] SW → page {
  action: [32m&apos;aisee:post-publish-status-result&apos;[39m,
  requestId: [32m&apos;req-3&apos;[39m,
  runtimeError: [90mundefined[39m,
  response: { ok: [33mtrue[39m, canceled: [], notCancelable: [], states: [] }
}
[aisee-publish:bridge] page → SW {
  action: [32m&apos;aisee:post-publish-status&apos;[39m,
  requestId: [32m&apos;req-3&apos;[39m,
  items: [90mundefined[39m,
  taskIds: [90mundefined[39m
}
[aisee-publish:bridge] SW → page {
  action: [32m&apos;aisee:post-publish-status-result&apos;[39m,
  requestId: [32m&apos;req-3&apos;[39m,
  runtimeError: [90mundefined[39m,
  response: { ok: [33mtrue[39m, canceled: [], notCancelable: [], states: [] }
}

            </system-out>
        </testcase>
        <testcase classname="apps/extension/src/pages/content/__tests__/post-publish-bridge.spec.ts" name="Post-publish extension protocol &gt; forwards SW progress pushes to the page" time="0.000356417">
            <system-out>
[aisee-publish:bridge] installed on http://localhost:3000
[aisee-publish:bridge] progress push → page { requestId: [32m&apos;req-1&apos;[39m, taskId: [32m&apos;a&apos;[39m, status: [32m&apos;publishing&apos;[39m }

            </system-out>
        </testcase>
        <testcase classname="apps/extension/src/pages/content/__tests__/post-publish-bridge.spec.ts" name="Post-publish extension protocol &gt; replies with an actionable error when sendMessage throws synchronously (orphaned context)" time="0.000970709">
            <system-out>
[aisee-publish:bridge] installed on http://localhost:3000
[aisee-publish:bridge] page → SW {
  action: [32m&apos;aisee:post-publish&apos;[39m,
  requestId: [32m&apos;req-dead&apos;[39m,
  items: [33m0[39m,
  taskIds: [90mundefined[39m
}
[aisee-publish:bridge] sendMessage threw (context invalidated?) Extension context invalidated.
[aisee-publish:bridge] page → SW {
  action: [32m&apos;aisee:post-publish&apos;[39m,
  requestId: [32m&apos;req-dead&apos;[39m,
  items: [33m0[39m,
  taskIds: [90mundefined[39m
}
[aisee-publish:bridge] sendMessage threw (context invalidated?) Extension context invalidated.
[aisee-publish:bridge] page → SW {
  action: [32m&apos;aisee:post-publish&apos;[39m,
  requestId: [32m&apos;req-dead&apos;[39m,
  items: [33m0[39m,
  taskIds: [90mundefined[39m
}
[aisee-publish:bridge] sendMessage threw (context invalidated?) Extension context invalidated.
[aisee-publish:bridge] page → SW {
  action: [32m&apos;aisee:post-publish&apos;[39m,
  requestId: [32m&apos;req-dead&apos;[39m,
  items: [33m0[39m,
  taskIds: [90mundefined[39m
}
[aisee-publish:bridge] sendMessage threw (context invalidated?) Extension context invalidated.

            </system-out>
        </testcase>
        <testcase classname="apps/extension/src/pages/content/__tests__/post-publish-bridge.spec.ts" name="Post-publish extension protocol &gt; reports a runtime error when the extension does not answer" time="0.000900583">
            <system-out>
[aisee-publish:bridge] installed on http://localhost:3000
[aisee-publish:bridge] page → SW {
  action: [32m&apos;aisee:post-publish&apos;[39m,
  requestId: [32m&apos;req-err&apos;[39m,
  items: [33m0[39m,
  taskIds: [90mundefined[39m
}
[aisee-publish:bridge] SW → page {
  action: [32m&apos;aisee:post-publish-result&apos;[39m,
  requestId: [32m&apos;req-err&apos;[39m,
  runtimeError: [32m&apos;no receiver&apos;[39m,
  response: [90mundefined[39m
}
[aisee-publish:bridge] page → SW {
  action: [32m&apos;aisee:post-publish&apos;[39m,
  requestId: [32m&apos;req-err&apos;[39m,
  items: [33m0[39m,
  taskIds: [90mundefined[39m
}
[aisee-publish:bridge] SW → page {
  action: [32m&apos;aisee:post-publish-result&apos;[39m,
  requestId: [32m&apos;req-err&apos;[39m,
  runtimeError: [32m&apos;no receiver&apos;[39m,
  response: [90mundefined[39m
}
[aisee-publish:bridge] page → SW {
  action: [32m&apos;aisee:post-publish&apos;[39m,
  requestId: [32m&apos;req-err&apos;[39m,
  items: [33m0[39m,
  taskIds: [90mundefined[39m
}
[aisee-publish:bridge] SW → page {
  action: [32m&apos;aisee:post-publish-result&apos;[39m,
  requestId: [32m&apos;req-err&apos;[39m,
  runtimeError: [32m&apos;no receiver&apos;[39m,
  response: [90mundefined[39m
}
[aisee-publish:bridge] page → SW {
  action: [32m&apos;aisee:post-publish&apos;[39m,
  requestId: [32m&apos;req-err&apos;[39m,
  items: [33m0[39m,
  taskIds: [90mundefined[39m
}
[aisee-publish:bridge] SW → page {
  action: [32m&apos;aisee:post-publish-result&apos;[39m,
  requestId: [32m&apos;req-err&apos;[39m,
  runtimeError: [32m&apos;no receiver&apos;[39m,
  response: [90mundefined[39m
}
[aisee-publish:bridge] page → SW {
  action: [32m&apos;aisee:post-publish&apos;[39m,
  requestId: [32m&apos;req-err&apos;[39m,
  items: [33m0[39m,
  taskIds: [90mundefined[39m
}
[aisee-publish:bridge] SW → page {
  action: [32m&apos;aisee:post-publish-result&apos;[39m,
  requestId: [32m&apos;req-err&apos;[39m,
  runtimeError: [32m&apos;no receiver&apos;[39m,
  response: [90mundefined[39m
}

            </system-out>
        </testcase>
    </testsuite>
    <testsuite name="apps/extension/src/pages/content/__tests__/posts-metrics-refresh-bridge.spec.ts" timestamp="2026-08-07T06:11:56.084Z" hostname="terceldeMac-mini.local" tests="2" failures="0" errors="0" skipped="0" time="0.004069917">
        <testcase classname="apps/extension/src/pages/content/__tests__/posts-metrics-refresh-bridge.spec.ts" name="Posts metrics-refresh extension protocol &gt; forwards a same-origin batch request to the background due-metrics runner" time="0.003129708">
        </testcase>
        <testcase classname="apps/extension/src/pages/content/__tests__/posts-metrics-refresh-bridge.spec.ts" name="Posts metrics-refresh extension protocol &gt; ignores messages missing ids by forwarding an empty array" time="0.000405792">
        </testcase>
    </testsuite>
    <testsuite name="apps/extension/src/pages/content/__tests__/self-contained-content-scripts.spec.ts" timestamp="2026-08-07T06:11:56.084Z" hostname="terceldeMac-mini.local" tests="3" failures="0" errors="0" skipped="0" time="0.072505916">
        <testcase classname="apps/extension/src/pages/content/__tests__/self-contained-content-scripts.spec.ts" name="selfContainedContentScripts &gt; leaves no page-reachable web_accessible_resources entry" time="0.051350125">
            <system-out>
[crx-selfcontained] inlined 2 content scripts (assets/bridge-loader.js → assets/bridge-def.bundle.js, assets/main-loader.js → assets/main-ghi.bundle.js); dropped 3 resources across 2 web_accessible_resources entries; 0 page-reachable entries left

            </system-out>
        </testcase>
        <testcase classname="apps/extension/src/pages/content/__tests__/self-contained-content-scripts.spec.ts" name="selfContainedContentScripts &gt; inlines both loader forms into self-contained bundles that still self-install" time="0.017316833">
            <system-out>
[crx-selfcontained] inlined 2 content scripts (assets/bridge-loader.js → assets/bridge-def.bundle.js, assets/main-loader.js → assets/main-ghi.bundle.js); dropped 3 resources across 2 web_accessible_resources entries; 0 page-reachable entries left

            </system-out>
        </testcase>
        <testcase classname="apps/extension/src/pages/content/__tests__/self-contained-content-scripts.spec.ts" name="selfContainedContentScripts &gt; fails the build when crxjs stops emitting a loader to inline" time="0.003249459">
        </testcase>
    </testsuite>
    <testsuite name="apps/extension/src/pages/content/__tests__/social-sessions-bridge.spec.ts" timestamp="2026-08-07T06:11:56.084Z" hostname="terceldeMac-mini.local" tests="3" failures="0" errors="0" skipped="0" time="0.004426625">
        <testcase classname="apps/extension/src/pages/content/__tests__/social-sessions-bridge.spec.ts" name="Social-sessions extension protocol &gt; forwards a same-origin probe and echoes the session snapshot back" time="0.003141875">
        </testcase>
        <testcase classname="apps/extension/src/pages/content/__tests__/social-sessions-bridge.spec.ts" name="Social-sessions extension protocol &gt; ignores probes without a requestId" time="0.000249375">
        </testcase>
        <testcase classname="apps/extension/src/pages/content/__tests__/social-sessions-bridge.spec.ts" name="Social-sessions extension protocol &gt; reports a runtime error when the extension does not answer" time="0.000428625">
        </testcase>
    </testsuite>
    <testsuite name="apps/extension/src/utils/executor/__tests__/claim-tasks.payload.spec.ts" timestamp="2026-08-07T06:11:56.085Z" hostname="terceldeMac-mini.local" tests="2" failures="0" errors="0" skipped="0" time="0.00163325">
        <testcase classname="apps/extension/src/utils/executor/__tests__/claim-tasks.payload.spec.ts" name="buildClaimTasksPayload &gt; sets force=true when selected units are present" time="0.000877875">
        </testcase>
        <testcase classname="apps/extension/src/utils/executor/__tests__/claim-tasks.payload.spec.ts" name="buildClaimTasksPayload &gt; omits selected units and force for unselected bootstrap claims" time="0.000083542">
        </testcase>
    </testsuite>
    <testsuite name="apps/extension/src/utils/executor/__tests__/executor.spec.ts" timestamp="2026-08-07T06:11:56.085Z" hostname="terceldeMac-mini.local" tests="10" failures="0" errors="0" skipped="0" time="0.007134833">
        <testcase classname="apps/extension/src/utils/executor/__tests__/executor.spec.ts" name="parseTweetResult &gt; parses a legacy tweet with metrics + author" time="0.001143625">
        </testcase>
        <testcase classname="apps/extension/src/utils/executor/__tests__/executor.spec.ts" name="parseTweetResult &gt; unwraps a TweetWithVisibilityResults node" time="0.000095167">
        </testcase>
        <testcase classname="apps/extension/src/utils/executor/__tests__/executor.spec.ts" name="parseTweetResult &gt; prefers note_tweet text over legacy.full_text (longform)" time="0.0000535">
        </testcase>
        <testcase classname="apps/extension/src/utils/executor/__tests__/executor.spec.ts" name="parseTweetResult &gt; reads newer core user fields when legacy author is absent" time="0.000081417">
        </testcase>
        <testcase classname="apps/extension/src/utils/executor/__tests__/executor.spec.ts" name="parseTweetResult &gt; returns null for an unreadable node" time="0.000047875">
        </testcase>
        <testcase classname="apps/extension/src/utils/executor/__tests__/executor.spec.ts" name="newerId / isNewerThan &gt; compares snowflake ids without precision loss" time="0.000155041">
        </testcase>
        <testcase classname="apps/extension/src/utils/executor/__tests__/executor.spec.ts" name="newerId / isNewerThan &gt; isNewerThan is strict and true when no sinceId" time="0.000084875">
        </testcase>
        <testcase classname="apps/extension/src/utils/executor/__tests__/executor.spec.ts" name="statusIdFromUrl &gt; extracts the id from canonical and i/web URLs" time="0.000239667">
        </testcase>
        <testcase classname="apps/extension/src/utils/executor/__tests__/executor.spec.ts" name="jitteredDelayMs &gt; stays within [base, base+jitter)" time="0.004526166">
        </testcase>
        <testcase classname="apps/extension/src/utils/executor/__tests__/executor.spec.ts" name="jitteredDelayMs &gt; returns base when jitter is 0 and 0 for non-positive base" time="0.000068292">
        </testcase>
    </testsuite>
    <testsuite name="apps/extension/src/utils/executor/__tests__/formal-actions.spec.ts" timestamp="2026-08-07T06:11:56.085Z" hostname="terceldeMac-mini.local" tests="1" failures="0" errors="0" skipped="0" time="0.001665291">
        <testcase classname="apps/extension/src/utils/executor/__tests__/formal-actions.spec.ts" name="formal Engage collection surfaces &gt; does not expose debug action or backend route names" time="0.00105675">
        </testcase>
    </testsuite>
    <testsuite name="apps/extension/src/utils/executor/__tests__/metrics-compact-number.spec.ts" timestamp="2026-08-07T06:11:56.085Z" hostname="terceldeMac-mini.local" tests="3" failures="0" errors="0" skipped="0" time="0.00232575">
        <testcase classname="apps/extension/src/utils/executor/__tests__/metrics-compact-number.spec.ts" name="parseCompactNumber &gt; parses plain integers" time="0.00098725">
        </testcase>
        <testcase classname="apps/extension/src/utils/executor/__tests__/metrics-compact-number.spec.ts" name="parseCompactNumber &gt; expands K / M suffixes" time="0.000276625">
        </testcase>
        <testcase classname="apps/extension/src/utils/executor/__tests__/metrics-compact-number.spec.ts" name="parseCompactNumber &gt; returns null for non-numeric / empty input" time="0.000226042">
        </testcase>
    </testsuite>
    <testsuite name="apps/extension/src/utils/executor/__tests__/metrics-devto-hn.spec.ts" timestamp="2026-08-07T06:11:56.085Z" hostname="terceldeMac-mini.local" tests="8" failures="0" errors="0" skipped="0" time="0.004001416">
        <testcase classname="apps/extension/src/utils/executor/__tests__/metrics-devto-hn.spec.ts" name="parseDevtoArticlePath &gt; extracts username + slug" time="0.001135791">
        </testcase>
        <testcase classname="apps/extension/src/utils/executor/__tests__/metrics-devto-hn.spec.ts" name="parseDevtoArticlePath &gt; rejects non-dev.to and malformed URLs" time="0.000148916">
        </testcase>
        <testcase classname="apps/extension/src/utils/executor/__tests__/metrics-devto-hn.spec.ts" name="parseHackernewsItemId &gt; extracts a numeric id from an item URL" time="0.000168125">
        </testcase>
        <testcase classname="apps/extension/src/utils/executor/__tests__/metrics-devto-hn.spec.ts" name="parseHackernewsItemId &gt; rejects non-HN hosts and non-numeric ids" time="0.000109417">
        </testcase>
        <testcase classname="apps/extension/src/utils/executor/__tests__/metrics-devto-hn.spec.ts" name="fetchDevtoMetrics &gt; shapes reactions + comments from an anonymous public read" time="0.000978792">
        </testcase>
        <testcase classname="apps/extension/src/utils/executor/__tests__/metrics-devto-hn.spec.ts" name="fetchDevtoMetrics &gt; returns null for a non-dev.to URL without fetching" time="0.000199667">
        </testcase>
        <testcase classname="apps/extension/src/utils/executor/__tests__/metrics-devto-hn.spec.ts" name="fetchHackernewsMetrics &gt; shapes score + comments from the Firebase item" time="0.000192625">
        </testcase>
        <testcase classname="apps/extension/src/utils/executor/__tests__/metrics-devto-hn.spec.ts" name="fetchHackernewsMetrics &gt; returns null for deleted items" time="0.000085542">
        </testcase>
    </testsuite>
    <testsuite name="apps/extension/src/utils/executor/__tests__/metrics-page.spec.ts" timestamp="2026-08-07T06:11:56.086Z" hostname="terceldeMac-mini.local" tests="2" failures="0" errors="0" skipped="0" time="0.003374083">
        <testcase classname="apps/extension/src/utils/executor/__tests__/metrics-page.spec.ts" name="fetchPostMetrics &gt; reads X through the real page collector and returns ingest-shaped analytics" time="0.001806042">
        </testcase>
        <testcase classname="apps/extension/src/utils/executor/__tests__/metrics-page.spec.ts" name="fetchPostMetrics &gt; uses a separate Reddit pacing scope and submission collector" time="0.000356416">
        </testcase>
    </testsuite>
    <testsuite name="apps/extension/src/utils/executor/__tests__/pacing-scopes.spec.ts" timestamp="2026-08-07T06:11:56.086Z" hostname="terceldeMac-mini.local" tests="1" failures="0" errors="0" skipped="0" time="0.001929584">
        <testcase classname="apps/extension/src/utils/executor/__tests__/pacing-scopes.spec.ts" name="platform-scoped hourly pacing &gt; does not let X requests consume the Reddit budget" time="0.00132725">
        </testcase>
    </testsuite>
    <testsuite name="apps/extension/src/utils/executor/__tests__/publish-runner.spec.ts" timestamp="2026-08-07T06:11:56.086Z" hostname="terceldeMac-mini.local" tests="10" failures="0" errors="0" skipped="0" time="0.005326417">
        <testcase classname="apps/extension/src/utils/executor/__tests__/publish-runner.spec.ts" name="runPublishLoop &gt; maps due posts into publish items and enqueues them" time="0.00206775">
            <system-out>
[aisee][publish] enqueued from publish-due { due: [33m2[39m, enqueued: [33m2[39m, rejected: [33m0[39m }

            </system-out>
        </testcase>
        <testcase classname="apps/extension/src/utils/executor/__tests__/publish-runner.spec.ts" name="runPublishLoop &gt; passes through the backend-resolved segmentGapSeconds" time="0.000254334">
            <system-out>
[aisee][publish] enqueued from publish-due { due: [33m1[39m, enqueued: [33m1[39m, rejected: [33m0[39m }

            </system-out>
        </testcase>
        <testcase classname="apps/extension/src/utils/executor/__tests__/publish-runner.spec.ts" name="runPublishLoop &gt; passes through per-segment images" time="0.000157333">
            <system-out>
[aisee][publish] enqueued from publish-due { due: [33m1[39m, enqueued: [33m1[39m, rejected: [33m0[39m }

            </system-out>
        </testcase>
        <testcase classname="apps/extension/src/utils/executor/__tests__/publish-runner.spec.ts" name="runPublishLoop &gt; drops images for platforms whose poster cannot upload them" time="0.000139833">
            <system-out>
[aisee][publish] enqueued from publish-due { due: [33m1[39m, enqueued: [33m1[39m, rejected: [33m0[39m }

            </system-out>
        </testcase>
        <testcase classname="apps/extension/src/utils/executor/__tests__/publish-runner.spec.ts" name="runPublishLoop &gt; keeps images for LinkedIn (its poster can upload them)" time="0.0001345">
            <system-out>
[aisee][publish] enqueued from publish-due { due: [33m1[39m, enqueued: [33m1[39m, rejected: [33m0[39m }

            </system-out>
        </testcase>
        <testcase classname="apps/extension/src/utils/executor/__tests__/publish-runner.spec.ts" name="runPublishLoop &gt; carries targetAccount through to the queue" time="0.000392708">
            <system-out>
[aisee][publish] enqueued from publish-due { due: [33m2[39m, enqueued: [33m2[39m, rejected: [33m0[39m }

            </system-out>
        </testcase>
        <testcase classname="apps/extension/src/utils/executor/__tests__/publish-runner.spec.ts" name="runPublishLoop &gt; surfaces why items were rejected, not just how many" time="0.001082792">
            <system-out>
[aisee][publish] enqueued from publish-due { due: [33m1[39m, enqueued: [33m0[39m, rejected: [33m1[39m }

            </system-out>
        </testcase>
        <testcase classname="apps/extension/src/utils/executor/__tests__/publish-runner.spec.ts" name="runPublishLoop &gt; is idle when nothing is due" time="0.000144542">
        </testcase>
        <testcase classname="apps/extension/src/utils/executor/__tests__/publish-runner.spec.ts" name="runPublishLoop &gt; reports not-authenticated without noise" time="0.000130834">
        </testcase>
        <testcase classname="apps/extension/src/utils/executor/__tests__/publish-runner.spec.ts" name="runPublishLoop &gt; surfaces an HTTP error" time="0.000188625">
            <system-err>
[aisee][publish] publish-due HTTP [33m500[39m [1mnull[22m

            </system-err>
        </testcase>
    </testsuite>
    <testsuite name="apps/extension/src/utils/executor/__tests__/scan-dispatch.spec.ts" timestamp="2026-08-07T06:11:56.087Z" hostname="terceldeMac-mini.local" tests="3" failures="0" errors="0" skipped="0" time="0.002681541">
        <testcase classname="apps/extension/src/utils/executor/__tests__/scan-dispatch.spec.ts" name="dispatchScan routing + gating &gt; routes allowlist-governed platforms straight to their scanner" time="0.000919292">
        </testcase>
        <testcase classname="apps/extension/src/utils/executor/__tests__/scan-dispatch.spec.ts" name="dispatchScan routing + gating &gt; refuses X WITHOUT calling its scanner when the build flag is off" time="0.000699583">
            <system-err>
[aisee][scan] X disabled (ENGAGE_X_ENABLED!=true) — skipping

            </system-err>
        </testcase>
        <testcase classname="apps/extension/src/utils/executor/__tests__/scan-dispatch.spec.ts" name="dispatchScan routing + gating &gt; returns exhausted with no posts for an unknown platform" time="0.000565792">
            <system-err>
[aisee][scan] unknown platform myspace

            </system-err>
        </testcase>
    </testsuite>
    <testsuite name="apps/extension/src/utils/executor/__tests__/scan-hint-alarm.spec.ts" timestamp="2026-08-07T06:11:56.087Z" hostname="terceldeMac-mini.local" tests="12" failures="0" errors="0" skipped="0" time="0.017575">
        <testcase classname="apps/extension/src/utils/executor/__tests__/scan-hint-alarm.spec.ts" name="hasPendingScanWork &gt; hits the cheap hint endpoint, not the scan-tasks ingest endpoint" time="0.003264958">
        </testcase>
        <testcase classname="apps/extension/src/utils/executor/__tests__/scan-hint-alarm.spec.ts" name="hasPendingScanWork &gt; reports no work when the backend says so" time="0.000097583">
        </testcase>
        <testcase classname="apps/extension/src/utils/executor/__tests__/scan-hint-alarm.spec.ts" name="hasPendingScanWork &gt; reports no work on a non-ok response" time="0.000492958">
            <system-err>
[aisee][scan] hint HTTP [33m500[39m

            </system-err>
        </testcase>
        <testcase classname="apps/extension/src/utils/executor/__tests__/scan-hint-alarm.spec.ts" name="hasPendingScanWork &gt; reports no work when there is no session" time="0.000106125">
        </testcase>
        <testcase classname="apps/extension/src/utils/executor/__tests__/scan-hint-alarm.spec.ts" name="hasPendingScanWork &gt; reports no work when the payload omits the flag" time="0.0000495">
        </testcase>
        <testcase classname="apps/extension/src/utils/executor/__tests__/scan-hint-alarm.spec.ts" name="handleEngageHintAlarm &gt; ignores alarms that are not the hint alarm" time="0.008881667">
        </testcase>
        <testcase classname="apps/extension/src/utils/executor/__tests__/scan-hint-alarm.spec.ts" name="handleEngageHintAlarm &gt; does not drive the scan loop when there is no work" time="0.000176584">
        </testcase>
        <testcase classname="apps/extension/src/utils/executor/__tests__/scan-hint-alarm.spec.ts" name="handleEngageHintAlarm &gt; drives the scan loop when the backend reports work" time="0.000465916">
            <system-out>
[aisee][scan] hint reported work — starting fast-lane scan

[aisee][scan] fast-lane scan done { units: [33m0[39m, posts: [33m0[39m, accepted: [33m0[39m, stoppedReason: [32m&apos;idle&apos;[39m }

            </system-out>
        </testcase>
        <testcase classname="apps/extension/src/utils/executor/__tests__/scan-hint-alarm.spec.ts" name="handleEngageHintAlarm &gt; claims the alarm and swallows a scan failure" time="0.00207675">
            <system-out>
[aisee][scan] hint reported work — starting fast-lane scan

            </system-out>
            <system-err>
[aisee][scan] hint poll failed Error: boom
    at [90m/Users/tercel/WorkSpace/aisee/postiz-app/[39mapps/extension/src/utils/executor/__tests__/scan-hint-alarm.spec.ts:104:39
    at [90mfile:///Users/tercel/WorkSpace/aisee/postiz-app/[39mnode_modules/[4m@vitest/runner[24m/dist/index.js:103:11
    at [90mfile:///Users/tercel/WorkSpace/aisee/postiz-app/[39mnode_modules/[4m@vitest/runner[24m/dist/index.js:596:26
    at [90mfile:///Users/tercel/WorkSpace/aisee/postiz-app/[39mnode_modules/[4m@vitest/runner[24m/dist/index.js:879:20
    at new Promise (&lt;anonymous&gt;)
    at runWithTimeout [90m(file:///Users/tercel/WorkSpace/aisee/postiz-app/[39mnode_modules/[4m@vitest/runner[24m/dist/index.js:852:10[90m)[39m
    at runTest [90m(file:///Users/tercel/WorkSpace/aisee/postiz-app/[39mnode_modules/[4m@vitest/runner[24m/dist/index.js:1360:12[90m)[39m
[90m    at processTicksAndRejections (node:internal/process/task_queues:105:5)[39m
    at runSuite [90m(file:///Users/tercel/WorkSpace/aisee/postiz-app/[39mnode_modules/[4m@vitest/runner[24m/dist/index.js:1507:8[90m)[39m
    at runSuite [90m(file:///Users/tercel/WorkSpace/aisee/postiz-app/[39mnode_modules/[4m@vitest/runner[24m/dist/index.js:1507:8[90m)[39m

            </system-err>
        </testcase>
        <testcase classname="apps/extension/src/utils/executor/__tests__/scan-hint-alarm.spec.ts" name="ensureEngageHintAlarm &gt; arms a 1-min periodic alarm when a session exists" time="0.000535417">
            <system-out>
[aisee][scan] hint alarm armed [33m1[39m min

            </system-out>
        </testcase>
        <testcase classname="apps/extension/src/utils/executor/__tests__/scan-hint-alarm.spec.ts" name="ensureEngageHintAlarm &gt; does not arm without a session" time="0.000203417">
        </testcase>
        <testcase classname="apps/extension/src/utils/executor/__tests__/scan-hint-alarm.spec.ts" name="ensureEngageHintAlarm &gt; is idempotent when the alarm already exists" time="0.000117792">
        </testcase>
    </testsuite>
    <testsuite name="apps/extension/src/utils/executor/__tests__/scan-linkedin.spec.ts" timestamp="2026-08-07T06:11:56.088Z" hostname="terceldeMac-mini.local" tests="3" failures="0" errors="0" skipped="0" time="0.001366666">
        <testcase classname="apps/extension/src/utils/executor/__tests__/scan-linkedin.spec.ts" name="buildLinkedinScanUrl &gt; builds a date-sorted content search for keyword scans" time="0.000645292">
        </testcase>
        <testcase classname="apps/extension/src/utils/executor/__tests__/scan-linkedin.spec.ts" name="buildLinkedinScanUrl &gt; prefers a backend-built rawQuery over scanKey" time="0.000062417">
        </testcase>
        <testcase classname="apps/extension/src/utils/executor/__tests__/scan-linkedin.spec.ts" name="buildLinkedinScanUrl &gt; builds a recent-activity URL for tracked accounts" time="0.000107708">
        </testcase>
    </testsuite>
    <testsuite name="apps/extension/src/utils/executor/__tests__/scan-new-platforms.spec.ts" timestamp="2026-08-07T06:11:56.088Z" hostname="terceldeMac-mini.local" tests="10" failures="0" errors="0" skipped="0" time="0.00853825">
        <testcase classname="apps/extension/src/utils/executor/__tests__/scan-new-platforms.spec.ts" name="dev.to scan &gt; builds tag vs username URLs" time="0.00092675">
        </testcase>
        <testcase classname="apps/extension/src/utils/executor/__tests__/scan-new-platforms.spec.ts" name="dev.to scan &gt; maps articles to ingest posts and advances the cursor" time="0.003590583">
            <system-out>
[aisee][scan][devto] complete {
  scanType: [32m&apos;keyword&apos;[39m,
  scanKey: [32m&apos;javascript&apos;[39m,
  posts: [33m1[39m,
  exhausted: [33mtrue[39m
}

            </system-out>
        </testcase>
        <testcase classname="apps/extension/src/utils/executor/__tests__/scan-new-platforms.spec.ts" name="dev.to scan &gt; drops articles at/older than the cursor" time="0.000268166">
            <system-out>
[aisee][scan][devto] complete {
  scanType: [32m&apos;keyword&apos;[39m,
  scanKey: [32m&apos;javascript&apos;[39m,
  posts: [33m0[39m,
  exhausted: [33mtrue[39m
}

            </system-out>
        </testcase>
        <testcase classname="apps/extension/src/utils/executor/__tests__/scan-new-platforms.spec.ts" name="hacker news scan &gt; builds keyword vs author queries with a since filter" time="0.000172041">
        </testcase>
        <testcase classname="apps/extension/src/utils/executor/__tests__/scan-new-platforms.spec.ts" name="hacker news scan &gt; maps Algolia hits to HN item posts" time="0.00032275">
            <system-out>
[aisee][scan][hn] complete { scanType: [32m&apos;keyword&apos;[39m, scanKey: [32m&apos;thing&apos;[39m, posts: [33m1[39m, exhausted: [33mtrue[39m }

            </system-out>
        </testcase>
        <testcase classname="apps/extension/src/utils/executor/__tests__/scan-new-platforms.spec.ts" name="hacker news scan &gt; returns exhausted with no posts for a channel task" time="0.000170958">
        </testcase>
        <testcase classname="apps/extension/src/utils/executor/__tests__/scan-new-platforms.spec.ts" name="medium scan (RSS parsing) &gt; builds tag vs author feed URLs" time="0.000109791">
        </testcase>
        <testcase classname="apps/extension/src/utils/executor/__tests__/scan-new-platforms.spec.ts" name="medium scan (RSS parsing) &gt; parses items from an RSS document without DOMParser" time="0.00069775">
        </testcase>
        <testcase classname="apps/extension/src/utils/executor/__tests__/scan-new-platforms.spec.ts" name="quora scan helpers &gt; builds search vs profile URLs" time="0.000099541">
        </testcase>
        <testcase classname="apps/extension/src/utils/executor/__tests__/scan-new-platforms.spec.ts" name="quora scan helpers &gt; parses relative + absolute Quora times, drops unparseable" time="0.00020225">
        </testcase>
    </testsuite>
    <testsuite name="apps/extension/src/utils/executor/__tests__/scan-reddit.spec.ts" timestamp="2026-08-07T06:11:56.088Z" hostname="terceldeMac-mini.local" tests="4" failures="0" errors="0" skipped="0" time="0.003279417">
        <testcase classname="apps/extension/src/utils/executor/__tests__/scan-reddit.spec.ts" name="scanReddit — publish time never fabricated &gt; ingests a post using its real created_utc as postPublishedAt" time="0.001919708">
        </testcase>
        <testcase classname="apps/extension/src/utils/executor/__tests__/scan-reddit.spec.ts" name="scanReddit — publish time never fabricated &gt; DROPS a post with a missing created_utc instead of stamping 1970/now" time="0.000422209">
        </testcase>
        <testcase classname="apps/extension/src/utils/executor/__tests__/scan-reddit.spec.ts" name="scanReddit — filters stale posts instead of stopping at the first one &gt; still collects a newer post listed AFTER an older one on the same page (e.g. a stickied post out of order)" time="0.000135625">
        </testcase>
        <testcase classname="apps/extension/src/utils/executor/__tests__/scan-reddit.spec.ts" name="scanReddit — filters stale posts instead of stopping at the first one &gt; stops paginating once it hits a stale item, even if the page also had new ones (does not fetch a wasted extra page)" time="0.000177167">
        </testcase>
    </testsuite>
    <testsuite name="apps/extension/src/utils/executor/__tests__/scan-x.spec.ts" timestamp="2026-08-07T06:11:56.089Z" hostname="terceldeMac-mini.local" tests="9" failures="0" errors="0" skipped="0" time="0.006160291">
        <testcase classname="apps/extension/src/utils/executor/__tests__/scan-x.spec.ts" name="scanX real-page execution &gt; runs a keyword scan through x.com Top SearchTimeline results" time="0.002518208">
            <system-out>
[aisee][scan][x] start {
  scanType: [32m&apos;keyword&apos;[39m,
  scanKey: [32m&apos;artificial intelligence&apos;[39m,
  rawQuery: [32m&apos;artificial intelligence&apos;[39m,
  sinceId: [1mnull[22m,
  cursorLastSeenAt: [1mnull[22m,
  cursorFilterEnabled: [33mfalse[39m,
  maxPages: [33m1[39m
}

[aisee][scan][x] complete {
  scanType: [32m&apos;keyword&apos;[39m,
  scanKey: [32m&apos;artificial intelligence&apos;[39m,
  captures: [33m1[39m,
  pageTweetCounts: [ [33m0[39m ],
  parsedTweets: [33m0[39m,
  uniqueTweets: [33m0[39m,
  duplicateCount: [33m0[39m,
  cursorFilteredCount: [33m0[39m,
  cursorFilterEnabled: [33mfalse[39m,
  posts: [33m0[39m,
  nextCursor: { lastSeenExternalId: [1mnull[22m, lastSeenAt: [1mnull[22m },
  exhausted: [33mtrue[39m
}

            </system-out>
        </testcase>
        <testcase classname="apps/extension/src/utils/executor/__tests__/scan-x.spec.ts" name="scanX real-page execution &gt; runs a tracked scan through profile-first navigation using the task rawQuery" time="0.000810167">
            <system-out>
[aisee][scan][x] start {
  scanType: [32m&apos;tracked&apos;[39m,
  scanKey: [32m&apos;alice&apos;[39m,
  rawQuery: [32m&apos;from:alice (ai OR agents)&apos;[39m,
  sinceId: [1mnull[22m,
  cursorLastSeenAt: [1mnull[22m,
  cursorFilterEnabled: [33mtrue[39m,
  maxPages: [33m1[39m
}

[aisee][scan][x] complete {
  scanType: [32m&apos;tracked&apos;[39m,
  scanKey: [32m&apos;alice&apos;[39m,
  captures: [33m1[39m,
  pageTweetCounts: [ [33m1[39m ],
  parsedTweets: [33m1[39m,
  uniqueTweets: [33m1[39m,
  duplicateCount: [33m0[39m,
  cursorFilteredCount: [33m0[39m,
  cursorFilterEnabled: [33mtrue[39m,
  posts: [33m1[39m,
  nextCursor: { lastSeenExternalId: [32m&apos;30&apos;[39m, lastSeenAt: [32m&apos;2025-06-18T12:00:00.000Z&apos;[39m },
  exhausted: [33mtrue[39m
}

            </system-out>
        </testcase>
        <testcase classname="apps/extension/src/utils/executor/__tests__/scan-x.spec.ts" name="scanX real-page execution &gt; does not cursor-filter keyword Top results because relevant older posts can surface later" time="0.000282208">
            <system-out>
[aisee][scan][x] start {
  scanType: [32m&apos;keyword&apos;[39m,
  scanKey: [32m&apos;artificial intelligence&apos;[39m,
  rawQuery: [32m&apos;artificial intelligence&apos;[39m,
  sinceId: [32m&apos;20&apos;[39m,
  cursorLastSeenAt: [32m&apos;2025-06-17T12:00:00.000Z&apos;[39m,
  cursorFilterEnabled: [33mfalse[39m,
  maxPages: [33m1[39m
}

[aisee][scan][x] complete {
  scanType: [32m&apos;keyword&apos;[39m,
  scanKey: [32m&apos;artificial intelligence&apos;[39m,
  captures: [33m1[39m,
  pageTweetCounts: [ [33m3[39m ],
  parsedTweets: [33m3[39m,
  uniqueTweets: [33m3[39m,
  duplicateCount: [33m0[39m,
  cursorFilteredCount: [33m0[39m,
  cursorFilterEnabled: [33mfalse[39m,
  posts: [33m3[39m,
  nextCursor: { lastSeenExternalId: [32m&apos;30&apos;[39m, lastSeenAt: [32m&apos;2025-06-18T12:00:00.000Z&apos;[39m },
  exhausted: [33mtrue[39m
}

            </system-out>
        </testcase>
        <testcase classname="apps/extension/src/utils/executor/__tests__/scan-x.spec.ts" name="scanX real-page execution &gt; keeps only posts newer than the cursor for tracked scans" time="0.000222875">
            <system-out>
[aisee][scan][x] start {
  scanType: [32m&apos;tracked&apos;[39m,
  scanKey: [32m&apos;alice&apos;[39m,
  rawQuery: [32m&apos;from:alice -filter:retweets&apos;[39m,
  sinceId: [32m&apos;20&apos;[39m,
  cursorLastSeenAt: [32m&apos;2025-06-17T12:00:00.000Z&apos;[39m,
  cursorFilterEnabled: [33mtrue[39m,
  maxPages: [33m1[39m
}

[aisee][scan][x] complete {
  scanType: [32m&apos;tracked&apos;[39m,
  scanKey: [32m&apos;alice&apos;[39m,
  captures: [33m1[39m,
  pageTweetCounts: [ [33m3[39m ],
  parsedTweets: [33m3[39m,
  uniqueTweets: [33m3[39m,
  duplicateCount: [33m0[39m,
  cursorFilteredCount: [33m2[39m,
  cursorFilterEnabled: [33mtrue[39m,
  posts: [33m1[39m,
  nextCursor: { lastSeenExternalId: [32m&apos;30&apos;[39m, lastSeenAt: [32m&apos;2025-06-18T12:00:00.000Z&apos;[39m },
  exhausted: [33mtrue[39m
}

            </system-out>
        </testcase>
        <testcase classname="apps/extension/src/utils/executor/__tests__/scan-x.spec.ts" name="scanX real-page execution &gt; still collects a newer tweet ranked BELOW an old one when cursor filtering is enabled" time="0.000345625">
            <system-out>
[aisee][scan][x] start {
  scanType: [32m&apos;tracked&apos;[39m,
  scanKey: [32m&apos;alice&apos;[39m,
  rawQuery: [32m&apos;from:alice -filter:retweets&apos;[39m,
  sinceId: [32m&apos;20&apos;[39m,
  cursorLastSeenAt: [32m&apos;2025-06-17T12:00:00.000Z&apos;[39m,
  cursorFilterEnabled: [33mtrue[39m,
  maxPages: [33m1[39m
}

[aisee][scan][x] complete {
  scanType: [32m&apos;tracked&apos;[39m,
  scanKey: [32m&apos;alice&apos;[39m,
  captures: [33m1[39m,
  pageTweetCounts: [ [33m2[39m ],
  parsedTweets: [33m2[39m,
  uniqueTweets: [33m2[39m,
  duplicateCount: [33m0[39m,
  cursorFilteredCount: [33m1[39m,
  cursorFilterEnabled: [33mtrue[39m,
  posts: [33m1[39m,
  nextCursor: { lastSeenExternalId: [32m&apos;30&apos;[39m, lastSeenAt: [32m&apos;2025-06-18T12:00:00.000Z&apos;[39m },
  exhausted: [33mtrue[39m
}

            </system-out>
        </testcase>
        <testcase classname="apps/extension/src/utils/executor/__tests__/scan-x.spec.ts" name="scanX real-page execution &gt; uses maxPages to collect additional keyword SearchTimeline responses via scrolling" time="0.0003865">
            <system-out>
[aisee][scan][x] start {
  scanType: [32m&apos;keyword&apos;[39m,
  scanKey: [32m&apos;artificial intelligence&apos;[39m,
  rawQuery: [32m&apos;artificial intelligence&apos;[39m,
  sinceId: [1mnull[22m,
  cursorLastSeenAt: [1mnull[22m,
  cursorFilterEnabled: [33mfalse[39m,
  maxPages: [33m3[39m
}

[aisee][scan][x] complete {
  scanType: [32m&apos;keyword&apos;[39m,
  scanKey: [32m&apos;artificial intelligence&apos;[39m,
  captures: [33m3[39m,
  pageTweetCounts: [ [33m2[39m, [33m2[39m, [33m1[39m ],
  parsedTweets: [33m5[39m,
  uniqueTweets: [33m4[39m,
  duplicateCount: [33m1[39m,
  cursorFilteredCount: [33m0[39m,
  cursorFilterEnabled: [33mfalse[39m,
  posts: [33m4[39m,
  nextCursor: { lastSeenExternalId: [32m&apos;50&apos;[39m, lastSeenAt: [32m&apos;2025-06-18T12:00:00.000Z&apos;[39m },
  exhausted: [33mtrue[39m
}

            </system-out>
        </testcase>
        <testcase classname="apps/extension/src/utils/executor/__tests__/scan-x.spec.ts" name="scanX real-page execution &gt; does not open an X tab when the hourly request gate rejects the scan" time="0.000497834">
            <system-out>
[aisee][scan][x] start {
  scanType: [32m&apos;keyword&apos;[39m,
  scanKey: [32m&apos;artificial intelligence&apos;[39m,
  rawQuery: [32m&apos;artificial intelligence&apos;[39m,
  sinceId: [32m&apos;20&apos;[39m,
  cursorLastSeenAt: [32m&apos;2025-06-17T12:00:00.000Z&apos;[39m,
  cursorFilterEnabled: [33mfalse[39m,
  maxPages: [33m1[39m
}

[aisee][scan][x] skipped by hourly gate { scanType: [32m&apos;keyword&apos;[39m, scanKey: [32m&apos;artificial intelligence&apos;[39m }

            </system-out>
        </testcase>
        <testcase classname="apps/extension/src/utils/executor/__tests__/scan-x.spec.ts" name="scanX real-page execution &gt; reports an unsuccessful capture as non-exhausted without closing the shared tab" time="0.000173584">
            <system-out>
[aisee][scan][x] start {
  scanType: [32m&apos;keyword&apos;[39m,
  scanKey: [32m&apos;artificial intelligence&apos;[39m,
  rawQuery: [32m&apos;artificial intelligence&apos;[39m,
  sinceId: [1mnull[22m,
  cursorLastSeenAt: [1mnull[22m,
  cursorFilterEnabled: [33mfalse[39m,
  maxPages: [33m1[39m
}

[aisee][scan][x] no SearchTimeline capture { scanType: [32m&apos;keyword&apos;[39m, scanKey: [32m&apos;artificial intelligence&apos;[39m }

            </system-out>
        </testcase>
        <testcase classname="apps/extension/src/utils/executor/__tests__/scan-x.spec.ts" name="scanX real-page execution &gt; reports non-exhausted when the shared X tab cannot be created" time="0.000157625">
            <system-out>
[aisee][scan][x] start {
  scanType: [32m&apos;keyword&apos;[39m,
  scanKey: [32m&apos;artificial intelligence&apos;[39m,
  rawQuery: [32m&apos;artificial intelligence&apos;[39m,
  sinceId: [1mnull[22m,
  cursorLastSeenAt: [1mnull[22m,
  cursorFilterEnabled: [33mfalse[39m,
  maxPages: [33m1[39m
}

[aisee][scan][x] no readable X tab { scanType: [32m&apos;keyword&apos;[39m, scanKey: [32m&apos;artificial intelligence&apos;[39m }

            </system-out>
        </testcase>
    </testsuite>
    <testsuite name="apps/extension/src/utils/executor/__tests__/x-collect.spec.ts" timestamp="2026-08-07T06:11:56.089Z" hostname="terceldeMac-mini.local" tests="15" failures="0" errors="0" skipped="0" time="0.00561025">
        <testcase classname="apps/extension/src/utils/executor/__tests__/x-collect.spec.ts" name="parseUserTweets &gt; parses own tweets, skips pinned, retweets and cursors" time="0.003548208">
        </testcase>
        <testcase classname="apps/extension/src/utils/executor/__tests__/x-collect.spec.ts" name="parseUserTweets &gt; reads the alternate timeline (non-_v2) path" time="0.000159042">
        </testcase>
        <testcase classname="apps/extension/src/utils/executor/__tests__/x-collect.spec.ts" name="parseUserTweets &gt; returns empty for garbage" time="0.000068916">
        </testcase>
        <testcase classname="apps/extension/src/utils/executor/__tests__/x-collect.spec.ts" name="collectUserRecent &gt; returns up to limit, newest-first, and advances newestId over ALL tweets" time="0.000294625">
        </testcase>
        <testcase classname="apps/extension/src/utils/executor/__tests__/x-collect.spec.ts" name="collectUserRecent &gt; drops tweets not newer than sinceId (incremental)" time="0.00009775">
        </testcase>
        <testcase classname="apps/extension/src/utils/executor/__tests__/x-collect.spec.ts" name="collectUserRecent &gt; returns empty (not throw) when capture fails" time="0.000056958">
        </testcase>
        <testcase classname="apps/extension/src/utils/executor/__tests__/x-collect.spec.ts" name="parseSearchList &gt; extracts tweets from a SearchTimeline payload" time="0.00012775">
        </testcase>
        <testcase classname="apps/extension/src/utils/executor/__tests__/x-collect.spec.ts" name="parseSearchList &gt; keeps only official result tweet entries from the Top timeline" time="0.000085125">
        </testcase>
        <testcase classname="apps/extension/src/utils/executor/__tests__/x-collect.spec.ts" name="parseSearchList &gt; returns empty for garbage" time="0.000048625">
        </testcase>
        <testcase classname="apps/extension/src/utils/executor/__tests__/x-collect.spec.ts" name="parseTweetDetailFocal &gt; returns the entry matching the focal id" time="0.000116166">
        </testcase>
        <testcase classname="apps/extension/src/utils/executor/__tests__/x-collect.spec.ts" name="parseTweetDetailFocal &gt; falls back to the first tweet when id not found" time="0.00004325">
        </testcase>
        <testcase classname="apps/extension/src/utils/executor/__tests__/x-collect.spec.ts" name="parseTweetDetailFocal &gt; returns null when there are no tweets" time="0.000057208">
        </testcase>
        <testcase classname="apps/extension/src/utils/executor/__tests__/x-collect.spec.ts" name="extractTweetId &gt; reads a raw numeric id" time="0.000080875">
        </testcase>
        <testcase classname="apps/extension/src/utils/executor/__tests__/x-collect.spec.ts" name="extractTweetId &gt; reads an id from a status url" time="0.000049958">
        </testcase>
        <testcase classname="apps/extension/src/utils/executor/__tests__/x-collect.spec.ts" name="extractTweetId &gt; falls back to digit-stripping" time="0.000046083">
        </testcase>
    </testsuite>
    <testsuite name="apps/extension/src/utils/executor/__tests__/x-parse.spec.ts" timestamp="2026-08-07T06:11:56.090Z" hostname="terceldeMac-mini.local" tests="3" failures="0" errors="0" skipped="0" time="0.002323125">
        <testcase classname="apps/extension/src/utils/executor/__tests__/x-parse.spec.ts" name="parseTweetResult — publish time never fabricated &gt; parses created_at into an ISO postPublishedAt" time="0.000979292">
        </testcase>
        <testcase classname="apps/extension/src/utils/executor/__tests__/x-parse.spec.ts" name="parseTweetResult — publish time never fabricated &gt; drops a tweet with a MISSING created_at instead of stamping &quot;now&quot;" time="0.000104">
        </testcase>
        <testcase classname="apps/extension/src/utils/executor/__tests__/x-parse.spec.ts" name="parseTweetResult — publish time never fabricated &gt; drops a tweet with an UNPARSEABLE created_at" time="0.000051458">
        </testcase>
    </testsuite>
    <testsuite name="apps/extension/src/utils/linkedin/__tests__/dom.spec.ts" timestamp="2026-08-07T06:11:56.090Z" hostname="terceldeMac-mini.local" tests="11" failures="0" errors="0" skipped="0" time="0.003544041">
        <testcase classname="apps/extension/src/utils/linkedin/__tests__/dom.spec.ts" name="linkedin/dom parseMetric &gt; parses plain, thousands and millions" time="0.000793459">
        </testcase>
        <testcase classname="apps/extension/src/utils/linkedin/__tests__/dom.spec.ts" name="linkedin/dom parseReactionText &gt; reads explicit reaction counts" time="0.000182375">
        </testcase>
        <testcase classname="apps/extension/src/utils/linkedin/__tests__/dom.spec.ts" name="linkedin/dom parseReactionText &gt; reads the &quot;&lt;name&gt; and N others&quot; shape (named reactor + N others)" time="0.000178">
        </testcase>
        <testcase classname="apps/extension/src/utils/linkedin/__tests__/dom.spec.ts" name="linkedin/dom parseReactionText &gt; reads a count sitting before comments/reposts" time="0.000142125">
        </testcase>
        <testcase classname="apps/extension/src/utils/linkedin/__tests__/dom.spec.ts" name="linkedin/dom relativeTimeToIso &gt; subtracts the relative unit from now" time="0.000444209">
        </testcase>
        <testcase classname="apps/extension/src/utils/linkedin/__tests__/dom.spec.ts" name="linkedin/dom relativeTimeToIso &gt; returns null for an unrecognised stamp" time="0.000060792">
        </testcase>
        <testcase classname="apps/extension/src/utils/linkedin/__tests__/dom.spec.ts" name="linkedin/dom activityIdFromUrl &gt; pulls the id out of a urn or permalink" time="0.000128416">
        </testcase>
        <testcase classname="apps/extension/src/utils/linkedin/__tests__/dom.spec.ts" name="linkedin/dom handleFromProfileUrl &gt; extracts the /in/&lt;handle&gt; slug" time="0.000082334">
        </testcase>
        <testcase classname="apps/extension/src/utils/linkedin/__tests__/dom.spec.ts" name="linkedin/dom toScanIngestPost &gt; maps a scraped row to the ingest shape" time="0.000536708">
        </testcase>
        <testcase classname="apps/extension/src/utils/linkedin/__tests__/dom.spec.ts" name="linkedin/dom toScanIngestPost &gt; drops rows with no resolvable id or no content" time="0.000075875">
        </testcase>
        <testcase classname="apps/extension/src/utils/linkedin/__tests__/dom.spec.ts" name="linkedin/dom buildLinkedinAnalytics &gt; shapes counters into labelled analytics series" time="0.000151083">
        </testcase>
    </testsuite>
    <testsuite name="apps/extension/src/utils/post-publish/__tests__/account-guard.spec.ts" timestamp="2026-08-07T06:11:56.091Z" hostname="terceldeMac-mini.local" tests="16" failures="0" errors="0" skipped="0" time="0.005889625">
        <testcase classname="apps/extension/src/utils/post-publish/__tests__/account-guard.spec.ts" name="normalizeAccountId &gt; makes Reddit&apos;s bare id and the session fullname compare equal" time="0.000806792">
        </testcase>
        <testcase classname="apps/extension/src/utils/post-publish/__tests__/account-guard.spec.ts" name="normalizeAccountId &gt; ignores case and surrounding whitespace" time="0.000071875">
        </testcase>
        <testcase classname="apps/extension/src/utils/post-publish/__tests__/account-guard.spec.ts" name="normalizeAccountId &gt; leaves a numeric X id untouched" time="0.000046083">
        </testcase>
        <testcase classname="apps/extension/src/utils/post-publish/__tests__/account-guard.spec.ts" name="normalizeAccountId &gt; makes a legacy /profile/ prefixed quora id compare equal to the bare slug" time="0.000041375">
        </testcase>
        <testcase classname="apps/extension/src/utils/post-publish/__tests__/account-guard.spec.ts" name="normalizeHandle &gt; strips @ and u/ decorations" time="0.000097042">
        </testcase>
        <testcase classname="apps/extension/src/utils/post-publish/__tests__/account-guard.spec.ts" name="checkPublishAccount &gt; blocks when the session is a different account" time="0.000287708">
        </testcase>
        <testcase classname="apps/extension/src/utils/post-publish/__tests__/account-guard.spec.ts" name="checkPublishAccount &gt; allows when the session is the same account despite the t2_ prefix" time="0.000060916">
        </testcase>
        <testcase classname="apps/extension/src/utils/post-publish/__tests__/account-guard.spec.ts" name="checkPublishAccount &gt; blocks when the platform is logged out" time="0.000072125">
        </testcase>
        <testcase classname="apps/extension/src/utils/post-publish/__tests__/account-guard.spec.ts" name="checkPublishAccount &gt; allows a post with no bound account — publishing as whoever is logged in IS the intent" time="0.000161458">
        </testcase>
        <testcase classname="apps/extension/src/utils/post-publish/__tests__/account-guard.spec.ts" name="checkPublishAccount &gt; allows when the platform has no session probe" time="0.000055916">
        </testcase>
        <testcase classname="apps/extension/src/utils/post-publish/__tests__/account-guard.spec.ts" name="checkPublishAccount &gt; allows when the probe throws — a lookup hiccup is not evidence of a mismatch" time="0.002526166">
            <system-err>
[aisee][guard] session probe failed — publishing unverified { taskId: [32m&apos;post-1&apos;[39m, platform: [32m&apos;reddit&apos;[39m } Error: cookies API unavailable
    at [90m/Users/tercel/WorkSpace/aisee/postiz-app/[39mapps/extension/src/utils/post-publish/__tests__/account-guard.spec.ts:130:29
    at [90mfile:///Users/tercel/WorkSpace/aisee/postiz-app/[39mnode_modules/[4m@vitest/runner[24m/dist/index.js:103:11
    at [90mfile:///Users/tercel/WorkSpace/aisee/postiz-app/[39mnode_modules/[4m@vitest/runner[24m/dist/index.js:596:26
    at [90mfile:///Users/tercel/WorkSpace/aisee/postiz-app/[39mnode_modules/[4m@vitest/runner[24m/dist/index.js:879:20
    at new Promise (&lt;anonymous&gt;)
    at runWithTimeout [90m(file:///Users/tercel/WorkSpace/aisee/postiz-app/[39mnode_modules/[4m@vitest/runner[24m/dist/index.js:852:10[90m)[39m
    at runTest [90m(file:///Users/tercel/WorkSpace/aisee/postiz-app/[39mnode_modules/[4m@vitest/runner[24m/dist/index.js:1360:12[90m)[39m
[90m    at processTicksAndRejections (node:internal/process/task_queues:105:5)[39m
    at runSuite [90m(file:///Users/tercel/WorkSpace/aisee/postiz-app/[39mnode_modules/[4m@vitest/runner[24m/dist/index.js:1507:8[90m)[39m
    at runSuite [90m(file:///Users/tercel/WorkSpace/aisee/postiz-app/[39mnode_modules/[4m@vitest/runner[24m/dist/index.js:1507:8[90m)[39m

            </system-err>
        </testcase>
        <testcase classname="apps/extension/src/utils/post-publish/__tests__/account-guard.spec.ts" name="checkPublishAccount &gt; allows when ids disagree but both sides agree on a handle (e.g. LinkedIn OAuth sub vs. voyager session id)" time="0.000073459">
        </testcase>
        <testcase classname="apps/extension/src/utils/post-publish/__tests__/account-guard.spec.ts" name="checkPublishAccount &gt; still blocks when ids disagree AND the handles also disagree" time="0.000067292">
        </testcase>
        <testcase classname="apps/extension/src/utils/post-publish/__tests__/account-guard.spec.ts" name="checkPublishAccount &gt; falls back to comparing handles when the session reports no id" time="0.000060917">
        </testcase>
        <testcase classname="apps/extension/src/utils/post-publish/__tests__/account-guard.spec.ts" name="checkPublishAccount &gt; allows a quora publish when the Integration still stores the legacy /profile/ path" time="0.000095458">
        </testcase>
        <testcase classname="apps/extension/src/utils/post-publish/__tests__/account-guard.spec.ts" name="checkPublishAccount &gt; allows when neither an id nor a handle can be compared" time="0.000146792">
            <system-err>
[aisee][guard] session account unresolved — publishing unverified { taskId: [32m&apos;post-1&apos;[39m, platform: [32m&apos;reddit&apos;[39m }

            </system-err>
        </testcase>
    </testsuite>
    <testsuite name="apps/extension/src/utils/post-publish/__tests__/queue-account-guard.spec.ts" timestamp="2026-08-07T06:11:56.091Z" hostname="terceldeMac-mini.local" tests="6" failures="0" errors="0" skipped="0" time="0.007533208">
        <testcase classname="apps/extension/src/utils/post-publish/__tests__/queue-account-guard.spec.ts" name="publish queue — wrong-account guard &gt; does not publish a single segment when the session is another account" time="0.002515167">
            <system-out>
[aisee-publish:sw:queue] drain → publishing { taskId: [32m&apos;post-1&apos;[39m, platform: [32m&apos;reddit&apos;[39m, segments: [33m1[39m }
[aisee-publish:sw:queue] emit skipped — no originating tab &amp; no broadcaster { taskId: [32m&apos;post-1&apos;[39m, status: [32m&apos;publishing&apos;[39m }

[aisee-publish:sw:queue] task error (wrong account — nothing published) {
  taskId: [32m&apos;post-1&apos;[39m,
  platform: [32m&apos;reddit&apos;[39m,
  error: [32m&apos;Wrong reddit account: this browser is signed in as account t2_other, but the post is for @alice. Switch accounts to publish it — nothing was posted.&apos;[39m
}
[aisee-publish:sw:queue] emit skipped — no originating tab &amp; no broadcaster { taskId: [32m&apos;post-1&apos;[39m, status: [32m&apos;error&apos;[39m }

[aisee-publish:sw:queue] drain idle — no due task { queuedWaiting: [33m0[39m }

[aisee-publish:sw:queue] failure report failed (post stays QUEUE in DB) {
  taskId: [32m&apos;post-1&apos;[39m,
  error: [32m&quot;Cannot read properties of undefined (reading &apos;session&apos;)&quot;[39m
}

            </system-out>
        </testcase>
        <testcase classname="apps/extension/src/utils/post-publish/__tests__/queue-account-guard.spec.ts" name="publish queue — wrong-account guard &gt; publishes normally when the session is the intended account" time="0.000912916">
            <system-out>
[aisee-publish:sw:queue] drain → publishing { taskId: [32m&apos;post-2&apos;[39m, platform: [32m&apos;reddit&apos;[39m, segments: [33m1[39m }
[aisee-publish:sw:queue] emit skipped — no originating tab &amp; no broadcaster { taskId: [32m&apos;post-2&apos;[39m, status: [32m&apos;publishing&apos;[39m }

[aisee-publish:sw:queue] publishing segment { taskId: [32m&apos;post-2&apos;[39m, segment: [32m&apos;1/1&apos;[39m }

[aisee-publish:sw:queue] segment result {
  taskId: [32m&apos;post-2&apos;[39m,
  segment: [32m&apos;1/1&apos;[39m,
  ok: [33mtrue[39m,
  permalink: [32m&apos;p&apos;[39m,
  error: [90mundefined[39m
}
[aisee-publish:sw:queue] emit skipped — no originating tab &amp; no broadcaster { taskId: [32m&apos;post-2&apos;[39m, status: [32m&apos;publishing&apos;[39m }
[aisee-publish:sw:queue] task sent (platform ok) { taskId: [32m&apos;post-2&apos;[39m, permalink: [32m&apos;p&apos;[39m }
[aisee-publish:sw:queue] emit skipped — no originating tab &amp; no broadcaster { taskId: [32m&apos;post-2&apos;[39m, status: [32m&apos;sent&apos;[39m }

[aisee-publish:sw:queue] after backfill { taskId: [32m&apos;post-2&apos;[39m, status: [32m&apos;published&apos;[39m, backfillError: [90mundefined[39m }
[aisee-publish:sw:queue] emit skipped — no originating tab &amp; no broadcaster { taskId: [32m&apos;post-2&apos;[39m, status: [32m&apos;published&apos;[39m }

[aisee-publish:sw:queue] drain idle — no due task { queuedWaiting: [33m0[39m }

            </system-out>
        </testcase>
        <testcase classname="apps/extension/src/utils/post-publish/__tests__/queue-account-guard.spec.ts" name="publish queue — wrong-account guard &gt; never probes — or blocks — a post with no bound account" time="0.000538291">
            <system-out>
[aisee-publish:sw:queue] drain → publishing { taskId: [32m&apos;post-3&apos;[39m, platform: [32m&apos;reddit&apos;[39m, segments: [33m1[39m }
[aisee-publish:sw:queue] emit skipped — no originating tab &amp; no broadcaster { taskId: [32m&apos;post-3&apos;[39m, status: [32m&apos;publishing&apos;[39m }
[aisee-publish:sw:queue] publishing segment { taskId: [32m&apos;post-3&apos;[39m, segment: [32m&apos;1/1&apos;[39m }

[aisee-publish:sw:queue] segment result {
  taskId: [32m&apos;post-3&apos;[39m,
  segment: [32m&apos;1/1&apos;[39m,
  ok: [33mtrue[39m,
  permalink: [32m&apos;p&apos;[39m,
  error: [90mundefined[39m
}
[aisee-publish:sw:queue] emit skipped — no originating tab &amp; no broadcaster { taskId: [32m&apos;post-3&apos;[39m, status: [32m&apos;publishing&apos;[39m }
[aisee-publish:sw:queue] task sent (platform ok) { taskId: [32m&apos;post-3&apos;[39m, permalink: [32m&apos;p&apos;[39m }
[aisee-publish:sw:queue] emit skipped — no originating tab &amp; no broadcaster { taskId: [32m&apos;post-3&apos;[39m, status: [32m&apos;sent&apos;[39m }

[aisee-publish:sw:queue] after backfill { taskId: [32m&apos;post-3&apos;[39m, status: [32m&apos;published&apos;[39m, backfillError: [90mundefined[39m }
[aisee-publish:sw:queue] emit skipped — no originating tab &amp; no broadcaster { taskId: [32m&apos;post-3&apos;[39m, status: [32m&apos;published&apos;[39m }

[aisee-publish:sw:queue] drain idle — no due task { queuedWaiting: [33m0[39m }

            </system-out>
        </testcase>
        <testcase classname="apps/extension/src/utils/post-publish/__tests__/queue-account-guard.spec.ts" name="publish queue — wrong-account guard &gt; blocks a mismatched post without stalling the rest of the queue" time="0.000638084">
            <system-out>
[aisee-publish:sw:queue] drain → publishing { taskId: [32m&apos;bad&apos;[39m, platform: [32m&apos;reddit&apos;[39m, segments: [33m1[39m }
[aisee-publish:sw:queue] emit skipped — no originating tab &amp; no broadcaster { taskId: [32m&apos;bad&apos;[39m, status: [32m&apos;publishing&apos;[39m }

[aisee-publish:sw:queue] task error (wrong account — nothing published) {
  taskId: [32m&apos;bad&apos;[39m,
  platform: [32m&apos;reddit&apos;[39m,
  error: [32m&apos;Wrong reddit account: this browser is signed in as account t2_other, but the post is for account mine. Switch accounts to publish it — nothing was posted.&apos;[39m
}
[aisee-publish:sw:queue] emit skipped — no originating tab &amp; no broadcaster { taskId: [32m&apos;bad&apos;[39m, status: [32m&apos;error&apos;[39m }

[aisee-publish:sw:queue] drain → publishing { taskId: [32m&apos;good&apos;[39m, platform: [32m&apos;x&apos;[39m, segments: [33m1[39m }
[aisee-publish:sw:queue] emit skipped — no originating tab &amp; no broadcaster { taskId: [32m&apos;good&apos;[39m, status: [32m&apos;publishing&apos;[39m }

[aisee-publish:sw:queue] publishing segment { taskId: [32m&apos;good&apos;[39m, segment: [32m&apos;1/1&apos;[39m }

[aisee-publish:sw:queue] segment result {
  taskId: [32m&apos;good&apos;[39m,
  segment: [32m&apos;1/1&apos;[39m,
  ok: [33mtrue[39m,
  permalink: [32m&apos;p&apos;[39m,
  error: [90mundefined[39m
}
[aisee-publish:sw:queue] emit skipped — no originating tab &amp; no broadcaster { taskId: [32m&apos;good&apos;[39m, status: [32m&apos;publishing&apos;[39m }
[aisee-publish:sw:queue] task sent (platform ok) { taskId: [32m&apos;good&apos;[39m, permalink: [32m&apos;p&apos;[39m }
[aisee-publish:sw:queue] emit skipped — no originating tab &amp; no broadcaster { taskId: [32m&apos;good&apos;[39m, status: [32m&apos;sent&apos;[39m }
[aisee-publish:sw:queue] failure report failed (post stays QUEUE in DB) {
  taskId: [32m&apos;bad&apos;[39m,
  error: [32m&quot;Cannot read properties of undefined (reading &apos;session&apos;)&quot;[39m
}

[aisee-publish:sw:queue] after backfill { taskId: [32m&apos;good&apos;[39m, status: [32m&apos;published&apos;[39m, backfillError: [90mundefined[39m }
[aisee-publish:sw:queue] emit skipped — no originating tab &amp; no broadcaster { taskId: [32m&apos;good&apos;[39m, status: [32m&apos;published&apos;[39m }

[aisee-publish:sw:queue] drain idle — no due task { queuedWaiting: [33m0[39m }

            </system-out>
        </testcase>
        <testcase classname="apps/extension/src/utils/post-publish/__tests__/queue-account-guard.spec.ts" name="publish queue — wrong-account guard &gt; publishes unverified — and says so — when the probe throws" time="0.001522917">
            <system-out>
[aisee-publish:sw:queue] drain → publishing { taskId: [32m&apos;unverified&apos;[39m, platform: [32m&apos;reddit&apos;[39m, segments: [33m1[39m }
[aisee-publish:sw:queue] emit skipped — no originating tab &amp; no broadcaster { taskId: [32m&apos;unverified&apos;[39m, status: [32m&apos;publishing&apos;[39m }

[aisee-publish:sw:queue] publishing segment { taskId: [32m&apos;unverified&apos;[39m, segment: [32m&apos;1/1&apos;[39m }

[aisee-publish:sw:queue] segment result {
  taskId: [32m&apos;unverified&apos;[39m,
  segment: [32m&apos;1/1&apos;[39m,
  ok: [33mtrue[39m,
  permalink: [32m&apos;p&apos;[39m,
  error: [90mundefined[39m
}
[aisee-publish:sw:queue] emit skipped — no originating tab &amp; no broadcaster { taskId: [32m&apos;unverified&apos;[39m, status: [32m&apos;publishing&apos;[39m }
[aisee-publish:sw:queue] task sent (platform ok) { taskId: [32m&apos;unverified&apos;[39m, permalink: [32m&apos;p&apos;[39m }
[aisee-publish:sw:queue] emit skipped — no originating tab &amp; no broadcaster { taskId: [32m&apos;unverified&apos;[39m, status: [32m&apos;sent&apos;[39m }

[aisee-publish:sw:queue] after backfill { taskId: [32m&apos;unverified&apos;[39m, status: [32m&apos;published&apos;[39m, backfillError: [90mundefined[39m }
[aisee-publish:sw:queue] emit skipped — no originating tab &amp; no broadcaster { taskId: [32m&apos;unverified&apos;[39m, status: [32m&apos;published&apos;[39m }

[aisee-publish:sw:queue] drain idle — no due task { queuedWaiting: [33m0[39m }

            </system-out>
        </testcase>
        <testcase classname="apps/extension/src/utils/post-publish/__tests__/queue-account-guard.spec.ts" name="publish queue — wrong-account guard &gt; settles a task whose publish throws unexpectedly and keeps draining" time="0.000743625">
            <system-out>
[aisee-publish:sw:queue] drain → publishing { taskId: [32m&apos;boom&apos;[39m, platform: [32m&apos;reddit&apos;[39m, segments: [33m2[39m }
[aisee-publish:sw:queue] emit skipped — no originating tab &amp; no broadcaster { taskId: [32m&apos;boom&apos;[39m, status: [32m&apos;publishing&apos;[39m }
[aisee-publish:sw:queue] publishing segment { taskId: [32m&apos;boom&apos;[39m, segment: [32m&apos;1/2&apos;[39m }

[aisee-publish:sw:queue] segment result {
  taskId: [32m&apos;boom&apos;[39m,
  segment: [32m&apos;1/2&apos;[39m,
  ok: [33mtrue[39m,
  permalink: [32m&apos;p&apos;[39m,
  error: [90mundefined[39m
}
[aisee-publish:sw:queue] emit skipped — no originating tab &amp; no broadcaster { taskId: [32m&apos;boom&apos;[39m, status: [32m&apos;publishing&apos;[39m }

[aisee-publish:sw:queue] task error (unexpected — queue kept draining) {
  taskId: [32m&apos;boom&apos;[39m,
  platform: [32m&apos;reddit&apos;[39m,
  error: [32m&apos;unexpected publish failure: alarm subsystem gone&apos;[39m
}
[aisee-publish:sw:queue] emit skipped — no originating tab &amp; no broadcaster { taskId: [32m&apos;boom&apos;[39m, status: [32m&apos;error&apos;[39m }
[aisee-publish:sw:queue] drain → publishing { taskId: [32m&apos;after&apos;[39m, platform: [32m&apos;reddit&apos;[39m, segments: [33m1[39m }
[aisee-publish:sw:queue] emit skipped — no originating tab &amp; no broadcaster { taskId: [32m&apos;after&apos;[39m, status: [32m&apos;publishing&apos;[39m }
[aisee-publish:sw:queue] publishing segment { taskId: [32m&apos;after&apos;[39m, segment: [32m&apos;1/1&apos;[39m }

[aisee-publish:sw:queue] segment result {
  taskId: [32m&apos;after&apos;[39m,
  segment: [32m&apos;1/1&apos;[39m,
  ok: [33mtrue[39m,
  permalink: [32m&apos;p&apos;[39m,
  error: [90mundefined[39m
}
[aisee-publish:sw:queue] emit skipped — no originating tab &amp; no broadcaster { taskId: [32m&apos;after&apos;[39m, status: [32m&apos;publishing&apos;[39m }
[aisee-publish:sw:queue] task sent (platform ok) { taskId: [32m&apos;after&apos;[39m, permalink: [32m&apos;p&apos;[39m }
[aisee-publish:sw:queue] emit skipped — no originating tab &amp; no broadcaster { taskId: [32m&apos;after&apos;[39m, status: [32m&apos;sent&apos;[39m }

[aisee-publish:sw:queue] after backfill { taskId: [32m&apos;after&apos;[39m, status: [32m&apos;published&apos;[39m, backfillError: [90mundefined[39m }
[aisee-publish:sw:queue] emit skipped — no originating tab &amp; no broadcaster { taskId: [32m&apos;after&apos;[39m, status: [32m&apos;published&apos;[39m }

[aisee-publish:sw:queue] drain idle — no due task { queuedWaiting: [33m0[39m }

            </system-out>
        </testcase>
    </testsuite>
    <testsuite name="apps/extension/src/utils/post-publish/__tests__/queue-new-platforms.spec.ts" timestamp="2026-08-07T06:11:56.092Z" hostname="terceldeMac-mini.local" tests="10" failures="0" errors="0" skipped="0" time="0.006971">
        <testcase classname="apps/extension/src/utils/post-publish/__tests__/queue-new-platforms.spec.ts" name="publish queue — new platforms validation &gt; rejects an unknown platform" time="0.001138334">
        </testcase>
        <testcase classname="apps/extension/src/utils/post-publish/__tests__/queue-new-platforms.spec.ts" name="publish queue — new platforms validation &gt; accepts dev.to even though it also has a working REST API" time="0.001220417">
            <system-out>
[aisee-publish:sw:queue] drain → publishing { taskId: [32m&apos;d0&apos;[39m, platform: [32m&apos;devto&apos;[39m, segments: [33m1[39m }
[aisee-publish:sw:queue] emit skipped — no originating tab &amp; no broadcaster { taskId: [32m&apos;d0&apos;[39m, status: [32m&apos;publishing&apos;[39m }
[aisee-publish:sw:queue] publishing segment { taskId: [32m&apos;d0&apos;[39m, segment: [32m&apos;1/1&apos;[39m }

[aisee-publish:sw:queue] segment result {
  taskId: [32m&apos;d0&apos;[39m,
  segment: [32m&apos;1/1&apos;[39m,
  ok: [33mtrue[39m,
  permalink: [32m&apos;https://x/1&apos;[39m,
  error: [90mundefined[39m
}
[aisee-publish:sw:queue] emit skipped — no originating tab &amp; no broadcaster { taskId: [32m&apos;d0&apos;[39m, status: [32m&apos;publishing&apos;[39m }
[aisee-publish:sw:queue] task sent (platform ok) { taskId: [32m&apos;d0&apos;[39m, permalink: [32m&apos;https://x/1&apos;[39m }
[aisee-publish:sw:queue] emit skipped — no originating tab &amp; no broadcaster { taskId: [32m&apos;d0&apos;[39m, status: [32m&apos;sent&apos;[39m }

[aisee-publish:sw:queue] after backfill { taskId: [32m&apos;d0&apos;[39m, status: [32m&apos;published&apos;[39m, backfillError: [90mundefined[39m }
[aisee-publish:sw:queue] emit skipped — no originating tab &amp; no broadcaster { taskId: [32m&apos;d0&apos;[39m, status: [32m&apos;published&apos;[39m }

[aisee-publish:sw:queue] drain idle — no due task { queuedWaiting: [33m0[39m }

            </system-out>
        </testcase>
        <testcase classname="apps/extension/src/utils/post-publish/__tests__/queue-new-platforms.spec.ts" name="publish queue — new platforms validation &gt; dev.to requires a title and rejects multi-segment threads" time="0.000125459">
        </testcase>
        <testcase classname="apps/extension/src/utils/post-publish/__tests__/queue-new-platforms.spec.ts" name="publish queue — new platforms validation &gt; medium requires a title and rejects multi-segment threads" time="0.000477167">
            <system-out>
[aisee-publish:sw:queue] drain → publishing { taskId: [32m&apos;m2&apos;[39m, platform: [32m&apos;medium&apos;[39m, segments: [33m1[39m }
[aisee-publish:sw:queue] emit skipped — no originating tab &amp; no broadcaster { taskId: [32m&apos;m2&apos;[39m, status: [32m&apos;publishing&apos;[39m }
[aisee-publish:sw:queue] publishing segment { taskId: [32m&apos;m2&apos;[39m, segment: [32m&apos;1/1&apos;[39m }

[aisee-publish:sw:queue] segment result {
  taskId: [32m&apos;m2&apos;[39m,
  segment: [32m&apos;1/1&apos;[39m,
  ok: [33mtrue[39m,
  permalink: [32m&apos;https://x/1&apos;[39m,
  error: [90mundefined[39m
}
[aisee-publish:sw:queue] emit skipped — no originating tab &amp; no broadcaster { taskId: [32m&apos;m2&apos;[39m, status: [32m&apos;publishing&apos;[39m }
[aisee-publish:sw:queue] task sent (platform ok) { taskId: [32m&apos;m2&apos;[39m, permalink: [32m&apos;https://x/1&apos;[39m }
[aisee-publish:sw:queue] emit skipped — no originating tab &amp; no broadcaster { taskId: [32m&apos;m2&apos;[39m, status: [32m&apos;sent&apos;[39m }

[aisee-publish:sw:queue] after backfill { taskId: [32m&apos;m2&apos;[39m, status: [32m&apos;published&apos;[39m, backfillError: [90mundefined[39m }
[aisee-publish:sw:queue] emit skipped — no originating tab &amp; no broadcaster { taskId: [32m&apos;m2&apos;[39m, status: [32m&apos;published&apos;[39m }

[aisee-publish:sw:queue] drain idle — no due task { queuedWaiting: [33m0[39m }

            </system-out>
        </testcase>
        <testcase classname="apps/extension/src/utils/post-publish/__tests__/queue-new-platforms.spec.ts" name="publish queue — new platforms validation &gt; quora needs no title and accepts a single text segment" time="0.000527208">
            <system-out>
[aisee-publish:sw:queue] drain → publishing { taskId: [32m&apos;q1&apos;[39m, platform: [32m&apos;quora&apos;[39m, segments: [33m1[39m }
[aisee-publish:sw:queue] emit skipped — no originating tab &amp; no broadcaster { taskId: [32m&apos;q1&apos;[39m, status: [32m&apos;publishing&apos;[39m }
[aisee-publish:sw:queue] publishing segment { taskId: [32m&apos;q1&apos;[39m, segment: [32m&apos;1/1&apos;[39m }

[aisee-publish:sw:queue] segment result {
  taskId: [32m&apos;q1&apos;[39m,
  segment: [32m&apos;1/1&apos;[39m,
  ok: [33mtrue[39m,
  permalink: [32m&apos;https://x/1&apos;[39m,
  error: [90mundefined[39m
}
[aisee-publish:sw:queue] emit skipped — no originating tab &amp; no broadcaster { taskId: [32m&apos;q1&apos;[39m, status: [32m&apos;publishing&apos;[39m }
[aisee-publish:sw:queue] task sent (platform ok) { taskId: [32m&apos;q1&apos;[39m, permalink: [32m&apos;https://x/1&apos;[39m }
[aisee-publish:sw:queue] emit skipped — no originating tab &amp; no broadcaster { taskId: [32m&apos;q1&apos;[39m, status: [32m&apos;sent&apos;[39m }

[aisee-publish:sw:queue] after backfill { taskId: [32m&apos;q1&apos;[39m, status: [32m&apos;published&apos;[39m, backfillError: [90mundefined[39m }
[aisee-publish:sw:queue] emit skipped — no originating tab &amp; no broadcaster { taskId: [32m&apos;q1&apos;[39m, status: [32m&apos;published&apos;[39m }

[aisee-publish:sw:queue] drain idle — no due task { queuedWaiting: [33m0[39m }

            </system-out>
        </testcase>
        <testcase classname="apps/extension/src/utils/post-publish/__tests__/queue-new-platforms.spec.ts" name="publish queue — new platforms validation &gt; hackernews requires a title but allows a comment-chain thread" time="0.000467167">
            <system-out>
[aisee-publish:sw:queue] drain → publishing { taskId: [32m&apos;h2&apos;[39m, platform: [32m&apos;hackernews&apos;[39m, segments: [33m2[39m }
[aisee-publish:sw:queue] emit skipped — no originating tab &amp; no broadcaster { taskId: [32m&apos;h2&apos;[39m, status: [32m&apos;publishing&apos;[39m }
[aisee-publish:sw:queue] publishing segment { taskId: [32m&apos;h2&apos;[39m, segment: [32m&apos;1/2&apos;[39m }

[aisee-publish:sw:queue] segment result {
  taskId: [32m&apos;h2&apos;[39m,
  segment: [32m&apos;1/2&apos;[39m,
  ok: [33mtrue[39m,
  permalink: [32m&apos;https://x/1&apos;[39m,
  error: [90mundefined[39m
}
[aisee-publish:sw:queue] emit skipped — no originating tab &amp; no broadcaster { taskId: [32m&apos;h2&apos;[39m, status: [32m&apos;publishing&apos;[39m }

[aisee-publish:sw:queue] publishing segment { taskId: [32m&apos;h2&apos;[39m, segment: [32m&apos;2/2&apos;[39m }

[aisee-publish:sw:queue] segment result {
  taskId: [32m&apos;h2&apos;[39m,
  segment: [32m&apos;2/2&apos;[39m,
  ok: [33mtrue[39m,
  permalink: [32m&apos;https://x/1&apos;[39m,
  error: [90mundefined[39m
}
[aisee-publish:sw:queue] emit skipped — no originating tab &amp; no broadcaster { taskId: [32m&apos;h2&apos;[39m, status: [32m&apos;publishing&apos;[39m }
[aisee-publish:sw:queue] task sent (platform ok) { taskId: [32m&apos;h2&apos;[39m, permalink: [32m&apos;https://x/1&apos;[39m }
[aisee-publish:sw:queue] emit skipped — no originating tab &amp; no broadcaster { taskId: [32m&apos;h2&apos;[39m, status: [32m&apos;sent&apos;[39m }

[aisee-publish:sw:queue] after backfill { taskId: [32m&apos;h2&apos;[39m, status: [32m&apos;published&apos;[39m, backfillError: [90mundefined[39m }
[aisee-publish:sw:queue] emit skipped — no originating tab &amp; no broadcaster { taskId: [32m&apos;h2&apos;[39m, status: [32m&apos;published&apos;[39m }

[aisee-publish:sw:queue] drain idle — no due task { queuedWaiting: [33m0[39m }

            </system-out>
        </testcase>
        <testcase classname="apps/extension/src/utils/post-publish/__tests__/queue-new-platforms.spec.ts" name="publish queue — new platforms validation &gt; strips images on the article/forum platforms instead of rejecting" time="0.000374333">
            <system-out>
[aisee-publish:sw:queue] images dropped (platform poster is text-only) { taskId: [32m&apos;i1&apos;[39m, platform: [32m&apos;medium&apos;[39m }
[aisee-publish:sw:queue] drain → publishing { taskId: [32m&apos;i1&apos;[39m, platform: [32m&apos;medium&apos;[39m, segments: [33m1[39m }
[aisee-publish:sw:queue] emit skipped — no originating tab &amp; no broadcaster { taskId: [32m&apos;i1&apos;[39m, status: [32m&apos;publishing&apos;[39m }
[aisee-publish:sw:queue] publishing segment { taskId: [32m&apos;i1&apos;[39m, segment: [32m&apos;1/1&apos;[39m }

[aisee-publish:sw:queue] segment result {
  taskId: [32m&apos;i1&apos;[39m,
  segment: [32m&apos;1/1&apos;[39m,
  ok: [33mtrue[39m,
  permalink: [32m&apos;https://x/1&apos;[39m,
  error: [90mundefined[39m
}
[aisee-publish:sw:queue] emit skipped — no originating tab &amp; no broadcaster { taskId: [32m&apos;i1&apos;[39m, status: [32m&apos;publishing&apos;[39m }
[aisee-publish:sw:queue] task sent (platform ok) { taskId: [32m&apos;i1&apos;[39m, permalink: [32m&apos;https://x/1&apos;[39m }
[aisee-publish:sw:queue] emit skipped — no originating tab &amp; no broadcaster { taskId: [32m&apos;i1&apos;[39m, status: [32m&apos;sent&apos;[39m }

[aisee-publish:sw:queue] after backfill { taskId: [32m&apos;i1&apos;[39m, status: [32m&apos;published&apos;[39m, backfillError: [90mundefined[39m }
[aisee-publish:sw:queue] emit skipped — no originating tab &amp; no broadcaster { taskId: [32m&apos;i1&apos;[39m, status: [32m&apos;published&apos;[39m }

[aisee-publish:sw:queue] drain idle — no due task { queuedWaiting: [33m0[39m }

            </system-out>
        </testcase>
        <testcase classname="apps/extension/src/utils/post-publish/__tests__/queue-new-platforms.spec.ts" name="publish queue — new platforms validation &gt; rejects only when stripping the images leaves nothing to publish" time="0.000111875">
            <system-out>
[aisee-publish:sw:queue] images dropped (platform poster is text-only) { taskId: [32m&apos;i2&apos;[39m, platform: [32m&apos;medium&apos;[39m }

            </system-out>
        </testcase>
        <testcase classname="apps/extension/src/utils/post-publish/__tests__/queue-new-platforms.spec.ts" name="publish queue — new platforms validation &gt; completes (published) even when the poster captures no permalink (F1)" time="0.001316875">
            <system-out>
[aisee-publish:sw:queue] drain → publishing { taskId: [32m&apos;noperm&apos;[39m, platform: [32m&apos;quora&apos;[39m, segments: [33m1[39m }
[aisee-publish:sw:queue] emit skipped — no originating tab &amp; no broadcaster { taskId: [32m&apos;noperm&apos;[39m, status: [32m&apos;publishing&apos;[39m }
[aisee-publish:sw:queue] publishing segment { taskId: [32m&apos;noperm&apos;[39m, segment: [32m&apos;1/1&apos;[39m }

[aisee-publish:sw:queue] segment result {
  taskId: [32m&apos;noperm&apos;[39m,
  segment: [32m&apos;1/1&apos;[39m,
  ok: [33mtrue[39m,
  permalink: [90mundefined[39m,
  error: [90mundefined[39m
}
[aisee-publish:sw:queue] emit skipped — no originating tab &amp; no broadcaster { taskId: [32m&apos;noperm&apos;[39m, status: [32m&apos;publishing&apos;[39m }
[aisee-publish:sw:queue] task sent (platform ok) { taskId: [32m&apos;noperm&apos;[39m, permalink: [90mundefined[39m }
[aisee-publish:sw:queue] emit skipped — no originating tab &amp; no broadcaster { taskId: [32m&apos;noperm&apos;[39m, status: [32m&apos;sent&apos;[39m }

[aisee-publish:sw:queue] after backfill { taskId: [32m&apos;noperm&apos;[39m, status: [32m&apos;published&apos;[39m, backfillError: [90mundefined[39m }
[aisee-publish:sw:queue] emit skipped — no originating tab &amp; no broadcaster { taskId: [32m&apos;noperm&apos;[39m, status: [32m&apos;published&apos;[39m }

[aisee-publish:sw:queue] drain idle — no due task { queuedWaiting: [33m0[39m }

            </system-out>
        </testcase>
        <testcase classname="apps/extension/src/utils/post-publish/__tests__/queue-new-platforms.spec.ts" name="publish queue — new platforms validation &gt; backfills the dev.to article URL so the Post flips to PUBLISHED" time="0.000573333">
            <system-out>
[aisee-publish:sw:queue] drain → publishing { taskId: [32m&apos;dv&apos;[39m, platform: [32m&apos;devto&apos;[39m, segments: [33m1[39m }
[aisee-publish:sw:queue] emit skipped — no originating tab &amp; no broadcaster { taskId: [32m&apos;dv&apos;[39m, status: [32m&apos;publishing&apos;[39m }
[aisee-publish:sw:queue] publishing segment { taskId: [32m&apos;dv&apos;[39m, segment: [32m&apos;1/1&apos;[39m }

[aisee-publish:sw:queue] segment result {
  taskId: [32m&apos;dv&apos;[39m,
  segment: [32m&apos;1/1&apos;[39m,
  ok: [33mtrue[39m,
  permalink: [32m&apos;https://dev.to/tercelyi/hello-from-the-extension-3pe5&apos;[39m,
  error: [90mundefined[39m
}
[aisee-publish:sw:queue] emit skipped — no originating tab &amp; no broadcaster { taskId: [32m&apos;dv&apos;[39m, status: [32m&apos;publishing&apos;[39m }
[aisee-publish:sw:queue] task sent (platform ok) {
  taskId: [32m&apos;dv&apos;[39m,
  permalink: [32m&apos;https://dev.to/tercelyi/hello-from-the-extension-3pe5&apos;[39m
}
[aisee-publish:sw:queue] emit skipped — no originating tab &amp; no broadcaster { taskId: [32m&apos;dv&apos;[39m, status: [32m&apos;sent&apos;[39m }

[aisee-publish:sw:queue] after backfill { taskId: [32m&apos;dv&apos;[39m, status: [32m&apos;published&apos;[39m, backfillError: [90mundefined[39m }
[aisee-publish:sw:queue] emit skipped — no originating tab &amp; no broadcaster { taskId: [32m&apos;dv&apos;[39m, status: [32m&apos;published&apos;[39m }

[aisee-publish:sw:queue] drain idle — no due task { queuedWaiting: [33m0[39m }

            </system-out>
        </testcase>
    </testsuite>
    <testsuite name="apps/extension/src/utils/post-publish/__tests__/queue-permalink-guard.spec.ts" timestamp="2026-08-07T06:11:56.093Z" hostname="terceldeMac-mini.local" tests="3" failures="0" errors="0" skipped="0" time="0.004784">
        <testcase classname="apps/extension/src/utils/post-publish/__tests__/queue-permalink-guard.spec.ts" name="publish queue — no-permalink false-success guard &gt; settles error (never PUBLISHED) when a verifiable platform yields no permalink" time="0.003220959">
            <system-out>
[aisee-publish:sw:queue] drain → publishing { taskId: [32m&apos;hn1&apos;[39m, platform: [32m&apos;hackernews&apos;[39m, segments: [33m1[39m }
[aisee-publish:sw:queue] emit skipped — no originating tab &amp; no broadcaster { taskId: [32m&apos;hn1&apos;[39m, status: [32m&apos;publishing&apos;[39m }
[aisee-publish:sw:queue] publishing segment { taskId: [32m&apos;hn1&apos;[39m, segment: [32m&apos;1/1&apos;[39m }

[aisee-publish:sw:queue] segment result {
  taskId: [32m&apos;hn1&apos;[39m,
  segment: [32m&apos;1/1&apos;[39m,
  ok: [33mtrue[39m,
  permalink: [90mundefined[39m,
  error: [90mundefined[39m
}
[aisee-publish:sw:queue] emit skipped — no originating tab &amp; no broadcaster { taskId: [32m&apos;hn1&apos;[39m, status: [32m&apos;publishing&apos;[39m }
[aisee-publish:sw:queue] task error (platform send failed) {
  taskId: [32m&apos;hn1&apos;[39m,
  segmentsPublished: [33m1[39m,
  error: [32m&apos;hackernews send could not be verified (no permalink) — not marking published&apos;[39m
}
[aisee-publish:sw:queue] emit skipped — no originating tab &amp; no broadcaster { taskId: [32m&apos;hn1&apos;[39m, status: [32m&apos;error&apos;[39m }

[aisee-publish:sw:queue] drain idle — no due task { queuedWaiting: [33m0[39m }

            </system-out>
        </testcase>
        <testcase classname="apps/extension/src/utils/post-publish/__tests__/queue-permalink-guard.spec.ts" name="publish queue — no-permalink false-success guard &gt; still allows a confirmed URL-less publish on quora" time="0.000648125">
            <system-out>
[aisee-publish:sw:queue] drain → publishing { taskId: [32m&apos;q1&apos;[39m, platform: [32m&apos;quora&apos;[39m, segments: [33m1[39m }
[aisee-publish:sw:queue] emit skipped — no originating tab &amp; no broadcaster { taskId: [32m&apos;q1&apos;[39m, status: [32m&apos;publishing&apos;[39m }
[aisee-publish:sw:queue] publishing segment { taskId: [32m&apos;q1&apos;[39m, segment: [32m&apos;1/1&apos;[39m }

[aisee-publish:sw:queue] segment result {
  taskId: [32m&apos;q1&apos;[39m,
  segment: [32m&apos;1/1&apos;[39m,
  ok: [33mtrue[39m,
  permalink: [90mundefined[39m,
  error: [90mundefined[39m
}
[aisee-publish:sw:queue] emit skipped — no originating tab &amp; no broadcaster { taskId: [32m&apos;q1&apos;[39m, status: [32m&apos;publishing&apos;[39m }
[aisee-publish:sw:queue] task sent (platform ok) { taskId: [32m&apos;q1&apos;[39m, permalink: [90mundefined[39m }
[aisee-publish:sw:queue] emit skipped — no originating tab &amp; no broadcaster { taskId: [32m&apos;q1&apos;[39m, status: [32m&apos;sent&apos;[39m }

[aisee-publish:sw:queue] after backfill { taskId: [32m&apos;q1&apos;[39m, status: [32m&apos;published&apos;[39m, backfillError: [90mundefined[39m }
[aisee-publish:sw:queue] emit skipped — no originating tab &amp; no broadcaster { taskId: [32m&apos;q1&apos;[39m, status: [32m&apos;published&apos;[39m }

[aisee-publish:sw:queue] drain idle — no due task { queuedWaiting: [33m0[39m }

            </system-out>
        </testcase>
        <testcase classname="apps/extension/src/utils/post-publish/__tests__/queue-permalink-guard.spec.ts" name="publish queue — no-permalink false-success guard &gt; reports the failure to the backend when the platform send fails outright" time="0.000392375">
            <system-out>
[aisee-publish:sw:queue] drain → publishing { taskId: [32m&apos;hn2&apos;[39m, platform: [32m&apos;hackernews&apos;[39m, segments: [33m1[39m }
[aisee-publish:sw:queue] emit skipped — no originating tab &amp; no broadcaster { taskId: [32m&apos;hn2&apos;[39m, status: [32m&apos;publishing&apos;[39m }
[aisee-publish:sw:queue] publishing segment { taskId: [32m&apos;hn2&apos;[39m, segment: [32m&apos;1/1&apos;[39m }

[aisee-publish:sw:queue] segment result {
  taskId: [32m&apos;hn2&apos;[39m,
  segment: [32m&apos;1/1&apos;[39m,
  ok: [33mfalse[39m,
  permalink: [90mundefined[39m,
  error: [32m&apos;HN rejected the submission&apos;[39m
}
[aisee-publish:sw:queue] task error (platform send failed) {
  taskId: [32m&apos;hn2&apos;[39m,
  segmentsPublished: [33m0[39m,
  error: [32m&apos;HN rejected the submission&apos;[39m
}
[aisee-publish:sw:queue] emit skipped — no originating tab &amp; no broadcaster { taskId: [32m&apos;hn2&apos;[39m, status: [32m&apos;error&apos;[39m }

[aisee-publish:sw:queue] drain idle — no due task { queuedWaiting: [33m0[39m }

            </system-out>
        </testcase>
    </testsuite>
    <testsuite name="apps/extension/src/utils/post-publish/__tests__/queue-platform-routing.spec.ts" timestamp="2026-08-07T06:11:56.094Z" hostname="terceldeMac-mini.local" tests="7" failures="0" errors="0" skipped="0" time="0.007534208">
        <testcase classname="apps/extension/src/utils/post-publish/__tests__/queue-platform-routing.spec.ts" name="default publisher platform routing &gt; publishes an X thread via compose tab then reply-chain tabs" time="0.003431084">
            <system-out>
[aisee-publish:sw:queue] drain → publishing { taskId: [32m&apos;x-thread&apos;[39m, platform: [32m&apos;x&apos;[39m, segments: [33m2[39m }
[aisee-publish:sw:queue] publishing segment { taskId: [32m&apos;x-thread&apos;[39m, segment: [32m&apos;1/2&apos;[39m }

[aisee-publish:sw:queue] segment result {
  taskId: [32m&apos;x-thread&apos;[39m,
  segment: [32m&apos;1/2&apos;[39m,
  ok: [33mtrue[39m,
  permalink: [32m&apos;https://x.com/u/status/1&apos;[39m,
  error: [90mundefined[39m
}

[aisee-publish:sw:queue] publishing segment { taskId: [32m&apos;x-thread&apos;[39m, segment: [32m&apos;2/2&apos;[39m }

[aisee-publish:sw:queue] segment result {
  taskId: [32m&apos;x-thread&apos;[39m,
  segment: [32m&apos;2/2&apos;[39m,
  ok: [33mtrue[39m,
  permalink: [32m&apos;https://x.com/u/status/2&apos;[39m,
  error: [90mundefined[39m
}
[aisee-publish:sw:queue] task sent (platform ok) { taskId: [32m&apos;x-thread&apos;[39m, permalink: [32m&apos;https://x.com/u/status/1&apos;[39m }

[aisee-publish:sw:queue] after backfill { taskId: [32m&apos;x-thread&apos;[39m, status: [32m&apos;published&apos;[39m, backfillError: [90mundefined[39m }

[aisee-publish:sw:queue] drain idle — no due task { queuedWaiting: [33m0[39m }

            </system-out>
        </testcase>
        <testcase classname="apps/extension/src/utils/post-publish/__tests__/queue-platform-routing.spec.ts" name="default publisher platform routing &gt; treats an X pending outcome (manual click needed) as a task error" time="0.000727042">
            <system-out>
[aisee-publish:sw:queue] drain → publishing { taskId: [32m&apos;x-pending&apos;[39m, platform: [32m&apos;x&apos;[39m, segments: [33m1[39m }
[aisee-publish:sw:queue] publishing segment { taskId: [32m&apos;x-pending&apos;[39m, segment: [32m&apos;1/1&apos;[39m }

[aisee-publish:sw:queue] segment result {
  taskId: [32m&apos;x-pending&apos;[39m,
  segment: [32m&apos;1/1&apos;[39m,
  ok: [33mfalse[39m,
  permalink: [90mundefined[39m,
  error: [32m&apos;click Post&apos;[39m
}
[aisee-publish:sw:queue] task error (platform send failed) { taskId: [32m&apos;x-pending&apos;[39m, segmentsPublished: [33m0[39m, error: [32m&apos;click Post&apos;[39m }

[aisee-publish:sw:queue] drain idle — no due task { queuedWaiting: [33m0[39m }

[aisee-publish:sw:queue] failure report failed (post stays QUEUE in DB) {
  taskId: [32m&apos;x-pending&apos;[39m,
  error: [32m&quot;Cannot read properties of undefined (reading &apos;get&apos;)&quot;[39m
}

            </system-out>
        </testcase>
        <testcase classname="apps/extension/src/utils/post-publish/__tests__/queue-platform-routing.spec.ts" name="default publisher platform routing &gt; fails a thread when a mid-thread tweet URL cannot be confirmed, but tolerates it on the last segment" time="0.00096825">
            <system-out>
[aisee-publish:sw:queue] drain → publishing { taskId: [32m&apos;x-unconfirmed-mid&apos;[39m, platform: [32m&apos;x&apos;[39m, segments: [33m2[39m }
[aisee-publish:sw:queue] publishing segment { taskId: [32m&apos;x-unconfirmed-mid&apos;[39m, segment: [32m&apos;1/2&apos;[39m }

[aisee-publish:sw:queue] segment result {
  taskId: [32m&apos;x-unconfirmed-mid&apos;[39m,
  segment: [32m&apos;1/2&apos;[39m,
  ok: [33mfalse[39m,
  permalink: [90mundefined[39m,
  error: [32m&apos;tweet was sent but its URL could not be confirmed; remaining thread segments were not posted&apos;[39m
}
[aisee-publish:sw:queue] task error (platform send failed) {
  taskId: [32m&apos;x-unconfirmed-mid&apos;[39m,
  segmentsPublished: [33m0[39m,
  error: [32m&apos;tweet was sent but its URL could not be confirmed; remaining thread segments were not posted&apos;[39m
}

[aisee-publish:sw:queue] drain idle — no due task { queuedWaiting: [33m0[39m }

[aisee-publish:sw:queue] failure report failed (post stays QUEUE in DB) {
  taskId: [32m&apos;x-unconfirmed-mid&apos;[39m,
  error: [32m&quot;Cannot read properties of undefined (reading &apos;get&apos;)&quot;[39m
}
[aisee-publish:sw:queue] drain → publishing { taskId: [32m&apos;x-unconfirmed-last&apos;[39m, platform: [32m&apos;x&apos;[39m, segments: [33m1[39m }
[aisee-publish:sw:queue] publishing segment { taskId: [32m&apos;x-unconfirmed-last&apos;[39m, segment: [32m&apos;1/1&apos;[39m }

[aisee-publish:sw:queue] segment result {
  taskId: [32m&apos;x-unconfirmed-last&apos;[39m,
  segment: [32m&apos;1/1&apos;[39m,
  ok: [33mtrue[39m,
  permalink: [90mundefined[39m,
  error: [90mundefined[39m
}
[aisee-publish:sw:queue] task sent (platform ok) { taskId: [32m&apos;x-unconfirmed-last&apos;[39m, permalink: [90mundefined[39m }

[aisee-publish:sw:queue] after backfill {
  taskId: [32m&apos;x-unconfirmed-last&apos;[39m,
  status: [32m&apos;published&apos;[39m,
  backfillError: [90mundefined[39m
}

[aisee-publish:sw:queue] drain idle — no due task { queuedWaiting: [33m0[39m }

            </system-out>
        </testcase>
        <testcase classname="apps/extension/src/utils/post-publish/__tests__/queue-platform-routing.spec.ts" name="default publisher platform routing &gt; publishes a Reddit thread via submit then comment chain" time="0.000550417">
            <system-out>
[aisee-publish:sw:queue] drain → publishing { taskId: [32m&apos;r-thread&apos;[39m, platform: [32m&apos;reddit&apos;[39m, segments: [33m2[39m }
[aisee-publish:sw:queue] publishing segment { taskId: [32m&apos;r-thread&apos;[39m, segment: [32m&apos;1/2&apos;[39m }

[aisee-publish:sw:queue] segment result {
  taskId: [32m&apos;r-thread&apos;[39m,
  segment: [32m&apos;1/2&apos;[39m,
  ok: [33mtrue[39m,
  permalink: [32m&apos;https://www.reddit.com/r/t/comments/abc/x/&apos;[39m,
  error: [90mundefined[39m
}

[aisee-publish:sw:queue] publishing segment { taskId: [32m&apos;r-thread&apos;[39m, segment: [32m&apos;2/2&apos;[39m }

[aisee-publish:sw:queue] segment result {
  taskId: [32m&apos;r-thread&apos;[39m,
  segment: [32m&apos;2/2&apos;[39m,
  ok: [33mtrue[39m,
  permalink: [32m&apos;https://www.reddit.com/r/t/comments/abc/x/c1/&apos;[39m,
  error: [90mundefined[39m
}
[aisee-publish:sw:queue] task sent (platform ok) {
  taskId: [32m&apos;r-thread&apos;[39m,
  permalink: [32m&apos;https://www.reddit.com/r/t/comments/abc/x/&apos;[39m
}

[aisee-publish:sw:queue] after backfill { taskId: [32m&apos;r-thread&apos;[39m, status: [32m&apos;published&apos;[39m, backfillError: [90mundefined[39m }

[aisee-publish:sw:queue] drain idle — no due task { queuedWaiting: [33m0[39m }

            </system-out>
        </testcase>
        <testcase classname="apps/extension/src/utils/post-publish/__tests__/queue-platform-routing.spec.ts" name="default publisher platform routing &gt; treats a Reddit pending outcome (captcha-tab manual finish) as a task error" time="0.000342417">
            <system-out>
[aisee-publish:sw:queue] drain → publishing { taskId: [32m&apos;r-captcha&apos;[39m, platform: [32m&apos;reddit&apos;[39m, segments: [33m1[39m }
[aisee-publish:sw:queue] publishing segment { taskId: [32m&apos;r-captcha&apos;[39m, segment: [32m&apos;1/1&apos;[39m }

[aisee-publish:sw:queue] segment result {
  taskId: [32m&apos;r-captcha&apos;[39m,
  segment: [32m&apos;1/1&apos;[39m,
  ok: [33mfalse[39m,
  permalink: [90mundefined[39m,
  error: [32m&apos;Reddit requires a captcha for this post.&apos;[39m
}
[aisee-publish:sw:queue] task error (platform send failed) {
  taskId: [32m&apos;r-captcha&apos;[39m,
  segmentsPublished: [33m0[39m,
  error: [32m&apos;Reddit requires a captcha for this post.&apos;[39m
}

[aisee-publish:sw:queue] drain idle — no due task { queuedWaiting: [33m0[39m }

[aisee-publish:sw:queue] failure report failed (post stays QUEUE in DB) {
  taskId: [32m&apos;r-captcha&apos;[39m,
  error: [32m&quot;Cannot read properties of undefined (reading &apos;get&apos;)&quot;[39m
}

            </system-out>
        </testcase>
        <testcase classname="apps/extension/src/utils/post-publish/__tests__/queue-platform-routing.spec.ts" name="default publisher platform routing &gt; publishes a LinkedIn thread via compose share then self-comment chain" time="0.000524958">
            <system-out>
[aisee-publish:sw:queue] drain → publishing { taskId: [32m&apos;li-thread&apos;[39m, platform: [32m&apos;linkedin&apos;[39m, segments: [33m2[39m }
[aisee-publish:sw:queue] publishing segment { taskId: [32m&apos;li-thread&apos;[39m, segment: [32m&apos;1/2&apos;[39m }

[aisee-publish:sw:queue] segment result {
  taskId: [32m&apos;li-thread&apos;[39m,
  segment: [32m&apos;1/2&apos;[39m,
  ok: [33mtrue[39m,
  permalink: [32m&apos;https://www.linkedin.com/feed/update/urn:li:activity:1/&apos;[39m,
  error: [90mundefined[39m
}

[aisee-publish:sw:queue] publishing segment { taskId: [32m&apos;li-thread&apos;[39m, segment: [32m&apos;2/2&apos;[39m }

[aisee-publish:sw:queue] segment result {
  taskId: [32m&apos;li-thread&apos;[39m,
  segment: [32m&apos;2/2&apos;[39m,
  ok: [33mtrue[39m,
  permalink: [90mundefined[39m,
  error: [90mundefined[39m
}
[aisee-publish:sw:queue] task sent (platform ok) {
  taskId: [32m&apos;li-thread&apos;[39m,
  permalink: [32m&apos;https://www.linkedin.com/feed/update/urn:li:activity:1/&apos;[39m
}

[aisee-publish:sw:queue] after backfill { taskId: [32m&apos;li-thread&apos;[39m, status: [32m&apos;published&apos;[39m, backfillError: [90mundefined[39m }

[aisee-publish:sw:queue] drain idle — no due task { queuedWaiting: [33m0[39m }

            </system-out>
        </testcase>
        <testcase classname="apps/extension/src/utils/post-publish/__tests__/queue-platform-routing.spec.ts" name="default publisher platform routing &gt; publishes a LinkedIn image post, forwarding the image to the poster" time="0.000411334">
            <system-out>
[aisee-publish:sw:queue] drain → publishing { taskId: [32m&apos;li-image&apos;[39m, platform: [32m&apos;linkedin&apos;[39m, segments: [33m1[39m }
[aisee-publish:sw:queue] publishing segment { taskId: [32m&apos;li-image&apos;[39m, segment: [32m&apos;1/1&apos;[39m }

[aisee-publish:sw:queue] segment result {
  taskId: [32m&apos;li-image&apos;[39m,
  segment: [32m&apos;1/1&apos;[39m,
  ok: [33mtrue[39m,
  permalink: [32m&apos;https://www.linkedin.com/feed/update/urn:li:activity:9/&apos;[39m,
  error: [90mundefined[39m
}
[aisee-publish:sw:queue] task sent (platform ok) {
  taskId: [32m&apos;li-image&apos;[39m,
  permalink: [32m&apos;https://www.linkedin.com/feed/update/urn:li:activity:9/&apos;[39m
}

[aisee-publish:sw:queue] after backfill { taskId: [32m&apos;li-image&apos;[39m, status: [32m&apos;published&apos;[39m, backfillError: [90mundefined[39m }

[aisee-publish:sw:queue] drain idle — no due task { queuedWaiting: [33m0[39m }

            </system-out>
        </testcase>
    </testsuite>
    <testsuite name="apps/extension/src/utils/post-publish/__tests__/queue-quora-images.spec.ts" timestamp="2026-08-07T06:11:56.094Z" hostname="terceldeMac-mini.local" tests="1" failures="0" errors="0" skipped="0" time="0.003503833">
        <testcase classname="apps/extension/src/utils/post-publish/__tests__/queue-quora-images.spec.ts" name="quora publish routing — images &gt; forwards segment images to postQuoraPost instead of dropping them" time="0.003011458">
            <system-out>
[aisee-publish:sw:queue] drain → publishing { taskId: [32m&apos;q-image&apos;[39m, platform: [32m&apos;quora&apos;[39m, segments: [33m1[39m }
[aisee-publish:sw:queue] publishing segment { taskId: [32m&apos;q-image&apos;[39m, segment: [32m&apos;1/1&apos;[39m }

[aisee-publish:sw:queue] segment result {
  taskId: [32m&apos;q-image&apos;[39m,
  segment: [32m&apos;1/1&apos;[39m,
  ok: [33mtrue[39m,
  permalink: [32m&apos;https://www.quora.com/profile/Tercel-Yi/post-1&apos;[39m,
  error: [90mundefined[39m
}
[aisee-publish:sw:queue] task sent (platform ok) {
  taskId: [32m&apos;q-image&apos;[39m,
  permalink: [32m&apos;https://www.quora.com/profile/Tercel-Yi/post-1&apos;[39m
}

[aisee-publish:sw:queue] after backfill { taskId: [32m&apos;q-image&apos;[39m, status: [32m&apos;published&apos;[39m, backfillError: [90mundefined[39m }

[aisee-publish:sw:queue] drain idle — no due task { queuedWaiting: [33m0[39m }

            </system-out>
        </testcase>
    </testsuite>
    <testsuite name="apps/extension/src/utils/post-publish/__tests__/queue-schedule.spec.ts" timestamp="2026-08-07T06:11:56.095Z" hostname="terceldeMac-mini.local" tests="15" failures="0" errors="0" skipped="0" time="0.012698792">
        <testcase classname="apps/extension/src/utils/post-publish/__tests__/queue-schedule.spec.ts" name="publish queue scheduling + persistence &gt; holds a future publishDate task and arms the alarm at its due time" time="0.003279125">
            <system-out>
[aisee-publish:sw:queue] drain idle — no due task { queuedWaiting: [33m1[39m }

[aisee-publish:sw:queue] drain → publishing { taskId: [32m&apos;later&apos;[39m, platform: [32m&apos;reddit&apos;[39m, segments: [33m1[39m }
[aisee-publish:sw:queue] publishing segment { taskId: [32m&apos;later&apos;[39m, segment: [32m&apos;1/1&apos;[39m }

[aisee-publish:sw:queue] segment result {
  taskId: [32m&apos;later&apos;[39m,
  segment: [32m&apos;1/1&apos;[39m,
  ok: [33mtrue[39m,
  permalink: [32m&apos;p&apos;[39m,
  error: [90mundefined[39m
}
[aisee-publish:sw:queue] task sent (platform ok) { taskId: [32m&apos;later&apos;[39m, permalink: [32m&apos;p&apos;[39m }

[aisee-publish:sw:queue] after backfill { taskId: [32m&apos;later&apos;[39m, status: [32m&apos;published&apos;[39m, backfillError: [90mundefined[39m }

[aisee-publish:sw:queue] drain idle — no due task { queuedWaiting: [33m0[39m }

            </system-out>
        </testcase>
        <testcase classname="apps/extension/src/utils/post-publish/__tests__/queue-schedule.spec.ts" name="publish queue scheduling + persistence &gt; publishes past/absent publishDate immediately and can cancel scheduled tasks" time="0.000775375">
            <system-out>
[aisee-publish:sw:queue] drain → publishing { taskId: [32m&apos;now&apos;[39m, platform: [32m&apos;reddit&apos;[39m, segments: [33m1[39m }
[aisee-publish:sw:queue] publishing segment { taskId: [32m&apos;now&apos;[39m, segment: [32m&apos;1/1&apos;[39m }

[aisee-publish:sw:queue] segment result {
  taskId: [32m&apos;now&apos;[39m,
  segment: [32m&apos;1/1&apos;[39m,
  ok: [33mtrue[39m,
  permalink: [32m&apos;p&apos;[39m,
  error: [90mundefined[39m
}
[aisee-publish:sw:queue] task sent (platform ok) { taskId: [32m&apos;now&apos;[39m, permalink: [32m&apos;p&apos;[39m }

[aisee-publish:sw:queue] after backfill { taskId: [32m&apos;now&apos;[39m, status: [32m&apos;published&apos;[39m, backfillError: [90mundefined[39m }

[aisee-publish:sw:queue] drain idle — no due task { queuedWaiting: [33m1[39m }

            </system-out>
        </testcase>
        <testcase classname="apps/extension/src/utils/post-publish/__tests__/queue-schedule.spec.ts" name="publish queue scheduling + persistence &gt; backfills the DB (taskId, permalink, postId) after a task publishes, and skips it on failure" time="0.000993459">
            <system-out>
[aisee-publish:sw:queue] drain → publishing { taskId: [32m&apos;ok&apos;[39m, platform: [32m&apos;reddit&apos;[39m, segments: [33m1[39m }
[aisee-publish:sw:queue] publishing segment { taskId: [32m&apos;ok&apos;[39m, segment: [32m&apos;1/1&apos;[39m }

[aisee-publish:sw:queue] segment result {
  taskId: [32m&apos;ok&apos;[39m,
  segment: [32m&apos;1/1&apos;[39m,
  ok: [33mtrue[39m,
  permalink: [32m&apos;https://x.com/p/1&apos;[39m,
  error: [90mundefined[39m
}
[aisee-publish:sw:queue] task sent (platform ok) { taskId: [32m&apos;ok&apos;[39m, permalink: [32m&apos;https://x.com/p/1&apos;[39m }

[aisee-publish:sw:queue] after backfill { taskId: [32m&apos;ok&apos;[39m, status: [32m&apos;published&apos;[39m, backfillError: [90mundefined[39m }

[aisee-publish:sw:queue] drain idle — no due task { queuedWaiting: [33m0[39m }

[aisee-publish:sw:queue] drain → publishing { taskId: [32m&apos;bad&apos;[39m, platform: [32m&apos;reddit&apos;[39m, segments: [33m1[39m }
[aisee-publish:sw:queue] publishing segment { taskId: [32m&apos;bad&apos;[39m, segment: [32m&apos;1/1&apos;[39m }

[aisee-publish:sw:queue] segment result {
  taskId: [32m&apos;bad&apos;[39m,
  segment: [32m&apos;1/1&apos;[39m,
  ok: [33mfalse[39m,
  permalink: [90mundefined[39m,
  error: [32m&apos;boom&apos;[39m
}
[aisee-publish:sw:queue] task error (platform send failed) { taskId: [32m&apos;bad&apos;[39m, segmentsPublished: [33m0[39m, error: [32m&apos;boom&apos;[39m }

[aisee-publish:sw:queue] drain idle — no due task { queuedWaiting: [33m0[39m }

[aisee-publish:sw:queue] failure report failed (post stays QUEUE in DB) {
  taskId: [32m&apos;bad&apos;[39m,
  error: [32m&quot;Cannot read properties of undefined (reading &apos;get&apos;)&quot;[39m
}

            </system-out>
        </testcase>
        <testcase classname="apps/extension/src/utils/post-publish/__tests__/queue-schedule.spec.ts" name="publish queue scheduling + persistence &gt; stays SENT (not error) when the DB backfill fails, then Sync recovers it to PUBLISHED" time="0.000537167">
            <system-out>
[aisee-publish:sw:queue] drain → publishing { taskId: [32m&apos;live&apos;[39m, platform: [32m&apos;reddit&apos;[39m, segments: [33m1[39m }
[aisee-publish:sw:queue] publishing segment { taskId: [32m&apos;live&apos;[39m, segment: [32m&apos;1/1&apos;[39m }

[aisee-publish:sw:queue] segment result {
  taskId: [32m&apos;live&apos;[39m,
  segment: [32m&apos;1/1&apos;[39m,
  ok: [33mtrue[39m,
  permalink: [32m&apos;p&apos;[39m,
  error: [90mundefined[39m
}
[aisee-publish:sw:queue] task sent (platform ok) { taskId: [32m&apos;live&apos;[39m, permalink: [32m&apos;p&apos;[39m }

[aisee-publish:sw:queue] after backfill { taskId: [32m&apos;live&apos;[39m, status: [32m&apos;sent&apos;[39m, backfillError: [32m&apos;network down&apos;[39m }

[aisee-publish:sw:queue] drain idle — no due task { queuedWaiting: [33m0[39m }

            </system-out>
        </testcase>
        <testcase classname="apps/extension/src/utils/post-publish/__tests__/queue-schedule.spec.ts" name="publish queue scheduling + persistence &gt; Sync is a no-op with a reason for a task that is not sent" time="0.000381084">
            <system-out>
[aisee-publish:sw:queue] drain → publishing { taskId: [32m&apos;done&apos;[39m, platform: [32m&apos;reddit&apos;[39m, segments: [33m1[39m }
[aisee-publish:sw:queue] publishing segment { taskId: [32m&apos;done&apos;[39m, segment: [32m&apos;1/1&apos;[39m }

[aisee-publish:sw:queue] segment result {
  taskId: [32m&apos;done&apos;[39m,
  segment: [32m&apos;1/1&apos;[39m,
  ok: [33mtrue[39m,
  permalink: [32m&apos;p&apos;[39m,
  error: [90mundefined[39m
}
[aisee-publish:sw:queue] task sent (platform ok) { taskId: [32m&apos;done&apos;[39m, permalink: [32m&apos;p&apos;[39m }

[aisee-publish:sw:queue] after backfill { taskId: [32m&apos;done&apos;[39m, status: [32m&apos;published&apos;[39m, backfillError: [90mundefined[39m }

[aisee-publish:sw:queue] drain idle — no due task { queuedWaiting: [33m0[39m }

            </system-out>
        </testcase>
        <testcase classname="apps/extension/src/utils/post-publish/__tests__/queue-schedule.spec.ts" name="publish queue scheduling + persistence &gt; Retry re-queues a failed task and refuses a partially-posted thread" time="0.000924959">
            <system-out>
[aisee-publish:sw:queue] drain → publishing { taskId: [32m&apos;single&apos;[39m, platform: [32m&apos;reddit&apos;[39m, segments: [33m1[39m }
[aisee-publish:sw:queue] publishing segment { taskId: [32m&apos;single&apos;[39m, segment: [32m&apos;1/1&apos;[39m }

[aisee-publish:sw:queue] segment result {
  taskId: [32m&apos;single&apos;[39m,
  segment: [32m&apos;1/1&apos;[39m,
  ok: [33mfalse[39m,
  permalink: [90mundefined[39m,
  error: [32m&apos;boom&apos;[39m
}
[aisee-publish:sw:queue] task error (platform send failed) { taskId: [32m&apos;single&apos;[39m, segmentsPublished: [33m0[39m, error: [32m&apos;boom&apos;[39m }

[aisee-publish:sw:queue] drain idle — no due task { queuedWaiting: [33m0[39m }

[aisee-publish:sw:queue] failure report failed (post stays QUEUE in DB) {
  taskId: [32m&apos;single&apos;[39m,
  error: [32m&quot;Cannot read properties of undefined (reading &apos;get&apos;)&quot;[39m
}
[aisee-publish:sw:queue] drain → publishing { taskId: [32m&apos;single&apos;[39m, platform: [32m&apos;reddit&apos;[39m, segments: [33m1[39m }
[aisee-publish:sw:queue] publishing segment { taskId: [32m&apos;single&apos;[39m, segment: [32m&apos;1/1&apos;[39m }

[aisee-publish:sw:queue] segment result {
  taskId: [32m&apos;single&apos;[39m,
  segment: [32m&apos;1/1&apos;[39m,
  ok: [33mtrue[39m,
  permalink: [32m&apos;p&apos;[39m,
  error: [90mundefined[39m
}
[aisee-publish:sw:queue] task sent (platform ok) { taskId: [32m&apos;single&apos;[39m, permalink: [32m&apos;p&apos;[39m }

[aisee-publish:sw:queue] after backfill { taskId: [32m&apos;single&apos;[39m, status: [32m&apos;published&apos;[39m, backfillError: [90mundefined[39m }

[aisee-publish:sw:queue] drain idle — no due task { queuedWaiting: [33m0[39m }

[aisee-publish:sw:queue] drain → publishing { taskId: [32m&apos;thread&apos;[39m, platform: [32m&apos;reddit&apos;[39m, segments: [33m2[39m }
[aisee-publish:sw:queue] publishing segment { taskId: [32m&apos;thread&apos;[39m, segment: [32m&apos;1/2&apos;[39m }

[aisee-publish:sw:queue] segment result {
  taskId: [32m&apos;thread&apos;[39m,
  segment: [32m&apos;1/2&apos;[39m,
  ok: [33mtrue[39m,
  permalink: [32m&apos;p1&apos;[39m,
  error: [90mundefined[39m
}

[aisee-publish:sw:queue] publishing segment { taskId: [32m&apos;thread&apos;[39m, segment: [32m&apos;2/2&apos;[39m }

[aisee-publish:sw:queue] segment result {
  taskId: [32m&apos;thread&apos;[39m,
  segment: [32m&apos;2/2&apos;[39m,
  ok: [33mfalse[39m,
  permalink: [90mundefined[39m,
  error: [32m&apos;seg2 down&apos;[39m
}
[aisee-publish:sw:queue] task error (platform send failed) { taskId: [32m&apos;thread&apos;[39m, segmentsPublished: [33m1[39m, error: [32m&apos;seg2 down&apos;[39m }

[aisee-publish:sw:queue] drain idle — no due task { queuedWaiting: [33m0[39m }

[aisee-publish:sw:queue] failure report failed (post stays QUEUE in DB) {
  taskId: [32m&apos;thread&apos;[39m,
  error: [32m&quot;Cannot read properties of undefined (reading &apos;get&apos;)&quot;[39m
}

            </system-out>
        </testcase>
        <testcase classname="apps/extension/src/utils/post-publish/__tests__/queue-schedule.spec.ts" name="publish queue scheduling + persistence &gt; Remove drops a settled row but refuses queued/publishing/sent" time="0.000451792">
            <system-out>
[aisee-publish:sw:queue] drain → publishing { taskId: [32m&apos;bad&apos;[39m, platform: [32m&apos;reddit&apos;[39m, segments: [33m1[39m }
[aisee-publish:sw:queue] publishing segment { taskId: [32m&apos;bad&apos;[39m, segment: [32m&apos;1/1&apos;[39m }

[aisee-publish:sw:queue] segment result {
  taskId: [32m&apos;bad&apos;[39m,
  segment: [32m&apos;1/1&apos;[39m,
  ok: [33mfalse[39m,
  permalink: [90mundefined[39m,
  error: [32m&apos;boom&apos;[39m
}
[aisee-publish:sw:queue] task error (platform send failed) { taskId: [32m&apos;bad&apos;[39m, segmentsPublished: [33m0[39m, error: [32m&apos;boom&apos;[39m }

[aisee-publish:sw:queue] drain idle — no due task { queuedWaiting: [33m0[39m }

[aisee-publish:sw:queue] failure report failed (post stays QUEUE in DB) {
  taskId: [32m&apos;bad&apos;[39m,
  error: [32m&quot;Cannot read properties of undefined (reading &apos;get&apos;)&quot;[39m
}
[aisee-publish:sw:queue] drain idle — no due task { queuedWaiting: [33m1[39m }

            </system-out>
        </testcase>
        <testcase classname="apps/extension/src/utils/post-publish/__tests__/queue-schedule.spec.ts" name="publish queue scheduling + persistence &gt; records the real send time (publishedAt) when an overdue task publishes — not its stale scheduled time" time="0.000303292">
            <system-out>
[aisee-publish:sw:queue] drain → publishing { taskId: [32m&apos;overdue&apos;[39m, platform: [32m&apos;reddit&apos;[39m, segments: [33m1[39m }
[aisee-publish:sw:queue] publishing segment { taskId: [32m&apos;overdue&apos;[39m, segment: [32m&apos;1/1&apos;[39m }

[aisee-publish:sw:queue] segment result {
  taskId: [32m&apos;overdue&apos;[39m,
  segment: [32m&apos;1/1&apos;[39m,
  ok: [33mtrue[39m,
  permalink: [32m&apos;p&apos;[39m,
  error: [90mundefined[39m
}
[aisee-publish:sw:queue] task sent (platform ok) { taskId: [32m&apos;overdue&apos;[39m, permalink: [32m&apos;p&apos;[39m }

[aisee-publish:sw:queue] after backfill { taskId: [32m&apos;overdue&apos;[39m, status: [32m&apos;published&apos;[39m, backfillError: [90mundefined[39m }

[aisee-publish:sw:queue] drain idle — no due task { queuedWaiting: [33m0[39m }

            </system-out>
        </testcase>
        <testcase classname="apps/extension/src/utils/post-publish/__tests__/queue-schedule.spec.ts" name="publish queue scheduling + persistence &gt; publishes a scheduled task immediately via publishTaskNow" time="0.000465792">
            <system-out>
[aisee-publish:sw:queue] drain idle — no due task { queuedWaiting: [33m1[39m }

[aisee-publish:sw:queue] drain → publishing { taskId: [32m&apos;later&apos;[39m, platform: [32m&apos;reddit&apos;[39m, segments: [33m1[39m }
[aisee-publish:sw:queue] publishing segment { taskId: [32m&apos;later&apos;[39m, segment: [32m&apos;1/1&apos;[39m }

[aisee-publish:sw:queue] segment result {
  taskId: [32m&apos;later&apos;[39m,
  segment: [32m&apos;1/1&apos;[39m,
  ok: [33mtrue[39m,
  permalink: [32m&apos;p&apos;[39m,
  error: [90mundefined[39m
}
[aisee-publish:sw:queue] task sent (platform ok) { taskId: [32m&apos;later&apos;[39m, permalink: [32m&apos;p&apos;[39m }

[aisee-publish:sw:queue] after backfill { taskId: [32m&apos;later&apos;[39m, status: [32m&apos;published&apos;[39m, backfillError: [90mundefined[39m }

[aisee-publish:sw:queue] drain idle — no due task { queuedWaiting: [33m0[39m }

            </system-out>
        </testcase>
        <testcase classname="apps/extension/src/utils/post-publish/__tests__/queue-schedule.spec.ts" name="publish queue scheduling + persistence &gt; publishTaskNow is a no-op with a reason for unknown or settled tasks" time="0.00032475">
            <system-out>
[aisee-publish:sw:queue] drain → publishing { taskId: [32m&apos;done&apos;[39m, platform: [32m&apos;reddit&apos;[39m, segments: [33m1[39m }
[aisee-publish:sw:queue] publishing segment { taskId: [32m&apos;done&apos;[39m, segment: [32m&apos;1/1&apos;[39m }

[aisee-publish:sw:queue] segment result {
  taskId: [32m&apos;done&apos;[39m,
  segment: [32m&apos;1/1&apos;[39m,
  ok: [33mtrue[39m,
  permalink: [32m&apos;p&apos;[39m,
  error: [90mundefined[39m
}
[aisee-publish:sw:queue] task sent (platform ok) { taskId: [32m&apos;done&apos;[39m, permalink: [32m&apos;p&apos;[39m }

[aisee-publish:sw:queue] after backfill { taskId: [32m&apos;done&apos;[39m, status: [32m&apos;published&apos;[39m, backfillError: [90mundefined[39m }

[aisee-publish:sw:queue] drain idle — no due task { queuedWaiting: [33m0[39m }

            </system-out>
        </testcase>
        <testcase classname="apps/extension/src/utils/post-publish/__tests__/queue-schedule.spec.ts" name="publish queue scheduling + persistence &gt; rejects an unparseable publishDate at enqueue" time="0.0001065">
        </testcase>
        <testcase classname="apps/extension/src/utils/post-publish/__tests__/queue-schedule.spec.ts" name="publish queue scheduling + persistence &gt; restores persisted tasks after a worker restart and settles interrupted ones" time="0.002062584">
            <system-out>
[aisee-publish:sw:queue] drain → publishing { taskId: [32m&apos;mid-flight&apos;[39m, platform: [32m&apos;reddit&apos;[39m, segments: [33m1[39m }
[aisee-publish:sw:queue] publishing segment { taskId: [32m&apos;mid-flight&apos;[39m, segment: [32m&apos;1/1&apos;[39m }

[aisee-publish:sw:queue] drain idle — no due task { queuedWaiting: [33m1[39m }

[aisee-publish:sw:queue] segment result {
  taskId: [32m&apos;mid-flight&apos;[39m,
  segment: [32m&apos;1/1&apos;[39m,
  ok: [33mtrue[39m,
  permalink: [32m&apos;p&apos;[39m,
  error: [90mundefined[39m
}
[aisee-publish:sw:queue] task sent (platform ok) { taskId: [32m&apos;mid-flight&apos;[39m, permalink: [32m&apos;p&apos;[39m }

[aisee-publish:sw:queue] after backfill { taskId: [32m&apos;mid-flight&apos;[39m, status: [32m&apos;published&apos;[39m, backfillError: [90mundefined[39m }

[aisee-publish:sw:queue] drain idle — no due task { queuedWaiting: [33m1[39m }

            </system-out>
        </testcase>
        <testcase classname="apps/extension/src/utils/post-publish/__tests__/queue-schedule.spec.ts" name="publish queue scheduling + persistence &gt; merges persisted tasks with entries enqueued while the restore read was in flight" time="0.000752917">
            <system-out>
[aisee-publish:sw:queue] drain → publishing { taskId: [32m&apos;fresh&apos;[39m, platform: [32m&apos;reddit&apos;[39m, segments: [33m1[39m }
[aisee-publish:sw:queue] publishing segment { taskId: [32m&apos;fresh&apos;[39m, segment: [32m&apos;1/1&apos;[39m }

[aisee-publish:sw:queue] segment result {
  taskId: [32m&apos;fresh&apos;[39m,
  segment: [32m&apos;1/1&apos;[39m,
  ok: [33mtrue[39m,
  permalink: [32m&apos;p&apos;[39m,
  error: [90mundefined[39m
}
[aisee-publish:sw:queue] task sent (platform ok) { taskId: [32m&apos;fresh&apos;[39m, permalink: [32m&apos;p&apos;[39m }

[aisee-publish:sw:queue] after backfill { taskId: [32m&apos;fresh&apos;[39m, status: [32m&apos;published&apos;[39m, backfillError: [90mundefined[39m }

[aisee-publish:sw:queue] drain idle — no due task { queuedWaiting: [33m1[39m }

            </system-out>
        </testcase>
        <testcase classname="apps/extension/src/utils/post-publish/__tests__/queue-schedule.spec.ts" name="publish queue scheduling + persistence &gt; rejects images on non-first segments" time="0.000120625">
        </testcase>
        <testcase classname="apps/extension/src/utils/post-publish/__tests__/queue-schedule.spec.ts" name="publish queue scheduling + persistence &gt; accepts an image-only first segment (no text)" time="0.000463708">
            <system-out>
[aisee-publish:sw:queue] drain → publishing { taskId: [32m&apos;img-only&apos;[39m, platform: [32m&apos;reddit&apos;[39m, segments: [33m1[39m }
[aisee-publish:sw:queue] publishing segment { taskId: [32m&apos;img-only&apos;[39m, segment: [32m&apos;1/1&apos;[39m }

[aisee-publish:sw:queue] segment result {
  taskId: [32m&apos;img-only&apos;[39m,
  segment: [32m&apos;1/1&apos;[39m,
  ok: [33mtrue[39m,
  permalink: [32m&apos;p&apos;[39m,
  error: [90mundefined[39m
}
[aisee-publish:sw:queue] task sent (platform ok) { taskId: [32m&apos;img-only&apos;[39m, permalink: [32m&apos;p&apos;[39m }

[aisee-publish:sw:queue] after backfill { taskId: [32m&apos;img-only&apos;[39m, status: [32m&apos;published&apos;[39m, backfillError: [90mundefined[39m }

[aisee-publish:sw:queue] drain idle — no due task { queuedWaiting: [33m0[39m }

            </system-out>
        </testcase>
    </testsuite>
    <testsuite name="apps/extension/src/utils/post-publish/__tests__/queue.spec.ts" timestamp="2026-08-07T06:11:56.097Z" hostname="terceldeMac-mini.local" tests="9" failures="0" errors="0" skipped="0" time="0.060419958">
        <testcase classname="apps/extension/src/utils/post-publish/__tests__/queue.spec.ts" name="publish queue &gt; rejects invalid items at enqueue with per-item reasons" time="0.002769792">
            <system-out>
[aisee-publish:sw:queue] drain → publishing { taskId: [32m&apos;ok-1&apos;[39m, platform: [32m&apos;reddit&apos;[39m, segments: [33m1[39m }
[aisee-publish:sw:queue] publishing segment { taskId: [32m&apos;ok-1&apos;[39m, segment: [32m&apos;1/1&apos;[39m }

[aisee-publish:sw:queue] segment result {
  taskId: [32m&apos;ok-1&apos;[39m,
  segment: [32m&apos;1/1&apos;[39m,
  ok: [33mtrue[39m,
  permalink: [32m&apos;p&apos;[39m,
  error: [90mundefined[39m
}
[aisee-publish:sw:queue] task sent (platform ok) { taskId: [32m&apos;ok-1&apos;[39m, permalink: [32m&apos;p&apos;[39m }

[aisee-publish:sw:queue] after backfill { taskId: [32m&apos;ok-1&apos;[39m, status: [32m&apos;published&apos;[39m, backfillError: [90mundefined[39m }

[aisee-publish:sw:queue] drain → publishing { taskId: [32m&apos;x-1&apos;[39m, platform: [32m&apos;x&apos;[39m, segments: [33m1[39m }
[aisee-publish:sw:queue] publishing segment { taskId: [32m&apos;x-1&apos;[39m, segment: [32m&apos;1/1&apos;[39m }

[aisee-publish:sw:queue] segment result {
  taskId: [32m&apos;x-1&apos;[39m,
  segment: [32m&apos;1/1&apos;[39m,
  ok: [33mtrue[39m,
  permalink: [32m&apos;p&apos;[39m,
  error: [90mundefined[39m
}
[aisee-publish:sw:queue] task sent (platform ok) { taskId: [32m&apos;x-1&apos;[39m, permalink: [32m&apos;p&apos;[39m }

[aisee-publish:sw:queue] after backfill { taskId: [32m&apos;x-1&apos;[39m, status: [32m&apos;published&apos;[39m, backfillError: [90mundefined[39m }

[aisee-publish:sw:queue] drain idle — no due task { queuedWaiting: [33m0[39m }

            </system-out>
        </testcase>
        <testcase classname="apps/extension/src/utils/post-publish/__tests__/queue.spec.ts" name="publish queue &gt; rejects a duplicate taskId while the original is still active" time="0.000514458">
            <system-out>
[aisee-publish:sw:queue] drain → publishing { taskId: [32m&apos;dup&apos;[39m, platform: [32m&apos;reddit&apos;[39m, segments: [33m1[39m }
[aisee-publish:sw:queue] publishing segment { taskId: [32m&apos;dup&apos;[39m, segment: [32m&apos;1/1&apos;[39m }

[aisee-publish:sw:queue] segment result {
  taskId: [32m&apos;dup&apos;[39m,
  segment: [32m&apos;1/1&apos;[39m,
  ok: [33mtrue[39m,
  permalink: [32m&apos;p&apos;[39m,
  error: [90mundefined[39m
}
[aisee-publish:sw:queue] task sent (platform ok) { taskId: [32m&apos;dup&apos;[39m, permalink: [32m&apos;p&apos;[39m }

[aisee-publish:sw:queue] after backfill { taskId: [32m&apos;dup&apos;[39m, status: [32m&apos;published&apos;[39m, backfillError: [90mundefined[39m }

[aisee-publish:sw:queue] drain idle — no due task { queuedWaiting: [33m0[39m }

            </system-out>
        </testcase>
        <testcase classname="apps/extension/src/utils/post-publish/__tests__/queue.spec.ts" name="publish queue &gt; rejects a re-enqueue of a taskId that already settled to error — no duplicate rows" time="0.00101275">
            <system-out>
[aisee-publish:sw:queue] drain → publishing { taskId: [32m&apos;dup-error&apos;[39m, platform: [32m&apos;reddit&apos;[39m, segments: [33m1[39m }
[aisee-publish:sw:queue] publishing segment { taskId: [32m&apos;dup-error&apos;[39m, segment: [32m&apos;1/1&apos;[39m }

[aisee-publish:sw:queue] segment result {
  taskId: [32m&apos;dup-error&apos;[39m,
  segment: [32m&apos;1/1&apos;[39m,
  ok: [33mfalse[39m,
  permalink: [90mundefined[39m,
  error: [32m&apos;boom&apos;[39m
}
[aisee-publish:sw:queue] task error (platform send failed) { taskId: [32m&apos;dup-error&apos;[39m, segmentsPublished: [33m0[39m, error: [32m&apos;boom&apos;[39m }

[aisee-publish:sw:queue] drain idle — no due task { queuedWaiting: [33m0[39m }

[aisee-publish:sw:queue] failure report failed (post stays QUEUE in DB) {
  taskId: [32m&apos;dup-error&apos;[39m,
  error: [32m&quot;Cannot read properties of undefined (reading &apos;session&apos;)&quot;[39m
}

            </system-out>
        </testcase>
        <testcase classname="apps/extension/src/utils/post-publish/__tests__/queue.spec.ts" name="publish queue &gt; publishes a thread as a chain and reports segment progress" time="0.000913875">
            <system-out>
[aisee-publish:sw:queue] drain → publishing { taskId: [32m&apos;thread-1&apos;[39m, platform: [32m&apos;reddit&apos;[39m, segments: [33m3[39m }
[aisee-publish:sw:queue] publishing segment { taskId: [32m&apos;thread-1&apos;[39m, segment: [32m&apos;1/3&apos;[39m }

[aisee-publish:sw:queue] segment result {
  taskId: [32m&apos;thread-1&apos;[39m,
  segment: [32m&apos;1/3&apos;[39m,
  ok: [33mtrue[39m,
  permalink: [32m&apos;link-0&apos;[39m,
  error: [90mundefined[39m
}

[aisee-publish:sw:queue] publishing segment { taskId: [32m&apos;thread-1&apos;[39m, segment: [32m&apos;2/3&apos;[39m }

[aisee-publish:sw:queue] segment result {
  taskId: [32m&apos;thread-1&apos;[39m,
  segment: [32m&apos;2/3&apos;[39m,
  ok: [33mtrue[39m,
  permalink: [32m&apos;link-1&apos;[39m,
  error: [90mundefined[39m
}

[aisee-publish:sw:queue] publishing segment { taskId: [32m&apos;thread-1&apos;[39m, segment: [32m&apos;3/3&apos;[39m }

[aisee-publish:sw:queue] segment result {
  taskId: [32m&apos;thread-1&apos;[39m,
  segment: [32m&apos;3/3&apos;[39m,
  ok: [33mtrue[39m,
  permalink: [32m&apos;link-2&apos;[39m,
  error: [90mundefined[39m
}
[aisee-publish:sw:queue] task sent (platform ok) { taskId: [32m&apos;thread-1&apos;[39m, permalink: [32m&apos;link-0&apos;[39m }

[aisee-publish:sw:queue] after backfill { taskId: [32m&apos;thread-1&apos;[39m, status: [32m&apos;published&apos;[39m, backfillError: [90mundefined[39m }

[aisee-publish:sw:queue] drain idle — no due task { queuedWaiting: [33m0[39m }

            </system-out>
        </testcase>
        <testcase classname="apps/extension/src/utils/post-publish/__tests__/queue.spec.ts" name="publish queue &gt; stops a thread on the first failing segment and records the error" time="0.000450291">
            <system-out>
[aisee-publish:sw:queue] drain → publishing { taskId: [32m&apos;t&apos;[39m, platform: [32m&apos;reddit&apos;[39m, segments: [33m3[39m }
[aisee-publish:sw:queue] publishing segment { taskId: [32m&apos;t&apos;[39m, segment: [32m&apos;1/3&apos;[39m }

[aisee-publish:sw:queue] segment result {
  taskId: [32m&apos;t&apos;[39m,
  segment: [32m&apos;1/3&apos;[39m,
  ok: [33mtrue[39m,
  permalink: [32m&apos;link-0&apos;[39m,
  error: [90mundefined[39m
}

[aisee-publish:sw:queue] publishing segment { taskId: [32m&apos;t&apos;[39m, segment: [32m&apos;2/3&apos;[39m }

[aisee-publish:sw:queue] segment result {
  taskId: [32m&apos;t&apos;[39m,
  segment: [32m&apos;2/3&apos;[39m,
  ok: [33mfalse[39m,
  permalink: [90mundefined[39m,
  error: [32m&apos;THREAD_BROKE&apos;[39m
}
[aisee-publish:sw:queue] task error (platform send failed) { taskId: [32m&apos;t&apos;[39m, segmentsPublished: [33m1[39m, error: [32m&apos;THREAD_BROKE&apos;[39m }

[aisee-publish:sw:queue] drain idle — no due task { queuedWaiting: [33m0[39m }

[aisee-publish:sw:queue] failure report failed (post stays QUEUE in DB) {
  taskId: [32m&apos;t&apos;[39m,
  error: [32m&quot;Cannot read properties of undefined (reading &apos;session&apos;)&quot;[39m
}

            </system-out>
        </testcase>
        <testcase classname="apps/extension/src/utils/post-publish/__tests__/queue.spec.ts" name="publish queue &gt; cancels only queued tasks; publishing and settled ones are reported" time="0.000543875">
            <system-out>
[aisee-publish:sw:queue] drain → publishing { taskId: [32m&apos;running&apos;[39m, platform: [32m&apos;reddit&apos;[39m, segments: [33m1[39m }
[aisee-publish:sw:queue] publishing segment { taskId: [32m&apos;running&apos;[39m, segment: [32m&apos;1/1&apos;[39m }

[aisee-publish:sw:queue] segment result {
  taskId: [32m&apos;running&apos;[39m,
  segment: [32m&apos;1/1&apos;[39m,
  ok: [33mtrue[39m,
  permalink: [32m&apos;p&apos;[39m,
  error: [90mundefined[39m
}
[aisee-publish:sw:queue] task sent (platform ok) { taskId: [32m&apos;running&apos;[39m, permalink: [32m&apos;p&apos;[39m }

[aisee-publish:sw:queue] after backfill { taskId: [32m&apos;running&apos;[39m, status: [32m&apos;published&apos;[39m, backfillError: [90mundefined[39m }

[aisee-publish:sw:queue] drain idle — no due task { queuedWaiting: [33m0[39m }

            </system-out>
        </testcase>
        <testcase classname="apps/extension/src/utils/post-publish/__tests__/queue.spec.ts" name="publish queue &gt; pauses between thread segments per the item gap range, never after the last" time="0.000473667">
            <system-out>
[aisee-publish:sw:queue] drain → publishing { taskId: [32m&apos;gapped&apos;[39m, platform: [32m&apos;reddit&apos;[39m, segments: [33m3[39m }
[aisee-publish:sw:queue] publishing segment { taskId: [32m&apos;gapped&apos;[39m, segment: [32m&apos;1/3&apos;[39m }

[aisee-publish:sw:queue] segment result {
  taskId: [32m&apos;gapped&apos;[39m,
  segment: [32m&apos;1/3&apos;[39m,
  ok: [33mtrue[39m,
  permalink: [32m&apos;link-0&apos;[39m,
  error: [90mundefined[39m
}

[aisee-publish:sw:queue] publishing segment { taskId: [32m&apos;gapped&apos;[39m, segment: [32m&apos;2/3&apos;[39m }

[aisee-publish:sw:queue] segment result {
  taskId: [32m&apos;gapped&apos;[39m,
  segment: [32m&apos;2/3&apos;[39m,
  ok: [33mtrue[39m,
  permalink: [32m&apos;link-1&apos;[39m,
  error: [90mundefined[39m
}

[aisee-publish:sw:queue] publishing segment { taskId: [32m&apos;gapped&apos;[39m, segment: [32m&apos;3/3&apos;[39m }

[aisee-publish:sw:queue] segment result {
  taskId: [32m&apos;gapped&apos;[39m,
  segment: [32m&apos;3/3&apos;[39m,
  ok: [33mtrue[39m,
  permalink: [32m&apos;link-2&apos;[39m,
  error: [90mundefined[39m
}
[aisee-publish:sw:queue] task sent (platform ok) { taskId: [32m&apos;gapped&apos;[39m, permalink: [32m&apos;link-0&apos;[39m }

[aisee-publish:sw:queue] after backfill { taskId: [32m&apos;gapped&apos;[39m, status: [32m&apos;published&apos;[39m, backfillError: [90mundefined[39m }

[aisee-publish:sw:queue] drain idle — no due task { queuedWaiting: [33m0[39m }

            </system-out>
        </testcase>
        <testcase classname="apps/extension/src/utils/post-publish/__tests__/queue.spec.ts" name="publish queue &gt; rejects a malformed segmentGapSeconds range" time="0.00010425">
        </testcase>
        <testcase classname="apps/extension/src/utils/post-publish/__tests__/queue.spec.ts" name="publish queue &gt; drains serially: the second post starts only after the first settles" time="0.052957666">
            <system-out>
[aisee-publish:sw:queue] drain → publishing { taskId: [32m&apos;one&apos;[39m, platform: [32m&apos;reddit&apos;[39m, segments: [33m1[39m }
[aisee-publish:sw:queue] publishing segment { taskId: [32m&apos;one&apos;[39m, segment: [32m&apos;1/1&apos;[39m }

[aisee-publish:sw:queue] segment result {
  taskId: [32m&apos;one&apos;[39m,
  segment: [32m&apos;1/1&apos;[39m,
  ok: [33mtrue[39m,
  permalink: [32m&apos;p&apos;[39m,
  error: [90mundefined[39m
}
[aisee-publish:sw:queue] task sent (platform ok) { taskId: [32m&apos;one&apos;[39m, permalink: [32m&apos;p&apos;[39m }

[aisee-publish:sw:queue] after backfill { taskId: [32m&apos;one&apos;[39m, status: [32m&apos;published&apos;[39m, backfillError: [90mundefined[39m }

[aisee-publish:sw:queue] drain → publishing { taskId: [32m&apos;two&apos;[39m, platform: [32m&apos;reddit&apos;[39m, segments: [33m1[39m }
[aisee-publish:sw:queue] publishing segment { taskId: [32m&apos;two&apos;[39m, segment: [32m&apos;1/1&apos;[39m }

[aisee-publish:sw:queue] segment result {
  taskId: [32m&apos;two&apos;[39m,
  segment: [32m&apos;1/1&apos;[39m,
  ok: [33mtrue[39m,
  permalink: [32m&apos;p&apos;[39m,
  error: [90mundefined[39m
}
[aisee-publish:sw:queue] task sent (platform ok) { taskId: [32m&apos;two&apos;[39m, permalink: [32m&apos;p&apos;[39m }

[aisee-publish:sw:queue] after backfill { taskId: [32m&apos;two&apos;[39m, status: [32m&apos;published&apos;[39m, backfillError: [90mundefined[39m }

[aisee-publish:sw:queue] drain idle — no due task { queuedWaiting: [33m0[39m }

            </system-out>
        </testcase>
    </testsuite>
    <testsuite name="apps/frontend/src/components/engage/scan-automation/request-engage-scan.spec.ts" timestamp="2026-08-07T06:11:56.098Z" hostname="terceldeMac-mini.local" tests="1" failures="0" errors="0" skipped="0" time="0.002535583">
        <testcase classname="apps/frontend/src/components/engage/scan-automation/request-engage-scan.spec.ts" name="requestEngageScan &gt; resolves only the matching extension response" time="0.001970375">
        </testcase>
    </testsuite>
    <testsuite name="apps/frontend/src/components/engage/scan-automation/scan-automation.model.spec.ts" timestamp="2026-08-07T06:11:56.098Z" hostname="terceldeMac-mini.local" tests="3" failures="0" errors="0" skipped="0" time="0.001910416">
        <testcase classname="apps/frontend/src/components/engage/scan-automation/scan-automation.model.spec.ts" name="buildScanUnitRows &gt; maps keyword cursors and marks overdue units" time="0.001040375">
        </testcase>
        <testcase classname="apps/frontend/src/components/engage/scan-automation/scan-automation.model.spec.ts" name="buildScanUnitRows &gt; prefers the real scanCursor over the legacy field for channels and tracked accounts" time="0.000124375">
        </testcase>
        <testcase classname="apps/frontend/src/components/engage/scan-automation/scan-automation.model.spec.ts" name="buildScanUnitRows &gt; marks a never-scanned unit (cursor present, lastScannedAt null) as due" time="0.0000795">
        </testcase>
    </testsuite>
    <testsuite name="apps/frontend/src/components/engage/signal-feed/use-engage-visit-refresh.spec.ts" timestamp="2026-08-07T06:11:56.098Z" hostname="terceldeMac-mini.local" tests="2" failures="0" errors="0" skipped="0" time="0.001743">
        <testcase classname="apps/frontend/src/components/engage/signal-feed/use-engage-visit-refresh.spec.ts" name="invalidateEngageRefresh &gt; clears only the given org when an id is passed" time="0.000966166">
        </testcase>
        <testcase classname="apps/frontend/src/components/engage/signal-feed/use-engage-visit-refresh.spec.ts" name="invalidateEngageRefresh &gt; clears all engage gate keys (but nothing else) when no id is passed" time="0.000236541">
        </testcase>
    </testsuite>
    <testsuite name="apps/frontend/src/components/engage/signal-feed/use-reply-posting.spec.ts" timestamp="2026-08-07T06:11:56.098Z" hostname="terceldeMac-mini.local" tests="6" failures="0" errors="0" skipped="0" time="0.023000792">
        <testcase classname="apps/frontend/src/components/engage/signal-feed/use-reply-posting.spec.ts" name="useReplyPosting &gt; enters &quot;posting&quot; on begin() and stays there until a signal arrives" time="0.008656666">
        </testcase>
        <testcase classname="apps/frontend/src/components/engage/signal-feed/use-reply-posting.spec.ts" name="useReplyPosting &gt; resolves SUCCESS once polling sees a backfilled replyUrl" time="0.006185625">
        </testcase>
        <testcase classname="apps/frontend/src/components/engage/signal-feed/use-reply-posting.spec.ts" name="useReplyPosting &gt; settles to PROCESSING on the 20s timeout — never &quot;failed&quot;" time="0.00363375">
        </testcase>
        <testcase classname="apps/frontend/src/components/engage/signal-feed/use-reply-posting.spec.ts" name="useReplyPosting &gt; resolves SUCCESS immediately via the extension result message (fast path)" time="0.002050416">
        </testcase>
        <testcase classname="apps/frontend/src/components/engage/signal-feed/use-reply-posting.spec.ts" name="useReplyPosting &gt; resolves FAILED when the extension explicitly reports an error" time="0.000926667">
        </testcase>
        <testcase classname="apps/frontend/src/components/engage/signal-feed/use-reply-posting.spec.ts" name="useReplyPosting &gt; ignores result messages for a different opportunity" time="0.000817333">
        </testcase>
    </testsuite>
    <testsuite name="libraries/nestjs-libraries/src/chat/tools/__tests__/integration.schedule.post.spec.ts" timestamp="2026-08-07T06:11:56.098Z" hostname="terceldeMac-mini.local" tests="16" failures="0" errors="0" skipped="0" time="0.010581875">
        <testcase classname="libraries/nestjs-libraries/src/chat/tools/__tests__/integration.schedule.post.spec.ts" name="IntegrationSchedulePostTool &gt; A: Direct Schedule Requests &gt; A1: schedule — explicit future time on LinkedIn" time="0.005347208">
        </testcase>
        <testcase classname="libraries/nestjs-libraries/src/chat/tools/__tests__/integration.schedule.post.spec.ts" name="IntegrationSchedulePostTool &gt; A: Direct Schedule Requests &gt; A2: post now — immediate publish on X" time="0.000401458">
        </testcase>
        <testcase classname="libraries/nestjs-libraries/src/chat/tools/__tests__/integration.schedule.post.spec.ts" name="IntegrationSchedulePostTool &gt; A: Direct Schedule Requests &gt; A3: draft — save without publishing" time="0.000226583">
        </testcase>
        <testcase classname="libraries/nestjs-libraries/src/chat/tools/__tests__/integration.schedule.post.spec.ts" name="IntegrationSchedulePostTool &gt; C: Multi-Channel / Multi-Post &gt; C1: same content to LinkedIn + X simultaneously" time="0.000572583">
        </testcase>
        <testcase classname="libraries/nestjs-libraries/src/chat/tools/__tests__/integration.schedule.post.spec.ts" name="IntegrationSchedulePostTool &gt; C: Multi-Channel / Multi-Post &gt; C2: X thread — 3 posts in postsAndComments array" time="0.000266">
        </testcase>
        <testcase classname="libraries/nestjs-libraries/src/chat/tools/__tests__/integration.schedule.post.spec.ts" name="IntegrationSchedulePostTool &gt; C: Multi-Channel / Multi-Post &gt; C3: batch schedule — 5 posts across weekdays" time="0.000497958">
        </testcase>
        <testcase classname="libraries/nestjs-libraries/src/chat/tools/__tests__/integration.schedule.post.spec.ts" name="IntegrationSchedulePostTool &gt; D: With Attachments &gt; D1: schedule with image attachment" time="0.000256166">
        </testcase>
        <testcase classname="libraries/nestjs-libraries/src/chat/tools/__tests__/integration.schedule.post.spec.ts" name="IntegrationSchedulePostTool &gt; D: With Attachments &gt; D2: post with user-provided image — no generation" time="0.00020225">
        </testcase>
        <testcase classname="libraries/nestjs-libraries/src/chat/tools/__tests__/integration.schedule.post.spec.ts" name="IntegrationSchedulePostTool &gt; E: Edge Cases &gt; E1: integration not found — returns error" time="0.000277042">
        </testcase>
        <testcase classname="libraries/nestjs-libraries/src/chat/tools/__tests__/integration.schedule.post.spec.ts" name="IntegrationSchedulePostTool &gt; E: Edge Cases &gt; E2: empty socialPost array — no createPost calls" time="0.000169917">
        </testcase>
        <testcase classname="libraries/nestjs-libraries/src/chat/tools/__tests__/integration.schedule.post.spec.ts" name="IntegrationSchedulePostTool &gt; E: Edge Cases &gt; E3: multiple attachments on a single post" time="0.000231625">
        </testcase>
        <testcase classname="libraries/nestjs-libraries/src/chat/tools/__tests__/integration.schedule.post.spec.ts" name="IntegrationSchedulePostTool &gt; E: Edge Cases &gt; E4: post with settings (key-value pairs)" time="0.000315625">
        </testcase>
        <testcase classname="libraries/nestjs-libraries/src/chat/tools/__tests__/integration.schedule.post.spec.ts" name="IntegrationSchedulePostTool &gt; E: Edge Cases &gt; E5: shortLink flag is passed through" time="0.000193625">
        </testcase>
        <testcase classname="libraries/nestjs-libraries/src/chat/tools/__tests__/integration.schedule.post.spec.ts" name="IntegrationSchedulePostTool &gt; F: Real-World Discussion Topics &gt; F1: tech opinion — AI and programming (LinkedIn + X)" time="0.000266583">
        </testcase>
        <testcase classname="libraries/nestjs-libraries/src/chat/tools/__tests__/integration.schedule.post.spec.ts" name="IntegrationSchedulePostTool &gt; F: Real-World Discussion Topics &gt; F2: product launch announcement with image" time="0.000212917">
        </testcase>
        <testcase classname="libraries/nestjs-libraries/src/chat/tools/__tests__/integration.schedule.post.spec.ts" name="IntegrationSchedulePostTool &gt; F: Real-World Discussion Topics &gt; F3: quick tweet — minimal input" time="0.000189875">
        </testcase>
    </testsuite>
    <testsuite name="libraries/nestjs-libraries/src/chat/tools/__tests__/resolve-integration.spec.ts" timestamp="2026-08-07T06:11:56.099Z" hostname="terceldeMac-mini.local" tests="29" failures="0" errors="0" skipped="0" time="0.003602458">
        <testcase classname="libraries/nestjs-libraries/src/chat/tools/__tests__/resolve-integration.spec.ts" name="resolveIntegrationIds &gt; Rule 4 — no channels selected &gt; returns error when selectedIntegrations is empty" time="0.000697792">
        </testcase>
        <testcase classname="libraries/nestjs-libraries/src/chat/tools/__tests__/resolve-integration.spec.ts" name="resolveIntegrationIds &gt; Rule 4 — no channels selected &gt; returns error when selectedIntegrations is null/undefined" time="0.000059917">
        </testcase>
        <testcase classname="libraries/nestjs-libraries/src/chat/tools/__tests__/resolve-integration.spec.ts" name="resolveIntegrationIds &gt; Rule 4 — no channels selected &gt; returns error even when LLM provides an integrationId" time="0.000088958">
        </testcase>
        <testcase classname="libraries/nestjs-libraries/src/chat/tools/__tests__/resolve-integration.spec.ts" name="resolveIntegrationIds &gt; Rule 1a — single channel, auto-resolve &gt; auto-resolves when LLM omits integrationId" time="0.000305375">
        </testcase>
        <testcase classname="libraries/nestjs-libraries/src/chat/tools/__tests__/resolve-integration.spec.ts" name="resolveIntegrationIds &gt; Rule 1a — single channel, auto-resolve &gt; auto-resolves when LLM passes empty string" time="0.000066792">
        </testcase>
        <testcase classname="libraries/nestjs-libraries/src/chat/tools/__tests__/resolve-integration.spec.ts" name="resolveIntegrationIds &gt; Rule 1a — single channel, auto-resolve &gt; auto-resolves when LLM passes whitespace only" time="0.000058542">
        </testcase>
        <testcase classname="libraries/nestjs-libraries/src/chat/tools/__tests__/resolve-integration.spec.ts" name="resolveIntegrationIds &gt; Rule 1a — single channel, auto-resolve &gt; resolves when LLM passes exact ID" time="0.000054209">
        </testcase>
        <testcase classname="libraries/nestjs-libraries/src/chat/tools/__tests__/resolve-integration.spec.ts" name="resolveIntegrationIds &gt; Rule 1a — single channel, auto-resolve &gt; resolves when LLM passes identifier (platform)" time="0.000052375">
        </testcase>
        <testcase classname="libraries/nestjs-libraries/src/chat/tools/__tests__/resolve-integration.spec.ts" name="resolveIntegrationIds &gt; Rule 1a — single channel, auto-resolve &gt; resolves when LLM passes identifier case-insensitive" time="0.00005175">
        </testcase>
        <testcase classname="libraries/nestjs-libraries/src/chat/tools/__tests__/resolve-integration.spec.ts" name="resolveIntegrationIds &gt; Rule 1a — single channel, auto-resolve &gt; resolves when LLM passes name" time="0.00005025">
        </testcase>
        <testcase classname="libraries/nestjs-libraries/src/chat/tools/__tests__/resolve-integration.spec.ts" name="resolveIntegrationIds &gt; Rule 1a — single channel, auto-resolve &gt; resolves when LLM passes name case-insensitive" time="0.000049083">
        </testcase>
        <testcase classname="libraries/nestjs-libraries/src/chat/tools/__tests__/resolve-integration.spec.ts" name="resolveIntegrationIds &gt; Rule 1a — single channel, auto-resolve &gt; resolves when LLM passes providerIdentifier" time="0.000035833">
        </testcase>
        <testcase classname="libraries/nestjs-libraries/src/chat/tools/__tests__/resolve-integration.spec.ts" name="resolveIntegrationIds &gt; Rule 1b — single channel, wrong platform &gt; returns error when LLM specifies non-matching platform" time="0.000119834">
        </testcase>
        <testcase classname="libraries/nestjs-libraries/src/chat/tools/__tests__/resolve-integration.spec.ts" name="resolveIntegrationIds &gt; Rule 1b — single channel, wrong platform &gt; returns error when LLM specifies non-matching ID" time="0.000035041">
        </testcase>
        <testcase classname="libraries/nestjs-libraries/src/chat/tools/__tests__/resolve-integration.spec.ts" name="resolveIntegrationIds &gt; Rule 1b — single channel, wrong platform &gt; error message includes the selected channel info" time="0.000043875">
        </testcase>
        <testcase classname="libraries/nestjs-libraries/src/chat/tools/__tests__/resolve-integration.spec.ts" name="resolveIntegrationIds &gt; Rule 2 — multiple channels, match one &gt; matches by exact ID" time="0.000065167">
        </testcase>
        <testcase classname="libraries/nestjs-libraries/src/chat/tools/__tests__/resolve-integration.spec.ts" name="resolveIntegrationIds &gt; Rule 2 — multiple channels, match one &gt; matches by identifier" time="0.000050375">
        </testcase>
        <testcase classname="libraries/nestjs-libraries/src/chat/tools/__tests__/resolve-integration.spec.ts" name="resolveIntegrationIds &gt; Rule 2 — multiple channels, match one &gt; matches by name case-insensitive" time="0.00004675">
        </testcase>
        <testcase classname="libraries/nestjs-libraries/src/chat/tools/__tests__/resolve-integration.spec.ts" name="resolveIntegrationIds &gt; Rule 2 — multiple channels, match one &gt; matches by identifier &quot;x&quot; even with multiple channels" time="0.000046792">
        </testcase>
        <testcase classname="libraries/nestjs-libraries/src/chat/tools/__tests__/resolve-integration.spec.ts" name="resolveIntegrationIds &gt; Rule 3 — multiple channels, send to all &gt; returns all IDs when LLM omits integrationId" time="0.000056875">
        </testcase>
        <testcase classname="libraries/nestjs-libraries/src/chat/tools/__tests__/resolve-integration.spec.ts" name="resolveIntegrationIds &gt; Rule 3 — multiple channels, send to all &gt; returns all IDs when LLM passes empty string" time="0.000389042">
        </testcase>
        <testcase classname="libraries/nestjs-libraries/src/chat/tools/__tests__/resolve-integration.spec.ts" name="resolveIntegrationIds &gt; Rule 3 — multiple channels, send to all &gt; returns all 3 IDs with 3 channels" time="0.000080417">
        </testcase>
        <testcase classname="libraries/nestjs-libraries/src/chat/tools/__tests__/resolve-integration.spec.ts" name="resolveIntegrationIds &gt; Rule 5 — multiple channels, wrong platform &gt; returns error when LLM specifies non-matching platform" time="0.000066625">
        </testcase>
        <testcase classname="libraries/nestjs-libraries/src/chat/tools/__tests__/resolve-integration.spec.ts" name="resolveIntegrationIds &gt; Rule 5 — multiple channels, wrong platform &gt; returns error when LLM specifies non-matching ID" time="0.000036416">
        </testcase>
        <testcase classname="libraries/nestjs-libraries/src/chat/tools/__tests__/resolve-integration.spec.ts" name="resolveIntegrationIds &gt; Rule 5 — multiple channels, wrong platform &gt; error message lists available channels" time="0.000056167">
        </testcase>
        <testcase classname="libraries/nestjs-libraries/src/chat/tools/__tests__/resolve-integration.spec.ts" name="resolveIntegrationIds &gt; Edge cases &gt; handles integration with only id field (no name/identifier)" time="0.000060417">
        </testcase>
        <testcase classname="libraries/nestjs-libraries/src/chat/tools/__tests__/resolve-integration.spec.ts" name="resolveIntegrationIds &gt; Edge cases &gt; handles integration with platform field (from message context)" time="0.0000545">
        </testcase>
        <testcase classname="libraries/nestjs-libraries/src/chat/tools/__tests__/resolve-integration.spec.ts" name="resolveIntegrationIds &gt; Edge cases &gt; exact ID match takes priority over name match in same entry" time="0.000051458">
        </testcase>
        <testcase classname="libraries/nestjs-libraries/src/chat/tools/__tests__/resolve-integration.spec.ts" name="resolveIntegrationIds &gt; Edge cases &gt; find returns first match when multiple could match by different fields" time="0.000099959">
        </testcase>
    </testsuite>
    <testsuite name="libraries/nestjs-libraries/src/dtos/admin/__tests__/admin-posts-query.dto.spec.ts" timestamp="2026-08-07T06:11:56.100Z" hostname="terceldeMac-mini.local" tests="5" failures="0" errors="0" skipped="0" time="0.007487125">
        <testcase classname="libraries/nestjs-libraries/src/dtos/admin/__tests__/admin-posts-query.dto.spec.ts" name="AdminPostsQueryDto &gt; accepts platform as an alias filter with the same channel vocabulary" time="0.005495709">
        </testcase>
        <testcase classname="libraries/nestjs-libraries/src/dtos/admin/__tests__/admin-posts-query.dto.spec.ts" name="AdminPostsQueryDto &gt; rejects unknown platform values" time="0.000583209">
        </testcase>
        <testcase classname="libraries/nestjs-libraries/src/dtos/admin/__tests__/admin-posts-query.dto.spec.ts" name="AdminPostsQueryDto &gt; normalizes publishMethod to the uppercase Prisma enum values" time="0.000194584">
        </testcase>
        <testcase classname="libraries/nestjs-libraries/src/dtos/admin/__tests__/admin-posts-query.dto.spec.ts" name="AdminPostsQueryDto &gt; accepts a single uppercase publishMethod value" time="0.000122958">
        </testcase>
        <testcase classname="libraries/nestjs-libraries/src/dtos/admin/__tests__/admin-posts-query.dto.spec.ts" name="AdminPostsQueryDto &gt; rejects publishMethod values outside the enum" time="0.000109">
        </testcase>
    </testsuite>
    <testsuite name="libraries/nestjs-libraries/src/database/prisma/ai-pricing/aisee-credit.resolve-channel.spec.ts" timestamp="2026-08-07T06:11:56.101Z" hostname="terceldeMac-mini.local" tests="4" failures="0" errors="0" skipped="0" time="0.001333125">
        <testcase classname="libraries/nestjs-libraries/src/database/prisma/ai-pricing/aisee-credit.resolve-channel.spec.ts" name="AiseeCreditService.resolveChannel &gt; tags engage_reply as engage" time="0.000624875">
        </testcase>
        <testcase classname="libraries/nestjs-libraries/src/database/prisma/ai-pricing/aisee-credit.resolve-channel.spec.ts" name="AiseeCreditService.resolveChannel &gt; tags post_overage on an engage post as engage" time="0.000065666">
        </testcase>
        <testcase classname="libraries/nestjs-libraries/src/database/prisma/ai-pricing/aisee-credit.resolve-channel.spec.ts" name="AiseeCreditService.resolveChannel &gt; tags post_overage on calendar/chat as postiz" time="0.000058459">
        </testcase>
        <testcase classname="libraries/nestjs-libraries/src/database/prisma/ai-pricing/aisee-credit.resolve-channel.spec.ts" name="AiseeCreditService.resolveChannel &gt; tags post business types as postiz" time="0.000070375">
        </testcase>
    </testsuite>
    <testsuite name="libraries/nestjs-libraries/src/database/prisma/ai-pricing/aisee.client.getProduct.spec.ts" timestamp="2026-08-07T06:11:56.101Z" hostname="terceldeMac-mini.local" tests="3" failures="0" errors="0" skipped="0" time="0.003608375">
        <testcase classname="libraries/nestjs-libraries/src/database/prisma/ai-pricing/aisee.client.getProduct.spec.ts" name="AiseeClient.getProduct field mapping &gt; maps is_active: true -&gt; isActive: true" time="0.0023545">
        </testcase>
        <testcase classname="libraries/nestjs-libraries/src/database/prisma/ai-pricing/aisee.client.getProduct.spec.ts" name="AiseeClient.getProduct field mapping &gt; maps is_active: false -&gt; isActive: false" time="0.000256834">
        </testcase>
        <testcase classname="libraries/nestjs-libraries/src/database/prisma/ai-pricing/aisee.client.getProduct.spec.ts" name="AiseeClient.getProduct field mapping &gt; defaults to active when aisee-core omits is_active (older core)" time="0.000128375">
        </testcase>
    </testsuite>
    <testsuite name="libraries/nestjs-libraries/src/database/prisma/ai-pricing/aisee.client.getTaskDetail.spec.ts" timestamp="2026-08-07T06:11:56.101Z" hostname="terceldeMac-mini.local" tests="2" failures="0" errors="0" skipped="0" time="0.003872834">
        <testcase classname="libraries/nestjs-libraries/src/database/prisma/ai-pricing/aisee.client.getTaskDetail.spec.ts" name="AiseeClient.getTaskDetail field mapping &gt; maps version_name -&gt; version when version/task_version are absent" time="0.0023835">
        </testcase>
        <testcase classname="libraries/nestjs-libraries/src/database/prisma/ai-pricing/aisee.client.getTaskDetail.spec.ts" name="AiseeClient.getTaskDetail field mapping &gt; prefers an explicit version over version_name" time="0.000243625">
        </testcase>
    </testsuite>
    <testsuite name="libraries/nestjs-libraries/src/dtos/engage/__tests__/scan-ingest.dto.spec.ts" timestamp="2026-08-07T06:11:56.101Z" hostname="terceldeMac-mini.local" tests="5" failures="0" errors="0" skipped="0" time="0.004753042">
        <testcase classname="libraries/nestjs-libraries/src/dtos/engage/__tests__/scan-ingest.dto.spec.ts" name="EngageScanIngestDto &gt; accepts a minimal valid payload" time="0.002658542">
        </testcase>
        <testcase classname="libraries/nestjs-libraries/src/dtos/engage/__tests__/scan-ingest.dto.spec.ts" name="EngageScanIngestDto &gt; requires taskId and the post identity/content fields" time="0.0007355">
        </testcase>
        <testcase classname="libraries/nestjs-libraries/src/dtos/engage/__tests__/scan-ingest.dto.spec.ts" name="EngageScanIngestDto &gt; rejects a non-ISO publish date" time="0.000361167">
        </testcase>
        <testcase classname="libraries/nestjs-libraries/src/dtos/engage/__tests__/scan-ingest.dto.spec.ts" name="EngageScanIngestDto &gt; rejects negative non-score metrics (Min 0)" time="0.00021525">
        </testcase>
        <testcase classname="libraries/nestjs-libraries/src/dtos/engage/__tests__/scan-ingest.dto.spec.ts" name="EngageScanIngestDto &gt; validates the optional nextCursor" time="0.000226791">
        </testcase>
    </testsuite>
    <testsuite name="libraries/nestjs-libraries/src/dtos/posts/__tests__/metrics-ingest.dto.spec.ts" timestamp="2026-08-07T06:11:56.101Z" hostname="terceldeMac-mini.local" tests="3" failures="0" errors="0" skipped="0" time="0.005951125">
        <testcase classname="libraries/nestjs-libraries/src/dtos/posts/__tests__/metrics-ingest.dto.spec.ts" name="MetricsIngestDto nested array caps &gt; accepts a reasonable nested payload" time="0.002299333">
        </testcase>
        <testcase classname="libraries/nestjs-libraries/src/dtos/posts/__tests__/metrics-ingest.dto.spec.ts" name="MetricsIngestDto nested array caps &gt; rejects an oversized data[] series (&gt;64)" time="0.001548959">
        </testcase>
        <testcase classname="libraries/nestjs-libraries/src/dtos/posts/__tests__/metrics-ingest.dto.spec.ts" name="MetricsIngestDto nested array caps &gt; rejects an oversized analytics[] list (&gt;32)" time="0.00143575">
        </testcase>
    </testsuite>
    <testsuite name="libraries/nestjs-libraries/src/engage/dtos/__tests__/add-keyword.dto.spec.ts" timestamp="2026-08-07T06:11:56.102Z" hostname="terceldeMac-mini.local" tests="2" failures="0" errors="0" skipped="0" time="0.002916125">
        <testcase classname="libraries/nestjs-libraries/src/engage/dtos/__tests__/add-keyword.dto.spec.ts" name="AddKeywordDto.keyword normalization &gt; trims and collapses internal whitespace, preserving case" time="0.001239166">
        </testcase>
        <testcase classname="libraries/nestjs-libraries/src/engage/dtos/__tests__/add-keyword.dto.spec.ts" name="AddKeywordDto.keyword normalization &gt; rejects an all-whitespace keyword (collapses to empty → MinLength)" time="0.00117575">
        </testcase>
    </testsuite>
    <testsuite name="libraries/nestjs-libraries/src/engage/dtos/__tests__/opportunity-counts.dto.spec.ts" timestamp="2026-08-07T06:11:56.102Z" hostname="terceldeMac-mini.local" tests="1" failures="0" errors="0" skipped="0" time="0.002649917">
        <testcase classname="libraries/nestjs-libraries/src/engage/dtos/__tests__/opportunity-counts.dto.spec.ts" name="OpportunityCountsSummaryDto &gt; accepts and normalizes comma-separated channel filters" time="0.002140209">
        </testcase>
    </testsuite>
    <testsuite name="libraries/nestjs-libraries/src/integrations/social/__tests__/analytics-metrics.finite.spec.ts" timestamp="2026-08-07T06:11:56.102Z" hostname="terceldeMac-mini.local" tests="4" failures="0" errors="0" skipped="0" time="0.002593458">
        <testcase classname="libraries/nestjs-libraries/src/integrations/social/__tests__/analytics-metrics.finite.spec.ts" name="metric coercion is NaN-safe (C1) &gt; computeTrafficScore returns a finite number for non-numeric totals" time="0.001238041">
        </testcase>
        <testcase classname="libraries/nestjs-libraries/src/integrations/social/__tests__/analytics-metrics.finite.spec.ts" name="metric coercion is NaN-safe (C1) &gt; computeTrafficScore still sums valid numeric/string totals" time="0.000065875">
        </testcase>
        <testcase classname="libraries/nestjs-libraries/src/integrations/social/__tests__/analytics-metrics.finite.spec.ts" name="metric coercion is NaN-safe (C1) &gt; computes a LinkedIn traffic score from the extension-emitted labels" time="0.0000545">
        </testcase>
        <testcase classname="libraries/nestjs-libraries/src/integrations/social/__tests__/analytics-metrics.finite.spec.ts" name="metric coercion is NaN-safe (C1) &gt; extractMetrics yields finite impressions + trafficScore for non-numeric input" time="0.000124542">
        </testcase>
    </testsuite>
    <testsuite name="libraries/nestjs-libraries/src/integrations/social/__tests__/extension-publish-providers.spec.ts" timestamp="2026-08-07T06:11:56.102Z" hostname="terceldeMac-mini.local" tests="11" failures="0" errors="0" skipped="0" time="0.003555792">
        <testcase classname="libraries/nestjs-libraries/src/integrations/social/__tests__/extension-publish-providers.spec.ts" name="HackernewsProvider &gt; is an extension-published channel with the expected identity" time="0.000756417">
        </testcase>
        <testcase classname="libraries/nestjs-libraries/src/integrations/social/__tests__/extension-publish-providers.spec.ts" name="HackernewsProvider &gt; authenticates by validating the username against HN public API" time="0.000923541">
        </testcase>
        <testcase classname="libraries/nestjs-libraries/src/integrations/social/__tests__/extension-publish-providers.spec.ts" name="HackernewsProvider &gt; rejects an unknown HN username" time="0.000111667">
        </testcase>
        <testcase classname="libraries/nestjs-libraries/src/integrations/social/__tests__/extension-publish-providers.spec.ts" name="HackernewsProvider &gt; post() parks with a BadBody (no server publish)" time="0.000406">
        </testcase>
        <testcase classname="libraries/nestjs-libraries/src/integrations/social/__tests__/extension-publish-providers.spec.ts" name="QuoraProvider &gt; is an extension-published channel" time="0.000083">
        </testcase>
        <testcase classname="libraries/nestjs-libraries/src/integrations/social/__tests__/extension-publish-providers.spec.ts" name="QuoraProvider &gt; authenticates from a profile slug (no API validation)" time="0.000136375">
        </testcase>
        <testcase classname="libraries/nestjs-libraries/src/integrations/social/__tests__/extension-publish-providers.spec.ts" name="QuoraProvider &gt; rejects an empty handle" time="0.000095875">
        </testcase>
        <testcase classname="libraries/nestjs-libraries/src/integrations/social/__tests__/extension-publish-providers.spec.ts" name="QuoraProvider &gt; post() parks with a BadBody" time="0.000080333">
        </testcase>
        <testcase classname="libraries/nestjs-libraries/src/integrations/social/__tests__/extension-publish-providers.spec.ts" name="MediumProvider (write API discontinued → extension-published) &gt; is an extension-published channel connecting by @handle" time="0.000098125">
        </testcase>
        <testcase classname="libraries/nestjs-libraries/src/integrations/social/__tests__/extension-publish-providers.spec.ts" name="MediumProvider (write API discontinued → extension-published) &gt; authenticates from an @handle without hitting the dead API" time="0.000087834">
        </testcase>
        <testcase classname="libraries/nestjs-libraries/src/integrations/social/__tests__/extension-publish-providers.spec.ts" name="MediumProvider (write API discontinued → extension-published) &gt; post() parks with a BadBody (no server publish)" time="0.000070333">
        </testcase>
    </testsuite>
    <testsuite name="libraries/nestjs-libraries/src/integrations/social/__tests__/reddit.provider.spec.ts" timestamp="2026-08-07T06:11:56.102Z" hostname="terceldeMac-mini.local" tests="5" failures="0" errors="0" skipped="0" time="0.005169583">
        <testcase classname="libraries/nestjs-libraries/src/integrations/social/__tests__/reddit.provider.spec.ts" name="RedditProvider — User-Agent injection &gt; injects a descriptive User-Agent and preserves caller headers" time="0.002233875">
        </testcase>
        <testcase classname="libraries/nestjs-libraries/src/integrations/social/__tests__/reddit.provider.spec.ts" name="RedditProvider — User-Agent injection &gt; uses a Reddit-compliant UA format on requests with no headers" time="0.000198917">
        </testcase>
        <testcase classname="libraries/nestjs-libraries/src/integrations/social/__tests__/reddit.provider.spec.ts" name="RedditProvider.post — reply mode (replyToId) &gt; posts a comment via /api/comment when replyToId is set, skipping subreddit submission" time="0.000937625">
        </testcase>
        <testcase classname="libraries/nestjs-libraries/src/integrations/social/__tests__/reddit.provider.spec.ts" name="RedditProvider.post — reply mode (replyToId) &gt; does not re-prefix a replyToId that already carries a t1_/t3_ fullname" time="0.000153708">
        </testcase>
        <testcase classname="libraries/nestjs-libraries/src/integrations/social/__tests__/reddit.provider.spec.ts" name="RedditProvider.post — reply mode (replyToId) &gt; throws a clear error when Reddit rejects the reply" time="0.000717625">
        </testcase>
    </testsuite>
    <testsuite name="libraries/nestjs-libraries/src/integrations/social/__tests__/traffic.new-platforms.spec.ts" timestamp="2026-08-07T06:11:56.103Z" hostname="terceldeMac-mini.local" tests="5" failures="0" errors="0" skipped="0" time="0.00145225">
        <testcase classname="libraries/nestjs-libraries/src/integrations/social/__tests__/traffic.new-platforms.spec.ts" name="computeTrafficScore — article/forum platforms &gt; weights dev.to reactions + comments + impressions" time="0.000688125">
        </testcase>
        <testcase classname="libraries/nestjs-libraries/src/integrations/social/__tests__/traffic.new-platforms.spec.ts" name="computeTrafficScore — article/forum platforms &gt; weights hacker news score + comments like reddit" time="0.0000675">
        </testcase>
        <testcase classname="libraries/nestjs-libraries/src/integrations/social/__tests__/traffic.new-platforms.spec.ts" name="computeTrafficScore — article/forum platforms &gt; weights medium claps + comments" time="0.000044417">
        </testcase>
        <testcase classname="libraries/nestjs-libraries/src/integrations/social/__tests__/traffic.new-platforms.spec.ts" name="computeTrafficScore — article/forum platforms &gt; weights quora upvotes + impressions" time="0.0000395">
        </testcase>
        <testcase classname="libraries/nestjs-libraries/src/integrations/social/__tests__/traffic.new-platforms.spec.ts" name="computeTrafficScore — article/forum platforms &gt; ignores labels a platform has no weight for, and returns null when none match" time="0.000046708">
        </testcase>
    </testsuite>
    <testsuite name="libraries/nestjs-libraries/src/integrations/social/__tests__/x.provider.suspended.spec.ts" timestamp="2026-08-07T06:11:56.104Z" hostname="terceldeMac-mini.local" tests="16" failures="0" errors="0" skipped="0" time="0.003020417">
        <testcase classname="libraries/nestjs-libraries/src/integrations/social/__tests__/x.provider.suspended.spec.ts" name="XProvider — suspended account detection &gt; _isUserSuspendedError &gt; returns true for the canonical X user-suspended response" time="0.000764583">
        </testcase>
        <testcase classname="libraries/nestjs-libraries/src/integrations/social/__tests__/x.provider.suspended.spec.ts" name="XProvider — suspended account detection &gt; _isUserSuspendedError &gt; returns true when type contains app-suspended" time="0.000074791">
        </testcase>
        <testcase classname="libraries/nestjs-libraries/src/integrations/social/__tests__/x.provider.suspended.spec.ts" name="XProvider — suspended account detection &gt; _isUserSuspendedError &gt; returns true when only the detail string identifies suspension" time="0.000051875">
        </testcase>
        <testcase classname="libraries/nestjs-libraries/src/integrations/social/__tests__/x.provider.suspended.spec.ts" name="XProvider — suspended account detection &gt; _isUserSuspendedError &gt; returns false for ordinary 403 (e.g. content policy)" time="0.000043667">
        </testcase>
        <testcase classname="libraries/nestjs-libraries/src/integrations/social/__tests__/x.provider.suspended.spec.ts" name="XProvider — suspended account detection &gt; _isUserSuspendedError &gt; returns false for 401 invalid token" time="0.000038625">
        </testcase>
        <testcase classname="libraries/nestjs-libraries/src/integrations/social/__tests__/x.provider.suspended.spec.ts" name="XProvider — suspended account detection &gt; _isUserSuspendedError &gt; returns false for rate limit 429" time="0.000036041">
        </testcase>
        <testcase classname="libraries/nestjs-libraries/src/integrations/social/__tests__/x.provider.suspended.spec.ts" name="XProvider — suspended account detection &gt; _isUserSuspendedError &gt; returns false for null / undefined / non-object" time="0.000069625">
        </testcase>
        <testcase classname="libraries/nestjs-libraries/src/integrations/social/__tests__/x.provider.suspended.spec.ts" name="XProvider — suspended account detection &gt; _isUserSuspendedError &gt; returns false when err.data.type is not a string" time="0.000037917">
        </testcase>
        <testcase classname="libraries/nestjs-libraries/src/integrations/social/__tests__/x.provider.suspended.spec.ts" name="XProvider — suspended account detection &gt; handleErrors — pre-existing behavior preserved &gt; suspended bodies still classify as bad-body via the existing 403 branch" time="0.000237916">
        </testcase>
        <testcase classname="libraries/nestjs-libraries/src/integrations/social/__tests__/x.provider.suspended.spec.ts" name="XProvider — suspended account detection &gt; handleErrors — pre-existing behavior preserved &gt; non-suspended 403 unchanged" time="0.000059167">
        </testcase>
        <testcase classname="libraries/nestjs-libraries/src/integrations/social/__tests__/x.provider.suspended.spec.ts" name="XProvider — suspended account detection &gt; handleErrors — 401 expired token &gt; returns refresh-token for twitter-api-v2 ApiResponseError code=401" time="0.000049333">
        </testcase>
        <testcase classname="libraries/nestjs-libraries/src/integrations/social/__tests__/x.provider.suspended.spec.ts" name="XProvider — suspended account detection &gt; handleErrors — 401 expired token &gt; returns refresh-token for &quot;Request failed with code 401&quot; message string" time="0.000039458">
        </testcase>
        <testcase classname="libraries/nestjs-libraries/src/integrations/social/__tests__/x.provider.suspended.spec.ts" name="XProvider — suspended account detection &gt; handleErrors — 401 expired token &gt; does not match non-401 error codes" time="0.000310375">
        </testcase>
        <testcase classname="libraries/nestjs-libraries/src/integrations/social/__tests__/x.provider.suspended.spec.ts" name="XProvider — suspended account detection &gt; _getUserInfo — 401 translation (regression) &gt; throws RefreshToken (type=refresh_token) instead of raw ApiResponseError for 401" time="0.000356958">
        </testcase>
        <testcase classname="libraries/nestjs-libraries/src/integrations/social/__tests__/x.provider.suspended.spec.ts" name="XProvider — suspended account detection &gt; _getUserInfo — 401 translation (regression) &gt; still throws the original error for non-401, non-403 statuses" time="0.00016775">
        </testcase>
        <testcase classname="libraries/nestjs-libraries/src/integrations/social/__tests__/x.provider.suspended.spec.ts" name="XProvider — suspended account detection &gt; _getUserInfo — 401 translation (regression) &gt; still throws clear suspended-account error for 403 (existing behavior preserved)" time="0.000093791">
        </testcase>
    </testsuite>
    <testsuite name="libraries/nestjs-libraries/src/engage/scan/__tests__/scan-pacing.spec.ts" timestamp="2026-08-07T06:11:56.104Z" hostname="terceldeMac-mini.local" tests="6" failures="0" errors="0" skipped="0" time="0.002429625">
        <testcase classname="libraries/nestjs-libraries/src/engage/scan/__tests__/scan-pacing.spec.ts" name="nextPageDelayMs &gt; returns 0 when neither delay nor jitter is set" time="0.000658833">
        </testcase>
        <testcase classname="libraries/nestjs-libraries/src/engage/scan/__tests__/scan-pacing.spec.ts" name="nextPageDelayMs &gt; returns the base delay when jitter is absent" time="0.000061625">
        </testcase>
        <testcase classname="libraries/nestjs-libraries/src/engage/scan/__tests__/scan-pacing.spec.ts" name="nextPageDelayMs &gt; adds floor(rand * jitter) on top of the base" time="0.000065833">
        </testcase>
        <testcase classname="libraries/nestjs-libraries/src/engage/scan/__tests__/scan-pacing.spec.ts" name="nextPageDelayMs &gt; ignores negative / non-finite values" time="0.000037041">
        </testcase>
        <testcase classname="libraries/nestjs-libraries/src/engage/scan/__tests__/scan-pacing.spec.ts" name="applyPageDelay &gt; does not sleep when the computed delay is 0" time="0.000419709">
        </testcase>
        <testcase classname="libraries/nestjs-libraries/src/engage/scan/__tests__/scan-pacing.spec.ts" name="applyPageDelay &gt; sleeps the base delay when set" time="0.0005825">
        </testcase>
    </testsuite>
    <testsuite name="apps/backend/src/services/auth/projects/__tests__/project-auth.guard.spec.ts" timestamp="2026-08-07T06:11:56.105Z" hostname="terceldeMac-mini.local" tests="9" failures="0" errors="0" skipped="0" time="0.003530292">
        <testcase classname="apps/backend/src/services/auth/projects/__tests__/project-auth.guard.spec.ts" name="ProjectAuthGuard &gt; no-ops when the request carries no projectId" time="0.00134675">
        </testcase>
        <testcase classname="apps/backend/src/services/auth/projects/__tests__/project-auth.guard.spec.ts" name="ProjectAuthGuard &gt; checks ownership only on a GET — reads stay open on a deactivated project" time="0.000739625">
        </testcase>
        <testcase classname="apps/backend/src/services/auth/projects/__tests__/project-auth.guard.spec.ts" name="ProjectAuthGuard &gt; requires an active project on a mutation" time="0.000214166">
        </testcase>
        <testcase classname="apps/backend/src/services/auth/projects/__tests__/project-auth.guard.spec.ts" name="ProjectAuthGuard &gt; requires an active project on PATCH too" time="0.00010475">
        </testcase>
        <testcase classname="apps/backend/src/services/auth/projects/__tests__/project-auth.guard.spec.ts" name="ProjectAuthGuard &gt; requires an active project on PUT too" time="0.000072084">
        </testcase>
        <testcase classname="apps/backend/src/services/auth/projects/__tests__/project-auth.guard.spec.ts" name="ProjectAuthGuard &gt; requires an active project on DELETE too" time="0.000067791">
        </testcase>
        <testcase classname="apps/backend/src/services/auth/projects/__tests__/project-auth.guard.spec.ts" name="ProjectAuthGuard &gt; propagates the rejection when the project is deactivated" time="0.000204417">
        </testcase>
        <testcase classname="apps/backend/src/services/auth/projects/__tests__/project-auth.guard.spec.ts" name="ProjectAuthGuard &gt; falls back to the ownership-only check when the route opts out" time="0.000121792">
        </testcase>
        <testcase classname="apps/backend/src/services/auth/projects/__tests__/project-auth.guard.spec.ts" name="ProjectAuthGuard &gt; exposes the validated projectId on the request" time="0.000119583">
        </testcase>
    </testsuite>
    <testsuite name="apps/backend/src/services/auth/permissions/__tests__/permissions.service.spec.ts" timestamp="2026-08-07T06:11:56.105Z" hostname="terceldeMac-mini.local" tests="26" failures="0" errors="0" skipped="0" time="0.007129833">
        <testcase classname="apps/backend/src/services/auth/permissions/__tests__/permissions.service.spec.ts" name="PermissionsService.check &gt; without Stripe (Aisee user limits only) &gt; allows adding channel when current channels &lt; postChannelLimit" time="0.001625042">
        </testcase>
        <testcase classname="apps/backend/src/services/auth/permissions/__tests__/permissions.service.spec.ts" name="PermissionsService.check &gt; without Stripe (Aisee user limits only) &gt; blocks adding channel when current channels &gt;= postChannelLimit" time="0.000180375">
        </testcase>
        <testcase classname="apps/backend/src/services/auth/permissions/__tests__/permissions.service.spec.ts" name="PermissionsService.check &gt; without Stripe (Aisee user limits only) &gt; excludes refreshNeeded integrations from channel count" time="0.000200792">
        </testcase>
        <testcase classname="apps/backend/src/services/auth/permissions/__tests__/permissions.service.spec.ts" name="PermissionsService.check &gt; without Stripe (Aisee user limits only) &gt; blocks channel when postChannelLimit is 0" time="0.00011625">
        </testcase>
        <testcase classname="apps/backend/src/services/auth/permissions/__tests__/permissions.service.spec.ts" name="PermissionsService.check &gt; without Stripe (Aisee user limits only) &gt; allows posting when postSendLimit &gt; 0" time="0.000112792">
        </testcase>
        <testcase classname="apps/backend/src/services/auth/permissions/__tests__/permissions.service.spec.ts" name="PermissionsService.check &gt; without Stripe (Aisee user limits only) &gt; blocks posting on the no-active-subscription sentinel" time="0.000108833">
        </testcase>
        <testcase classname="apps/backend/src/services/auth/permissions/__tests__/permissions.service.spec.ts" name="PermissionsService.check &gt; without Stripe (Aisee user limits only) &gt; allows posting when postSendLimit is 0 on an active plan (zero free quota — all overage)" time="0.000106333">
        </testcase>
        <testcase classname="apps/backend/src/services/auth/permissions/__tests__/permissions.service.spec.ts" name="PermissionsService.check &gt; without Stripe (Aisee user limits only) &gt; allows posting even when over limit (overage deducted post-creation)" time="0.000106167">
        </testcase>
        <testcase classname="apps/backend/src/services/auth/permissions/__tests__/permissions.service.spec.ts" name="PermissionsService.check &gt; without Stripe (Aisee user limits only) &gt; checks both CHANNEL and POSTS_PER_MONTH in a single call" time="0.000137667">
        </testcase>
        <testcase classname="apps/backend/src/services/auth/permissions/__tests__/permissions.service.spec.ts" name="PermissionsService.check &gt; without Stripe (Aisee user limits only) &gt; allows channel but blocks posts on the no-active-subscription sentinel with a channel allowance" time="0.000134542">
        </testcase>
        <testcase classname="apps/backend/src/services/auth/permissions/__tests__/permissions.service.spec.ts" name="PermissionsService.check &gt; without Stripe (Aisee user limits only) &gt; allows everything when no userId is provided" time="0.000281541">
        </testcase>
        <testcase classname="apps/backend/src/services/auth/permissions/__tests__/permissions.service.spec.ts" name="PermissionsService.check &gt; without Stripe (Aisee user limits only) &gt; allows non-channel/post sections without calling getUserLimits" time="0.000143292">
        </testcase>
        <testcase classname="apps/backend/src/services/auth/permissions/__tests__/permissions.service.spec.ts" name="PermissionsService.check &gt; with Stripe (Aisee limits override subscription tier) &gt; uses Aisee postChannelLimit over subscription tier channel limit" time="0.000200709">
        </testcase>
        <testcase classname="apps/backend/src/services/auth/permissions/__tests__/permissions.service.spec.ts" name="PermissionsService.check &gt; with Stripe (Aisee limits override subscription tier) &gt; allows channel when under Aisee limit even if over Stripe tier" time="0.000150917">
        </testcase>
        <testcase classname="apps/backend/src/services/auth/permissions/__tests__/permissions.service.spec.ts" name="PermissionsService.check &gt; with Stripe (Aisee limits override subscription tier) &gt; falls back to subscription tier when Aisee postChannelLimit is null" time="0.0001345">
        </testcase>
        <testcase classname="apps/backend/src/services/auth/permissions/__tests__/permissions.service.spec.ts" name="PermissionsService.check &gt; with Stripe (Aisee limits override subscription tier) &gt; blocks channel by subscription tier when at limit and no Aisee limits" time="0.000141041">
        </testcase>
        <testcase classname="apps/backend/src/services/auth/permissions/__tests__/permissions.service.spec.ts" name="PermissionsService.check &gt; with Stripe (Aisee limits override subscription tier) &gt; allows posting when Aisee postSendLimit &gt; 0 regardless of tier count" time="0.00063875">
        </testcase>
        <testcase classname="apps/backend/src/services/auth/permissions/__tests__/permissions.service.spec.ts" name="PermissionsService.check &gt; with Stripe (Aisee limits override subscription tier) &gt; blocks posting on the no-active-subscription sentinel even with paid tier" time="0.000187334">
        </testcase>
        <testcase classname="apps/backend/src/services/auth/permissions/__tests__/permissions.service.spec.ts" name="PermissionsService.check &gt; with Stripe (Aisee limits override subscription tier) &gt; allows posting when Aisee postSendLimit is 0 on an active plan (zero free quota — all overage)" time="0.000164167">
        </testcase>
        <testcase classname="apps/backend/src/services/auth/permissions/__tests__/permissions.service.spec.ts" name="PermissionsService.check &gt; with Stripe (Aisee limits override subscription tier) &gt; allows unlimited channels when an active package has postChannelLimit null (no tier fallback)" time="0.000139042">
        </testcase>
        <testcase classname="apps/backend/src/services/auth/permissions/__tests__/permissions.service.spec.ts" name="PermissionsService.check &gt; with Stripe (Aisee limits override subscription tier) &gt; allows posting when an active package has postSendLimit null (no limit, no tier fallback)" time="0.000165542">
        </testcase>
        <testcase classname="apps/backend/src/services/auth/permissions/__tests__/permissions.service.spec.ts" name="PermissionsService.check &gt; with Stripe (Aisee limits override subscription tier) &gt; falls back to subscription tier post count when Aisee postSendLimit is null" time="0.000172958">
        </testcase>
        <testcase classname="apps/backend/src/services/auth/permissions/__tests__/permissions.service.spec.ts" name="PermissionsService.check &gt; with Stripe (Aisee limits override subscription tier) &gt; blocks by subscription tier when at post limit and no Aisee limits" time="0.000160375">
        </testcase>
        <testcase classname="apps/backend/src/services/auth/permissions/__tests__/permissions.service.spec.ts" name="PermissionsService.check &gt; with Stripe (Aisee limits override subscription tier) &gt; does not fetch user limits when no userId provided" time="0.000140875">
        </testcase>
        <testcase classname="apps/backend/src/services/auth/permissions/__tests__/permissions.service.spec.ts" name="PermissionsService.check &gt; edge cases &gt; allows all when requestedPermission is empty" time="0.000116916">
        </testcase>
        <testcase classname="apps/backend/src/services/auth/permissions/__tests__/permissions.service.spec.ts" name="PermissionsService.check &gt; edge cases &gt; getUserLimits is called only once for multiple sections" time="0.000614542">
        </testcase>
    </testsuite>
    <testsuite name="apps/extension/src/pages/popup/components/__tests__/ScanPanel.selectable-units.spec.ts" timestamp="2026-08-07T06:11:56.106Z" hostname="terceldeMac-mini.local" tests="5" failures="0" errors="0" skipped="0" time="0.002681875">
        <testcase classname="apps/extension/src/pages/popup/components/__tests__/ScanPanel.selectable-units.spec.ts" name="buildSelectableScanUnits &gt; builds one selectable keyword unit per visible platform (all 7) plus channel and tracked units" time="0.0015115">
        </testcase>
        <testcase classname="apps/extension/src/pages/popup/components/__tests__/ScanPanel.selectable-units.spec.ts" name="buildSelectableScanUnits &gt; normalizes tracked usernames per-platform to match the backend canonical key (normalizeUsername in engage-scan-lease.service.ts)" time="0.000414958">
        </testcase>
        <testcase classname="apps/extension/src/pages/popup/components/__tests__/ScanPanel.selectable-units.spec.ts" name="buildSelectableScanUnits &gt; respects the popup platform filter" time="0.000062959">
        </testcase>
        <testcase classname="apps/extension/src/pages/popup/components/__tests__/ScanPanel.selectable-units.spec.ts" name="buildSelectableScanUnits &gt; excludes an x-only tracked account and channel when filtering to a platform neither is on" time="0.000052417">
        </testcase>
        <testcase classname="apps/extension/src/pages/popup/components/__tests__/ScanPanel.selectable-units.spec.ts" name="buildSelectableScanUnits &gt; uses the backend selector tuple as the stable checkbox key" time="0.000082041">
        </testcase>
    </testsuite>
    <testsuite name="libraries/nestjs-libraries/src/database/prisma/api-usage/__tests__/api-usage.business.spec.ts" timestamp="2026-08-07T06:11:56.106Z" hostname="terceldeMac-mini.local" tests="7" failures="0" errors="0" skipped="0" time="0.006422875">
        <testcase classname="libraries/nestjs-libraries/src/database/prisma/api-usage/__tests__/api-usage.business.spec.ts" name="engageScoreBucket &gt; maps the documented non-overlapping bands" time="0.000698917">
        </testcase>
        <testcase classname="libraries/nestjs-libraries/src/database/prisma/api-usage/__tests__/api-usage.business.spec.ts" name="engageScoreBucket &gt; top band is a catch-all that also covers the scorer max of 105 (&gt;100)" time="0.000101208">
        </testcase>
        <testcase classname="libraries/nestjs-libraries/src/database/prisma/api-usage/__tests__/api-usage.business.spec.ts" name="engageScoreBucket &gt; only ever returns one of the fixed bucket labels" time="0.002408458">
        </testcase>
        <testcase classname="libraries/nestjs-libraries/src/database/prisma/api-usage/__tests__/api-usage.business.spec.ts" name="runWithBizUsage / getBizUsageContext &gt; exposes the context only inside the scope" time="0.000596166">
        </testcase>
        <testcase classname="libraries/nestjs-libraries/src/database/prisma/api-usage/__tests__/api-usage.business.spec.ts" name="runWithBizUsage / getBizUsageContext &gt; survives awaits within the scope" time="0.000843208">
        </testcase>
        <testcase classname="libraries/nestjs-libraries/src/database/prisma/api-usage/__tests__/api-usage.business.spec.ts" name="runWithBizUsage / getBizUsageContext &gt; nested scopes shadow then restore the parent" time="0.00046325">
        </testcase>
        <testcase classname="libraries/nestjs-libraries/src/database/prisma/api-usage/__tests__/api-usage.business.spec.ts" name="runWithBizUsage / getBizUsageContext &gt; recordApiUsage is a safe no-op before any recorder is registered" time="0.000576291">
        </testcase>
    </testsuite>
    <testsuite name="libraries/nestjs-libraries/src/database/prisma/data-ticks/__tests__/data-ticks.service.carryForward.spec.ts" timestamp="2026-08-07T06:11:56.107Z" hostname="terceldeMac-mini.local" tests="11" failures="0" errors="0" skipped="0" time="2.018849875">
        <testcase classname="libraries/nestjs-libraries/src/database/prisma/data-ticks/__tests__/data-ticks.service.carryForward.spec.ts" name="DataTicksService.syncDailyTicks — carry-forward on failed fetch &gt; writes carry-forward when prior data exists and dayStart row is absent" time="0.005470542">
            <system-out>
DataTicks daily sync complete for 2026-04-04: 2 ticks upserted, 0 org errors

            </system-out>
            <system-err>
[DataTicks] carry-forward integration=int-1 type=impressions from 2026-04-02 to 2026-04-04 (fetch failed)
[DataTicks] carry-forward integration=int-1 type=traffic from 2026-04-02 to 2026-04-04 (fetch failed)

            </system-err>
        </testcase>
        <testcase classname="libraries/nestjs-libraries/src/database/prisma/data-ticks/__tests__/data-ticks.service.carryForward.spec.ts" name="DataTicksService.syncDailyTicks — carry-forward on failed fetch &gt; writes nothing when integration has no prior data at all" time="0.00049225">
            <system-out>
DataTicks daily sync complete for 2026-04-04: 0 ticks upserted, 0 org errors

            </system-out>
        </testcase>
        <testcase classname="libraries/nestjs-libraries/src/database/prisma/data-ticks/__tests__/data-ticks.service.carryForward.spec.ts" name="DataTicksService.syncDailyTicks — carry-forward on failed fetch &gt; does NOT overwrite an existing real row at dayStart (C1 regression)" time="0.000323209">
            <system-out>
DataTicks daily sync complete for 2026-04-04: 0 ticks upserted, 0 org errors

            </system-out>
        </testcase>
        <testcase classname="libraries/nestjs-libraries/src/database/prisma/data-ticks/__tests__/data-ticks.service.carryForward.spec.ts" name="DataTicksService.syncDailyTicks — carry-forward on failed fetch &gt; also skips when the existing dayStart row is itself a prior carry-forward" time="0.000367">
            <system-out>
DataTicks daily sync complete for 2026-04-04: 0 ticks upserted, 0 org errors

            </system-out>
        </testcase>
        <testcase classname="libraries/nestjs-libraries/src/database/prisma/data-ticks/__tests__/data-ticks.service.carryForward.spec.ts" name="DataTicksService.syncDailyTicks — carry-forward on failed fetch &gt; continues sync gracefully if findLatestUpTo throws" time="0.003651291">
            <system-out>
DataTicks daily sync complete for 2026-04-04: 0 ticks upserted, 0 org errors

            </system-out>
            <system-err>
DataTicks prior-value lookup failed for org org-1: Error: db down
    at [90m/Users/tercel/WorkSpace/aisee/postiz-app/[39mlibraries/nestjs-libraries/src/database/prisma/data-ticks/__tests__/data-ticks.service.carryForward.spec.ts:247:7
    at [90mfile:///Users/tercel/WorkSpace/aisee/postiz-app/[39mnode_modules/[4m@vitest/runner[24m/dist/index.js:103:11
    at [90mfile:///Users/tercel/WorkSpace/aisee/postiz-app/[39mnode_modules/[4m@vitest/runner[24m/dist/index.js:596:26
    at [90mfile:///Users/tercel/WorkSpace/aisee/postiz-app/[39mnode_modules/[4m@vitest/runner[24m/dist/index.js:879:20
    at new Promise (&lt;anonymous&gt;)
    at runWithTimeout [90m(file:///Users/tercel/WorkSpace/aisee/postiz-app/[39mnode_modules/[4m@vitest/runner[24m/dist/index.js:852:10[90m)[39m
    at runTest [90m(file:///Users/tercel/WorkSpace/aisee/postiz-app/[39mnode_modules/[4m@vitest/runner[24m/dist/index.js:1360:12[90m)[39m
[90m    at processTicksAndRejections (node:internal/process/task_queues:105:5)[39m
    at runSuite [90m(file:///Users/tercel/WorkSpace/aisee/postiz-app/[39mnode_modules/[4m@vitest/runner[24m/dist/index.js:1507:8[90m)[39m
    at runSuite [90m(file:///Users/tercel/WorkSpace/aisee/postiz-app/[39mnode_modules/[4m@vitest/runner[24m/dist/index.js:1507:8[90m)[39m

            </system-err>
        </testcase>
        <testcase classname="libraries/nestjs-libraries/src/database/prisma/data-ticks/__tests__/data-ticks.service.carryForward.spec.ts" name="DataTicksService.syncDailyTicks — carry-forward on failed fetch &gt; coexists with successful integrations: writes both real and carry-forward records" time="2.00466325">
            <system-out>
DataTicks daily sync complete for 2026-04-04: 4 ticks upserted, 0 org errors

            </system-out>
            <system-err>
[DataTicks] carry-forward integration=int-fail type=impressions from 2026-04-02 to 2026-04-04 (fetch failed)
[DataTicks] carry-forward integration=int-fail type=traffic from 2026-04-02 to 2026-04-04 (fetch failed)

            </system-err>
        </testcase>
        <testcase classname="libraries/nestjs-libraries/src/database/prisma/data-ticks/__tests__/data-ticks.service.carryForward.spec.ts" name="DataTicksService.syncDailyTicks — carry-forward on failed fetch &gt; clamps fetched value to prior when the platform returns a smaller cumulative" time="0.000640375">
            <system-out>
DataTicks daily sync complete for 2026-04-04: 2 ticks upserted, 0 org errors

            </system-out>
            <system-err>
[DataTicks] clamp integration=int-1 type=impressions fetched=300 &lt; prior=1000 — pinning to prior (deletion / platform regression)
[DataTicks] clamp integration=int-1 type=traffic fetched=0 &lt; prior=50 — pinning to prior

            </system-err>
        </testcase>
        <testcase classname="libraries/nestjs-libraries/src/database/prisma/data-ticks/__tests__/data-ticks.service.carryForward.spec.ts" name="DataTicksService.syncDailyTicks — carry-forward on failed fetch &gt; writes a carry-forward row for a dormant integration (no posts in lookback)" time="0.000577333">
            <system-out>
DataTicks daily sync complete for 2026-04-04: 4 ticks upserted, 0 org errors

            </system-out>
            <system-err>
[DataTicks] carry-forward integration=int-dormant type=impressions from 2026-04-02 to 2026-04-04 (no posts in lookback)
[DataTicks] carry-forward integration=int-dormant type=traffic from 2026-04-02 to 2026-04-04 (no posts in lookback)

            </system-err>
        </testcase>
        <testcase classname="libraries/nestjs-libraries/src/database/prisma/data-ticks/__tests__/data-ticks.service.carryForward.spec.ts" name="DataTicksService.syncDailyTicks — carry-forward on failed fetch &gt; emits [DataTicks] carry-forward warn for BOTH impressions and traffic" time="0.000443792">
            <system-out>
DataTicks daily sync complete for 2026-04-04: 2 ticks upserted, 0 org errors

            </system-out>
        </testcase>
        <testcase classname="libraries/nestjs-libraries/src/database/prisma/data-ticks/__tests__/data-ticks.service.carryForward.spec.ts" name="DataTicksService.syncDailyTicks — carry-forward on failed fetch &gt; emits [DataTicks] clamp warn for BOTH impressions and traffic on regression" time="0.000468833">
            <system-out>
DataTicks daily sync complete for 2026-04-04: 2 ticks upserted, 0 org errors

            </system-out>
        </testcase>
        <testcase classname="libraries/nestjs-libraries/src/database/prisma/data-ticks/__tests__/data-ticks.service.carryForward.spec.ts" name="DataTicksService.syncDailyTicks — carry-forward on failed fetch &gt; carries forward only the type that has prior history (partial-prior dormant)" time="0.000382542">
            <system-out>
DataTicks daily sync complete for 2026-04-04: 1 ticks upserted, 0 org errors

            </system-out>
            <system-err>
[DataTicks] carry-forward integration=int-dormant-partial type=impressions from 2026-04-02 to 2026-04-04 (no posts in lookback)

            </system-err>
        </testcase>
    </testsuite>
    <testsuite name="libraries/nestjs-libraries/src/database/prisma/data-ticks/__tests__/data-ticks.service.summary.spec.ts" timestamp="2026-08-07T06:11:56.108Z" hostname="terceldeMac-mini.local" tests="4" failures="0" errors="0" skipped="0" time="0.003537708">
        <testcase classname="libraries/nestjs-libraries/src/database/prisma/data-ticks/__tests__/data-ticks.service.summary.spec.ts" name="DataTicksService.getImpressionsSummaryByPlatform — max per integration &gt; takes the max value per integration, not the latest" time="0.001470917">
        </testcase>
        <testcase classname="libraries/nestjs-libraries/src/database/prisma/data-ticks/__tests__/data-ticks.service.summary.spec.ts" name="DataTicksService.getImpressionsSummaryByPlatform — max per integration &gt; sums max-per-integration across platforms correctly" time="0.000168416">
        </testcase>
        <testcase classname="libraries/nestjs-libraries/src/database/prisma/data-ticks/__tests__/data-ticks.service.summary.spec.ts" name="DataTicksService.getImpressionsSummaryByPlatform — max per integration &gt; returns empty array when no ticks in the window" time="0.000092167">
        </testcase>
        <testcase classname="libraries/nestjs-libraries/src/database/prisma/data-ticks/__tests__/data-ticks.service.summary.spec.ts" name="DataTicksService.getImpressionsSummaryByPlatform — max per integration &gt; agrees with time-series endpoint on the terminal value" time="0.00124125">
        </testcase>
    </testsuite>
    <testsuite name="libraries/nestjs-libraries/src/database/prisma/data-ticks/__tests__/data-ticks.service.timeSeries.spec.ts" timestamp="2026-08-07T06:11:56.108Z" hostname="terceldeMac-mini.local" tests="8" failures="0" errors="0" skipped="0" time="0.004471417">
        <testcase classname="libraries/nestjs-libraries/src/database/prisma/data-ticks/__tests__/data-ticks.service.timeSeries.spec.ts" name="DataTicksService.getImpressionsByPlatform — forward-fill + monotonic repair &gt; forward-fills missing buckets within the global window" time="0.00279875">
        </testcase>
        <testcase classname="libraries/nestjs-libraries/src/database/prisma/data-ticks/__tests__/data-ticks.service.timeSeries.spec.ts" name="DataTicksService.getImpressionsByPlatform — forward-fill + monotonic repair &gt; clamps regressions so cumulative series never decreases" time="0.000223417">
        </testcase>
        <testcase classname="libraries/nestjs-libraries/src/database/prisma/data-ticks/__tests__/data-ticks.service.timeSeries.spec.ts" name="DataTicksService.getImpressionsByPlatform — forward-fill + monotonic repair &gt; handles the live bug: integration falls out of lookback after some day" time="0.000195083">
        </testcase>
        <testcase classname="libraries/nestjs-libraries/src/database/prisma/data-ticks/__tests__/data-ticks.service.timeSeries.spec.ts" name="DataTicksService.getImpressionsByPlatform — forward-fill + monotonic repair &gt; does not emit buckets before an integration first appears" time="0.000163833">
        </testcase>
        <testcase classname="libraries/nestjs-libraries/src/database/prisma/data-ticks/__tests__/data-ticks.service.timeSeries.spec.ts" name="DataTicksService.getImpressionsByPlatform — forward-fill + monotonic repair &gt; returns an empty series when no ticks exist in the window" time="0.000079792">
        </testcase>
        <testcase classname="libraries/nestjs-libraries/src/database/prisma/data-ticks/__tests__/data-ticks.service.timeSeries.spec.ts" name="DataTicksService.getImpressionsByPlatform — forward-fill + monotonic repair &gt; forward-fills across weekly buckets (ISO Monday-start)" time="0.000151583">
        </testcase>
        <testcase classname="libraries/nestjs-libraries/src/database/prisma/data-ticks/__tests__/data-ticks.service.timeSeries.spec.ts" name="DataTicksService.getImpressionsByPlatform — forward-fill + monotonic repair &gt; pins walker baseline correctly when the first bucket has value 0" time="0.000165834">
        </testcase>
        <testcase classname="libraries/nestjs-libraries/src/database/prisma/data-ticks/__tests__/data-ticks.service.timeSeries.spec.ts" name="DataTicksService.getImpressionsByPlatform — forward-fill + monotonic repair &gt; forward-fills across monthly buckets too" time="0.00017675">
        </testcase>
    </testsuite>
    <testsuite name="libraries/nestjs-libraries/src/database/prisma/dashboard/__tests__/dashboard.service.getSummary.spec.ts" timestamp="2026-08-07T06:11:56.108Z" hostname="terceldeMac-mini.local" tests="7" failures="0" errors="0" skipped="0" time="0.0073215">
        <testcase classname="libraries/nestjs-libraries/src/database/prisma/dashboard/__tests__/dashboard.service.getSummary.spec.ts" name="DashboardService.getSummary — published_this_period uses billing period &gt; uses Aisee periodStart (not calendar month) for countPostsFromDay" time="0.004327625">
        </testcase>
        <testcase classname="libraries/nestjs-libraries/src/database/prisma/dashboard/__tests__/dashboard.service.getSummary.spec.ts" name="DashboardService.getSummary — published_this_period uses billing period &gt; includes post_send_limit and period_end from Aisee" time="0.000236333">
        </testcase>
        <testcase classname="libraries/nestjs-libraries/src/database/prisma/dashboard/__tests__/dashboard.service.getSummary.spec.ts" name="DashboardService.getSummary — published_this_period uses billing period &gt; Dashboard and overage billing use the same countPostsFromDay" time="0.000161208">
        </testcase>
        <testcase classname="libraries/nestjs-libraries/src/database/prisma/dashboard/__tests__/dashboard.service.getSummary.spec.ts" name="DashboardService.getSummary — published_this_period uses billing period &gt; falls back to calendar month when userId is undefined" time="0.000252458">
        </testcase>
        <testcase classname="libraries/nestjs-libraries/src/database/prisma/dashboard/__tests__/dashboard.service.getSummary.spec.ts" name="DashboardService.getSummary — published_this_period uses billing period &gt; falls back to calendar month when getUserLimits fails" time="0.000737209">
        </testcase>
        <testcase classname="libraries/nestjs-libraries/src/database/prisma/dashboard/__tests__/dashboard.service.getSummary.spec.ts" name="DashboardService.getSummary — published_this_period uses billing period &gt; falls back to calendar month when limits have no periodStart" time="0.000160791">
        </testcase>
        <testcase classname="libraries/nestjs-libraries/src/database/prisma/dashboard/__tests__/dashboard.service.getSummary.spec.ts" name="DashboardService.getSummary — published_this_period uses billing period &gt; does not include post_send_limit when falling back" time="0.000373958">
        </testcase>
    </testsuite>
    <testsuite name="libraries/nestjs-libraries/src/database/prisma/dashboard/__tests__/dashboard.service.projectScoping.spec.ts" timestamp="2026-08-07T06:11:56.108Z" hostname="terceldeMac-mini.local" tests="6" failures="0" errors="0" skipped="0" time="0.004898834">
        <testcase classname="libraries/nestjs-libraries/src/database/prisma/dashboard/__tests__/dashboard.service.projectScoping.spec.ts" name="DashboardService.getTraffics / getImpressions — project scoping &gt; getTraffics: without projectId, reads from DataTicks (channel-level)" time="0.002112416">
        </testcase>
        <testcase classname="libraries/nestjs-libraries/src/database/prisma/dashboard/__tests__/dashboard.service.projectScoping.spec.ts" name="DashboardService.getTraffics / getImpressions — project scoping &gt; getTraffics: with projectId, reads Post-level data instead of DataTicks (avoids channel-sharing leak)" time="0.00033725">
        </testcase>
        <testcase classname="libraries/nestjs-libraries/src/database/prisma/dashboard/__tests__/dashboard.service.projectScoping.spec.ts" name="DashboardService.getTraffics / getImpressions — project scoping &gt; getTraffics: with projectId and no matching posts, returns []" time="0.000098708">
        </testcase>
        <testcase classname="libraries/nestjs-libraries/src/database/prisma/dashboard/__tests__/dashboard.service.projectScoping.spec.ts" name="DashboardService.getTraffics / getImpressions — project scoping &gt; getImpressions: without projectId, reads from DataTicks (channel-level)" time="0.000214583">
        </testcase>
        <testcase classname="libraries/nestjs-libraries/src/database/prisma/dashboard/__tests__/dashboard.service.projectScoping.spec.ts" name="DashboardService.getTraffics / getImpressions — project scoping &gt; getImpressions: with projectId, buckets Post.impressions by publishDate + platform instead of DataTicks" time="0.001443375">
        </testcase>
        <testcase classname="libraries/nestjs-libraries/src/database/prisma/dashboard/__tests__/dashboard.service.projectScoping.spec.ts" name="DashboardService.getTraffics / getImpressions — project scoping &gt; getImpressions: with projectId and no matching posts, returns []" time="0.00013375">
        </testcase>
    </testsuite>
    <testsuite name="libraries/nestjs-libraries/src/database/prisma/operation-plan/__tests__/operation-plan.reddit-wiring.spec.ts" timestamp="2026-08-07T06:11:56.109Z" hostname="terceldeMac-mini.local" tests="3" failures="0" errors="0" skipped="0" time="0.003868375">
        <testcase classname="libraries/nestjs-libraries/src/database/prisma/operation-plan/__tests__/operation-plan.reddit-wiring.spec.ts" name="_resolveAndAttachRedditTargets wiring &gt; attaches targets, drops unresolved posts, prunes empty items, and persists discoveries" time="0.002354708">
        </testcase>
        <testcase classname="libraries/nestjs-libraries/src/database/prisma/operation-plan/__tests__/operation-plan.reddit-wiring.spec.ts" name="_resolveAndAttachRedditTargets wiring &gt; is a no-op when there are no reddit posts" time="0.000208458">
        </testcase>
        <testcase classname="libraries/nestjs-libraries/src/database/prisma/operation-plan/__tests__/operation-plan.reddit-wiring.spec.ts" name="_resolveAndAttachRedditTargets wiring &gt; does not throw when a discovery persist fails (best-effort)" time="0.000716834">
        </testcase>
    </testsuite>
    <testsuite name="libraries/nestjs-libraries/src/database/prisma/operation-plan/__tests__/operation-plan.repository.spec.ts" timestamp="2026-08-07T06:11:56.109Z" hostname="terceldeMac-mini.local" tests="30" failures="0" errors="0" skipped="0" time="0.016909666">
        <testcase classname="libraries/nestjs-libraries/src/database/prisma/operation-plan/__tests__/operation-plan.repository.spec.ts" name="OperationPlanRepository &gt; findStuckGenerating selects GENERATING rows older than the threshold, oldest first, capped by limit" time="0.0027375">
        </testcase>
        <testcase classname="libraries/nestjs-libraries/src/database/prisma/operation-plan/__tests__/operation-plan.repository.spec.ts" name="OperationPlanRepository &gt; completeGeneration writes planPayload + data + status onto the row by id" time="0.000609042">
        </testcase>
        <testcase classname="libraries/nestjs-libraries/src/database/prisma/operation-plan/__tests__/operation-plan.repository.spec.ts" name="OperationPlanRepository &gt; getById scopes the lookup to organizationId" time="0.000395542">
        </testcase>
        <testcase classname="libraries/nestjs-libraries/src/database/prisma/operation-plan/__tests__/operation-plan.repository.spec.ts" name="OperationPlanRepository &gt; getById throws NotFoundException when the plan does not exist (or belongs to another org)" time="0.001180417">
        </testcase>
        <testcase classname="libraries/nestjs-libraries/src/database/prisma/operation-plan/__tests__/operation-plan.repository.spec.ts" name="OperationPlanRepository &gt; getPostsForPlan filters by operationPlanId + organizationId, excludes soft-deleted" time="0.000437375">
        </testcase>
        <testcase classname="libraries/nestjs-libraries/src/database/prisma/operation-plan/__tests__/operation-plan.repository.spec.ts" name="OperationPlanRepository &gt; getSentRepliesInRange scopes by organizationId, projectId, PUBLISHED state, and the publishDate window" time="0.000301375">
        </testcase>
        <testcase classname="libraries/nestjs-libraries/src/database/prisma/operation-plan/__tests__/operation-plan.repository.spec.ts" name="OperationPlanRepository &gt; resolveKeywordTexts short-circuits on an empty id list without querying" time="0.0002025">
        </testcase>
        <testcase classname="libraries/nestjs-libraries/src/database/prisma/operation-plan/__tests__/operation-plan.repository.spec.ts" name="OperationPlanRepository &gt; getActivePlan filters by organizationId, projectId, status=READY, and the given instant within [startsAt, endsAt]" time="0.000200084">
        </testcase>
        <testcase classname="libraries/nestjs-libraries/src/database/prisma/operation-plan/__tests__/operation-plan.repository.spec.ts" name="OperationPlanRepository &gt; resolveKeywordTexts looks up by id IN (...)" time="0.0003325">
        </testcase>
        <testcase classname="libraries/nestjs-libraries/src/database/prisma/operation-plan/__tests__/operation-plan.repository.spec.ts" name="OperationPlanRepository &gt; materializePlanPosts derives Post.id = uuidv5(plan.id, payload id) and skips existing same-plan posts" time="0.002444375">
        </testcase>
        <testcase classname="libraries/nestjs-libraries/src/database/prisma/operation-plan/__tests__/operation-plan.repository.spec.ts" name="OperationPlanRepository &gt; materializePlanPosts strips a duplicated leading title from title-platform content but not from x" time="0.002926792">
        </testcase>
        <testcase classname="libraries/nestjs-libraries/src/database/prisma/operation-plan/__tests__/operation-plan.repository.spec.ts" name="OperationPlanRepository &gt; materializePlanPosts expands a thread into a chained anchor + children (parentPostId links to the PREVIOUS part)" time="0.000674">
        </testcase>
        <testcase classname="libraries/nestjs-libraries/src/database/prisma/operation-plan/__tests__/operation-plan.repository.spec.ts" name="OperationPlanRepository &gt; materializePlanPosts creates a null-integration draft when the platform has no OAuth account" time="0.000262833">
        </testcase>
        <testcase classname="libraries/nestjs-libraries/src/database/prisma/operation-plan/__tests__/operation-plan.repository.spec.ts" name="OperationPlanRepository &gt; materializePlanPosts linkedin -&gt; linkedin-page resolution &gt; resolves to the personal integration when only linkedin is connected" time="0.000394583">
        </testcase>
        <testcase classname="libraries/nestjs-libraries/src/database/prisma/operation-plan/__tests__/operation-plan.repository.spec.ts" name="OperationPlanRepository &gt; materializePlanPosts linkedin -&gt; linkedin-page resolution &gt; falls back to the company page integration when only linkedin-page is connected" time="0.000245625">
        </testcase>
        <testcase classname="libraries/nestjs-libraries/src/database/prisma/operation-plan/__tests__/operation-plan.repository.spec.ts" name="OperationPlanRepository &gt; materializePlanPosts linkedin -&gt; linkedin-page resolution &gt; prefers the personal integration (single post, no duplication) when both linkedin and linkedin-page are connected" time="0.000388834">
        </testcase>
        <testcase classname="libraries/nestjs-libraries/src/database/prisma/operation-plan/__tests__/operation-plan.repository.spec.ts" name="OperationPlanRepository &gt; materializePlanPosts linkedin -&gt; linkedin-page resolution &gt; creates a null-integration draft tagged &quot;linkedin&quot; when neither is connected" time="0.000179542">
        </testcase>
        <testcase classname="libraries/nestjs-libraries/src/database/prisma/operation-plan/__tests__/operation-plan.repository.spec.ts" name="OperationPlanRepository &gt; materializePlanPosts drops a reddit post that has no resolved subreddit target" time="0.000159209">
        </testcase>
        <testcase classname="libraries/nestjs-libraries/src/database/prisma/operation-plan/__tests__/operation-plan.repository.spec.ts" name="OperationPlanRepository &gt; materializePlanPosts supersedes prior plans by soft-deleting their DRAFT posts (project-scoped, DRAFT-only, plan/manual drafts protected)" time="0.000314666">
        </testcase>
        <testcase classname="libraries/nestjs-libraries/src/database/prisma/operation-plan/__tests__/operation-plan.repository.spec.ts" name="OperationPlanRepository &gt; materializePlanPosts re-asserts the active plan on an idempotent re-materialize (all ids already exist → no create, still supersedes)" time="0.000201541">
        </testcase>
        <testcase classname="libraries/nestjs-libraries/src/database/prisma/operation-plan/__tests__/operation-plan.repository.spec.ts" name="OperationPlanRepository &gt; materializePlanPosts does NOT throw when the LLM re-emits a prior plan&apos;s raw UUID (namespacing by plan.id avoids the cross-plan Post.id collision)" time="0.000356417">
        </testcase>
        <testcase classname="libraries/nestjs-libraries/src/database/prisma/operation-plan/__tests__/operation-plan.repository.spec.ts" name="OperationPlanRepository &gt; materializePlanPosts does NOT supersede when the plan resolved to zero posts (dropped reddit, no existing) — avoids wiping the previous plan into an empty calendar" time="0.000140084">
        </testcase>
        <testcase classname="libraries/nestjs-libraries/src/database/prisma/operation-plan/__tests__/operation-plan.repository.spec.ts" name="normalizeDevtoTags &gt; lowercases and strips everything dev.to tags cannot contain" time="0.000127083">
        </testcase>
        <testcase classname="libraries/nestjs-libraries/src/database/prisma/operation-plan/__tests__/operation-plan.repository.spec.ts" name="normalizeDevtoTags &gt; caps at 4 — a fifth tag would fail ArrayMaxSize and strand the post" time="0.000086458">
        </testcase>
        <testcase classname="libraries/nestjs-libraries/src/database/prisma/operation-plan/__tests__/operation-plan.repository.spec.ts" name="normalizeDevtoTags &gt; dedupes tags that only differed by case or punctuation" time="0.000040458">
        </testcase>
        <testcase classname="libraries/nestjs-libraries/src/database/prisma/operation-plan/__tests__/operation-plan.repository.spec.ts" name="normalizeDevtoTags &gt; assigns distinct NEGATIVE ids so they cannot collide with real tag ids" time="0.000072416">
        </testcase>
        <testcase classname="libraries/nestjs-libraries/src/database/prisma/operation-plan/__tests__/operation-plan.repository.spec.ts" name="normalizeDevtoTags &gt; drops entries that normalize to nothing, and tolerates junk input" time="0.000070125">
        </testcase>
        <testcase classname="libraries/nestjs-libraries/src/database/prisma/operation-plan/__tests__/operation-plan.repository.spec.ts" name="materializePlanPosts — dev.to tags &gt; writes generated tags into settings in DevToSettingsDto shape" time="0.000179334">
        </testcase>
        <testcase classname="libraries/nestjs-libraries/src/database/prisma/operation-plan/__tests__/operation-plan.repository.spec.ts" name="materializePlanPosts — dev.to tags &gt; omits `tags` entirely when the model returned none" time="0.000143">
        </testcase>
        <testcase classname="libraries/nestjs-libraries/src/database/prisma/operation-plan/__tests__/operation-plan.repository.spec.ts" name="materializePlanPosts — dev.to tags &gt; never leaks tags onto a non-dev.to platform" time="0.000133833">
        </testcase>
    </testsuite>
    <testsuite name="libraries/nestjs-libraries/src/database/prisma/operation-plan/__tests__/operation-plan.service.spec.ts" timestamp="2026-08-07T06:11:56.110Z" hostname="terceldeMac-mini.local" tests="64" failures="0" errors="0" skipped="0" time="0.055296292">
        <testcase classname="libraries/nestjs-libraries/src/database/prisma/operation-plan/__tests__/operation-plan.service.spec.ts" name="OperationPlanService.getOverview &gt; returns empty engageStats when the plan has no engagePolicies" time="0.001675125">
        </testcase>
        <testcase classname="libraries/nestjs-libraries/src/database/prisma/operation-plan/__tests__/operation-plan.service.spec.ts" name="OperationPlanService.getOverview &gt; returns empty engageStats when every policy is disabled" time="0.000293459">
        </testcase>
        <testcase classname="libraries/nestjs-libraries/src/database/prisma/operation-plan/__tests__/operation-plan.service.spec.ts" name="OperationPlanService.getOverview &gt; builds a zero-filled day x keyword grid across [startsAt, endsAt] with explicit reply counts" time="0.001201875">
        </testcase>
        <testcase classname="libraries/nestjs-libraries/src/database/prisma/operation-plan/__tests__/operation-plan.service.spec.ts" name="OperationPlanService.getOverview &gt; splits the same keyword per platform (x and reddit are separate entries, not summed)" time="0.000209333">
        </testcase>
        <testcase classname="libraries/nestjs-libraries/src/database/prisma/operation-plan/__tests__/operation-plan.service.spec.ts" name="OperationPlanService.getOverview &gt; drops a keywordId that no longer resolves to an existing EngageKeyword" time="0.000110792">
        </testcase>
        <testcase classname="libraries/nestjs-libraries/src/database/prisma/operation-plan/__tests__/operation-plan.service.spec.ts" name="OperationPlanService.getOverview &gt; ignores a matched keyword in EngageSentReply that has no configured target" time="0.000151792">
        </testcase>
        <testcase classname="libraries/nestjs-libraries/src/database/prisma/operation-plan/__tests__/operation-plan.service.spec.ts" name="OperationPlanService.getOverview &gt; passes the plan&apos;s own organizationId/projectId/date range to the reply query, not caller input" time="0.00051225">
        </testcase>
        <testcase classname="libraries/nestjs-libraries/src/database/prisma/operation-plan/__tests__/operation-plan.service.spec.ts" name="OperationPlanService.getOverview &gt; composes plan + posts + engageStats into the overview shape" time="0.000231208">
        </testcase>
        <testcase classname="libraries/nestjs-libraries/src/database/prisma/operation-plan/__tests__/operation-plan.service.spec.ts" name="OperationPlanService.getOverview &gt; exposes a generating plan status at the overview top level for polling compatibility" time="0.000165125">
        </testcase>
        <testcase classname="libraries/nestjs-libraries/src/database/prisma/operation-plan/__tests__/operation-plan.service.spec.ts" name="OperationPlanService.getOverview &gt; nests thread follow-ups under their anchor post in publish order" time="0.000125334">
        </testcase>
        <testcase classname="libraries/nestjs-libraries/src/database/prisma/operation-plan/__tests__/operation-plan.service.spec.ts" name="OperationPlanService.getOverview &gt; keeps an orphan thread part as its own anchor when its parent is absent" time="0.000091042">
        </testcase>
        <testcase classname="libraries/nestjs-libraries/src/database/prisma/operation-plan/__tests__/operation-plan.service.spec.ts" name="OperationPlanService.getOverview &gt; returns empty engagePolicies/engageKeywords when the plan has no engagePolicies" time="0.000085458">
        </testcase>
        <testcase classname="libraries/nestjs-libraries/src/database/prisma/operation-plan/__tests__/operation-plan.service.spec.ts" name="OperationPlanService.getOverview &gt; re-keys engagePolicies.keywordTargets from keyword id to text and returns a flat engageKeywords list" time="0.000220792">
        </testcase>
        <testcase classname="libraries/nestjs-libraries/src/database/prisma/operation-plan/__tests__/operation-plan.service.spec.ts" name="OperationPlanService.getOverview &gt; keeps a disabled policy in engagePolicies but drops keyword ids that no longer resolve" time="0.000121625">
        </testcase>
        <testcase classname="libraries/nestjs-libraries/src/database/prisma/operation-plan/__tests__/operation-plan.service.spec.ts" name="OperationPlanService.create &gt; persists a GENERATING stub and returns immediately, then generates + bills in the background (BILLING_PENDING -&gt; READY + materialize)" time="0.003308875">
        </testcase>
        <testcase classname="libraries/nestjs-libraries/src/database/prisma/operation-plan/__tests__/operation-plan.service.spec.ts" name="OperationPlanService.create &gt; marks the plan FAILED (GENERATION_FAILED) and does not bill when generation fails" time="0.005746">
        </testcase>
        <testcase classname="libraries/nestjs-libraries/src/database/prisma/operation-plan/__tests__/operation-plan.service.spec.ts" name="OperationPlanService.create &gt; caps an over-long generated thread to MAX_THREAD_PARTS before persisting" time="0.00074">
        </testcase>
        <testcase classname="libraries/nestjs-libraries/src/database/prisma/operation-plan/__tests__/operation-plan.service.spec.ts" name="OperationPlanService.create &gt; honours a Settings-configured thread cap (operation_plan.max_thread_parts)" time="0.000385041">
        </testcase>
        <testcase classname="libraries/nestjs-libraries/src/database/prisma/operation-plan/__tests__/operation-plan.service.spec.ts" name="OperationPlanService.create &gt; requires post ids, display theme titles, and executable keyword targets in the generation contract" time="0.002077">
        </testcase>
        <testcase classname="libraries/nestjs-libraries/src/database/prisma/operation-plan/__tests__/operation-plan.service.spec.ts" name="OperationPlanService.create &gt; does not swallow post materialization failures inside the background job (rejects out of _generateAndBill after billing succeeds)" time="0.000905167">
        </testcase>
        <testcase classname="libraries/nestjs-libraries/src/database/prisma/operation-plan/__tests__/operation-plan.service.spec.ts" name="OperationPlanService.create &gt; dryRun returns the generated preview and does NOT persist, bill, or materialize anything" time="0.000462125">
        </testcase>
        <testcase classname="libraries/nestjs-libraries/src/database/prisma/operation-plan/__tests__/operation-plan.service.spec.ts" name="OperationPlanService.create &gt; dryRun linkedin preview resolution &gt; previews &quot;linkedin-page&quot; when the org only has a company page integration connected" time="0.000412167">
        </testcase>
        <testcase classname="libraries/nestjs-libraries/src/database/prisma/operation-plan/__tests__/operation-plan.service.spec.ts" name="OperationPlanService.create &gt; dryRun linkedin preview resolution &gt; previews &quot;linkedin&quot; when the org has a personal integration connected (even if a page is also connected)" time="0.00029475">
        </testcase>
        <testcase classname="libraries/nestjs-libraries/src/database/prisma/operation-plan/__tests__/operation-plan.service.spec.ts" name="OperationPlanService.create &gt; dryRun linkedin preview resolution &gt; previews &quot;linkedin&quot; unresolved when the org has connected neither" time="0.000242292">
        </testcase>
        <testcase classname="libraries/nestjs-libraries/src/database/prisma/operation-plan/__tests__/operation-plan.service.spec.ts" name="OperationPlanService.create &gt; dryRun still enforces the generation contract (invalid plan rejected, still writes nothing)" time="0.003076083">
        </testcase>
        <testcase classname="libraries/nestjs-libraries/src/database/prisma/operation-plan/__tests__/operation-plan.service.spec.ts" name="OperationPlanService.create &gt; generation schema is OpenAI structured-outputs compatible (converts, and uses only supported string formats)" time="0.001497375">
        </testcase>
        <testcase classname="libraries/nestjs-libraries/src/database/prisma/operation-plan/__tests__/operation-plan.service.spec.ts" name="OperationPlanService.create &gt; trims generated content over the platform ceiling instead of failing the plan (X weighted)" time="0.000844">
        </testcase>
        <testcase classname="libraries/nestjs-libraries/src/database/prisma/operation-plan/__tests__/operation-plan.service.spec.ts" name="OperationPlanService.create &gt; trims to a word boundary and never mid-word when over the ceiling" time="0.000672959">
        </testcase>
        <testcase classname="libraries/nestjs-libraries/src/database/prisma/operation-plan/__tests__/operation-plan.service.spec.ts" name="OperationPlanService.create &gt; uses the LLM shrink (targeting the soft budget) when OPERATION_SHRINK_MODEL is set" time="0.009468459">
        </testcase>
        <testcase classname="libraries/nestjs-libraries/src/database/prisma/operation-plan/__tests__/operation-plan.service.spec.ts" name="OperationPlanService.create &gt; reuses OPENROUTER_INTENT_MODEL for the shrink when no dedicated model is set" time="0.000476209">
        </testcase>
        <testcase classname="libraries/nestjs-libraries/src/database/prisma/operation-plan/__tests__/operation-plan.service.spec.ts" name="OperationPlanService.create &gt; falls back to the mechanical trim when the LLM shrink still exceeds the ceiling" time="0.000570542">
        </testcase>
        <testcase classname="libraries/nestjs-libraries/src/database/prisma/operation-plan/__tests__/operation-plan.service.spec.ts" name="OperationPlanService.create &gt; bills the shrink LLM tokens alongside the main generation (multi-usage transaction)" time="0.00047575">
        </testcase>
        <testcase classname="libraries/nestjs-libraries/src/database/prisma/operation-plan/__tests__/operation-plan.service.spec.ts" name="OperationPlanService.create &gt; counts X content by twitter-text weighting, so a URL costs 23 not its real length" time="0.000667375">
        </testcase>
        <testcase classname="libraries/nestjs-libraries/src/database/prisma/operation-plan/__tests__/operation-plan.service.spec.ts" name="OperationPlanService.create &gt; declares the X character budget (240, under the 280 ceiling) TWICE — at the top and the bottom of the prompt" time="0.001619292">
        </testcase>
        <testcase classname="libraries/nestjs-libraries/src/database/prisma/operation-plan/__tests__/operation-plan.service.spec.ts" name="OperationPlanService.create &gt; sources per-platform character limits from each provider maxLength() (capped soft target)" time="0.00264175">
        </testcase>
        <testcase classname="libraries/nestjs-libraries/src/database/prisma/operation-plan/__tests__/operation-plan.service.spec.ts" name="OperationPlanService.create &gt; persists dailyTargets alongside the default targetRepliesPerDay" time="0.000480958">
        </testcase>
        <testcase classname="libraries/nestjs-libraries/src/database/prisma/operation-plan/__tests__/operation-plan.service.spec.ts" name="OperationPlanService.create &gt; rejects a dailyTargets date outside the plan range" time="0.0003595">
        </testcase>
        <testcase classname="libraries/nestjs-libraries/src/database/prisma/operation-plan/__tests__/operation-plan.service.spec.ts" name="OperationPlanService.create &gt; rejects a repeated dailyTargets date" time="0.000388917">
        </testcase>
        <testcase classname="libraries/nestjs-libraries/src/database/prisma/operation-plan/__tests__/operation-plan.service.spec.ts" name="OperationPlanService.create &gt; tells the generator to express the weekday/weekend rhythm via dated dailyTargets" time="0.000401542">
        </testcase>
        <testcase classname="libraries/nestjs-libraries/src/database/prisma/operation-plan/__tests__/operation-plan.service.spec.ts" name="OperationPlanService.create &gt; rejects a platform that is connected but not on the Settings allowlist" time="0.000519167">
        </testcase>
        <testcase classname="libraries/nestjs-libraries/src/database/prisma/operation-plan/__tests__/operation-plan.service.spec.ts" name="OperationPlanService.create &gt; treats an empty/absent allowlist as &quot;no extra restriction&quot;" time="0.000259208">
        </testcase>
        <testcase classname="libraries/nestjs-libraries/src/database/prisma/operation-plan/__tests__/operation-plan.service.spec.ts" name="OperationPlanService.create &gt; normalizes &quot;linkedin-page&quot; to &quot;linkedin&quot; in the requested platforms" time="0.000212375">
        </testcase>
        <testcase classname="libraries/nestjs-libraries/src/database/prisma/operation-plan/__tests__/operation-plan.service.spec.ts" name="OperationPlanService.create &gt; dedupes when both &quot;linkedin&quot; and &quot;linkedin-page&quot; are requested on the same plan" time="0.000211792">
        </testcase>
        <testcase classname="libraries/nestjs-libraries/src/database/prisma/operation-plan/__tests__/operation-plan.service.spec.ts" name="OperationPlanService.create &gt; treats the admin allowlist &quot;linkedin-page&quot; entry as equivalent to &quot;linkedin&quot;" time="0.000206834">
        </testcase>
        <testcase classname="libraries/nestjs-libraries/src/database/prisma/operation-plan/__tests__/operation-plan.service.spec.ts" name="OperationPlanService.create &gt; accepts a platform with no connected account (publishing is by platform, not OAuth)" time="0.000486791">
        </testcase>
        <testcase classname="libraries/nestjs-libraries/src/database/prisma/operation-plan/__tests__/operation-plan.service.spec.ts" name="OperationPlanService.create &gt; feeds the Settings platform cadence for the requested platforms into the prompt" time="0.000291">
        </testcase>
        <testcase classname="libraries/nestjs-libraries/src/database/prisma/operation-plan/__tests__/operation-plan.service.spec.ts" name="OperationPlanService.create &gt; falls back to the built-in cadence when a requested platform has none configured (playbook covers every platform)" time="0.000317667">
        </testcase>
        <testcase classname="libraries/nestjs-libraries/src/database/prisma/operation-plan/__tests__/operation-plan.service.spec.ts" name="OperationPlanService.create &gt; feeds a generic fallback cadence for a requested platform with neither configured nor built-in cadence" time="0.000301334">
        </testcase>
        <testcase classname="libraries/nestjs-libraries/src/database/prisma/operation-plan/__tests__/operation-plan.service.spec.ts" name="OperationPlanService.create &gt; declares the platform-coverage requirement (with the requested platforms) in the prompt" time="0.000949166">
        </testcase>
        <testcase classname="libraries/nestjs-libraries/src/database/prisma/operation-plan/__tests__/operation-plan.service.spec.ts" name="OperationPlanService.create &gt; rejects a generated plan that produced no content for a requested platform" time="0.000492084">
        </testcase>
        <testcase classname="libraries/nestjs-libraries/src/database/prisma/operation-plan/__tests__/operation-plan.service.spec.ts" name="OperationPlanService.create &gt; warns the generator that multi-word hashtags break on X" time="0.000331542">
        </testcase>
        <testcase classname="libraries/nestjs-libraries/src/database/prisma/operation-plan/__tests__/operation-plan.service.spec.ts" name="OperationPlanService.create &gt; feeds request keywords to the generator verbatim when provided" time="0.000252125">
        </testcase>
        <testcase classname="libraries/nestjs-libraries/src/database/prisma/operation-plan/__tests__/operation-plan.service.spec.ts" name="OperationPlanService.create &gt; prefers result.code_web_analyzer.keywords over product_snapshot.keywords when the request omits keywords" time="0.00028025">
        </testcase>
        <testcase classname="libraries/nestjs-libraries/src/database/prisma/operation-plan/__tests__/operation-plan.service.spec.ts" name="OperationPlanService.create &gt; falls back to product_snapshot.keywords when neither request keywords nor code_web_analyzer keywords exist" time="0.000222458">
        </testcase>
        <testcase classname="libraries/nestjs-libraries/src/database/prisma/operation-plan/__tests__/operation-plan.service.spec.ts" name="OperationPlanService.create &gt; falls back to product_snapshot.keywords when the request keywords array is empty" time="0.000236208">
        </testcase>
        <testcase classname="libraries/nestjs-libraries/src/database/prisma/operation-plan/__tests__/operation-plan.service.spec.ts" name="OperationPlanService.create &gt; maps engagePolicies keywordTargets from keyword TEXT to EngageKeyword.id on the persist path" time="0.000310791">
        </testcase>
        <testcase classname="libraries/nestjs-libraries/src/database/prisma/operation-plan/__tests__/operation-plan.service.spec.ts" name="OperationPlanService.create &gt; persists a data goal from the LLM goal + source total_score (baseline rounded, targetScore clamped up to baseline)" time="0.000651458">
        </testcase>
        <testcase classname="libraries/nestjs-libraries/src/database/prisma/operation-plan/__tests__/operation-plan.service.spec.ts" name="OperationPlanService.create &gt; clamps a targetScore above 100 down to 100" time="0.000300333">
        </testcase>
        <testcase classname="libraries/nestjs-libraries/src/database/prisma/operation-plan/__tests__/operation-plan.service.spec.ts" name="OperationPlanService.create &gt; dryRun returns the goal data (baselineScore null when the task has no total_score)" time="0.000240458">
        </testcase>
        <testcase classname="libraries/nestjs-libraries/src/database/prisma/operation-plan/__tests__/operation-plan.service.spec.ts" name="OperationPlanService.create &gt; dryRun keeps keyword TEXT keys and never creates keywords" time="0.00025225">
        </testcase>
        <testcase classname="libraries/nestjs-libraries/src/database/prisma/operation-plan/__tests__/operation-plan.service.spec.ts" name="OperationPlanService.create &gt; dryRun on an already-planned task returns the existing plan read-only (no generation/billing/materialization)" time="0.000243916">
        </testcase>
        <testcase classname="libraries/nestjs-libraries/src/database/prisma/operation-plan/__tests__/operation-plan.service.spec.ts" name="OperationPlanService.create &gt; short-circuits an already-planned task (same params): returns the existing plan, no second create/generation/billing" time="0.000222917">
        </testcase>
        <testcase classname="libraries/nestjs-libraries/src/database/prisma/operation-plan/__tests__/operation-plan.service.spec.ts" name="OperationPlanService.create &gt; creates a BRAND-NEW plan when the task already has a plan but with different params (no short-circuit)" time="0.002446875">
        </testcase>
        <testcase classname="libraries/nestjs-libraries/src/database/prisma/operation-plan/__tests__/operation-plan.service.spec.ts" name="OperationPlanService.create &gt; resumeStuckGenerations re-drives a stuck GENERATING row through generation + billing in place (no second create, same billing key)" time="0.000696875">
        </testcase>
    </testsuite>
    <testsuite name="libraries/nestjs-libraries/src/database/prisma/operation-plan/__tests__/reddit-target-resolver.spec.ts" timestamp="2026-08-07T06:11:56.113Z" hostname="terceldeMac-mini.local" tests="16" failures="0" errors="0" skipped="0" time="0.004195125">
        <testcase classname="libraries/nestjs-libraries/src/database/prisma/operation-plan/__tests__/reddit-target-resolver.spec.ts" name="normalizeSubreddit &gt; strips prefixes and lowercases" time="0.000678375">
        </testcase>
        <testcase classname="libraries/nestjs-libraries/src/database/prisma/operation-plan/__tests__/reddit-target-resolver.spec.ts" name="normalizeSubreddit &gt; rejects invalid names" time="0.000107167">
        </testcase>
        <testcase classname="libraries/nestjs-libraries/src/database/prisma/operation-plan/__tests__/reddit-target-resolver.spec.ts" name="probeSubreddit &gt; reports a healthy public self-post subreddit" time="0.000835083">
        </testcase>
        <testcase classname="libraries/nestjs-libraries/src/database/prisma/operation-plan/__tests__/reddit-target-resolver.spec.ts" name="probeSubreddit &gt; marks a 404 as reachable-but-nonexistent" time="0.000294292">
        </testcase>
        <testcase classname="libraries/nestjs-libraries/src/database/prisma/operation-plan/__tests__/reddit-target-resolver.spec.ts" name="probeSubreddit &gt; treats a WAF interstitial as unreachable" time="0.000083542">
        </testcase>
        <testcase classname="libraries/nestjs-libraries/src/database/prisma/operation-plan/__tests__/reddit-target-resolver.spec.ts" name="probeSubreddit &gt; flags link-only and private subreddits" time="0.000098833">
        </testcase>
        <testcase classname="libraries/nestjs-libraries/src/database/prisma/operation-plan/__tests__/reddit-target-resolver.spec.ts" name="probeSubreddit &gt; flags inactivity beyond the 48h window" time="0.000074">
        </testcase>
        <testcase classname="libraries/nestjs-libraries/src/database/prisma/operation-plan/__tests__/reddit-target-resolver.spec.ts" name="resolveRedditTargets — Tier 1 (monitored channels) &gt; assigns curated channels, largest-audience-first, round-robin" time="0.000307334">
        </testcase>
        <testcase classname="libraries/nestjs-libraries/src/database/prisma/operation-plan/__tests__/reddit-target-resolver.spec.ts" name="resolveRedditTargets — Tier 1 (monitored channels) &gt; drops a monitored channel that is now link-only or gone" time="0.000081083">
        </testcase>
        <testcase classname="libraries/nestjs-libraries/src/database/prisma/operation-plan/__tests__/reddit-target-resolver.spec.ts" name="resolveRedditTargets — Tier 1 (monitored channels) &gt; excludes unpostable channels from the pool without dropping posts (no round-robin onto a dead sub)" time="0.000155916">
        </testcase>
        <testcase classname="libraries/nestjs-libraries/src/database/prisma/operation-plan/__tests__/reddit-target-resolver.spec.ts" name="resolveRedditTargets — Tier 1 (monitored channels) &gt; falls back to Tier 2 when every monitored channel is unpostable" time="0.000105208">
        </testcase>
        <testcase classname="libraries/nestjs-libraries/src/database/prisma/operation-plan/__tests__/reddit-target-resolver.spec.ts" name="resolveRedditTargets — Tier 1 (monitored channels) &gt; keeps a monitored channel when the probe is unreachable (trust curation)" time="0.00006925">
        </testcase>
        <testcase classname="libraries/nestjs-libraries/src/database/prisma/operation-plan/__tests__/reddit-target-resolver.spec.ts" name="resolveRedditTargets — Tier 2 (LLM proposal + validation) &gt; accepts a valid LLM subreddit and marks it for persistence" time="0.000103375">
        </testcase>
        <testcase classname="libraries/nestjs-libraries/src/database/prisma/operation-plan/__tests__/reddit-target-resolver.spec.ts" name="resolveRedditTargets — Tier 2 (LLM proposal + validation) &gt; clamps an over-long title to Reddit’s 300-char ceiling" time="0.000404959">
        </testcase>
        <testcase classname="libraries/nestjs-libraries/src/database/prisma/operation-plan/__tests__/reddit-target-resolver.spec.ts" name="resolveRedditTargets — Tier 2 (LLM proposal + validation) &gt; drops posts whose subreddit fails validation" time="0.000107417">
        </testcase>
        <testcase classname="libraries/nestjs-libraries/src/database/prisma/operation-plan/__tests__/reddit-target-resolver.spec.ts" name="resolveRedditTargets — Tier 2 (LLM proposal + validation) &gt; probes each distinct subreddit once (memoized) and dedups discoveries" time="0.000124166">
        </testcase>
    </testsuite>
    <testsuite name="libraries/nestjs-libraries/src/database/prisma/operation-plan/__tests__/theme-title.spec.ts" timestamp="2026-08-07T06:11:56.113Z" hostname="terceldeMac-mini.local" tests="14" failures="0" errors="0" skipped="0" time="0.001910417">
        <testcase classname="libraries/nestjs-libraries/src/database/prisma/operation-plan/__tests__/theme-title.spec.ts" name="postTitleFromTheme &gt; strips the canonical &quot;W1 - &quot; week label from the prompt" time="0.000625334">
        </testcase>
        <testcase classname="libraries/nestjs-libraries/src/database/prisma/operation-plan/__tests__/theme-title.spec.ts" name="postTitleFromTheme &gt; strips multi-digit week numbers" time="0.000091458">
        </testcase>
        <testcase classname="libraries/nestjs-libraries/src/database/prisma/operation-plan/__tests__/theme-title.spec.ts" name="postTitleFromTheme &gt; strips the &quot;Week N&quot; long form and en/em dashes" time="0.000087">
        </testcase>
        <testcase classname="libraries/nestjs-libraries/src/database/prisma/operation-plan/__tests__/theme-title.spec.ts" name="postTitleFromTheme &gt; strips a colon-delimited week label" time="0.000034417">
        </testcase>
        <testcase classname="libraries/nestjs-libraries/src/database/prisma/operation-plan/__tests__/theme-title.spec.ts" name="postTitleFromTheme &gt; leaves a title without a week prefix untouched (aside from trim)" time="0.000043916">
        </testcase>
        <testcase classname="libraries/nestjs-libraries/src/database/prisma/operation-plan/__tests__/theme-title.spec.ts" name="postTitleFromTheme &gt; does not strip a &quot;W&quot; that is not a week token" time="0.000028959">
        </testcase>
        <testcase classname="libraries/nestjs-libraries/src/database/prisma/operation-plan/__tests__/theme-title.spec.ts" name="postTitleFromTheme &gt; falls back to the original when stripping would empty the title" time="0.000030041">
        </testcase>
        <testcase classname="libraries/nestjs-libraries/src/database/prisma/operation-plan/__tests__/theme-title.spec.ts" name="stripDuplicatedTitleFromContent &gt; strips a verbatim repeated title line plus the blank line after it" time="0.000187625">
        </testcase>
        <testcase classname="libraries/nestjs-libraries/src/database/prisma/operation-plan/__tests__/theme-title.spec.ts" name="stripDuplicatedTitleFromContent &gt; strips a markdown-heading restatement of the title" time="0.000040792">
        </testcase>
        <testcase classname="libraries/nestjs-libraries/src/database/prisma/operation-plan/__tests__/theme-title.spec.ts" name="stripDuplicatedTitleFromContent &gt; strips a bold restatement with trailing punctuation, case-insensitively" time="0.0000385">
        </testcase>
        <testcase classname="libraries/nestjs-libraries/src/database/prisma/operation-plan/__tests__/theme-title.spec.ts" name="stripDuplicatedTitleFromContent &gt; leaves content alone when the first line is not the title" time="0.000034792">
        </testcase>
        <testcase classname="libraries/nestjs-libraries/src/database/prisma/operation-plan/__tests__/theme-title.spec.ts" name="stripDuplicatedTitleFromContent &gt; leaves content alone when the first line merely starts with the title" time="0.000032542">
        </testcase>
        <testcase classname="libraries/nestjs-libraries/src/database/prisma/operation-plan/__tests__/theme-title.spec.ts" name="stripDuplicatedTitleFromContent &gt; keeps a title-only content non-empty rather than stripping to nothing" time="0.000046417">
        </testcase>
        <testcase classname="libraries/nestjs-libraries/src/database/prisma/operation-plan/__tests__/theme-title.spec.ts" name="stripDuplicatedTitleFromContent &gt; is inert on an empty title" time="0.000031209">
        </testcase>
    </testsuite>
    <testsuite name="libraries/nestjs-libraries/src/database/prisma/users/__tests__/users.service.getUserLimits.spec.ts" timestamp="2026-08-07T06:11:56.114Z" hostname="terceldeMac-mini.local" tests="4" failures="0" errors="0" skipped="0" time="0.00384075">
        <testcase classname="libraries/nestjs-libraries/src/database/prisma/users/__tests__/users.service.getUserLimits.spec.ts" name="UsersService.getUserLimits &gt; returns null when billing is disabled (no overrides applied)" time="0.001085792">
        </testcase>
        <testcase classname="libraries/nestjs-libraries/src/database/prisma/users/__tests__/users.service.getUserLimits.spec.ts" name="UsersService.getUserLimits &gt; returns the marked sentinel when there is no package — never overridable" time="0.001040666">
        </testcase>
        <testcase classname="libraries/nestjs-libraries/src/database/prisma/users/__tests__/users.service.getUserLimits.spec.ts" name="UsersService.getUserLimits &gt; returns the marked sentinel when the package is expired — never overridable" time="0.000195333">
        </testcase>
        <testcase classname="libraries/nestjs-libraries/src/database/prisma/users/__tests__/users.service.getUserLimits.spec.ts" name="UsersService.getUserLimits &gt; applies post_plan_limits overrides to an active package" time="0.000874959">
        </testcase>
    </testsuite>
    <testsuite name="libraries/nestjs-libraries/src/database/prisma/posts/__tests__/error-details.spec.ts" timestamp="2026-08-07T06:11:56.114Z" hostname="terceldeMac-mini.local" tests="13" failures="0" errors="0" skipped="0" time="0.006975875">
        <testcase classname="libraries/nestjs-libraries/src/database/prisma/posts/__tests__/error-details.spec.ts" name="PostsRepository.logError — message field content &gt; preserves the full stack (not truncated to 3 lines) in the message field" time="0.00119575">
        </testcase>
        <testcase classname="libraries/nestjs-libraries/src/database/prisma/posts/__tests__/error-details.spec.ts" name="PostsRepository.logError — message field content &gt; includes code, type, and structured details for 401 ApiResponseError" time="0.00220225">
        </testcase>
        <testcase classname="libraries/nestjs-libraries/src/database/prisma/posts/__tests__/error-details.spec.ts" name="PostsRepository.logError — message field content &gt; walks the cause chain (Temporal ApplicationFailure → inner platform error)" time="0.000267542">
        </testcase>
        <testcase classname="libraries/nestjs-libraries/src/database/prisma/posts/__tests__/error-details.spec.ts" name="PostsRepository.logError — message field content &gt; handles plain string errors without crashing" time="0.000104666">
        </testcase>
        <testcase classname="libraries/nestjs-libraries/src/database/prisma/posts/__tests__/error-details.spec.ts" name="PostsRepository.logError — message field content &gt; caps overly long messages with a truncation marker (no unbounded growth)" time="0.000155417">
        </testcase>
        <testcase classname="libraries/nestjs-libraries/src/database/prisma/posts/__tests__/error-details.spec.ts" name="PostsRepository.logError — message field content &gt; keeps the legacy `body` column unchanged (still postsList context)" time="0.000132541">
        </testcase>
        <testcase classname="libraries/nestjs-libraries/src/database/prisma/posts/__tests__/error-details.spec.ts" name="PostsRepository.logError — message field content &gt; handles circular references in error.details without throwing" time="0.0005065">
        </testcase>
        <testcase classname="libraries/nestjs-libraries/src/database/prisma/posts/__tests__/error-details.spec.ts" name="PostsRepository.logError — message field content &gt; credential redaction (W2) &gt; redacts Authorization / Cookie / x-api-key headers but keeps innocuous ones" time="0.000485834">
        </testcase>
        <testcase classname="libraries/nestjs-libraries/src/database/prisma/posts/__tests__/error-details.spec.ts" name="PostsRepository.logError — message field content &gt; credential redaction (W2) &gt; redacts headers regardless of case (Authorization vs authorization vs AUTHORIZATION)" time="0.000160583">
        </testcase>
        <testcase classname="libraries/nestjs-libraries/src/database/prisma/posts/__tests__/error-details.spec.ts" name="PostsRepository.logError — message field content &gt; credential redaction (W2) &gt; redacts headers from fetch/undici-style Headers objects (forEach + get)" time="0.000166167">
        </testcase>
        <testcase classname="libraries/nestjs-libraries/src/database/prisma/posts/__tests__/error-details.spec.ts" name="PostsRepository.logError — message field content &gt; credential redaction (W2) &gt; strips access_token / refresh_token / code / client_secret from captured config.url" time="0.000311125">
        </testcase>
        <testcase classname="libraries/nestjs-libraries/src/database/prisma/posts/__tests__/error-details.spec.ts" name="PostsRepository.logError — message field content &gt; credential redaction (W2) &gt; handles non-URL-parseable url strings gracefully (regex fallback)" time="0.000149958">
        </testcase>
        <testcase classname="libraries/nestjs-libraries/src/database/prisma/posts/__tests__/error-details.spec.ts" name="PostsRepository.logError — message field content &gt; credential redaction (W2) &gt; does not crash when response.headers is null/undefined/missing" time="0.000495583">
        </testcase>
    </testsuite>
    <testsuite name="libraries/nestjs-libraries/src/database/prisma/posts/__tests__/extension-publish-config.spec.ts" timestamp="2026-08-07T06:11:56.115Z" hostname="terceldeMac-mini.local" tests="10" failures="0" errors="0" skipped="0" time="0.004667208">
        <testcase classname="libraries/nestjs-libraries/src/database/prisma/posts/__tests__/extension-publish-config.spec.ts" name="resolveSegmentGaps &gt; returns the built-in defaults when nothing is stored" time="0.001271209">
        </testcase>
        <testcase classname="libraries/nestjs-libraries/src/database/prisma/posts/__tests__/extension-publish-config.spec.ts" name="resolveSegmentGaps &gt; applies the stored global default to every platform without an override" time="0.000218125">
        </testcase>
        <testcase classname="libraries/nestjs-libraries/src/database/prisma/posts/__tests__/extension-publish-config.spec.ts" name="resolveSegmentGaps &gt; lets a platform override beat the global default" time="0.000074334">
        </testcase>
        <testcase classname="libraries/nestjs-libraries/src/database/prisma/posts/__tests__/extension-publish-config.spec.ts" name="resolveSegmentGaps &gt; falls through per tier on malformed ranges" time="0.000078584">
        </testcase>
        <testcase classname="libraries/nestjs-libraries/src/database/prisma/posts/__tests__/extension-publish-config.spec.ts" name="resolveSegmentGaps &gt; accepts [0, 0] as a valid disable value at either tier" time="0.000061291">
        </testcase>
        <testcase classname="libraries/nestjs-libraries/src/database/prisma/posts/__tests__/extension-publish-config.spec.ts" name="resolveSegmentGaps &gt; clamps both bounds to MAX_SEGMENT_GAP_S" time="0.000055458">
        </testcase>
        <testcase classname="libraries/nestjs-libraries/src/database/prisma/posts/__tests__/extension-publish-config.spec.ts" name="resolveSegmentGaps &gt; treats the legacy flat per-platform shape as platform overrides" time="0.000051083">
        </testcase>
        <testcase classname="libraries/nestjs-libraries/src/database/prisma/posts/__tests__/extension-publish-config.spec.ts" name="resolveSegmentGaps &gt; never emits platforms outside the publishable set" time="0.000298083">
        </testcase>
        <testcase classname="libraries/nestjs-libraries/src/database/prisma/posts/__tests__/extension-publish-config.spec.ts" name="ExtensionPublishConfigService &gt; seeds the default setting once on module init" time="0.001589042">
        </testcase>
        <testcase classname="libraries/nestjs-libraries/src/database/prisma/posts/__tests__/extension-publish-config.spec.ts" name="ExtensionPublishConfigService &gt; resolves the effective config from the stored setting" time="0.000111458">
        </testcase>
    </testsuite>
    <testsuite name="libraries/nestjs-libraries/src/database/prisma/posts/__tests__/post-overage.service.spec.ts" timestamp="2026-08-07T06:11:56.115Z" hostname="terceldeMac-mini.local" tests="16" failures="0" errors="0" skipped="0" time="0.006575">
        <testcase classname="libraries/nestjs-libraries/src/database/prisma/posts/__tests__/post-overage.service.spec.ts" name="PostOverageService &gt; deducts 25 credits when post count exceeds postSendLimit" time="0.002840292">
        </testcase>
        <testcase classname="libraries/nestjs-libraries/src/database/prisma/posts/__tests__/post-overage.service.spec.ts" name="PostOverageService &gt; deducts when postSendLimit equals published count (count &gt; limit after new post)" time="0.000215792">
        </testcase>
        <testcase classname="libraries/nestjs-libraries/src/database/prisma/posts/__tests__/post-overage.service.spec.ts" name="PostOverageService &gt; deducts when already far over limit" time="0.0002325">
        </testcase>
        <testcase classname="libraries/nestjs-libraries/src/database/prisma/posts/__tests__/post-overage.service.spec.ts" name="PostOverageService &gt; does NOT deduct when count is within the limit" time="0.000145083">
        </testcase>
        <testcase classname="libraries/nestjs-libraries/src/database/prisma/posts/__tests__/post-overage.service.spec.ts" name="PostOverageService &gt; does NOT deduct when count exactly equals the limit" time="0.000099417">
        </testcase>
        <testcase classname="libraries/nestjs-libraries/src/database/prisma/posts/__tests__/post-overage.service.spec.ts" name="PostOverageService &gt; does NOT deduct on the no-active-subscription sentinel" time="0.000113375">
        </testcase>
        <testcase classname="libraries/nestjs-libraries/src/database/prisma/posts/__tests__/post-overage.service.spec.ts" name="PostOverageService &gt; does NOT deduct when postSendLimit is null (no limit) on an active plan" time="0.000202916">
        </testcase>
        <testcase classname="libraries/nestjs-libraries/src/database/prisma/posts/__tests__/post-overage.service.spec.ts" name="PostOverageService &gt; deducts from the FIRST post when postSendLimit is 0 on an active plan (zero free quota)" time="0.00026125">
        </testcase>
        <testcase classname="libraries/nestjs-libraries/src/database/prisma/posts/__tests__/post-overage.service.spec.ts" name="PostOverageService &gt; does NOT deduct when periodStart is missing" time="0.00020225">
        </testcase>
        <testcase classname="libraries/nestjs-libraries/src/database/prisma/posts/__tests__/post-overage.service.spec.ts" name="PostOverageService &gt; uses custom overage cost from settings" time="0.000183083">
        </testcase>
        <testcase classname="libraries/nestjs-libraries/src/database/prisma/posts/__tests__/post-overage.service.spec.ts" name="PostOverageService &gt; falls back to default 25 when settings returns null" time="0.000209208">
        </testcase>
        <testcase classname="libraries/nestjs-libraries/src/database/prisma/posts/__tests__/post-overage.service.spec.ts" name="PostOverageService &gt; attributes the overage record to source=&quot;calendar&quot; by default" time="0.000178833">
        </testcase>
        <testcase classname="libraries/nestjs-libraries/src/database/prisma/posts/__tests__/post-overage.service.spec.ts" name="PostOverageService &gt; attributes the overage record to source=&quot;engage&quot; for Engage replies" time="0.000153042">
        </testcase>
        <testcase classname="libraries/nestjs-libraries/src/database/prisma/posts/__tests__/post-overage.service.spec.ts" name="PostOverageService &gt; generates a deterministic taskId based on postId" time="0.000139042">
        </testcase>
        <testcase classname="libraries/nestjs-libraries/src/database/prisma/posts/__tests__/post-overage.service.spec.ts" name="PostOverageService &gt; does not throw when getUserLimits fails" time="0.00053925">
        </testcase>
        <testcase classname="libraries/nestjs-libraries/src/database/prisma/posts/__tests__/post-overage.service.spec.ts" name="PostOverageService &gt; does not throw when deductAndConfirm fails" time="0.0001735">
        </testcase>
    </testsuite>
    <testsuite name="libraries/nestjs-libraries/src/database/prisma/posts/__tests__/post-plan-limits.service.spec.ts" timestamp="2026-08-07T06:11:56.116Z" hostname="terceldeMac-mini.local" tests="9" failures="0" errors="0" skipped="0" time="0.004347708">
        <testcase classname="libraries/nestjs-libraries/src/database/prisma/posts/__tests__/post-plan-limits.service.spec.ts" name="PostPlanLimitsService.onModuleInit &gt; seeds zero free posts (channel deferred to aisee) when the key is missing" time="0.002499375">
        </testcase>
        <testcase classname="libraries/nestjs-libraries/src/database/prisma/posts/__tests__/post-plan-limits.service.spec.ts" name="PostPlanLimitsService.onModuleInit &gt; does not reseed when a value exists" time="0.000156166">
        </testcase>
        <testcase classname="libraries/nestjs-libraries/src/database/prisma/posts/__tests__/post-plan-limits.service.spec.ts" name="PostPlanLimitsService.getAll &gt; absent fields fall back to defaults (send 0 / channel null); explicit null = no limit" time="0.000211125">
        </testcase>
        <testcase classname="libraries/nestjs-libraries/src/database/prisma/posts/__tests__/post-plan-limits.service.spec.ts" name="PostPlanLimitsService.getAll — sanitisation &gt; accepts 0 as a real quota; junk falls back to the field DEFAULT, never to null" time="0.000214333">
        </testcase>
        <testcase classname="libraries/nestjs-libraries/src/database/prisma/posts/__tests__/post-plan-limits.service.spec.ts" name="PostPlanLimitsService.applyOverrides &gt; returns the package unchanged when the Settings read throws" time="0.00026375">
        </testcase>
        <testcase classname="libraries/nestjs-libraries/src/database/prisma/posts/__tests__/post-plan-limits.service.spec.ts" name="PostPlanLimitsService.applyOverrides &gt; applies the defaults when the plan has no stored entry (send 0, channel unlimited)" time="0.000123291">
        </testcase>
        <testcase classname="libraries/nestjs-libraries/src/database/prisma/posts/__tests__/post-plan-limits.service.spec.ts" name="PostPlanLimitsService.applyOverrides &gt; REPLACES the aisee numbers once the plan resolves; null = no limit" time="0.000072083">
        </testcase>
        <testcase classname="libraries/nestjs-libraries/src/database/prisma/posts/__tests__/post-plan-limits.service.spec.ts" name="PostPlanLimitsService.applyOverrides &gt; resolves the plan from the exact `plan` field over the display name" time="0.000074375">
        </testcase>
        <testcase classname="libraries/nestjs-libraries/src/database/prisma/posts/__tests__/post-plan-limits.service.spec.ts" name="PostPlanLimitsService.applyOverrides &gt; passes an unresolvable plan through unchanged" time="0.00006225">
        </testcase>
    </testsuite>
    <testsuite name="libraries/nestjs-libraries/src/database/prisma/posts/__tests__/post-workflow.spec.ts" timestamp="2026-08-07T06:11:56.116Z" hostname="terceldeMac-mini.local" tests="43" failures="0" errors="0" skipped="0" time="0.039811208">
        <testcase classname="libraries/nestjs-libraries/src/database/prisma/posts/__tests__/post-workflow.spec.ts" name="PostsRepository.findOrCreateCycleClone &gt; should create clone WITHOUT sourcePostId" time="0.001508666">
        </testcase>
        <testcase classname="libraries/nestjs-libraries/src/database/prisma/posts/__tests__/post-workflow.spec.ts" name="PostsRepository.findOrCreateCycleClone &gt; should detect existing clone by group + publishDate (not sourcePostId)" time="0.000223541">
        </testcase>
        <testcase classname="libraries/nestjs-libraries/src/database/prisma/posts/__tests__/post-workflow.spec.ts" name="PostsRepository.findOrCreateCycleClone &gt; should handle race condition — earliest clone wins" time="0.000619375">
        </testcase>
        <testcase classname="libraries/nestjs-libraries/src/database/prisma/posts/__tests__/post-workflow.spec.ts" name="PostsService.finalizeRecurringCycle &gt; should finalize clone + advance publishDate on SUCCESS" time="0.003253125">
        </testcase>
        <testcase classname="libraries/nestjs-libraries/src/database/prisma/posts/__tests__/post-workflow.spec.ts" name="PostsService.finalizeRecurringCycle &gt; should finalize clone + advance publishDate on ERROR" time="0.000447417">
        </testcase>
        <testcase classname="libraries/nestjs-libraries/src/database/prisma/posts/__tests__/post-workflow.spec.ts" name="PostsService.finalizeRecurringCycle &gt; should skip non-recurring post" time="0.000317666">
        </testcase>
        <testcase classname="libraries/nestjs-libraries/src/database/prisma/posts/__tests__/post-workflow.spec.ts" name="PostsRepository.deletePost &gt; should delete everything for non-recurring posts" time="0.000260875">
        </testcase>
        <testcase classname="libraries/nestjs-libraries/src/database/prisma/posts/__tests__/post-workflow.spec.ts" name="PostsRepository.deletePost &gt; should only delete QUEUE/DRAFT for recurring posts" time="0.000127709">
        </testcase>
        <testcase classname="libraries/nestjs-libraries/src/database/prisma/posts/__tests__/post-workflow.spec.ts" name="PostsRepository.deletePost &gt; should preserve PUBLISHED clones after deleting recurring post" time="0.000307458">
        </testcase>
        <testcase classname="libraries/nestjs-libraries/src/database/prisma/posts/__tests__/post-workflow.spec.ts" name="PostsRepository.getPosts — calendar clone display &gt; returns recurring template + clones in one query and links them by group (not by sourcePostId)" time="0.001190208">
        </testcase>
        <testcase classname="libraries/nestjs-libraries/src/database/prisma/posts/__tests__/post-workflow.spec.ts" name="PostsRepository.getPosts — calendar clone display &gt; should show clones even when original is deleted (sourcePostId not needed)" time="0.000146416">
        </testcase>
        <testcase classname="libraries/nestjs-libraries/src/database/prisma/posts/__tests__/post-workflow.spec.ts" name="PostsRepository.advancePublishDate &gt; should advance to next day for daily recurring" time="0.000205375">
        </testcase>
        <testcase classname="libraries/nestjs-libraries/src/database/prisma/posts/__tests__/post-workflow.spec.ts" name="PostsRepository.advancePublishDate &gt; should skip past dates (catch-up)" time="0.017268416">
        </testcase>
        <testcase classname="libraries/nestjs-libraries/src/database/prisma/posts/__tests__/post-workflow.spec.ts" name="PostsRepository.advancePublishDate &gt; should use optimistic lock on publishDate" time="0.000164875">
        </testcase>
        <testcase classname="libraries/nestjs-libraries/src/database/prisma/posts/__tests__/post-workflow.spec.ts" name="PostsRepository.advancePublishDate &gt; should return false when already advanced (optimistic lock fails)" time="0.000166458">
        </testcase>
        <testcase classname="libraries/nestjs-libraries/src/database/prisma/posts/__tests__/post-workflow.spec.ts" name="Recurring post — full cycle simulation &gt; Day 1 SUCCESS → Day 2 SUCCESS → Day 3 ERROR → Day 4 SUCCESS" time="0.000696667">
        </testcase>
        <testcase classname="libraries/nestjs-libraries/src/database/prisma/posts/__tests__/post-workflow.spec.ts" name="PostsService.changeState — recurring post protection &gt; should NOT set ERROR on recurring original post" time="0.000773583">
        </testcase>
        <testcase classname="libraries/nestjs-libraries/src/database/prisma/posts/__tests__/post-workflow.spec.ts" name="PostsService.changeState — recurring post protection &gt; should set ERROR on non-recurring post normally" time="0.00110575">
        </testcase>
        <testcase classname="libraries/nestjs-libraries/src/database/prisma/posts/__tests__/post-workflow.spec.ts" name="PostsService.changeState — recurring post protection &gt; should set ERROR on a recurring-group THREAD ITEM (parentPostId set)" time="0.00089125">
        </testcase>
        <testcase classname="libraries/nestjs-libraries/src/database/prisma/posts/__tests__/post-workflow.spec.ts" name="PostsService.changeState — recurring post protection &gt; should set PUBLISHED on a thread item via updatePost" time="0.001142375">
        </testcase>
        <testcase classname="libraries/nestjs-libraries/src/database/prisma/posts/__tests__/post-workflow.spec.ts" name="PostsService.finalizeRecurringCycle — thread failure uses PUBLISHED state &gt; records PUBLISHED for the cycle clone when main post succeeded (i&gt;0 failed)" time="0.000845292">
        </testcase>
        <testcase classname="libraries/nestjs-libraries/src/database/prisma/posts/__tests__/post-workflow.spec.ts" name="PostsService.finalizeRecurringCycle — thread failure uses PUBLISHED state &gt; records ERROR for the cycle clone when main post failed (i=0 failed)" time="0.000382292">
        </testcase>
        <testcase classname="libraries/nestjs-libraries/src/database/prisma/posts/__tests__/post-workflow.spec.ts" name="PostsService.changeState — refreshNeeded / disabled early-exit &gt; marks non-recurring post ERROR when integration requires reconnection" time="0.000398208">
        </testcase>
        <testcase classname="libraries/nestjs-libraries/src/database/prisma/posts/__tests__/post-workflow.spec.ts" name="PostsService.changeState — refreshNeeded / disabled early-exit &gt; marks non-recurring post ERROR when integration is disabled" time="0.00030925">
        </testcase>
        <testcase classname="libraries/nestjs-libraries/src/database/prisma/posts/__tests__/post-workflow.spec.ts" name="PostsService.changeState — refreshNeeded / disabled early-exit &gt; does NOT mark recurring original ERROR (stays QUEUE for next cycle)" time="0.000296084">
        </testcase>
        <testcase classname="libraries/nestjs-libraries/src/database/prisma/posts/__tests__/post-workflow.spec.ts" name="PostsRepository.markStaleQueuePostsAsError &gt; marks stale non-recurring QUEUE posts as ERROR" time="0.000195792">
        </testcase>
        <testcase classname="libraries/nestjs-libraries/src/database/prisma/posts/__tests__/post-workflow.spec.ts" name="PostsRepository.markStaleQueuePostsAsError &gt; excludes recurring originals (intervalInDays set)" time="0.000069">
        </testcase>
        <testcase classname="libraries/nestjs-libraries/src/database/prisma/posts/__tests__/post-workflow.spec.ts" name="PostsRepository.markStaleQueuePostsAsError &gt; excludes thread children (parentPostId set)" time="0.000057541">
        </testcase>
        <testcase classname="libraries/nestjs-libraries/src/database/prisma/posts/__tests__/post-workflow.spec.ts" name="PostsRepository.markStaleQueuePostsAsError &gt; only targets posts older than 7 days" time="0.000085709">
        </testcase>
        <testcase classname="libraries/nestjs-libraries/src/database/prisma/posts/__tests__/post-workflow.spec.ts" name="PostsRepository.markStaleQueuePostsAsError &gt; clears releaseId so stale claim tokens do not leak to clients" time="0.000052583">
        </testcase>
        <testcase classname="libraries/nestjs-libraries/src/database/prisma/posts/__tests__/post-workflow.spec.ts" name="PostsRepository.changeState — claim-token cleanup &gt; clears releaseId when transitioning to ERROR (no body)" time="0.000293708">
        </testcase>
        <testcase classname="libraries/nestjs-libraries/src/database/prisma/posts/__tests__/post-workflow.spec.ts" name="PostsRepository.changeState — claim-token cleanup &gt; clears releaseId when transitioning to ERROR (with body → errors.create)" time="0.00011375">
        </testcase>
        <testcase classname="libraries/nestjs-libraries/src/database/prisma/posts/__tests__/post-workflow.spec.ts" name="PostsRepository.changeState — claim-token cleanup &gt; does NOT touch releaseId on non-ERROR transitions (must not wipe real platform IDs)" time="0.000066458">
        </testcase>
        <testcase classname="libraries/nestjs-libraries/src/database/prisma/posts/__tests__/post-workflow.spec.ts" name="PostsRepository.createOrUpdatePost — group cleanup guard &gt; does NOT run group cleanup when creating new posts (no value.id)" time="0.000579791">
        </testcase>
        <testcase classname="libraries/nestjs-libraries/src/database/prisma/posts/__tests__/post-workflow.spec.ts" name="PostsRepository.createOrUpdatePost — group cleanup guard &gt; does NOT soft-delete a sibling post created earlier in the same group" time="0.000291375">
        </testcase>
        <testcase classname="libraries/nestjs-libraries/src/database/prisma/posts/__tests__/post-workflow.spec.ts" name="PostsRepository.createOrUpdatePost — group cleanup guard &gt; softDeleteGroupPosts uses id notIn for excludeIds and only touches QUEUE/DRAFT" time="0.000902542">
        </testcase>
        <testcase classname="libraries/nestjs-libraries/src/database/prisma/posts/__tests__/post-workflow.spec.ts" name="PostsService.startWorkflow — no bound integration &gt; fails an accountless post that the extension cannot publish either" time="0.001082375">
        </testcase>
        <testcase classname="libraries/nestjs-libraries/src/database/prisma/posts/__tests__/post-workflow.spec.ts" name="PostsService.startWorkflow — no bound integration &gt; leaves an accountless extension-publishable post in QUEUE for the extension" time="0.000463792">
        </testcase>
        <testcase classname="libraries/nestjs-libraries/src/database/prisma/posts/__tests__/post-workflow.spec.ts" name="PostsService.startWorkflow — no bound integration &gt; resolves the platform from providerIdentifier when there is no integration to read it from" time="0.000358125">
        </testcase>
        <testcase classname="libraries/nestjs-libraries/src/database/prisma/posts/__tests__/post-workflow.spec.ts" name="PostsRepository.createOrUpdatePost — accountless posts &gt; omits the integration relation entirely when none is given" time="0.000192416">
        </testcase>
        <testcase classname="libraries/nestjs-libraries/src/database/prisma/posts/__tests__/post-workflow.spec.ts" name="PostsRepository.createOrUpdatePost — accountless posts &gt; connects the integration when one is given" time="0.000732542">
        </testcase>
        <testcase classname="libraries/nestjs-libraries/src/database/prisma/posts/__tests__/post-workflow.spec.ts" name="PostsRepository.createOrUpdatePost — accountless posts &gt; writes the caller settings through verbatim, __type included" time="0.000186333">
        </testcase>
        <testcase classname="libraries/nestjs-libraries/src/database/prisma/posts/__tests__/post-workflow.spec.ts" name="PostsRepository.createOrUpdatePost — accountless posts &gt; does not read the post row back while writing it" time="0.000117584">
        </testcase>
    </testsuite>
    <testsuite name="libraries/nestjs-libraries/src/database/prisma/posts/__tests__/posts.repository.metrics-list.spec.ts" timestamp="2026-08-07T06:11:56.118Z" hostname="terceldeMac-mini.local" tests="1" failures="0" errors="0" skipped="0" time="0.001587708">
        <testcase classname="libraries/nestjs-libraries/src/database/prisma/posts/__tests__/posts.repository.metrics-list.spec.ts" name="PostsRepository.getPostsList metrics gate fields &gt; selects lastMetricsFetchAt for every list row" time="0.001072625">
        </testcase>
    </testsuite>
    <testsuite name="libraries/nestjs-libraries/src/database/prisma/posts/__tests__/posts.repository.project-scope.spec.ts" timestamp="2026-08-07T06:11:56.118Z" hostname="terceldeMac-mini.local" tests="14" failures="0" errors="0" skipped="0" time="0.00784975">
        <testcase classname="libraries/nestjs-libraries/src/database/prisma/posts/__tests__/posts.repository.project-scope.spec.ts" name="PostsRepository projectId scoping &gt; getPosts omits the projectId filter when not provided (legacy calendar read)" time="0.004128125">
        </testcase>
        <testcase classname="libraries/nestjs-libraries/src/database/prisma/posts/__tests__/posts.repository.project-scope.spec.ts" name="PostsRepository projectId scoping &gt; getPosts filters by projectId when provided" time="0.000269125">
        </testcase>
        <testcase classname="libraries/nestjs-libraries/src/database/prisma/posts/__tests__/posts.repository.project-scope.spec.ts" name="PostsRepository projectId scoping &gt; getPostsList omits the projectId filter when not provided" time="0.000271125">
        </testcase>
        <testcase classname="libraries/nestjs-libraries/src/database/prisma/posts/__tests__/posts.repository.project-scope.spec.ts" name="PostsRepository projectId scoping &gt; getPostsList filters by projectId when provided" time="0.000127084">
        </testcase>
        <testcase classname="libraries/nestjs-libraries/src/database/prisma/posts/__tests__/posts.repository.project-scope.spec.ts" name="PostsRepository projectId scoping &gt; locatePostInList mirrors getPostsList&apos;s projectId filter exactly" time="0.000191125">
        </testcase>
        <testcase classname="libraries/nestjs-libraries/src/database/prisma/posts/__tests__/posts.repository.project-scope.spec.ts" name="PostsRepository projectId scoping &gt; getPost omits the projectId filter when not provided (legacy detail read)" time="0.000130583">
        </testcase>
        <testcase classname="libraries/nestjs-libraries/src/database/prisma/posts/__tests__/posts.repository.project-scope.spec.ts" name="PostsRepository projectId scoping &gt; getPost filters by projectId when provided (authorization-safe 404 for a foreign project)" time="0.000091292">
        </testcase>
        <testcase classname="libraries/nestjs-libraries/src/database/prisma/posts/__tests__/posts.repository.project-scope.spec.ts" name="PostsRepository projectId scoping &gt; createOrUpdatePost sets projectId to null on create when not provided (legacy post)" time="0.000597542">
        </testcase>
        <testcase classname="libraries/nestjs-libraries/src/database/prisma/posts/__tests__/posts.repository.project-scope.spec.ts" name="PostsRepository projectId scoping &gt; createOrUpdatePost sets projectId on create when provided" time="0.000219209">
        </testcase>
        <testcase classname="libraries/nestjs-libraries/src/database/prisma/posts/__tests__/posts.repository.project-scope.spec.ts" name="PostsRepository projectId scoping &gt; createOrUpdatePost does NOT touch projectId on update when not provided (must not clear existing attribution)" time="0.000136708">
        </testcase>
        <testcase classname="libraries/nestjs-libraries/src/database/prisma/posts/__tests__/posts.repository.project-scope.spec.ts" name="PostsRepository projectId scoping &gt; createOrUpdatePost DOES set projectId on update when explicitly provided" time="0.000118084">
        </testcase>
        <testcase classname="libraries/nestjs-libraries/src/database/prisma/posts/__tests__/posts.repository.project-scope.spec.ts" name="PostsRepository operationPlanId scoping &gt; getPosts filters by operationPlanId when provided" time="0.000132042">
        </testcase>
        <testcase classname="libraries/nestjs-libraries/src/database/prisma/posts/__tests__/posts.repository.project-scope.spec.ts" name="PostsRepository operationPlanId scoping &gt; getPostsList filters by operationPlanId when provided" time="0.000128833">
        </testcase>
        <testcase classname="libraries/nestjs-libraries/src/database/prisma/posts/__tests__/posts.repository.project-scope.spec.ts" name="PostsRepository operationPlanId scoping &gt; locatePostInList mirrors getPostsList&apos;s operationPlanId filter exactly" time="0.000125458">
        </testcase>
    </testsuite>
    <testsuite name="libraries/nestjs-libraries/src/database/prisma/posts/__tests__/posts.repository.publish-queue.spec.ts" timestamp="2026-08-07T06:11:56.119Z" hostname="terceldeMac-mini.local" tests="13" failures="0" errors="0" skipped="0" time="0.004852167">
        <testcase classname="libraries/nestjs-libraries/src/database/prisma/posts/__tests__/posts.repository.publish-queue.spec.ts" name="getDueExtensionPublishPosts &gt; returns explicit publishMethod=EXTENSION posts regardless of the env allowlist / integration" time="0.001582334">
        </testcase>
        <testcase classname="libraries/nestjs-libraries/src/database/prisma/posts/__tests__/posts.repository.publish-queue.spec.ts" name="getDueExtensionPublishPosts &gt; excludes engage replies — the due-item shape has no reply target" time="0.000120209">
        </testcase>
        <testcase classname="libraries/nestjs-libraries/src/database/prisma/posts/__tests__/posts.repository.publish-queue.spec.ts" name="getDueExtensionPublishPosts &gt; adds the legacy publishMethod=null + extension-integration branch when providers are given" time="0.00042675">
        </testcase>
        <testcase classname="libraries/nestjs-libraries/src/database/prisma/posts/__tests__/posts.repository.publish-queue.spec.ts" name="claimDueExtensionPublishPosts (lease) &gt; leases due+available candidates with our token, then returns only rows we won" time="0.000284583">
        </testcase>
        <testcase classname="libraries/nestjs-libraries/src/database/prisma/posts/__tests__/posts.repository.publish-queue.spec.ts" name="claimDueExtensionPublishPosts (lease) &gt; claims nothing (no update / no read-back) when there are no candidates" time="0.00017025">
        </testcase>
        <testcase classname="libraries/nestjs-libraries/src/database/prisma/posts/__tests__/posts.repository.publish-queue.spec.ts" name="schedulePostGroupToQueue &gt; flips DRAFT-&gt;QUEUE for the whole group and stamps the send method" time="0.000182125">
        </testcase>
        <testcase classname="libraries/nestjs-libraries/src/database/prisma/posts/__tests__/posts.repository.publish-queue.spec.ts" name="schedulePostGroupToQueue &gt; overrides publishDate group-wide when a new date is passed" time="0.000071459">
        </testcase>
        <testcase classname="libraries/nestjs-libraries/src/database/prisma/posts/__tests__/posts.repository.publish-queue.spec.ts" name="schedulePostGroupToQueue &gt; leaves publishDate untouched when no date is passed" time="0.000080583">
        </testcase>
        <testcase classname="libraries/nestjs-libraries/src/database/prisma/posts/__tests__/posts.repository.publish-queue.spec.ts" name="markStaleQueuePostsAsError — never sweeps extension-routed posts &gt; excludes explicit EXTENSION and legacy null-method extension-integration posts" time="0.000418583">
        </testcase>
        <testcase classname="libraries/nestjs-libraries/src/database/prisma/posts/__tests__/posts.repository.publish-queue.spec.ts" name="markStaleQueuePostsAsError — never sweeps extension-routed posts &gt; excludes only explicit EXTENSION when no provider list is passed" time="0.000136083">
        </testcase>
        <testcase classname="libraries/nestjs-libraries/src/database/prisma/posts/__tests__/posts.repository.publish-queue.spec.ts" name="findStuckQueuePosts — excludes extension posts (keeps legacy null rows) &gt; adds NOT { publishMethod: EXTENSION } (not a nullable `not` that would drop null rows)" time="0.000080542">
        </testcase>
        <testcase classname="libraries/nestjs-libraries/src/database/prisma/posts/__tests__/posts.repository.publish-queue.spec.ts" name="getSchedulablePostsByIds &gt; loads only org-owned, non-deleted ROOT posts with the fields the resolver needs" time="0.000347917">
        </testcase>
        <testcase classname="libraries/nestjs-libraries/src/database/prisma/posts/__tests__/posts.repository.publish-queue.spec.ts" name="getSchedulablePostsByIds &gt; short-circuits on an empty id list (no query)" time="0.000075666">
        </testcase>
    </testsuite>
    <testsuite name="libraries/nestjs-libraries/src/database/prisma/posts/__tests__/posts.service.changeDate.spec.ts" timestamp="2026-08-07T06:11:56.120Z" hostname="terceldeMac-mini.local" tests="10" failures="0" errors="0" skipped="0" time="0.010455667">
        <testcase classname="libraries/nestjs-libraries/src/database/prisma/posts/__tests__/posts.service.changeDate.spec.ts" name="PostsService.changeDate — gates against modify-mid-publish race &gt; happy path: rewrites publishDate and restarts the workflow" time="0.004815833">
        </testcase>
        <testcase classname="libraries/nestjs-libraries/src/database/prisma/posts/__tests__/posts.service.changeDate.spec.ts" name="PostsService.changeDate — gates against modify-mid-publish race &gt; rejects when post does not exist" time="0.00076">
        </testcase>
        <testcase classname="libraries/nestjs-libraries/src/database/prisma/posts/__tests__/posts.service.changeDate.spec.ts" name="PostsService.changeDate — gates against modify-mid-publish race &gt; rejects when integration has been removed" time="0.000553833">
        </testcase>
        <testcase classname="libraries/nestjs-libraries/src/database/prisma/posts/__tests__/posts.service.changeDate.spec.ts" name="PostsService.changeDate — gates against modify-mid-publish race &gt; rejects when post is not in QUEUE (already PUBLISHED / ERROR / DRAFT)" time="0.000225209">
        </testcase>
        <testcase classname="libraries/nestjs-libraries/src/database/prisma/posts/__tests__/posts.service.changeDate.spec.ts" name="PostsService.changeDate — gates against modify-mid-publish race &gt; claim gate: rejects when releaseId is a claim token (workflow already publishing)" time="0.00023275">
        </testcase>
        <testcase classname="libraries/nestjs-libraries/src/database/prisma/posts/__tests__/posts.service.changeDate.spec.ts" name="PostsService.changeDate — gates against modify-mid-publish race &gt; window gate: rejects when publishDate is within 30s" time="0.000372125">
        </testcase>
        <testcase classname="libraries/nestjs-libraries/src/database/prisma/posts/__tests__/posts.service.changeDate.spec.ts" name="PostsService.changeDate — gates against modify-mid-publish race &gt; window gate: rejects when publishDate is in the past" time="0.000213459">
        </testcase>
        <testcase classname="libraries/nestjs-libraries/src/database/prisma/posts/__tests__/posts.service.changeDate.spec.ts" name="PostsService.changeDate — gates against modify-mid-publish race &gt; window gate: allows reschedule exactly at the 30s boundary + a small margin" time="0.0002875">
        </testcase>
        <testcase classname="libraries/nestjs-libraries/src/database/prisma/posts/__tests__/posts.service.changeDate.spec.ts" name="PostsService.changeDate — gates against modify-mid-publish race &gt; window gate: 29s away is rejected, 30s+ is allowed (boundary)" time="0.001363375">
        </testcase>
        <testcase classname="libraries/nestjs-libraries/src/database/prisma/posts/__tests__/posts.service.changeDate.spec.ts" name="PostsService.changeDate — gates against modify-mid-publish race &gt; startWorkflow generic failure → BadRequestException (no longer swallowed silently)" time="0.001062792">
        </testcase>
    </testsuite>
    <testsuite name="libraries/nestjs-libraries/src/database/prisma/posts/__tests__/posts.service.claimPostForPublishing.spec.ts" timestamp="2026-08-07T06:11:56.120Z" hostname="terceldeMac-mini.local" tests="5" failures="0" errors="0" skipped="0" time="0.006169042">
        <testcase classname="libraries/nestjs-libraries/src/database/prisma/posts/__tests__/posts.service.claimPostForPublishing.spec.ts" name="PostsService.claimPostForPublishing &gt; claims normally when the owning project is active" time="0.004512959">
        </testcase>
        <testcase classname="libraries/nestjs-libraries/src/database/prisma/posts/__tests__/posts.service.claimPostForPublishing.spec.ts" name="PostsService.claimPostForPublishing &gt; refuses to claim and marks the post ERROR when the project is deactivated" time="0.000433584">
        </testcase>
        <testcase classname="libraries/nestjs-libraries/src/database/prisma/posts/__tests__/posts.service.claimPostForPublishing.spec.ts" name="PostsService.claimPostForPublishing &gt; never rewrites an already-PUBLISHED post, even on a deactivated project" time="0.000260958">
        </testcase>
        <testcase classname="libraries/nestjs-libraries/src/database/prisma/posts/__tests__/posts.service.claimPostForPublishing.spec.ts" name="PostsService.claimPostForPublishing &gt; claims legacy posts that carry no projectId without asking aisee-core" time="0.000200084">
        </testcase>
        <testcase classname="libraries/nestjs-libraries/src/database/prisma/posts/__tests__/posts.service.claimPostForPublishing.spec.ts" name="PostsService.claimPostForPublishing &gt; claims when the post no longer exists — the repository decides the outcome" time="0.000181917">
        </testcase>
    </testsuite>
    <testsuite name="libraries/nestjs-libraries/src/database/prisma/posts/__tests__/posts.service.createPost.spec.ts" timestamp="2026-08-07T06:11:56.120Z" hostname="terceldeMac-mini.local" tests="21" failures="0" errors="0" skipped="0" time="0.017663834">
        <testcase classname="libraries/nestjs-libraries/src/database/prisma/posts/__tests__/posts.service.createPost.spec.ts" name="PostsService.createPost — explicit publishMethod (editor) &gt; resolves an explicit &quot;extension&quot; choice to the EXTENSION enum" time="0.004807667">
        </testcase>
        <testcase classname="libraries/nestjs-libraries/src/database/prisma/posts/__tests__/posts.service.createPost.spec.ts" name="PostsService.createPost — explicit publishMethod (editor) &gt; resolves an explicit &quot;api&quot; choice to the API enum when an integration is bound" time="0.000411333">
        </testcase>
        <testcase classname="libraries/nestjs-libraries/src/database/prisma/posts/__tests__/posts.service.createPost.spec.ts" name="PostsService.createPost — explicit publishMethod (editor) &gt; passes undefined when no publishMethod is given (fall back to capability check)" time="0.000238917">
        </testcase>
        <testcase classname="libraries/nestjs-libraries/src/database/prisma/posts/__tests__/posts.service.createPost.spec.ts" name="PostsService.createPost — explicit publishMethod (editor) &gt; rejects an impossible choice — &quot;api&quot; on an extension-only platform" time="0.000726625">
        </testcase>
        <testcase classname="libraries/nestjs-libraries/src/database/prisma/posts/__tests__/posts.service.createPost.spec.ts" name="PostsService.createPost — explicit publishMethod (editor) &gt; rejects &quot;extension&quot; on a platform the extension cannot publish" time="0.000244667">
        </testcase>
        <testcase classname="libraries/nestjs-libraries/src/database/prisma/posts/__tests__/posts.service.createPost.spec.ts" name="PostsService.createPost — post with no bound integration &gt; saves without an integration" time="0.000265167">
        </testcase>
        <testcase classname="libraries/nestjs-libraries/src/database/prisma/posts/__tests__/posts.service.createPost.spec.ts" name="PostsService.createPost — post with no bound integration &gt; accepts &quot;extension&quot; — the only path an accountless post has" time="0.000277458">
        </testcase>
        <testcase classname="libraries/nestjs-libraries/src/database/prisma/posts/__tests__/posts.service.createPost.spec.ts" name="PostsService.createPost — post with no bound integration &gt; rejects &quot;api&quot; — there is no account to publish through" time="0.000230167">
        </testcase>
        <testcase classname="libraries/nestjs-libraries/src/database/prisma/posts/__tests__/posts.service.createPost.spec.ts" name="PostsService.createPost — overage billing integration &gt; calls deductIfOverage with orgId, userId, postId, source when userId is provided" time="0.000773375">
        </testcase>
        <testcase classname="libraries/nestjs-libraries/src/database/prisma/posts/__tests__/posts.service.createPost.spec.ts" name="PostsService.createPost — overage billing integration &gt; forwards body.source=&quot;engage&quot; to deductIfOverage for Engage replies" time="0.000236542">
        </testcase>
        <testcase classname="libraries/nestjs-libraries/src/database/prisma/posts/__tests__/posts.service.createPost.spec.ts" name="PostsService.createPost — overage billing integration &gt; calls deductIfOverage for EACH post in a multi-post body" time="0.000371416">
        </testcase>
        <testcase classname="libraries/nestjs-libraries/src/database/prisma/posts/__tests__/posts.service.createPost.spec.ts" name="PostsService.createPost — overage billing integration &gt; does NOT call deductIfOverage when userId is undefined" time="0.00025875">
        </testcase>
        <testcase classname="libraries/nestjs-libraries/src/database/prisma/posts/__tests__/posts.service.createPost.spec.ts" name="PostsService.createPost — overage billing integration &gt; does NOT call deductIfOverage when userId is empty string" time="0.0002545">
        </testcase>
        <testcase classname="libraries/nestjs-libraries/src/database/prisma/posts/__tests__/posts.service.createPost.spec.ts" name="PostsService.createPost — overage billing integration &gt; returns created posts even when deductIfOverage rejects" time="0.000398584">
        </testcase>
        <testcase classname="libraries/nestjs-libraries/src/database/prisma/posts/__tests__/posts.service.createPost.spec.ts" name="PostsService.createPost — overage billing integration &gt; returns { postId, integration } for each created post" time="0.000242958">
        </testcase>
        <testcase classname="libraries/nestjs-libraries/src/database/prisma/posts/__tests__/posts.service.createPost.spec.ts" name="PostsService.createPost — overage billing integration &gt; returns empty array when createOrUpdatePost returns no posts" time="0.0002095">
        </testcase>
        <testcase classname="libraries/nestjs-libraries/src/database/prisma/posts/__tests__/posts.service.createPost.spec.ts" name="PostsService.createPost — overage billing integration &gt; calls deductIfOverage for &quot;now&quot; type posts" time="0.000724708">
        </testcase>
        <testcase classname="libraries/nestjs-libraries/src/database/prisma/posts/__tests__/posts.service.createPost.spec.ts" name="PostsService.createPost — overage billing integration &gt; calls deductIfOverage for &quot;draft&quot; type posts" time="0.001830875">
        </testcase>
        <testcase classname="libraries/nestjs-libraries/src/database/prisma/posts/__tests__/posts.service.createPost.spec.ts" name="PostsService.mapTypeToPost — accountless posts &gt; accepts a post with no integration and keeps its settings.__type" time="0.0032045">
        </testcase>
        <testcase classname="libraries/nestjs-libraries/src/database/prisma/posts/__tests__/posts.service.createPost.spec.ts" name="PostsService.mapTypeToPost — accountless posts &gt; rejects a post that has neither an integration nor a platform marker" time="0.000478167">
        </testcase>
        <testcase classname="libraries/nestjs-libraries/src/database/prisma/posts/__tests__/posts.service.createPost.spec.ts" name="PostsService.mapTypeToPost — accountless posts &gt; still overwrites __type from the bound account when there is one" time="0.000783458">
        </testcase>
    </testsuite>
    <testsuite name="libraries/nestjs-libraries/src/database/prisma/posts/__tests__/posts.service.dueMetrics.spec.ts" timestamp="2026-08-07T06:11:56.121Z" hostname="terceldeMac-mini.local" tests="9" failures="0" errors="0" skipped="0" time="0.008505125">
        <testcase classname="libraries/nestjs-libraries/src/database/prisma/posts/__tests__/posts.service.dueMetrics.spec.ts" name="PostsService.getDueMetricsPosts &gt; short-circuits to [] without hitting the repo when ids are empty" time="0.004070167">
        </testcase>
        <testcase classname="libraries/nestjs-libraries/src/database/prisma/posts/__tests__/posts.service.dueMetrics.spec.ts" name="PostsService.getDueMetricsPosts &gt; translates window days / interval hours into concrete past cutoffs" time="0.001003">
        </testcase>
        <testcase classname="libraries/nestjs-libraries/src/database/prisma/posts/__tests__/posts.service.dueMetrics.spec.ts" name="PostsService.markMetricsFetched &gt; no-ops on empty ids" time="0.000249375">
        </testcase>
        <testcase classname="libraries/nestjs-libraries/src/database/prisma/posts/__tests__/posts.service.dueMetrics.spec.ts" name="PostsService.markMetricsFetched &gt; stamps the given posts with a now timestamp" time="0.000260125">
        </testcase>
        <testcase classname="libraries/nestjs-libraries/src/database/prisma/posts/__tests__/posts.service.dueMetrics.spec.ts" name="PostsService.ingestMetrics &gt; no-ops on empty items" time="0.000262042">
        </testcase>
        <testcase classname="libraries/nestjs-libraries/src/database/prisma/posts/__tests__/posts.service.dueMetrics.spec.ts" name="PostsService.ingestMetrics &gt; resolves the platform server-side and writes weighted X metrics" time="0.001346125">
        </testcase>
        <testcase classname="libraries/nestjs-libraries/src/database/prisma/posts/__tests__/posts.service.dueMetrics.spec.ts" name="PostsService.ingestMetrics &gt; skips posts the org does not own (platform unresolved) — no stamp, no write" time="0.000252167">
        </testcase>
        <testcase classname="libraries/nestjs-libraries/src/database/prisma/posts/__tests__/posts.service.dueMetrics.spec.ts" name="PostsService.ingestMetrics &gt; stamps an owned post with zero metrics but writes no analytics update" time="0.000244458">
        </testcase>
        <testcase classname="libraries/nestjs-libraries/src/database/prisma/posts/__tests__/posts.service.dueMetrics.spec.ts" name="PostsService.ingestMetrics &gt; echoes the persisted value when a zero read declines to overwrite it" time="0.000285042">
        </testcase>
    </testsuite>
    <testsuite name="libraries/nestjs-libraries/src/database/prisma/posts/__tests__/posts.service.getDuePublishPosts.spec.ts" timestamp="2026-08-07T06:11:56.121Z" hostname="terceldeMac-mini.local" tests="6" failures="0" errors="0" skipped="0" time="0.008419125">
        <testcase classname="libraries/nestjs-libraries/src/database/prisma/posts/__tests__/posts.service.getDuePublishPosts.spec.ts" name="PostsService.getDuePublishPosts &gt; resolves the post image field into absolute URLs on segment 0" time="0.006143959">
        </testcase>
        <testcase classname="libraries/nestjs-libraries/src/database/prisma/posts/__tests__/posts.service.getDuePublishPosts.spec.ts" name="PostsService.getDuePublishPosts &gt; omits images when the post has none" time="0.000471209">
        </testcase>
        <testcase classname="libraries/nestjs-libraries/src/database/prisma/posts/__tests__/posts.service.getDuePublishPosts.spec.ts" name="PostsService.getDuePublishPosts &gt; publishes text-only when the stored image field is malformed" time="0.000247291">
        </testcase>
        <testcase classname="libraries/nestjs-libraries/src/database/prisma/posts/__tests__/posts.service.getDuePublishPosts.spec.ts" name="PostsService.getDuePublishPosts &gt; stamps the platform-resolved segmentGapSeconds on each due item" time="0.000311541">
        </testcase>
        <testcase classname="libraries/nestjs-libraries/src/database/prisma/posts/__tests__/posts.service.getDuePublishPosts.spec.ts" name="PostsService.getDuePublishPosts &gt; resolves subreddit from the real RedditSettingsDto array shape (not the raw array)" time="0.000227125">
        </testcase>
        <testcase classname="libraries/nestjs-libraries/src/database/prisma/posts/__tests__/posts.service.getDuePublishPosts.spec.ts" name="PostsService.getDuePublishPosts &gt; omits segmentGapSeconds when the platform has no configured range" time="0.000392791">
        </testcase>
    </testsuite>
    <testsuite name="libraries/nestjs-libraries/src/database/prisma/posts/__tests__/posts.service.markPublishFailed.spec.ts" timestamp="2026-08-07T06:11:56.122Z" hostname="terceldeMac-mini.local" tests="4" failures="0" errors="0" skipped="0" time="0.005576">
        <testcase classname="libraries/nestjs-libraries/src/database/prisma/posts/__tests__/posts.service.markPublishFailed.spec.ts" name="PostsService.markPublishFailedFromExtension &gt; flips a QUEUE post to ERROR with the reported reason" time="0.004293125">
        </testcase>
        <testcase classname="libraries/nestjs-libraries/src/database/prisma/posts/__tests__/posts.service.markPublishFailed.spec.ts" name="PostsService.markPublishFailedFromExtension &gt; never touches a post that already reached PUBLISHED" time="0.00029975">
        </testcase>
        <testcase classname="libraries/nestjs-libraries/src/database/prisma/posts/__tests__/posts.service.markPublishFailed.spec.ts" name="PostsService.markPublishFailedFromExtension &gt; rejects an unknown or foreign-org post" time="0.000175416">
        </testcase>
        <testcase classname="libraries/nestjs-libraries/src/database/prisma/posts/__tests__/posts.service.markPublishFailed.spec.ts" name="PostsService.markPublishFailedFromExtension &gt; refuses to touch a recurring original (clone-per-cycle owns its state)" time="0.000163333">
        </testcase>
    </testsuite>
    <testsuite name="libraries/nestjs-libraries/src/database/prisma/posts/__tests__/posts.service.projectId.spec.ts" timestamp="2026-08-07T06:11:56.122Z" hostname="terceldeMac-mini.local" tests="3" failures="0" errors="0" skipped="0" time="0.007270334">
        <testcase classname="libraries/nestjs-libraries/src/database/prisma/posts/__tests__/posts.service.projectId.spec.ts" name="PostsService projectId threading &gt; createPost forwards body.projectId to PostsRepository.createOrUpdatePost" time="0.005830542">
        </testcase>
        <testcase classname="libraries/nestjs-libraries/src/database/prisma/posts/__tests__/posts.service.projectId.spec.ts" name="PostsService projectId threading &gt; createPost forwards undefined projectId for a legacy, non-project post" time="0.000502333">
        </testcase>
        <testcase classname="libraries/nestjs-libraries/src/database/prisma/posts/__tests__/posts.service.projectId.spec.ts" name="PostsService projectId threading &gt; getPost forwards projectId down to PostsRepository.getPost" time="0.0003465">
        </testcase>
    </testsuite>
    <testsuite name="libraries/nestjs-libraries/src/database/prisma/posts/__tests__/posts.service.schedule.spec.ts" timestamp="2026-08-07T06:11:56.122Z" hostname="terceldeMac-mini.local" tests="18" failures="0" errors="0" skipped="0" time="0.0121265">
        <testcase classname="libraries/nestjs-libraries/src/database/prisma/posts/__tests__/posts.service.schedule.spec.ts" name="PostsService.getPublishMethods &gt; returns an entry for every registered platform (no request filter)" time="0.00441375">
        </testcase>
        <testcase classname="libraries/nestjs-libraries/src/database/prisma/posts/__tests__/posts.service.schedule.spec.ts" name="PostsService.getPublishMethods &gt; dual-capable platform with a bound account: both methods, defaults to extension" time="0.00041575">
        </testcase>
        <testcase classname="libraries/nestjs-libraries/src/database/prisma/posts/__tests__/posts.service.schedule.spec.ts" name="PostsService.getPublishMethods &gt; extension-only platform: extension only, even with a bound account" time="0.000283916">
        </testcase>
        <testcase classname="libraries/nestjs-libraries/src/database/prisma/posts/__tests__/posts.service.schedule.spec.ts" name="PostsService.getPublishMethods &gt; API-only platform without a bound account: no methods + ACCOUNT_BINDING_REQUIRED" time="0.000214834">
        </testcase>
        <testcase classname="libraries/nestjs-libraries/src/database/prisma/posts/__tests__/posts.service.schedule.spec.ts" name="PostsService.getPublishMethods &gt; ignores disabled integrations when deciding api capability" time="0.000175625">
        </testcase>
        <testcase classname="libraries/nestjs-libraries/src/database/prisma/posts/__tests__/posts.service.schedule.spec.ts" name="PostsService.schedulePosts &gt; extension post: flips to QUEUE(EXTENSION) and does NOT start Temporal" time="0.001704417">
        </testcase>
        <testcase classname="libraries/nestjs-libraries/src/database/prisma/posts/__tests__/posts.service.schedule.spec.ts" name="PostsService.schedulePosts &gt; api post: flips to QUEUE(API) and starts Temporal exactly once" time="0.000479875">
        </testcase>
        <testcase classname="libraries/nestjs-libraries/src/database/prisma/posts/__tests__/posts.service.schedule.spec.ts" name="PostsService.schedulePosts &gt; api chosen but no bound account: fails that post, no flip, no Temporal" time="0.00046025">
        </testcase>
        <testcase classname="libraries/nestjs-libraries/src/database/prisma/posts/__tests__/posts.service.schedule.spec.ts" name="PostsService.schedulePosts &gt; mixed batch: schedules the good ones and isolates the failures" time="0.000343667">
        </testcase>
        <testcase classname="libraries/nestjs-libraries/src/database/prisma/posts/__tests__/posts.service.schedule.spec.ts" name="PostsService.schedulePosts &gt; passes a per-item date through to the queue flip (override publishDate)" time="0.000588">
        </testcase>
        <testcase classname="libraries/nestjs-libraries/src/database/prisma/posts/__tests__/posts.service.schedule.spec.ts" name="PostsService.schedulePosts &gt; omits the date arg when the item carries no date (keep materialized publishDate)" time="0.000248375">
        </testcase>
        <testcase classname="libraries/nestjs-libraries/src/database/prisma/posts/__tests__/posts.service.schedule.spec.ts" name="PostsService.schedulePosts &gt; already-QUEUE post is an idempotent success (no re-flip, no re-trigger)" time="0.000280375">
        </testcase>
        <testcase classname="libraries/nestjs-libraries/src/database/prisma/posts/__tests__/posts.service.schedule.spec.ts" name="PostsService.schedulePosts &gt; reports null (not a guessed &quot;extension&quot;) for an already-QUEUE legacy null-method post" time="0.000223083">
        </testcase>
        <testcase classname="libraries/nestjs-libraries/src/database/prisma/posts/__tests__/posts.service.schedule.spec.ts" name="PostsService.schedulePosts — persisted publishMethod &gt; honours the stored API choice instead of auto-resolving to extension" time="0.000296875">
        </testcase>
        <testcase classname="libraries/nestjs-libraries/src/database/prisma/posts/__tests__/posts.service.schedule.spec.ts" name="PostsService.schedulePosts — persisted publishMethod &gt; lets this request override the stored choice" time="0.000285292">
        </testcase>
        <testcase classname="libraries/nestjs-libraries/src/database/prisma/posts/__tests__/posts.service.schedule.spec.ts" name="PostsService.schedulePosts — persisted publishMethod &gt; still rejects a stored API choice once the account is gone" time="0.000274375">
        </testcase>
        <testcase classname="libraries/nestjs-libraries/src/database/prisma/posts/__tests__/posts.service.schedule.spec.ts" name="PostsService.schedulePosts — persisted publishMethod &gt; auto-resolves when nothing is stored and nothing is requested" time="0.000326916">
        </testcase>
        <testcase classname="libraries/nestjs-libraries/src/database/prisma/posts/__tests__/posts.service.schedule.spec.ts" name="PostsService.schedulePosts — persisted publishMethod &gt; reports the persisted method for an already-scheduled post" time="0.000255292">
        </testcase>
    </testsuite>
    <testsuite name="libraries/nestjs-libraries/src/dtos/posts/providers-settings/__tests__/all.providers.settings.spec.ts" timestamp="2026-08-07T06:11:56.123Z" hostname="terceldeMac-mini.local" tests="7" failures="0" errors="0" skipped="0" time="0.004246">
        <testcase classname="libraries/nestjs-libraries/src/dtos/posts/providers-settings/__tests__/all.providers.settings.spec.ts" name="allProviders whitelist &gt; covers every registered social provider identifier" time="0.000848375">
        </testcase>
        <testcase classname="libraries/nestjs-libraries/src/dtos/posts/providers-settings/__tests__/all.providers.settings.spec.ts" name="allProviders whitelist &gt; includes the extension-published article/forum platforms" time="0.000205959">
        </testcase>
        <testcase classname="libraries/nestjs-libraries/src/dtos/posts/providers-settings/__tests__/all.providers.settings.spec.ts" name="allProviders whitelist &gt; has no duplicate entries" time="0.000087209">
        </testcase>
        <testcase classname="libraries/nestjs-libraries/src/dtos/posts/providers-settings/__tests__/all.providers.settings.spec.ts" name="Post.settings discriminator &gt; accepts a quora post, which carries no extra settings" time="0.001621458">
        </testcase>
        <testcase classname="libraries/nestjs-libraries/src/dtos/posts/providers-settings/__tests__/all.providers.settings.spec.ts" name="Post.settings discriminator &gt; accepts a hackernews post carrying a title" time="0.000403834">
        </testcase>
        <testcase classname="libraries/nestjs-libraries/src/dtos/posts/providers-settings/__tests__/all.providers.settings.spec.ts" name="Post.settings discriminator &gt; rejects a hackernews post with no title" time="0.000346167">
        </testcase>
        <testcase classname="libraries/nestjs-libraries/src/dtos/posts/providers-settings/__tests__/all.providers.settings.spec.ts" name="Post.settings discriminator &gt; still rejects an unknown provider" time="0.000156666">
        </testcase>
    </testsuite>
    <testsuite name="libraries/nestjs-libraries/src/dtos/posts/providers-settings/__tests__/medium.settings.dto.spec.ts" timestamp="2026-08-07T06:11:56.123Z" hostname="terceldeMac-mini.local" tests="4" failures="0" errors="0" skipped="0" time="0.0054995">
        <testcase classname="libraries/nestjs-libraries/src/dtos/posts/providers-settings/__tests__/medium.settings.dto.spec.ts" name="MediumSettingsDto subtitle &gt; accepts a payload without a subtitle" time="0.002137667">
        </testcase>
        <testcase classname="libraries/nestjs-libraries/src/dtos/posts/providers-settings/__tests__/medium.settings.dto.spec.ts" name="MediumSettingsDto subtitle &gt; accepts an empty-string subtitle (untouched form field)" time="0.000169125">
        </testcase>
        <testcase classname="libraries/nestjs-libraries/src/dtos/posts/providers-settings/__tests__/medium.settings.dto.spec.ts" name="MediumSettingsDto subtitle &gt; still enforces min length on a provided subtitle" time="0.001815667">
        </testcase>
        <testcase classname="libraries/nestjs-libraries/src/dtos/posts/providers-settings/__tests__/medium.settings.dto.spec.ts" name="MediumSettingsDto subtitle &gt; still requires the title" time="0.000232">
        </testcase>
    </testsuite>
</testsuites>
